Archive member included to satisfy reference by file (symbol)

e:/complier-new/bin/bin/../../lib/gcc/pic32c/8.3.1/../../../../pic32c/lib/thumb/v7e-m+dp/hard\libpic32c.a(data_init.o)
                              build/default/debug/_ext/1171490990/startup_xc32.o (__pic32c_data_initialization)
e:/complier-new/bin/bin/../../lib/gcc/pic32c/8.3.1/../../../../pic32c/lib/thumb/v7e-m+dp/hard\libg_nano.a(_lib_a-printf.fFgG.o)
                              (_printf_fFgG)
e:/complier-new/bin/bin/../../lib/gcc/pic32c/8.3.1/../../../../pic32c/lib/thumb/v7e-m+dp/hard\libg_nano.a(lib_a-impure.o)
                              build/default/debug/_ext/1171490990/initialization.o (_impure_ptr)
e:/complier-new/bin/bin/../../lib/gcc/pic32c/8.3.1/../../../../pic32c/lib/thumb/v7e-m+dp/hard\libg_nano.a(lib_a-init.o)
                              build/default/debug/_ext/1171490990/startup_xc32.o (__libc_init_array)
e:/complier-new/bin/bin/../../lib/gcc/pic32c/8.3.1/../../../../pic32c/lib/thumb/v7e-m+dp/hard\libg_nano.a(lib_a-memcpy-stub.o)
                              build/default/debug/_ext/60167248/plib_efc.o (memcpy)
e:/complier-new/bin/bin/../../lib/gcc/pic32c/8.3.1/../../../../pic32c/lib/thumb/v7e-m+dp/hard\libg_nano.a(lib_a-setbuf.o)
                              build/default/debug/_ext/1171490990/initialization.o (setbuf)
e:/complier-new/bin/bin/../../lib/gcc/pic32c/8.3.1/../../../../pic32c/lib/thumb/v7e-m+dp/hard\libg_nano.a(lib_a-setvbuf.o)
                              e:/complier-new/bin/bin/../../lib/gcc/pic32c/8.3.1/../../../../pic32c/lib/thumb/v7e-m+dp/hard\libg_nano.a(lib_a-setbuf.o) (setvbuf)
e:/complier-new/bin/bin/../../lib/gcc/pic32c/8.3.1/../../../../pic32c/lib/thumb/v7e-m+dp/hard\libg_nano.a(_lib_a-nano-vfprintf.fFgG.o)
                              e:/complier-new/bin/bin/../../lib/gcc/pic32c/8.3.1/../../../../pic32c/lib/thumb/v7e-m+dp/hard\libg_nano.a(_lib_a-printf.fFgG.o) (_vfprintf_fFgG)
e:/complier-new/bin/bin/../../lib/gcc/pic32c/8.3.1/../../../../pic32c/lib/thumb/v7e-m+dp/hard\libg_nano.a(lib_a-__ssfputs.o)
                              e:/complier-new/bin/bin/../../lib/gcc/pic32c/8.3.1/../../../../pic32c/lib/thumb/v7e-m+dp/hard\libg_nano.a(_lib_a-nano-vfprintf.fFgG.o) (__ssfputs_r)
e:/complier-new/bin/bin/../../lib/gcc/pic32c/8.3.1/../../../../pic32c/lib/thumb/v7e-m+dp/hard\libg_nano.a(lib_a-dtoa.o)
                              e:/complier-new/bin/bin/../../lib/gcc/pic32c/8.3.1/../../../../pic32c/lib/thumb/v7e-m+dp/hard\libg_nano.a(_lib_a-nano-vfprintf.fFgG.o) (_dtoa_r)
e:/complier-new/bin/bin/../../lib/gcc/pic32c/8.3.1/../../../../pic32c/lib/thumb/v7e-m+dp/hard\libg_nano.a(lib_a-fflush.o)
                              e:/complier-new/bin/bin/../../lib/gcc/pic32c/8.3.1/../../../../pic32c/lib/thumb/v7e-m+dp/hard\libg_nano.a(lib_a-setvbuf.o) (_fflush_r)
e:/complier-new/bin/bin/../../lib/gcc/pic32c/8.3.1/../../../../pic32c/lib/thumb/v7e-m+dp/hard\libg_nano.a(lib_a-findfp.o)
                              e:/complier-new/bin/bin/../../lib/gcc/pic32c/8.3.1/../../../../pic32c/lib/thumb/v7e-m+dp/hard\libg_nano.a(lib_a-setvbuf.o) (__sinit)
e:/complier-new/bin/bin/../../lib/gcc/pic32c/8.3.1/../../../../pic32c/lib/thumb/v7e-m+dp/hard\libg_nano.a(lib_a-fputwc.o)
                              e:/complier-new/bin/bin/../../lib/gcc/pic32c/8.3.1/../../../../pic32c/lib/thumb/v7e-m+dp/hard\libg_nano.a(lib_a-__ssfputs.o) (_fputwc_r)
e:/complier-new/bin/bin/../../lib/gcc/pic32c/8.3.1/../../../../pic32c/lib/thumb/v7e-m+dp/hard\libg_nano.a(lib_a-fwalk.o)
                              e:/complier-new/bin/bin/../../lib/gcc/pic32c/8.3.1/../../../../pic32c/lib/thumb/v7e-m+dp/hard\libg_nano.a(lib_a-fflush.o) (_fwalk_reent)
e:/complier-new/bin/bin/../../lib/gcc/pic32c/8.3.1/../../../../pic32c/lib/thumb/v7e-m+dp/hard\libg_nano.a(lib_a-locale.o)
                              e:/complier-new/bin/bin/../../lib/gcc/pic32c/8.3.1/../../../../pic32c/lib/thumb/v7e-m+dp/hard\libg_nano.a(lib_a-fputwc.o) (__locale_mb_cur_max)
e:/complier-new/bin/bin/../../lib/gcc/pic32c/8.3.1/../../../../pic32c/lib/thumb/v7e-m+dp/hard\libg_nano.a(lib_a-localeconv.o)
                              e:/complier-new/bin/bin/../../lib/gcc/pic32c/8.3.1/../../../../pic32c/lib/thumb/v7e-m+dp/hard\libg_nano.a(_lib_a-nano-vfprintf.fFgG.o) (_localeconv_r)
e:/complier-new/bin/bin/../../lib/gcc/pic32c/8.3.1/../../../../pic32c/lib/thumb/v7e-m+dp/hard\libg_nano.a(lib_a-makebuf.o)
                              e:/complier-new/bin/bin/../../lib/gcc/pic32c/8.3.1/../../../../pic32c/lib/thumb/v7e-m+dp/hard\libg_nano.a(lib_a-setvbuf.o) (__swhatbuf_r)
e:/complier-new/bin/bin/../../lib/gcc/pic32c/8.3.1/../../../../pic32c/lib/thumb/v7e-m+dp/hard\libg_nano.a(lib_a-malloc.o)
                              e:/complier-new/bin/bin/../../lib/gcc/pic32c/8.3.1/../../../../pic32c/lib/thumb/v7e-m+dp/hard\libg_nano.a(lib_a-setvbuf.o) (malloc)
e:/complier-new/bin/bin/../../lib/gcc/pic32c/8.3.1/../../../../pic32c/lib/thumb/v7e-m+dp/hard\libg_nano.a(lib_a-mbtowc_r.o)
[...]
Memory Configuration

Name             Origin             Length             Attributes
rom              0x00400000         0x00200000         xrl
ram              0x20400000         0x00060000         xw !r
itcm             0x00000000         0x00000000         xw
dtcm             0x20000000         0x00000000         xw !r
*default*        0x00000000         0xffffffff

Linker script and memory map

LOAD e:/complier-new/bin/bin/../../lib/gcc/pic32c/8.3.1/thumb/v7e-m+dp/hard/crti.o
LOAD e:/complier-new/bin/bin/../../lib/gcc/pic32c/8.3.1/thumb/v7e-m+dp/hard/crtbegin.o
LOAD build/default/debug/_ext/60165520/plib_clk.o
LOAD build/default/debug/_ext/60167248/plib_efc.o
LOAD build/default/debug/_ext/1865468468/plib_nvic.o
LOAD build/default/debug/_ext/60177924/plib_pio.o
LOAD build/default/debug/_ext/1827571544/plib_systick.o
LOAD build/default/debug/_ext/829342655/plib_tc0.o
LOAD build/default/debug/_ext/2001315827/plib_usart1.o
LOAD build/default/debug/_ext/163028504/xc32_monitor.o
LOAD build/default/debug/_ext/1014039709/sys_cache.o
LOAD build/default/debug/_ext/1171490990/initialization.o
LOAD build/default/debug/_ext/1171490990/interrupts.o
LOAD build/default/debug/_ext/1171490990/exceptions.o
LOAD build/default/debug/_ext/1171490990/startup_xc32.o
LOAD build/default/debug/_ext/1171490990/libc_syscalls.o
LOAD build/default/debug/_ext/1360937237/main.o
                0x00000001                __MPLAB_BUILD = 0x1
                0x00600000                __rom_end = (ORIGIN (rom) + LENGTH (rom))
                0x20460000                __ram_end = (ORIGIN (ram) + LENGTH (ram))

.vectors        0x00400000      0x168
                0x00400000                . = ALIGN (0x4)
                0x00400000                _sfixed = .
 *(.vectors .vectors.* .vectors_default .vectors_default.*)
 .vectors       0x00400000      0x168 build/default/debug/_ext/1171490990/interrupts.o
                0x00400000                exception_table
 *(.isr_vector)
 *(.reset*)
 *(.after_vectors)

.text           0x00400168       0x20
                0x00400168                . = ALIGN (0x4)
 *(.glue_7t)
 .glue_7t       0x00400168        0x0 linker stubs
 *(.glue_7)
 .glue_7        0x00400168        0x0 linker stubs
 *(.gnu.linkonce.r.*)
 *(.ARM.extab* .gnu.linkonce.armextab.*)
                0x00400168                . = ALIGN (0x4)
 *(.init)
 .init          0x00400168        0x4 e:/complier-new/bin/bin/../../lib/gcc/pic32c/8.3.1/thumb/v7e-m+dp/hard/crti.o
                0x00400168                _init
 .init          0x0040016c        0x8 e:/complier-new/bin/bin/../../lib/gcc/pic32c/8.3.1/thumb/v7e-m+dp/hard/crtn.o
                0x00400174                . = ALIGN (0x4)
                0x00400174                __preinit_array_start = .
 *(.preinit_array)
                0x00400174                __preinit_array_end = .
                0x00400174                . = ALIGN (0x4)
                0x00400174                __init_array_start = .
 *(SORT_BY_NAME(.init_array.*))
 *(.init_array)
 .init_array    0x00400174        0x4 e:/complier-new/bin/bin/../../lib/gcc/pic32c/8.3.1/thumb/v7e-m+dp/hard/crtbegin.o
                0x00400178                __init_array_end = .
                0x00400178                . = ALIGN (0x4)
 *crtbegin.o(.ctors)
 *(EXCLUDE_FILE(*crtend.o) .ctors)
 *(SORT_BY_NAME(.ctors.*))
 *crtend.o(.ctors)
                0x00400178                . = ALIGN (0x4)
 *(.fini)
 .fini          0x00400178        0x4 e:/complier-new/bin/bin/../../lib/gcc/pic32c/8.3.1/thumb/v7e-m+dp/hard/crti.o
                0x00400178                _fini
 .fini          0x0040017c        0x8 e:/complier-new/bin/bin/../../lib/gcc/pic32c/8.3.1/thumb/v7e-m+dp/hard/crtn.o
                0x00400184                . = ALIGN (0x4)
                0x00400184                __fini_array_start = .
 *(.fini_array)
 .fini_array    0x00400184        0x4 e:/complier-new/bin/bin/../../lib/gcc/pic32c/8.3.1/thumb/v7e-m+dp/hard/crtbegin.o
 *(SORT_BY_NAME(.fini_array.*))
                0x00400188                __fini_array_end = .
 *crtbegin.o(.dtors)
 *(EXCLUDE_FILE(*crtend.o) .dtors)
 *(SORT_BY_NAME(.dtors.*))
 *crtend.o(.dtors)
                0x00400188                . = ALIGN (0x4)
                0x00400188                _efixed = .
                [!provide]                PROVIDE (__exidx_start = .)

.ARM.exidx
 *(.ARM.exidx* .gnu.linkonce.armexidx.*)
                [!provide]                PROVIDE (__exidx_end = .)
                0x00400188                . = ALIGN (0x4)
                0x00400188                _etext = .

.bss            0x20400000       0x18
                0x20400000                . = ALIGN (0x4)
                0x20400000                __bss_start__ = .
                0x20400000                _sbss = .
                0x20400000                _szero = .
 *(COMMON)
 COMMON         0x20400000       0x14 build/default/debug/_ext/1360937237/main.o
                0x20400000                frequency
                0x20400004                period_t
                0x20400008                on_t
                0x2040000c                duty
                0x20400010                off_t1
 COMMON         0x20400014        0x4 e:/complier-new/bin/bin/../../lib/gcc/pic32c/8.3.1/../../../../pic32c/lib/thumb/v7e-m+dp/hard\libg_nano.a(lib_a-reent.o)
                0x20400014                errno
                0x20400018                . = ALIGN (0x4)
                0x20400018                __bss_end__ = .
                0x20400018                _ebss = .
                0x20400018                _ezero = .
                0x20400018                . = ALIGN (0x4)
                0x20400018                _end = .
                0x2045ffff                _ram_end_ = ((ORIGIN (ram) + LENGTH (ram)) - 0x1)
                0x00000001                __ICD2RAM = 0x1
                0x00000001                __MPLAB_DEBUG = 0x1
                0x00000001                __DEBUG = 0x1
                0x00000200                _min_heap_size = 0x200
START GROUP
LOAD e:/complier-new/bin/bin/../../lib/gcc/pic32c/8.3.1/../../../../pic32c/lib/thumb/v7e-m+dp/hard\libpic32c.a
LOAD e:/complier-new/bin/bin/../../lib/gcc/pic32c/8.3.1/thumb/v7e-m+dp/hard\libgcc.a
LOAD e:/complier-new/bin/bin/../../lib/gcc/pic32c/8.3.1/../../../../pic32c/lib/thumb/v7e-m+dp/hard\libg_nano.a
LOAD e:/complier-new/bin/bin/../../lib/gcc/pic32c/8.3.1/../../../../pic32c/lib/thumb/v7e-m+dp/hard\libm_nano.a
LOAD e:/complier-new/bin/bin/../../lib/gcc/pic32c/8.3.1/../../../../pic32c/lib/thumb/v7e-m+dp/hard\libc_nano.a
END GROUP
LOAD e:/complier-new/bin/bin/../../lib/gcc/pic32c/8.3.1/thumb/v7e-m+dp/hard/crtend.o
LOAD e:/complier-new/bin/bin/../../lib/gcc/pic32c/8.3.1/thumb/v7e-m+dp/hard/crtn.o
OUTPUT(dist/default/debug/Testing_Remote_Control.X.debug.elf elf32-littlearm)
LOAD stack
LOAD data_init

.ARM.attributes
                0x00000000       0x2e
 .ARM.attributes
                0x00000000       0x1e e:/complier-new/bin/bin/../../lib/gcc/pic32c/8.3.1/thumb/v7e-m+dp/hard/crti.o
 .ARM.attributes
                0x0000001e       0x32 e:/complier-new/bin/bin/../../lib/gcc/pic32c/8.3.1/thumb/v7e-m+dp/hard/crtbegin.o
 .ARM.attributes
                0x00000050       0x32 build/default/debug/_ext/60165520/plib_clk.o
 .ARM.attributes
                0x00000082       0x32 build/default/debug/_ext/60167248/plib_efc.o
 .ARM.attributes
                0x000000b4       0x32 build/default/debug/_ext/1865468468/plib_nvic.o
 .ARM.attributes
                0x000000e6       0x32 build/default/debug/_ext/60177924/plib_pio.o
 .ARM.attributes
                0x00000118       0x32 build/default/debug/_ext/1827571544/plib_systick.o
 .ARM.attributes
                0x0000014a       0x32 build/default/debug/_ext/829342655/plib_tc0.o
 .ARM.attributes
                0x0000017c       0x32 build/default/debug/_ext/2001315827/plib_usart1.o
 .ARM.attributes
                0x000001ae       0x32 build/default/debug/_ext/163028504/xc32_monitor.o
 .ARM.attributes
                0x000001e0       0x32 build/default/debug/_ext/1171490990/initialization.o
 .ARM.attributes
                0x00000212       0x32 build/default/debug/_ext/1171490990/interrupts.o
 .ARM.attributes
                0x00000244       0x32 build/default/debug/_ext/1171490990/exceptions.o
 .ARM.attributes
                0x00000276       0x32 build/default/debug/_ext/1171490990/startup_xc32.o
 .ARM.attributes
                0x000002a8       0x32 build/default/debug/_ext/1360937237/main.o
 .ARM.attributes
                0x000002da       0x32 e:/complier-new/bin/bin/../../lib/gcc/pic32c/8.3.1/../../../../pic32c/lib/thumb/v7e-m+dp/hard\libpic32c.a(data_init.o)
 .ARM.attributes
                0x0000030c       0x32 e:/complier-new/bin/bin/../../lib/gcc/pic32c/8.3.1/../../../../pic32c/lib/thumb/v7e-m+dp/hard\libg_nano.a(_lib_a-printf.fFgG.o)
 .ARM.attributes
                0x0000033e       0x30 e:/complier-new/bin/bin/../../lib/gcc/pic32c/8.3.1/../../../../pic32c/lib/thumb/v7e-m+dp/hard\libg_nano.a(lib_a-impure.o)
 .ARM.attributes
                0x0000036e       0x32 e:/complier-new/bin/bin/../../lib/gcc/pic32c/8.3.1/../../../../pic32c/lib/thumb/v7e-m+dp/hard\libg_nano.a(lib_a-init.o)
 .ARM.attributes
                0x000003a0       0x32 e:/complier-new/bin/bin/../../lib/gcc/pic32c/8.3.1/../../../../pic32c/lib/thumb/v7e-m+dp/hard\libg_nano.a(lib_a-memcpy-stub.o)
 .ARM.attributes
                0x000003d2       0x32 e:/complier-new/bin/bin/../../lib/gcc/pic32c/8.3.1/../../../../pic32c/lib/thumb/v7e-m+dp/hard\libg_nano.a(lib_a-setbuf.o)
 .ARM.attributes
                0x00000404       0x32 e:/complier-new/bin/bin/../../lib/gcc/pic32c/8.3.1/../../../../pic32c/lib/thumb/v7e-m+dp/hard\libg_nano.a(lib_a-setvbuf.o)
 .ARM.attributes
                0x00000436       0x32 e:/complier-new/bin/bin/../../lib/gcc/pic32c/8.3.1/../../../../pic32c/lib/thumb/v7e-m+dp/hard\libg_nano.a(_lib_a-nano-vfprintf.fFgG.o)
 .ARM.attributes
                0x00000468       0x32 e:/complier-new/bin/bin/../../lib/gcc/pic32c/8.3.1/../../../../pic32c/lib/thumb/v7e-m+dp/hard\libg_nano.a(lib_a-__ssfputs.o)
 .ARM.attributes
                0x0000049a       0x32 e:/complier-new/bin/bin/../../lib/gcc/pic32c/8.3.1/../../../../pic32c/lib/thumb/v7e-m+dp/hard\libg_nano.a(lib_a-dtoa.o)
 .ARM.attributes
                0x000004cc       0x32 e:/complier-new/bin/bin/../../lib/gcc/pic32c/8.3.1/../../../../pic32c/lib/thumb/v7e-m+dp/hard\libg_nano.a(lib_a-fflush.o)
 .ARM.attributes
                0x000004fe       0x32 e:/complier-new/bin/bin/../../lib/gcc/pic32c/8.3.1/../../../../pic32c/lib/thumb/v7e-m+dp/hard\libg_nano.a(lib_a-findfp.o)
 .ARM.attributes
                0x00000530       0x32 e:/complier-new/bin/bin/../../lib/gcc/pic32c/8.3.1/../../../../pic32c/lib/thumb/v7e-m+dp/hard\libg_nano.a(lib_a-fputwc.o)
 .ARM.attributes
                0x00000562       0x32 e:/complier-new/bin/bin/../../lib/gcc/pic32c/8.3.1/../../../../pic32c/lib/thumb/v7e-m+dp/hard\libg_nano.a(lib_a-fwalk.o)
 .ARM.attributes
                0x00000594       0x32 e:/complier-new/bin/bin/../../lib/gcc/pic32c/8.3.1/../../../../pic32c/lib/thumb/v7e-m+dp/hard\libg_nano.a(lib_a-locale.o)
 .ARM.attributes
                0x000005c6       0x32 e:/complier-new/bin/bin/../../lib/gcc/pic32c/8.3.1/../../../../pic32c/lib/thumb/v7e-m+dp/hard\libg_nano.a(lib_a-localeconv.o)
 .ARM.attributes
                0x000005f8       0x32 e:/complier-new/bin/bin/../../lib/gcc/pic32c/8.3.1/../../../../pic32c/lib/thumb/v7e-m+dp/hard\libg_nano.a(lib_a-makebuf.o)
 .ARM.attributes
                0x0000062a       0x32 e:/complier-new/bin/bin/../../lib/gcc/pic32c/8.3.1/../../../../pic32c/lib/thumb/v7e-m+dp/hard\libg_nano.a(lib_a-malloc.o)
 .ARM.attributes
                0x0000065c       0x32 e:/complier-new/bin/bin/../../lib/gcc/pic32c/8.3.1/../../../../pic32c/lib/thumb/v7e-m+dp/hard\libg_nano.a(lib_a-mbtowc_r.o)
 .ARM.attributes
                0x0000068e       0x1c e:/complier-new/bin/bin/../../lib/gcc/pic32c/8.3.1/../../../../pic32c/lib/thumb/v7e-m+dp/hard\libg_nano.a(lib_a-memchr.o)
 .ARM.attributes
                0x000006aa       0x32 e:/complier-new/bin/bin/../../lib/gcc/pic32c/8.3.1/../../../../pic32c/lib/thumb/v7e-m+dp/hard\libg_nano.a(lib_a-memset.o)
 .ARM.attributes
                0x000006dc       0x32 e:/complier-new/bin/bin/../../lib/gcc/pic32c/8.3.1/../../../../pic32c/lib/thumb/v7e-m+dp/hard\libg_nano.a(lib_a-mprec.o)
 .ARM.attributes
                0x0000070e       0x32 e:/complier-new/bin/bin/../../lib/gcc/pic32c/8.3.1/../../../../pic32c/lib/thumb/v7e-m+dp/hard\libg_nano.a(lib_a-nano-callocr.o)
 .ARM.attributes
                0x00000740       0x32 e:/complier-new/bin/bin/../../lib/gcc/pic32c/8.3.1/../../../../pic32c/lib/thumb/v7e-m+dp/hard\libg_nano.a(lib_a-nano-freer.o)
 .ARM.attributes
                0x00000772       0x32 e:/complier-new/bin/bin/../../lib/gcc/pic32c/8.3.1/../../../../pic32c/lib/thumb/v7e-m+dp/hard\libg_nano.a(lib_a-nano-mallocr.o)
 .ARM.attributes
                0x000007a4       0x32 e:/complier-new/bin/bin/../../lib/gcc/pic32c/8.3.1/../../../../pic32c/lib/thumb/v7e-m+dp/hard\libg_nano.a(lib_a-nano-vfprintf_i.o)
 .ARM.attributes
                0x000007d6       0x32 e:/complier-new/bin/bin/../../lib/gcc/pic32c/8.3.1/../../../../pic32c/lib/thumb/v7e-m+dp/hard\libg_nano.a(lib_a-sbrkr.o)
 .ARM.attributes
                0x00000808       0x32 e:/complier-new/bin/bin/../../lib/gcc/pic32c/8.3.1/../../../../pic32c/lib/thumb/v7e-m+dp/hard\libg_nano.a(lib_a-stdio.o)
 .ARM.attributes
                0x0000083a       0x17 e:/complier-new/bin/bin/../../lib/gcc/pic32c/8.3.1/../../../../pic32c/lib/thumb/v7e-m+dp/hard\libg_nano.a(lib_a-strlen.o)
 .ARM.attributes
                0x00000851       0x32 e:/complier-new/bin/bin/../../lib/gcc/pic32c/8.3.1/../../../../pic32c/lib/thumb/v7e-m+dp/hard\libg_nano.a(lib_a-wbuf.o)
 .ARM.attributes
                0x00000883       0x32 e:/complier-new/bin/bin/../../lib/gcc/pic32c/8.3.1/../../../../pic32c/lib/thumb/v7e-m+dp/hard\libg_nano.a(lib_a-wcrtomb.o)
 .ARM.attributes
                0x000008b5       0x32 e:/complier-new/bin/bin/../../lib/gcc/pic32c/8.3.1/../../../../pic32c/lib/thumb/v7e-m+dp/hard\libg_nano.a(lib_a-wctomb_r.o)
 .ARM.attributes
                0x000008e7       0x32 e:/complier-new/bin/bin/../../lib/gcc/pic32c/8.3.1/../../../../pic32c/lib/thumb/v7e-m+dp/hard\libg_nano.a(lib_a-writer.o)
 .ARM.attributes
                0x00000919       0x32 e:/complier-new/bin/bin/../../lib/gcc/pic32c/8.3.1/../../../../pic32c/lib/thumb/v7e-m+dp/hard\libg_nano.a(lib_a-wsetup.o)
 .ARM.attributes
                0x0000094b       0x32 e:/complier-new/bin/bin/../../lib/gcc/pic32c/8.3.1/../../../../pic32c/lib/thumb/v7e-m+dp/hard\libg_nano.a(lib_a-closer.o)
 .ARM.attributes
                0x0000097d       0x30 e:/complier-new/bin/bin/../../lib/gcc/pic32c/8.3.1/../../../../pic32c/lib/thumb/v7e-m+dp/hard\libg_nano.a(lib_a-ctype_.o)
 .ARM.attributes
                0x000009ad       0x32 e:/complier-new/bin/bin/../../lib/gcc/pic32c/8.3.1/../../../../pic32c/lib/thumb/v7e-m+dp/hard\libg_nano.a(lib_a-fstatr.o)
 .ARM.attributes
                0x000009df       0x32 e:/complier-new/bin/bin/../../lib/gcc/pic32c/8.3.1/../../../../pic32c/lib/thumb/v7e-m+dp/hard\libg_nano.a(lib_a-isattyr.o)
 .ARM.attributes
                0x00000a11       0x32 e:/complier-new/bin/bin/../../lib/gcc/pic32c/8.3.1/../../../../pic32c/lib/thumb/v7e-m+dp/hard\libg_nano.a(lib_a-lseekr.o)
 .ARM.attributes
                0x00000a43       0x32 e:/complier-new/bin/bin/../../lib/gcc/pic32c/8.3.1/../../../../pic32c/lib/thumb/v7e-m+dp/hard\libg_nano.a(lib_a-mlock.o)
 .ARM.attributes
                0x00000a75       0x32 e:/complier-new/bin/bin/../../lib/gcc/pic32c/8.3.1/../../../../pic32c/lib/thumb/v7e-m+dp/hard\libg_nano.a(lib_a-readr.o)
 .ARM.attributes
                0x00000aa7       0x32 e:/complier-new/bin/bin/../../lib/gcc/pic32c/8.3.1/../../../../pic32c/lib/thumb/v7e-m+dp/hard\libg_nano.a(lib_a-reent.o)
 .ARM.attributes
                0x00000ad9       0x32 e:/complier-new/bin/bin/../../lib/gcc/pic32c/8.3.1/../../../../pic32c/lib/thumb/v7e-m+dp/hard\libpic32c.a(_close.o)
 .ARM.attributes
                0x00000b0b       0x32 e:/complier-new/bin/bin/../../lib/gcc/pic32c/8.3.1/../../../../pic32c/lib/thumb/v7e-m+dp/hard\libpic32c.a(_fstat.o)
 .ARM.attributes
                0x00000b3d       0x32 e:/complier-new/bin/bin/../../lib/gcc/pic32c/8.3.1/../../../../pic32c/lib/thumb/v7e-m+dp/hard\libpic32c.a(_isatty.o)
 .ARM.attributes
                0x00000b6f       0x32 e:/complier-new/bin/bin/../../lib/gcc/pic32c/8.3.1/../../../../pic32c/lib/thumb/v7e-m+dp/hard\libpic32c.a(_lseek.o)
 .ARM.attributes
                0x00000ba1       0x32 e:/complier-new/bin/bin/../../lib/gcc/pic32c/8.3.1/../../../../pic32c/lib/thumb/v7e-m+dp/hard\libpic32c.a(_read.o)
 .ARM.attributes
                0x00000bd3       0x32 e:/complier-new/bin/bin/../../lib/gcc/pic32c/8.3.1/../../../../pic32c/lib/thumb/v7e-m+dp/hard\libpic32c.a(sbrk.o)
 .ARM.attributes
                0x00000c05       0x32 e:/complier-new/bin/bin/../../lib/gcc/pic32c/8.3.1/../../../../pic32c/lib/thumb/v7e-m+dp/hard\libpic32c.a(_write.o)
 .ARM.attributes
                0x00000c37       0x32 e:/complier-new/bin/bin/../../lib/gcc/pic32c/8.3.1/../../../../pic32c/lib/thumb/v7e-m+dp/hard\libpic32c.a(close.o)
 .ARM.attributes
                0x00000c69       0x32 e:/complier-new/bin/bin/../../lib/gcc/pic32c/8.3.1/../../../../pic32c/lib/thumb/v7e-m+dp/hard\libpic32c.a(fstat.o)
 .ARM.attributes
                0x00000c9b       0x32 e:/complier-new/bin/bin/../../lib/gcc/pic32c/8.3.1/../../../../pic32c/lib/thumb/v7e-m+dp/hard\libpic32c.a(isatty.o)
 .ARM.attributes
                0x00000ccd       0x32 e:/complier-new/bin/bin/../../lib/gcc/pic32c/8.3.1/../../../../pic32c/lib/thumb/v7e-m+dp/hard\libpic32c.a(lseek.o)
 .ARM.attributes
                0x00000cff       0x1e e:/complier-new/bin/bin/../../lib/gcc/pic32c/8.3.1/thumb/v7e-m+dp/hard/crtn.o

.comment        0x00000000       0x53
 .comment       0x00000000       0x53 e:/complier-new/bin/bin/../../lib/gcc/pic32c/8.3.1/thumb/v7e-m+dp/hard/crtbegin.o
                                 0x54 (size before relaxing)
 .comment       0x00000053       0x54 build/default/debug/_ext/60165520/plib_clk.o
 .comment       0x00000053       0x54 build/default/debug/_ext/60167248/plib_efc.o
 .comment       0x00000053       0x54 build/default/debug/_ext/1865468468/plib_nvic.o
 .comment       0x00000053       0x54 build/default/debug/_ext/60177924/plib_pio.o
 .comment       0x00000053       0x54 build/default/debug/_ext/1827571544/plib_systick.o
 .comment       0x00000053       0x54 build/default/debug/_ext/829342655/plib_tc0.o
 .comment       0x00000053       0x54 build/default/debug/_ext/2001315827/plib_usart1.o
 .comment       0x00000053       0x54 build/default/debug/_ext/163028504/xc32_monitor.o
 .comment       0x00000053       0x54 build/default/debug/_ext/1171490990/initialization.o
 .comment       0x00000053       0x54 build/default/debug/_ext/1171490990/interrupts.o
 .comment       0x00000053       0x54 build/default/debug/_ext/1171490990/exceptions.o
 .comment       0x00000053       0x54 build/default/debug/_ext/1171490990/startup_xc32.o
 .comment       0x00000053       0x54 build/default/debug/_ext/1360937237/main.o
 .comment       0x00000053       0x54 e:/complier-new/bin/bin/../../lib/gcc/pic32c/8.3.1/../../../../pic32c/lib/thumb/v7e-m+dp/hard\libpic32c.a(data_init.o)
 .comment       0x00000053       0x54 e:/complier-new/bin/bin/../../lib/gcc/pic32c/8.3.1/../../../../pic32c/lib/thumb/v7e-m+dp/hard\libg_nano.a(_lib_a-printf.fFgG.o)
 .comment       0x00000053       0x54 e:/complier-new/bin/bin/../../lib/gcc/pic32c/8.3.1/../../../../pic32c/lib/thumb/v7e-m+dp/hard\libg_nano.a(lib_a-impure.o)
 .comment       0x00000053       0x54 e:/complier-new/bin/bin/../../lib/gcc/pic32c/8.3.1/../../../../pic32c/lib/thumb/v7e-m+dp/hard\libg_nano.a(lib_a-init.o)
 .comment       0x00000053       0x54 e:/complier-new/bin/bin/../../lib/gcc/pic32c/8.3.1/../../../../pic32c/lib/thumb/v7e-m+dp/hard\libg_nano.a(lib_a-memcpy-stub.o)
 .comment       0x00000053       0x54 e:/complier-new/bin/bin/../../lib/gcc/pic32c/8.3.1/../../../../pic32c/lib/thumb/v7e-m+dp/hard\libg_nano.a(lib_a-setbuf.o)
 .comment       0x00000053       0x54 e:/complier-new/bin/bin/../../lib/gcc/pic32c/8.3.1/../../../../pic32c/lib/thumb/v7e-m+dp/hard\libg_nano.a(lib_a-setvbuf.o)
 .comment       0x00000053       0x54 e:/complier-new/bin/bin/../../lib/gcc/pic32c/8.3.1/../../../../pic32c/lib/thumb/v7e-m+dp/hard\libg_nano.a(_lib_a-nano-vfprintf.fFgG.o)
 .comment       0x00000053       0x54 e:/complier-new/bin/bin/../../lib/gcc/pic32c/8.3.1/../../../../pic32c/lib/thumb/v7e-m+dp/hard\libg_nano.a(lib_a-__ssfputs.o)
 .comment       0x00000053       0x54 e:/complier-new/bin/bin/../../lib/gcc/pic32c/8.3.1/../../../../pic32c/lib/thumb/v7e-m+dp/hard\libg_nano.a(lib_a-dtoa.o)
 .comment       0x00000053       0x54 e:/complier-new/bin/bin/../../lib/gcc/pic32c/8.3.1/../../../../pic32c/lib/thumb/v7e-m+dp/hard\libg_nano.a(lib_a-fflush.o)
 .comment       0x00000053       0x54 e:/complier-new/bin/bin/../../lib/gcc/pic32c/8.3.1/../../../../pic32c/lib/thumb/v7e-m+dp/hard\libg_nano.a(lib_a-findfp.o)
 .comment       0x00000053       0x54 e:/complier-new/bin/bin/../../lib/gcc/pic32c/8.3.1/../../../../pic32c/lib/thumb/v7e-m+dp/hard\libg_nano.a(lib_a-fputwc.o)
 .comment       0x00000053       0x54 e:/complier-new/bin/bin/../../lib/gcc/pic32c/8.3.1/../../../../pic32c/lib/thumb/v7e-m+dp/hard\libg_nano.a(lib_a-fwalk.o)
 .comment       0x00000053       0x54 e:/complier-new/bin/bin/../../lib/gcc/pic32c/8.3.1/../../../../pic32c/lib/thumb/v7e-m+dp/hard\libg_nano.a(lib_a-locale.o)
 .comment       0x00000053       0x54 e:/complier-new/bin/bin/../../lib/gcc/pic32c/8.3.1/../../../../pic32c/lib/thumb/v7e-m+dp/hard\libg_nano.a(lib_a-localeconv.o)
 .comment       0x00000053       0x54 e:/complier-new/bin/bin/../../lib/gcc/pic32c/8.3.1/../../../../pic32c/lib/thumb/v7e-m+dp/hard\libg_nano.a(lib_a-makebuf.o)
 .comment       0x00000053       0x54 e:/complier-new/bin/bin/../../lib/gcc/pic32c/8.3.1/../../../../pic32c/lib/thumb/v7e-m+dp/hard\libg_nano.a(lib_a-malloc.o)
 .comment       0x00000053       0x54 e:/complier-new/bin/bin/../../lib/gcc/pic32c/8.3.1/../../../../pic32c/lib/thumb/v7e-m+dp/hard\libg_nano.a(lib_a-mbtowc_r.o)
 .comment       0x00000053       0x54 e:/complier-new/bin/bin/../../lib/gcc/pic32c/8.3.1/../../../../pic32c/lib/thumb/v7e-m+dp/hard\libg_nano.a(lib_a-memset.o)
 .comment       0x00000053       0x54 e:/complier-new/bin/bin/../../lib/gcc/pic32c/8.3.1/../../../../pic32c/lib/thumb/v7e-m+dp/hard\libg_nano.a(lib_a-mprec.o)
 .comment       0x00000053       0x54 e:/complier-new/bin/bin/../../lib/gcc/pic32c/8.3.1/../../../../pic32c/lib/thumb/v7e-m+dp/hard\libg_nano.a(lib_a-nano-callocr.o)
 .comment       0x00000053       0x54 e:/complier-new/bin/bin/../../lib/gcc/pic32c/8.3.1/../../../../pic32c/lib/thumb/v7e-m+dp/hard\libg_nano.a(lib_a-nano-freer.o)
 .comment       0x00000053       0x54 e:/complier-new/bin/bin/../../lib/gcc/pic32c/8.3.1/../../../../pic32c/lib/thumb/v7e-m+dp/hard\libg_nano.a(lib_a-nano-mallocr.o)
 .comment       0x00000053       0x54 e:/complier-new/bin/bin/../../lib/gcc/pic32c/8.3.1/../../../../pic32c/lib/thumb/v7e-m+dp/hard\libg_nano.a(lib_a-nano-vfprintf_i.o)
 .comment       0x00000053       0x54 e:/complier-new/bin/bin/../../lib/gcc/pic32c/8.3.1/../../../../pic32c/lib/thumb/v7e-m+dp/hard\libg_nano.a(lib_a-sbrkr.o)
 .comment       0x00000053       0x54 e:/complier-new/bin/bin/../../lib/gcc/pic32c/8.3.1/../../../../pic32c/lib/thumb/v7e-m+dp/hard\libg_nano.a(lib_a-stdio.o)
 .comment       0x00000053       0x54 e:/complier-new/bin/bin/../../lib/gcc/pic32c/8.3.1/../../../../pic32c/lib/thumb/v7e-m+dp/hard\libg_nano.a(lib_a-wbuf.o)
 .comment       0x00000053       0x54 e:/complier-new/bin/bin/../../lib/gcc/pic32c/8.3.1/../../../../pic32c/lib/thumb/v7e-m+dp/hard\libg_nano.a(lib_a-wcrtomb.o)
 .comment       0x00000053       0x54 e:/complier-new/bin/bin/../../lib/gcc/pic32c/8.3.1/../../../../pic32c/lib/thumb/v7e-m+dp/hard\libg_nano.a(lib_a-wctomb_r.o)
 .comment       0x00000053       0x54 e:/complier-new/bin/bin/../../lib/gcc/pic32c/8.3.1/../../../../pic32c/lib/thumb/v7e-m+dp/hard\libg_nano.a(lib_a-writer.o)
 .comment       0x00000053       0x54 e:/complier-new/bin/bin/../../lib/gcc/pic32c/8.3.1/../../../../pic32c/lib/thumb/v7e-m+dp/hard\libg_nano.a(lib_a-wsetup.o)
 .comment       0x00000053       0x54 e:/complier-new/bin/bin/../../lib/gcc/pic32c/8.3.1/../../../../pic32c/lib/thumb/v7e-m+dp/hard\libg_nano.a(lib_a-closer.o)
 .comment       0x00000053       0x54 e:/complier-new/bin/bin/../../lib/gcc/pic32c/8.3.1/../../../../pic32c/lib/thumb/v7e-m+dp/hard\libg_nano.a(lib_a-ctype_.o)
 .comment       0x00000053       0x54 e:/complier-new/bin/bin/../../lib/gcc/pic32c/8.3.1/../../../../pic32c/lib/thumb/v7e-m+dp/hard\libg_nano.a(lib_a-fstatr.o)
 .comment       0x00000053       0x54 e:/complier-new/bin/bin/../../lib/gcc/pic32c/8.3.1/../../../../pic32c/lib/thumb/v7e-m+dp/hard\libg_nano.a(lib_a-isattyr.o)
 .comment       0x00000053       0x54 e:/complier-new/bin/bin/../../lib/gcc/pic32c/8.3.1/../../../../pic32c/lib/thumb/v7e-m+dp/hard\libg_nano.a(lib_a-lseekr.o)
 .comment       0x00000053       0x54 e:/complier-new/bin/bin/../../lib/gcc/pic32c/8.3.1/../../../../pic32c/lib/thumb/v7e-m+dp/hard\libg_nano.a(lib_a-mlock.o)
 .comment       0x00000053       0x54 e:/complier-new/bin/bin/../../lib/gcc/pic32c/8.3.1/../../../../pic32c/lib/thumb/v7e-m+dp/hard\libg_nano.a(lib_a-readr.o)
 .comment       0x00000053       0x54 e:/complier-new/bin/bin/../../lib/gcc/pic32c/8.3.1/../../../../pic32c/lib/thumb/v7e-m+dp/hard\libg_nano.a(lib_a-reent.o)
 .comment       0x00000053       0x54 e:/complier-new/bin/bin/../../lib/gcc/pic32c/8.3.1/../../../../pic32c/lib/thumb/v7e-m+dp/hard\libpic32c.a(_close.o)
 .comment       0x00000053       0x54 e:/complier-new/bin/bin/../../lib/gcc/pic32c/8.3.1/../../../../pic32c/lib/thumb/v7e-m+dp/hard\libpic32c.a(_fstat.o)
 .comment       0x00000053       0x54 e:/complier-new/bin/bin/../../lib/gcc/pic32c/8.3.1/../../../../pic32c/lib/thumb/v7e-m+dp/hard\libpic32c.a(_isatty.o)
 .comment       0x00000053       0x54 e:/complier-new/bin/bin/../../lib/gcc/pic32c/8.3.1/../../../../pic32c/lib/thumb/v7e-m+dp/hard\libpic32c.a(_lseek.o)
 .comment       0x00000053       0x54 e:/complier-new/bin/bin/../../lib/gcc/pic32c/8.3.1/../../../../pic32c/lib/thumb/v7e-m+dp/hard\libpic32c.a(_read.o)
 .comment       0x00000053       0x54 e:/complier-new/bin/bin/../../lib/gcc/pic32c/8.3.1/../../../../pic32c/lib/thumb/v7e-m+dp/hard\libpic32c.a(sbrk.o)
 .comment       0x00000053       0x54 e:/complier-new/bin/bin/../../lib/gcc/pic32c/8.3.1/../../../../pic32c/lib/thumb/v7e-m+dp/hard\libpic32c.a(_write.o)
 .comment       0x00000053       0x54 e:/complier-new/bin/bin/../../lib/gcc/pic32c/8.3.1/../../../../pic32c/lib/thumb/v7e-m+dp/hard\libpic32c.a(close.o)
 .comment       0x00000053       0x54 e:/complier-new/bin/bin/../../lib/gcc/pic32c/8.3.1/../../../../pic32c/lib/thumb/v7e-m+dp/hard\libpic32c.a(fstat.o)
 .comment       0x00000053       0x54 e:/complier-new/bin/bin/../../lib/gcc/pic32c/8.3.1/../../../../pic32c/lib/thumb/v7e-m+dp/hard\libpic32c.a(isatty.o)
 .comment       0x00000053       0x54 e:/complier-new/bin/bin/../../lib/gcc/pic32c/8.3.1/../../../../pic32c/lib/thumb/v7e-m+dp/hard\libpic32c.a(lseek.o)

.debug_info     0x00000000     0xe04b
 .debug_info    0x00000000      0x8e0 build/default/debug/_ext/60165520/plib_clk.o
 .debug_info    0x000008e0     0x153c build/default/debug/_ext/60167248/plib_efc.o
 .debug_info    0x00001e1c      0xb46 build/default/debug/_ext/1865468468/plib_nvic.o
 .debug_info    0x00002962      0xf51 build/default/debug/_ext/60177924/plib_pio.o
 .debug_info    0x000038b3      0x714 build/default/debug/_ext/1827571544/plib_systick.o
 .debug_info    0x00003fc7      0x78a build/default/debug/_ext/829342655/plib_tc0.o
 .debug_info    0x00004751      0xdd1 build/default/debug/_ext/2001315827/plib_usart1.o
 .debug_info    0x00005522     0x1062 build/default/debug/_ext/163028504/xc32_monitor.o
 .debug_info    0x00006584     0x112b build/default/debug/_ext/1171490990/initialization.o
 .debug_info    0x000076af     0x19f4 build/default/debug/_ext/1171490990/interrupts.o
 .debug_info    0x000090a3      0xfe7 build/default/debug/_ext/1171490990/exceptions.o
 .debug_info    0x0000a08a      0xe10 build/default/debug/_ext/1171490990/startup_xc32.o
 .debug_info    0x0000ae9a     0x10fa build/default/debug/_ext/1360937237/main.o
 .debug_info    0x0000bf94      0x2d3 e:/complier-new/bin/bin/../../lib/gcc/pic32c/8.3.1/../../../../pic32c/lib/thumb/v7e-m+dp/hard\libpic32c.a(data_init.o)
 .debug_info    0x0000c267      0x2b8 e:/complier-new/bin/bin/../../lib/gcc/pic32c/8.3.1/../../../../pic32c/lib/thumb/v7e-m+dp/hard\libpic32c.a(_close.o)
 .debug_info    0x0000c51f      0x2b8 e:/complier-new/bin/bin/../../lib/gcc/pic32c/8.3.1/../../../../pic32c/lib/thumb/v7e-m+dp/hard\libpic32c.a(_fstat.o)
 .debug_info    0x0000c7d7      0x2ba e:/complier-new/bin/bin/../../lib/gcc/pic32c/8.3.1/../../../../pic32c/lib/thumb/v7e-m+dp/hard\libpic32c.a(_isatty.o)
 .debug_info    0x0000ca91      0x2b8 e:/complier-new/bin/bin/../../lib/gcc/pic32c/8.3.1/../../../../pic32c/lib/thumb/v7e-m+dp/hard\libpic32c.a(_lseek.o)
 .debug_info    0x0000cd49      0x2b6 e:/complier-new/bin/bin/../../lib/gcc/pic32c/8.3.1/../../../../pic32c/lib/thumb/v7e-m+dp/hard\libpic32c.a(_read.o)
 .debug_info    0x0000cfff      0x2b6 e:/complier-new/bin/bin/../../lib/gcc/pic32c/8.3.1/../../../../pic32c/lib/thumb/v7e-m+dp/hard\libpic32c.a(sbrk.o)
 .debug_info    0x0000d2b5      0x2b8 e:/complier-new/bin/bin/../../lib/gcc/pic32c/8.3.1/../../../../pic32c/lib/thumb/v7e-m+dp/hard\libpic32c.a(_write.o)
 .debug_info    0x0000d56d      0x2b7 e:/complier-new/bin/bin/../../lib/gcc/pic32c/8.3.1/../../../../pic32c/lib/thumb/v7e-m+dp/hard\libpic32c.a(close.o)
 .debug_info    0x0000d824      0x2b7 e:/complier-new/bin/bin/../../lib/gcc/pic32c/8.3.1/../../../../pic32c/lib/thumb/v7e-m+dp/hard\libpic32c.a(fstat.o)
 .debug_info    0x0000dadb      0x2b9 e:/complier-new/bin/bin/../../lib/gcc/pic32c/8.3.1/../../../../pic32c/lib/thumb/v7e-m+dp/hard\libpic32c.a(isatty.o)
 .debug_info    0x0000dd94      0x2b7 e:/complier-new/bin/bin/../../lib/gcc/pic32c/8.3.1/../../../../pic32c/lib/thumb/v7e-m+dp/hard\libpic32c.a(lseek.o)

.debug_abbrev   0x00000000     0x18fb
 .debug_abbrev  0x00000000       0xd5 build/default/debug/_ext/60165520/plib_clk.o
 .debug_abbrev  0x000000d5      0x2e9 build/default/debug/_ext/60167248/plib_efc.o
 .debug_abbrev  0x000003be      0x1a0 build/default/debug/_ext/1865468468/plib_nvic.o
 .debug_abbrev  0x0000055e      0x180 build/default/debug/_ext/60177924/plib_pio.o
 .debug_abbrev  0x000006de      0x12a build/default/debug/_ext/1827571544/plib_systick.o
 .debug_abbrev  0x00000808       0xd9 build/default/debug/_ext/829342655/plib_tc0.o
 .debug_abbrev  0x000008e1      0x1ec build/default/debug/_ext/2001315827/plib_usart1.o
 .debug_abbrev  0x00000acd      0x211 build/default/debug/_ext/163028504/xc32_monitor.o
 .debug_abbrev  0x00000cde      0x23f build/default/debug/_ext/1171490990/initialization.o
 .debug_abbrev  0x00000f1d      0x1cc build/default/debug/_ext/1171490990/interrupts.o
 .debug_abbrev  0x000010e9      0x1ac build/default/debug/_ext/1171490990/exceptions.o
 .debug_abbrev  0x00001295      0x223 build/default/debug/_ext/1171490990/startup_xc32.o
 .debug_abbrev  0x000014b8      0x22d build/default/debug/_ext/1360937237/main.o
 .debug_abbrev  0x000016e5       0x2e e:/complier-new/bin/bin/../../lib/gcc/pic32c/8.3.1/../../../../pic32c/lib/thumb/v7e-m+dp/hard\libpic32c.a(data_init.o)
 .debug_abbrev  0x00001713       0x2b e:/complier-new/bin/bin/../../lib/gcc/pic32c/8.3.1/../../../../pic32c/lib/thumb/v7e-m+dp/hard\libpic32c.a(_close.o)
 .debug_abbrev  0x0000173e       0x2b e:/complier-new/bin/bin/../../lib/gcc/pic32c/8.3.1/../../../../pic32c/lib/thumb/v7e-m+dp/hard\libpic32c.a(_fstat.o)
 .debug_abbrev  0x00001769       0x2b e:/complier-new/bin/bin/../../lib/gcc/pic32c/8.3.1/../../../../pic32c/lib/thumb/v7e-m+dp/hard\libpic32c.a(_isatty.o)
 .debug_abbrev  0x00001794       0x2b e:/complier-new/bin/bin/../../lib/gcc/pic32c/8.3.1/../../../../pic32c/lib/thumb/v7e-m+dp/hard\libpic32c.a(_lseek.o)
 .debug_abbrev  0x000017bf       0x2b e:/complier-new/bin/bin/../../lib/gcc/pic32c/8.3.1/../../../../pic32c/lib/thumb/v7e-m+dp/hard\libpic32c.a(_read.o)
 .debug_abbrev  0x000017ea       0x2e e:/complier-new/bin/bin/../../lib/gcc/pic32c/8.3.1/../../../../pic32c/lib/thumb/v7e-m+dp/hard\libpic32c.a(sbrk.o)
 .debug_abbrev  0x00001818       0x2b e:/complier-new/bin/bin/../../lib/gcc/pic32c/8.3.1/../../../../pic32c/lib/thumb/v7e-m+dp/hard\libpic32c.a(_write.o)
 .debug_abbrev  0x00001843       0x2e e:/complier-new/bin/bin/../../lib/gcc/pic32c/8.3.1/../../../../pic32c/lib/thumb/v7e-m+dp/hard\libpic32c.a(close.o)
 .debug_abbrev  0x00001871       0x2e e:/complier-new/bin/bin/../../lib/gcc/pic32c/8.3.1/../../../../pic32c/lib/thumb/v7e-m+dp/hard\libpic32c.a(fstat.o)
 .debug_abbrev  0x0000189f       0x2e e:/complier-new/bin/bin/../../lib/gcc/pic32c/8.3.1/../../../../pic32c/lib/thumb/v7e-m+dp/hard\libpic32c.a(isatty.o)
 .debug_abbrev  0x000018cd       0x2e e:/complier-new/bin/bin/../../lib/gcc/pic32c/8.3.1/../../../../pic32c/lib/thumb/v7e-m+dp/hard\libpic32c.a(lseek.o)

.debug_aranges  0x00000000      0x4d0
 .debug_aranges
                0x00000000       0x20 build/default/debug/_ext/60165520/plib_clk.o
 .debug_aranges
                0x00000020       0x70 build/default/debug/_ext/60167248/plib_efc.o
 .debug_aranges
                0x00000090       0x38 build/default/debug/_ext/1865468468/plib_nvic.o
 .debug_aranges
                0x000000c8       0x60 build/default/debug/_ext/60177924/plib_pio.o
 .debug_aranges
                0x00000128       0x70 build/default/debug/_ext/1827571544/plib_systick.o
 .debug_aranges
                0x00000198       0x50 build/default/debug/_ext/829342655/plib_tc0.o
 .debug_aranges
                0x000001e8       0x70 build/default/debug/_ext/2001315827/plib_usart1.o
 .debug_aranges
                0x00000258       0x28 build/default/debug/_ext/163028504/xc32_monitor.o
 .debug_aranges
                0x00000280       0x20 build/default/debug/_ext/1171490990/initialization.o
 .debug_aranges
                0x000002a0       0x20 build/default/debug/_ext/1171490990/interrupts.o
 .debug_aranges
                0x000002c0       0x48 build/default/debug/_ext/1171490990/exceptions.o
 .debug_aranges
                0x00000308       0x28 build/default/debug/_ext/1171490990/startup_xc32.o
 .debug_aranges
                0x00000330       0x20 build/default/debug/_ext/1360937237/main.o
 .debug_aranges
                0x00000350       0x20 e:/complier-new/bin/bin/../../lib/gcc/pic32c/8.3.1/../../../../pic32c/lib/thumb/v7e-m+dp/hard\libpic32c.a(data_init.o)
 .debug_aranges
                0x00000370       0x20 e:/complier-new/bin/bin/../../lib/gcc/pic32c/8.3.1/../../../../pic32c/lib/thumb/v7e-m+dp/hard\libpic32c.a(_close.o)
 .debug_aranges
                0x00000390       0x20 e:/complier-new/bin/bin/../../lib/gcc/pic32c/8.3.1/../../../../pic32c/lib/thumb/v7e-m+dp/hard\libpic32c.a(_fstat.o)
 .debug_aranges
                0x000003b0       0x20 e:/complier-new/bin/bin/../../lib/gcc/pic32c/8.3.1/../../../../pic32c/lib/thumb/v7e-m+dp/hard\libpic32c.a(_isatty.o)
 .debug_aranges
                0x000003d0       0x20 e:/complier-new/bin/bin/../../lib/gcc/pic32c/8.3.1/../../../../pic32c/lib/thumb/v7e-m+dp/hard\libpic32c.a(_lseek.o)
 .debug_aranges
                0x000003f0       0x20 e:/complier-new/bin/bin/../../lib/gcc/pic32c/8.3.1/../../../../pic32c/lib/thumb/v7e-m+dp/hard\libpic32c.a(_read.o)
 .debug_aranges
                0x00000410       0x20 e:/complier-new/bin/bin/../../lib/gcc/pic32c/8.3.1/../../../../pic32c/lib/thumb/v7e-m+dp/hard\libpic32c.a(sbrk.o)
 .debug_aranges
                0x00000430       0x20 e:/complier-new/bin/bin/../../lib/gcc/pic32c/8.3.1/../../../../pic32c/lib/thumb/v7e-m+dp/hard\libpic32c.a(_write.o)
 .debug_aranges
                0x00000450       0x20 e:/complier-new/bin/bin/../../lib/gcc/pic32c/8.3.1/../../../../pic32c/lib/thumb/v7e-m+dp/hard\libpic32c.a(close.o)
 .debug_aranges
                0x00000470       0x20 e:/complier-new/bin/bin/../../lib/gcc/pic32c/8.3.1/../../../../pic32c/lib/thumb/v7e-m+dp/hard\libpic32c.a(fstat.o)
 .debug_aranges
                0x00000490       0x20 e:/complier-new/bin/bin/../../lib/gcc/pic32c/8.3.1/../../../../pic32c/lib/thumb/v7e-m+dp/hard\libpic32c.a(isatty.o)
 .debug_aranges
                0x000004b0       0x20 e:/complier-new/bin/bin/../../lib/gcc/pic32c/8.3.1/../../../../pic32c/lib/thumb/v7e-m+dp/hard\libpic32c.a(lseek.o)

.debug_ranges   0x00000000      0x370
 .debug_ranges  0x00000000       0x10 build/default/debug/_ext/60165520/plib_clk.o
 .debug_ranges  0x00000010       0x90 build/default/debug/_ext/60167248/plib_efc.o
 .debug_ranges  0x000000a0       0x28 build/default/debug/_ext/1865468468/plib_nvic.o
 .debug_ranges  0x000000c8       0x50 build/default/debug/_ext/60177924/plib_pio.o
 .debug_ranges  0x00000118       0x60 build/default/debug/_ext/1827571544/plib_systick.o
 .debug_ranges  0x00000178       0x40 build/default/debug/_ext/829342655/plib_tc0.o
 .debug_ranges  0x000001b8       0x60 build/default/debug/_ext/2001315827/plib_usart1.o
 .debug_ranges  0x00000218       0x18 build/default/debug/_ext/163028504/xc32_monitor.o
 .debug_ranges  0x00000230       0x10 build/default/debug/_ext/1171490990/initialization.o
 .debug_ranges  0x00000240       0x10 build/default/debug/_ext/1171490990/interrupts.o
 .debug_ranges  0x00000250       0x38 build/default/debug/_ext/1171490990/exceptions.o
 .debug_ranges  0x00000288       0x18 build/default/debug/_ext/1171490990/startup_xc32.o
 .debug_ranges  0x000002a0       0x10 build/default/debug/_ext/1360937237/main.o
 .debug_ranges  0x000002b0       0x10 e:/complier-new/bin/bin/../../lib/gcc/pic32c/8.3.1/../../../../pic32c/lib/thumb/v7e-m+dp/hard\libpic32c.a(data_init.o)
 .debug_ranges  0x000002c0       0x10 e:/complier-new/bin/bin/../../lib/gcc/pic32c/8.3.1/../../../../pic32c/lib/thumb/v7e-m+dp/hard\libpic32c.a(_close.o)
 .debug_ranges  0x000002d0       0x10 e:/complier-new/bin/bin/../../lib/gcc/pic32c/8.3.1/../../../../pic32c/lib/thumb/v7e-m+dp/hard\libpic32c.a(_fstat.o)
 .debug_ranges  0x000002e0       0x10 e:/complier-new/bin/bin/../../lib/gcc/pic32c/8.3.1/../../../../pic32c/lib/thumb/v7e-m+dp/hard\libpic32c.a(_isatty.o)
 .debug_ranges  0x000002f0       0x10 e:/complier-new/bin/bin/../../lib/gcc/pic32c/8.3.1/../../../../pic32c/lib/thumb/v7e-m+dp/hard\libpic32c.a(_lseek.o)
 .debug_ranges  0x00000300       0x10 e:/complier-new/bin/bin/../../lib/gcc/pic32c/8.3.1/../../../../pic32c/lib/thumb/v7e-m+dp/hard\libpic32c.a(_read.o)
 .debug_ranges  0x00000310       0x10 e:/complier-new/bin/bin/../../lib/gcc/pic32c/8.3.1/../../../../pic32c/lib/thumb/v7e-m+dp/hard\libpic32c.a(sbrk.o)
 .debug_ranges  0x00000320       0x10 e:/complier-new/bin/bin/../../lib/gcc/pic32c/8.3.1/../../../../pic32c/lib/thumb/v7e-m+dp/hard\libpic32c.a(_write.o)
 .debug_ranges  0x00000330       0x10 e:/complier-new/bin/bin/../../lib/gcc/pic32c/8.3.1/../../../../pic32c/lib/thumb/v7e-m+dp/hard\libpic32c.a(close.o)
 .debug_ranges  0x00000340       0x10 e:/complier-new/bin/bin/../../lib/gcc/pic32c/8.3.1/../../../../pic32c/lib/thumb/v7e-m+dp/hard\libpic32c.a(fstat.o)
 .debug_ranges  0x00000350       0x10 e:/complier-new/bin/bin/../../lib/gcc/pic32c/8.3.1/../../../../pic32c/lib/thumb/v7e-m+dp/hard\libpic32c.a(isatty.o)
 .debug_ranges  0x00000360       0x10 e:/complier-new/bin/bin/../../lib/gcc/pic32c/8.3.1/../../../../pic32c/lib/thumb/v7e-m+dp/hard\libpic32c.a(lseek.o)

.debug_line     0x00000000     0x2e4a
 .debug_line    0x00000000      0x1cd build/default/debug/_ext/60165520/plib_clk.o
 .debug_line    0x000001cd      0x4a2 build/default/debug/_ext/60167248/plib_efc.o
 .debug_line    0x0000066f      0x283 build/default/debug/_ext/1865468468/plib_nvic.o
 .debug_line    0x000008f2      0x3dd build/default/debug/_ext/60177924/plib_pio.o
 .debug_line    0x00000ccf      0x32a build/default/debug/_ext/1827571544/plib_systick.o
 .debug_line    0x00000ff9      0x203 build/default/debug/_ext/829342655/plib_tc0.o
 .debug_line    0x000011fc      0x4a6 build/default/debug/_ext/2001315827/plib_usart1.o
 .debug_line    0x000016a2      0x1f4 build/default/debug/_ext/163028504/xc32_monitor.o
 .debug_line    0x00001896      0x36a build/default/debug/_ext/1171490990/initialization.o
 .debug_line    0x00001c00      0x167 build/default/debug/_ext/1171490990/interrupts.o
 .debug_line    0x00001d67      0x1c5 build/default/debug/_ext/1171490990/exceptions.o
 .debug_line    0x00001f2c      0x45a build/default/debug/_ext/1171490990/startup_xc32.o
 .debug_line    0x00002386      0x266 build/default/debug/_ext/1360937237/main.o
 .debug_line    0x000025ec      0x110 e:/complier-new/bin/bin/../../lib/gcc/pic32c/8.3.1/../../../../pic32c/lib/thumb/v7e-m+dp/hard\libpic32c.a(data_init.o)
 .debug_line    0x000026fc       0x9f e:/complier-new/bin/bin/../../lib/gcc/pic32c/8.3.1/../../../../pic32c/lib/thumb/v7e-m+dp/hard\libpic32c.a(_close.o)
 .debug_line    0x0000279b       0x9f e:/complier-new/bin/bin/../../lib/gcc/pic32c/8.3.1/../../../../pic32c/lib/thumb/v7e-m+dp/hard\libpic32c.a(_fstat.o)
 .debug_line    0x0000283a       0xa0 e:/complier-new/bin/bin/../../lib/gcc/pic32c/8.3.1/../../../../pic32c/lib/thumb/v7e-m+dp/hard\libpic32c.a(_isatty.o)
 .debug_line    0x000028da       0x9f e:/complier-new/bin/bin/../../lib/gcc/pic32c/8.3.1/../../../../pic32c/lib/thumb/v7e-m+dp/hard\libpic32c.a(_lseek.o)
 .debug_line    0x00002979       0x9e e:/complier-new/bin/bin/../../lib/gcc/pic32c/8.3.1/../../../../pic32c/lib/thumb/v7e-m+dp/hard\libpic32c.a(_read.o)
 .debug_line    0x00002a17       0xb5 e:/complier-new/bin/bin/../../lib/gcc/pic32c/8.3.1/../../../../pic32c/lib/thumb/v7e-m+dp/hard\libpic32c.a(sbrk.o)
 .debug_line    0x00002acc       0x9f e:/complier-new/bin/bin/../../lib/gcc/pic32c/8.3.1/../../../../pic32c/lib/thumb/v7e-m+dp/hard\libpic32c.a(_write.o)
 .debug_line    0x00002b6b       0x9e e:/complier-new/bin/bin/../../lib/gcc/pic32c/8.3.1/../../../../pic32c/lib/thumb/v7e-m+dp/hard\libpic32c.a(close.o)
 .debug_line    0x00002c09      0x106 e:/complier-new/bin/bin/../../lib/gcc/pic32c/8.3.1/../../../../pic32c/lib/thumb/v7e-m+dp/hard\libpic32c.a(fstat.o)
 .debug_line    0x00002d0f       0x9d e:/complier-new/bin/bin/../../lib/gcc/pic32c/8.3.1/../../../../pic32c/lib/thumb/v7e-m+dp/hard\libpic32c.a(isatty.o)
 .debug_line    0x00002dac       0x9e e:/complier-new/bin/bin/../../lib/gcc/pic32c/8.3.1/../../../../pic32c/lib/thumb/v7e-m+dp/hard\libpic32c.a(lseek.o)

.debug_str      0x00000000      0x285
 .debug_str     0x00000000        0x0 build/default/debug/_ext/60165520/plib_clk.o
 .debug_str     0x00000000       0x22 build/default/debug/_ext/60167248/plib_efc.o
 .debug_str     0x00000022        0x0 build/default/debug/_ext/1865468468/plib_nvic.o
 .debug_str     0x00000022       0x46 build/default/debug/_ext/60177924/plib_pio.o
 .debug_str     0x00000068       0x3c build/default/debug/_ext/1827571544/plib_systick.o
 .debug_str     0x000000a4        0xa build/default/debug/_ext/829342655/plib_tc0.o
 .debug_str     0x000000ae       0x15 build/default/debug/_ext/2001315827/plib_usart1.o
 .debug_str     0x000000c3       0x27 build/default/debug/_ext/163028504/xc32_monitor.o
 .debug_str     0x000000ea       0x91 build/default/debug/_ext/1171490990/initialization.o
 .debug_str     0x0000017b        0xe build/default/debug/_ext/1171490990/interrupts.o
 .debug_str     0x00000189        0xe build/default/debug/_ext/1171490990/exceptions.o
 .debug_str     0x00000197       0x2f build/default/debug/_ext/1171490990/startup_xc32.o
 .debug_str     0x000001c6       0xbf build/default/debug/_ext/1360937237/main.o
 .debug_str     0x00000285        0x0 e:/complier-new/bin/bin/../../lib/gcc/pic32c/8.3.1/../../../../pic32c/lib/thumb/v7e-m+dp/hard\libpic32c.a(data_init.o)
 .debug_str     0x00000285        0x0 e:/complier-new/bin/bin/../../lib/gcc/pic32c/8.3.1/../../../../pic32c/lib/thumb/v7e-m+dp/hard\libpic32c.a(_close.o)
 .debug_str     0x00000285        0x0 e:/complier-new/bin/bin/../../lib/gcc/pic32c/8.3.1/../../../../pic32c/lib/thumb/v7e-m+dp/hard\libpic32c.a(_fstat.o)
 .debug_str     0x00000285        0x0 e:/complier-new/bin/bin/../../lib/gcc/pic32c/8.3.1/../../../../pic32c/lib/thumb/v7e-m+dp/hard\libpic32c.a(_isatty.o)
 .debug_str     0x00000285        0x0 e:/complier-new/bin/bin/../../lib/gcc/pic32c/8.3.1/../../../../pic32c/lib/thumb/v7e-m+dp/hard\libpic32c.a(_lseek.o)
 .debug_str     0x00000285        0x0 e:/complier-new/bin/bin/../../lib/gcc/pic32c/8.3.1/../../../../pic32c/lib/thumb/v7e-m+dp/hard\libpic32c.a(_read.o)
 .debug_str     0x00000285        0x0 e:/complier-new/bin/bin/../../lib/gcc/pic32c/8.3.1/../../../../pic32c/lib/thumb/v7e-m+dp/hard\libpic32c.a(sbrk.o)
 .debug_str     0x00000285        0x0 e:/complier-new/bin/bin/../../lib/gcc/pic32c/8.3.1/../../../../pic32c/lib/thumb/v7e-m+dp/hard\libpic32c.a(_write.o)
 .debug_str     0x00000285        0x0 e:/complier-new/bin/bin/../../lib/gcc/pic32c/8.3.1/../../../../pic32c/lib/thumb/v7e-m+dp/hard\libpic32c.a(close.o)
 .debug_str     0x00000285        0x0 e:/complier-new/bin/bin/../../lib/gcc/pic32c/8.3.1/../../../../pic32c/lib/thumb/v7e-m+dp/hard\libpic32c.a(fstat.o)
 .debug_str     0x00000285        0x0 e:/complier-new/bin/bin/../../lib/gcc/pic32c/8.3.1/../../../../pic32c/lib/thumb/v7e-m+dp/hard\libpic32c.a(isatty.o)
 .debug_str     0x00000285        0x0 e:/complier-new/bin/bin/../../lib/gcc/pic32c/8.3.1/../../../../pic32c/lib/thumb/v7e-m+dp/hard\libpic32c.a(lseek.o)

.debug_frame    0x00000000      0x784
 .debug_frame   0x00000000       0x20 build/default/debug/_ext/60165520/plib_clk.o
 .debug_frame   0x00000020       0xec build/default/debug/_ext/60167248/plib_efc.o
 .debug_frame   0x0000010c       0x50 build/default/debug/_ext/1865468468/plib_nvic.o
 .debug_frame   0x0000015c       0xa0 build/default/debug/_ext/60177924/plib_pio.o
 .debug_frame   0x000001fc       0xe0 build/default/debug/_ext/1827571544/plib_systick.o
 .debug_frame   0x000002dc       0x80 build/default/debug/_ext/829342655/plib_tc0.o
 .debug_frame   0x0000035c      0x114 build/default/debug/_ext/2001315827/plib_usart1.o
 .debug_frame   0x00000470       0x50 build/default/debug/_ext/163028504/xc32_monitor.o
 .debug_frame   0x000004c0       0x28 build/default/debug/_ext/1171490990/initialization.o
 .debug_frame   0x000004e8       0x20 build/default/debug/_ext/1171490990/interrupts.o
 .debug_frame   0x00000508       0x70 build/default/debug/_ext/1171490990/exceptions.o
 .debug_frame   0x00000578       0x38 build/default/debug/_ext/1171490990/startup_xc32.o
 .debug_frame   0x000005b0       0x3c build/default/debug/_ext/1360937237/main.o
 .debug_frame   0x000005ec       0x38 e:/complier-new/bin/bin/../../lib/gcc/pic32c/8.3.1/../../../../pic32c/lib/thumb/v7e-m+dp/hard\libpic32c.a(data_init.o)
 .debug_frame   0x00000624       0x20 e:/complier-new/bin/bin/../../lib/gcc/pic32c/8.3.1/../../../../pic32c/lib/thumb/v7e-m+dp/hard\libpic32c.a(_close.o)
 .debug_frame   0x00000644       0x20 e:/complier-new/bin/bin/../../lib/gcc/pic32c/8.3.1/../../../../pic32c/lib/thumb/v7e-m+dp/hard\libpic32c.a(_fstat.o)
 .debug_frame   0x00000664       0x20 e:/complier-new/bin/bin/../../lib/gcc/pic32c/8.3.1/../../../../pic32c/lib/thumb/v7e-m+dp/hard\libpic32c.a(_isatty.o)
 .debug_frame   0x00000684       0x20 e:/complier-new/bin/bin/../../lib/gcc/pic32c/8.3.1/../../../../pic32c/lib/thumb/v7e-m+dp/hard\libpic32c.a(_lseek.o)
 .debug_frame   0x000006a4       0x20 e:/complier-new/bin/bin/../../lib/gcc/pic32c/8.3.1/../../../../pic32c/lib/thumb/v7e-m+dp/hard\libpic32c.a(_read.o)
 .debug_frame   0x000006c4       0x20 e:/complier-new/bin/bin/../../lib/gcc/pic32c/8.3.1/../../../../pic32c/lib/thumb/v7e-m+dp/hard\libpic32c.a(sbrk.o)
 .debug_frame   0x000006e4       0x20 e:/complier-new/bin/bin/../../lib/gcc/pic32c/8.3.1/../../../../pic32c/lib/thumb/v7e-m+dp/hard\libpic32c.a(_write.o)
 .debug_frame   0x00000704       0x20 e:/complier-new/bin/bin/../../lib/gcc/pic32c/8.3.1/../../../../pic32c/lib/thumb/v7e-m+dp/hard\libpic32c.a(close.o)
 .debug_frame   0x00000724       0x20 e:/complier-new/bin/bin/../../lib/gcc/pic32c/8.3.1/../../../../pic32c/lib/thumb/v7e-m+dp/hard\libpic32c.a(fstat.o)
 .debug_frame   0x00000744       0x20 e:/complier-new/bin/bin/../../lib/gcc/pic32c/8.3.1/../../../../pic32c/lib/thumb/v7e-m+dp/hard\libpic32c.a(isatty.o)
 .debug_frame   0x00000764       0x20 e:/complier-new/bin/bin/../../lib/gcc/pic32c/8.3.1/../../../../pic32c/lib/thumb/v7e-m+dp/hard\libpic32c.a(lseek.o)

.debug_loc      0x00000000     0x1325
 .debug_loc     0x00000000      0x51b build/default/debug/_ext/60167248/plib_efc.o
 .debug_loc     0x0000051b       0x73 build/default/debug/_ext/1865468468/plib_nvic.o
 .debug_loc     0x0000058e       0x94 build/default/debug/_ext/60177924/plib_pio.o
 .debug_loc     0x00000622      0x2fe build/default/debug/_ext/1827571544/plib_systick.o
 .debug_loc     0x00000920      0x6f7 build/default/debug/_ext/2001315827/plib_usart1.o
 .debug_loc     0x00001017      0x1ac build/default/debug/_ext/163028504/xc32_monitor.o
 .debug_loc     0x000011c3       0x45 build/default/debug/_ext/1171490990/initialization.o
 .debug_loc     0x00001208       0xa7 build/default/debug/_ext/1171490990/startup_xc32.o
 .debug_loc     0x000012af       0x62 build/default/debug/_ext/1360937237/main.o
 .debug_loc     0x00001311       0x14 e:/complier-new/bin/bin/../../lib/gcc/pic32c/8.3.1/../../../../pic32c/lib/thumb/v7e-m+dp/hard\libpic32c.a(data_init.o)

.stack          0x20400498      0x100
 .stack         0x20400498      0x100 stack

.data.__global_locale%1
                0x20400018      0x16c
 .data.__global_locale
                0x20400018      0x16c e:/complier-new/bin/bin/../../lib/gcc/pic32c/8.3.1/../../../../pic32c/lib/thumb/v7e-m+dp/hard\libg_nano.a(lib_a-locale.o)
                0x20400018                __global_locale

.data.impure_data%2
                0x20400184       0x60
 .data.impure_data
                0x20400184       0x60 e:/complier-new/bin/bin/../../lib/gcc/pic32c/8.3.1/../../../../pic32c/lib/thumb/v7e-m+dp/hard\libg_nano.a(lib_a-impure.o)

.bss.__sf_fake_stderr%3
                0x204001e4       0x20
 .bss.__sf_fake_stderr
                0x204001e4       0x20 e:/complier-new/bin/bin/../../lib/gcc/pic32c/8.3.1/../../../../pic32c/lib/thumb/v7e-m+dp/hard\libg_nano.a(lib_a-findfp.o)
                0x204001e4                __sf_fake_stderr

.bss.__sf_fake_stdin%4
                0x20400204       0x20
 .bss.__sf_fake_stdin
                0x20400204       0x20 e:/complier-new/bin/bin/../../lib/gcc/pic32c/8.3.1/../../../../pic32c/lib/thumb/v7e-m+dp/hard\libg_nano.a(lib_a-findfp.o)
                0x20400204                __sf_fake_stdin

.bss.__sf_fake_stdout%5
                0x20400224       0x20
 .bss.__sf_fake_stdout
                0x20400224       0x20 e:/complier-new/bin/bin/../../lib/gcc/pic32c/8.3.1/../../../../pic32c/lib/thumb/v7e-m+dp/hard\libg_nano.a(lib_a-findfp.o)
                0x20400224                __sf_fake_stdout

.bss%6          0x20400244       0x1c
 .bss           0x20400244       0x1c e:/complier-new/bin/bin/../../lib/gcc/pic32c/8.3.1/thumb/v7e-m+dp/hard/crtbegin.o

.bss.cmd.7917%7
                0x20400260        0x4
 .bss.cmd.7917  0x20400260        0x4 build/default/debug/_ext/1171490990/startup_xc32.o

.bss%8          0x20400264        0x4
 .bss           0x20400264        0x4 e:/complier-new/bin/bin/../../lib/gcc/pic32c/8.3.1/../../../../pic32c/lib/thumb/v7e-m+dp/hard\libpic32c.a(data_init.o)

.data._impure_ptr%9
                0x20400268        0x4
 .data._impure_ptr
                0x20400268        0x4 e:/complier-new/bin/bin/../../lib/gcc/pic32c/8.3.1/../../../../pic32c/lib/thumb/v7e-m+dp/hard\libg_nano.a(lib_a-impure.o)
                0x20400268                _impure_ptr

.bss.__malloc_free_list%10
                0x2040026c        0x4
 .bss.__malloc_free_list
                0x2040026c        0x4 e:/complier-new/bin/bin/../../lib/gcc/pic32c/8.3.1/../../../../pic32c/lib/thumb/v7e-m+dp/hard\libg_nano.a(lib_a-nano-mallocr.o)
                0x2040026c                __malloc_free_list

.bss.__malloc_sbrk_start%11
                0x20400270        0x4
 .bss.__malloc_sbrk_start
                0x20400270        0x4 e:/complier-new/bin/bin/../../lib/gcc/pic32c/8.3.1/../../../../pic32c/lib/thumb/v7e-m+dp/hard\libg_nano.a(lib_a-nano-mallocr.o)
                0x20400270                __malloc_sbrk_start

.bss%12         0x20400274        0x4
 .bss           0x20400274        0x4 e:/complier-new/bin/bin/../../lib/gcc/pic32c/8.3.1/../../../../pic32c/lib/thumb/v7e-m+dp/hard\libpic32c.a(sbrk.o)

.eh_frame%z1    0x00000000        0x0
 .eh_frame      0x00000000        0x0 e:/complier-new/bin/bin/../../lib/gcc/pic32c/8.3.1/thumb/v7e-m+dp/hard/crtbegin.o

.config_D0000000%13
                0xd0000000        0x4
 .config_D0000000
                0xd0000000        0x4 build/default/debug/_ext/1171490990/initialization.o
                0xd0000000                __config_D0000000

.text._dtoa_r%14
                0x00400188      0xa68
 .text._dtoa_r  0x00400188      0xa68 e:/complier-new/bin/bin/../../lib/gcc/pic32c/8.3.1/../../../../pic32c/lib/thumb/v7e-m+dp/hard\libg_nano.a(lib_a-dtoa.o)
                0x00400188                _dtoa_r

.text.__printf_float%15
                0x00400bf0      0x510
 .text.__printf_float
                0x00400bf0      0x510 e:/complier-new/bin/bin/../../lib/gcc/pic32c/8.3.1/../../../../pic32c/lib/thumb/v7e-m+dp/hard\libg_nano.a(_lib_a-nano-vfprintf.fFgG.o)
                0x00400bf0                _printf_float

.dinit%16       0x00401100      0x280
 .dinit         0x00401100      0x280 data_init

.text._vfprintf_r_fFgG%17
                0x00401380      0x268
 .text._vfprintf_r_fFgG
                0x00401380      0x268 e:/complier-new/bin/bin/../../lib/gcc/pic32c/8.3.1/../../../../pic32c/lib/thumb/v7e-m+dp/hard\libg_nano.a(_lib_a-nano-vfprintf.fFgG.o)
                0x00401380                _vfprintf_r_fFgG

.text.Reset_Handler%18
                0x004015e8      0x178
 .text.Reset_Handler
                0x004015e8      0x178 build/default/debug/_ext/1171490990/startup_xc32.o
                0x004015e8                Reset_Handler

.text.setvbuf%19
                0x00401760      0x158
 .text.setvbuf  0x00401760      0x158 e:/complier-new/bin/bin/../../lib/gcc/pic32c/8.3.1/../../../../pic32c/lib/thumb/v7e-m+dp/hard\libg_nano.a(lib_a-setvbuf.o)
                0x00401760                setvbuf

.text.__multiply%20
                0x004018b8      0x130
 .text.__multiply
                0x004018b8      0x130 e:/complier-new/bin/bin/../../lib/gcc/pic32c/8.3.1/../../../../pic32c/lib/thumb/v7e-m+dp/hard\libg_nano.a(lib_a-mprec.o)
                0x004018b8                __multiply

.text.quorem%21
                0x004019e8      0x12e
 .text.quorem   0x004019e8      0x12e e:/complier-new/bin/bin/../../lib/gcc/pic32c/8.3.1/../../../../pic32c/lib/thumb/v7e-m+dp/hard\libg_nano.a(lib_a-dtoa.o)

.text.__sflush_r%22
                0x00401b18      0x10c
 .text.__sflush_r
                0x00401b18      0x10c e:/complier-new/bin/bin/../../lib/gcc/pic32c/8.3.1/../../../../pic32c/lib/thumb/v7e-m+dp/hard\libg_nano.a(lib_a-fflush.o)
                0x00401b18                __sflush_r

.rodata._ctype_%23
                0x00401c24      0x101
 .rodata._ctype_
                0x00401c24      0x101 e:/complier-new/bin/bin/../../lib/gcc/pic32c/8.3.1/../../../../pic32c/lib/thumb/v7e-m+dp/hard\libg_nano.a(lib_a-ctype_.o)
                0x00401c24                _ctype_

.text.main%24   0x00401d28       0xf0
 .text.main     0x00401d28       0xf0 build/default/debug/_ext/1360937237/main.o
                0x00401d28                main

.text._printf_common%25
                0x00401e18       0xea
 .text._printf_common
                0x00401e18       0xea e:/complier-new/bin/bin/../../lib/gcc/pic32c/8.3.1/../../../../pic32c/lib/thumb/v7e-m+dp/hard\libg_nano.a(lib_a-nano-vfprintf_i.o)
                0x00401e18                _printf_common

.text.__swsetup_r%26
                0x00401f04       0xdc
 .text.__swsetup_r
                0x00401f04       0xdc e:/complier-new/bin/bin/../../lib/gcc/pic32c/8.3.1/../../../../pic32c/lib/thumb/v7e-m+dp/hard\libg_nano.a(lib_a-wsetup.o)
                0x00401f04                __swsetup_r

.text.PIO_Initialize%27
                0x00401fe0       0xcc
 .text.PIO_Initialize
                0x00401fe0       0xcc build/default/debug/_ext/60177924/plib_pio.o
                0x00401fe0                PIO_Initialize

.text.__mdiff%28
                0x004020ac       0xc8
 .text.__mdiff  0x004020ac       0xc8 e:/complier-new/bin/bin/../../lib/gcc/pic32c/8.3.1/../../../../pic32c/lib/thumb/v7e-m+dp/hard\libg_nano.a(lib_a-mprec.o)
                0x004020ac                __mdiff

.rodata.__mprec_tens%29
                0x00402178       0xc8
 .rodata.__mprec_tens
                0x00402178       0xc8 e:/complier-new/bin/bin/../../lib/gcc/pic32c/8.3.1/../../../../pic32c/lib/thumb/v7e-m+dp/hard\libg_nano.a(lib_a-mprec.o)
                0x00402178                __mprec_tens

.text.__swbuf_r%30
                0x00402240       0xbc
 .text.__swbuf_r
                0x00402240       0xbc e:/complier-new/bin/bin/../../lib/gcc/pic32c/8.3.1/../../../../pic32c/lib/thumb/v7e-m+dp/hard\libg_nano.a(lib_a-wbuf.o)
                0x00402240                __swbuf_r

.text._malloc_r%31
                0x004022fc       0xb4
 .text._malloc_r
                0x004022fc       0xb4 e:/complier-new/bin/bin/../../lib/gcc/pic32c/8.3.1/../../../../pic32c/lib/thumb/v7e-m+dp/hard\libg_nano.a(lib_a-nano-mallocr.o)
                0x004022fc                _malloc_r

.text.__lshift%32
                0x004023b0       0xa6
 .text.__lshift
                0x004023b0       0xa6 e:/complier-new/bin/bin/../../lib/gcc/pic32c/8.3.1/../../../../pic32c/lib/thumb/v7e-m+dp/hard\libg_nano.a(lib_a-mprec.o)
                0x004023b0                __lshift

.text%33        0x00402460       0xa0
 .text          0x00402460       0xa0 e:/complier-new/bin/bin/../../lib/gcc/pic32c/8.3.1/../../../../pic32c/lib/thumb/v7e-m+dp/hard\libg_nano.a(lib_a-memchr.o)
                0x00402460                memchr

.text.__d2b%34  0x00402500       0x9e
 .text.__d2b    0x00402500       0x9e e:/complier-new/bin/bin/../../lib/gcc/pic32c/8.3.1/../../../../pic32c/lib/thumb/v7e-m+dp/hard\libg_nano.a(lib_a-mprec.o)
                0x00402500                __d2b

.text.__pow5mult%35
                0x004025a0       0x9c
 .text.__pow5mult
                0x004025a0       0x9c e:/complier-new/bin/bin/../../lib/gcc/pic32c/8.3.1/../../../../pic32c/lib/thumb/v7e-m+dp/hard\libg_nano.a(lib_a-mprec.o)
                0x004025a0                __pow5mult

.text._free_r%36
                0x0040263c       0x9c
 .text._free_r  0x0040263c       0x9c e:/complier-new/bin/bin/../../lib/gcc/pic32c/8.3.1/../../../../pic32c/lib/thumb/v7e-m+dp/hard\libg_nano.a(lib_a-nano-freer.o)
                0x0040263c                _free_r

.text.__smakebuf_r%37
                0x004026d8       0x8c
 .text.__smakebuf_r
                0x004026d8       0x8c e:/complier-new/bin/bin/../../lib/gcc/pic32c/8.3.1/../../../../pic32c/lib/thumb/v7e-m+dp/hard\libg_nano.a(lib_a-makebuf.o)
                0x004026d8                __smakebuf_r

.text.__pic32c_data_initialization%38
                0x00402764       0x88
 .text.__pic32c_data_initialization
                0x00402764       0x88 e:/complier-new/bin/bin/../../lib/gcc/pic32c/8.3.1/../../../../pic32c/lib/thumb/v7e-m+dp/hard\libpic32c.a(data_init.o)
                0x00402764                __pic32c_data_initialization

.text.__fputwc%39
                0x004027ec       0x82
 .text.__fputwc
                0x004027ec       0x82 e:/complier-new/bin/bin/../../lib/gcc/pic32c/8.3.1/../../../../pic32c/lib/thumb/v7e-m+dp/hard\libg_nano.a(lib_a-fputwc.o)
                0x004027ec                __fputwc

.text.__multadd%40
                0x0040286e       0x7e
 .text.__multadd
                0x0040286e       0x7e e:/complier-new/bin/bin/../../lib/gcc/pic32c/8.3.1/../../../../pic32c/lib/thumb/v7e-m+dp/hard\libg_nano.a(lib_a-mprec.o)
                0x0040286e                __multadd

.text.__sfp%41  0x004028ec       0x78
 .text.__sfp    0x004028ec       0x78 e:/complier-new/bin/bin/../../lib/gcc/pic32c/8.3.1/../../../../pic32c/lib/thumb/v7e-m+dp/hard\libg_nano.a(lib_a-findfp.o)
                0x004028ec                __sfp

.text.CLOCK_Initialize%42
                0x00402964       0x68
 .text.CLOCK_Initialize
                0x00402964       0x68 build/default/debug/_ext/60165520/plib_clk.o
                0x00402964                CLOCK_Initialize

.text._Balloc%43
                0x004029cc       0x68
 .text._Balloc  0x004029cc       0x68 e:/complier-new/bin/bin/../../lib/gcc/pic32c/8.3.1/../../../../pic32c/lib/thumb/v7e-m+dp/hard\libg_nano.a(lib_a-mprec.o)
                0x004029cc                _Balloc

.text.__sinit%44
                0x00402a34       0x60
 .text.__sinit  0x00402a34       0x60 e:/complier-new/bin/bin/../../lib/gcc/pic32c/8.3.1/../../../../pic32c/lib/thumb/v7e-m+dp/hard\libg_nano.a(lib_a-findfp.o)
                0x00402a34                __sinit

.text.__lo0bits%45
                0x00402a94       0x60
 .text.__lo0bits
                0x00402a94       0x60 e:/complier-new/bin/bin/../../lib/gcc/pic32c/8.3.1/../../../../pic32c/lib/thumb/v7e-m+dp/hard\libg_nano.a(lib_a-mprec.o)
                0x00402a94                __lo0bits

.text.USART1_Read%46
                0x00402af4       0x58
 .text.USART1_Read
                0x00402af4       0x58 build/default/debug/_ext/2001315827/plib_usart1.o
                0x00402af4                USART1_Read

.text._fflush_r%47
                0x00402b4c       0x54
 .text._fflush_r
                0x00402b4c       0x54 e:/complier-new/bin/bin/../../lib/gcc/pic32c/8.3.1/../../../../pic32c/lib/thumb/v7e-m+dp/hard\libg_nano.a(lib_a-fflush.o)
                0x00402b4c                _fflush_r

.text.USART1_Write%48
                0x00402ba0       0x4c
 .text.USART1_Write
                0x00402ba0       0x4c build/default/debug/_ext/2001315827/plib_usart1.o
                0x00402ba0                USART1_Write

.text.SYS_Initialize%49
                0x00402bec       0x4c
 .text.SYS_Initialize
                0x00402bec       0x4c build/default/debug/_ext/1171490990/initialization.o
                0x00402bec                SYS_Initialize

.text.__ssfputs_r%50
                0x00402c38       0x4a
 .text.__ssfputs_r
                0x00402c38       0x4a e:/complier-new/bin/bin/../../lib/gcc/pic32c/8.3.1/../../../../pic32c/lib/thumb/v7e-m+dp/hard\libg_nano.a(lib_a-__ssfputs.o)
                0x00402c38                __ssfputs_r

.text.__libc_init_array%51
                0x00402c84       0x48
 .text.__libc_init_array
                0x00402c84       0x48 e:/complier-new/bin/bin/../../lib/gcc/pic32c/8.3.1/../../../../pic32c/lib/thumb/v7e-m+dp/hard\libg_nano.a(lib_a-init.o)
                0x00402c84                __libc_init_array

.text.std%52    0x00402ccc       0x48
 .text.std      0x00402ccc       0x48 e:/complier-new/bin/bin/../../lib/gcc/pic32c/8.3.1/../../../../pic32c/lib/thumb/v7e-m+dp/hard\libg_nano.a(lib_a-findfp.o)

.text.__swhatbuf_r%53
                0x00402d14       0x48
 .text.__swhatbuf_r
                0x00402d14       0x48 e:/complier-new/bin/bin/../../lib/gcc/pic32c/8.3.1/../../../../pic32c/lib/thumb/v7e-m+dp/hard\libg_nano.a(lib_a-makebuf.o)
                0x00402d14                __swhatbuf_r

.text.SYSTICK_DelayMs%54
                0x00402d5c       0x44
 .text.SYSTICK_DelayMs
                0x00402d5c       0x44 build/default/debug/_ext/1827571544/plib_systick.o
                0x00402d5c                SYSTICK_DelayMs

.text%55        0x00402da0       0x40
 .text          0x00402da0       0x40 e:/complier-new/bin/bin/../../lib/gcc/pic32c/8.3.1/thumb/v7e-m+dp/hard/crtbegin.o

.text.__hi0bits%56
                0x00402de0       0x40
 .text.__hi0bits
                0x00402de0       0x40 e:/complier-new/bin/bin/../../lib/gcc/pic32c/8.3.1/../../../../pic32c/lib/thumb/v7e-m+dp/hard\libg_nano.a(lib_a-mprec.o)
                0x00402de0                __hi0bits

.text.NVIC_Initialize%57
                0x00402e20       0x3c
 .text.NVIC_Initialize
                0x00402e20       0x3c build/default/debug/_ext/1865468468/plib_nvic.o
                0x00402e20                NVIC_Initialize

.text._fwalk_reent%58
                0x00402e5c       0x3c
 .text._fwalk_reent
                0x00402e5c       0x3c e:/complier-new/bin/bin/../../lib/gcc/pic32c/8.3.1/../../../../pic32c/lib/thumb/v7e-m+dp/hard\libg_nano.a(lib_a-fwalk.o)
                0x00402e5c                _fwalk_reent

.text.__swrite%59
                0x00402e98       0x38
 .text.__swrite
                0x00402e98       0x38 e:/complier-new/bin/bin/../../lib/gcc/pic32c/8.3.1/../../../../pic32c/lib/thumb/v7e-m+dp/hard\libg_nano.a(lib_a-stdio.o)
                0x00402e98                __swrite

.text.__mcmp%60
                0x00402ed0       0x34
 .text.__mcmp   0x00402ed0       0x34 e:/complier-new/bin/bin/../../lib/gcc/pic32c/8.3.1/../../../../pic32c/lib/thumb/v7e-m+dp/hard\libg_nano.a(lib_a-mprec.o)
                0x00402ed0                __mcmp

.text.__sfputc_r%61
                0x00402f04       0x2e
 .text.__sfputc_r
                0x00402f04       0x2e e:/complier-new/bin/bin/../../lib/gcc/pic32c/8.3.1/../../../../pic32c/lib/thumb/v7e-m+dp/hard\libg_nano.a(lib_a-__ssfputs.o)

.text._Bfree%62
                0x00402f32       0x2e
 .text._Bfree   0x00402f32       0x2e e:/complier-new/bin/bin/../../lib/gcc/pic32c/8.3.1/../../../../pic32c/lib/thumb/v7e-m+dp/hard\libg_nano.a(lib_a-mprec.o)
                0x00402f32                _Bfree

.text.USART1_ErrorClear%63
                0x00402f60       0x2c
 .text.USART1_ErrorClear
                0x00402f60       0x2c build/default/debug/_ext/2001315827/plib_usart1.o

.rodata%64      0x00402f8c       0x2c
 .rodata        0x00402f8c       0x2c build/default/debug/_ext/1360937237/main.o

.text.__sfmoreglue%65
                0x00402fb8       0x2c
 .text.__sfmoreglue
                0x00402fb8       0x2c e:/complier-new/bin/bin/../../lib/gcc/pic32c/8.3.1/../../../../pic32c/lib/thumb/v7e-m+dp/hard\libg_nano.a(lib_a-findfp.o)
                0x00402fb8                __sfmoreglue

.text._wcrtomb_r%66
                0x00402fe4       0x2c
 .text._wcrtomb_r
                0x00402fe4       0x2c e:/complier-new/bin/bin/../../lib/gcc/pic32c/8.3.1/../../../../pic32c/lib/thumb/v7e-m+dp/hard\libg_nano.a(lib_a-wcrtomb.o)
                0x00402fe4                _wcrtomb_r

.text._sbrk%67  0x00403010       0x2c
 .text._sbrk    0x00403010       0x2c e:/complier-new/bin/bin/../../lib/gcc/pic32c/8.3.1/../../../../pic32c/lib/thumb/v7e-m+dp/hard\libpic32c.a(sbrk.o)
                0x00403010                _sbrk

.rodata.__mprec_bigtens%68
                0x00403040       0x28
 .rodata.__mprec_bigtens
                0x00403040       0x28 e:/complier-new/bin/bin/../../lib/gcc/pic32c/8.3.1/../../../../pic32c/lib/thumb/v7e-m+dp/hard\libg_nano.a(lib_a-mprec.o)
                0x00403040                __mprec_bigtens

.text._printf_fFgG%69
                0x00403068       0x24
 .text._printf_fFgG
                0x00403068       0x24 e:/complier-new/bin/bin/../../lib/gcc/pic32c/8.3.1/../../../../pic32c/lib/thumb/v7e-m+dp/hard\libg_nano.a(_lib_a-printf.fFgG.o)
                0x00403068                _printf_fFgG
                0x00403068                __printf_fgG

.text.__ascii_mbtowc%70
                0x0040308c       0x24
 .text.__ascii_mbtowc
                0x0040308c       0x24 e:/complier-new/bin/bin/../../lib/gcc/pic32c/8.3.1/../../../../pic32c/lib/thumb/v7e-m+dp/hard\libg_nano.a(lib_a-mbtowc_r.o)
                0x0040308c                __ascii_mbtowc

.text.__sseek%71
                0x004030b0       0x24
 .text.__sseek  0x004030b0       0x24 e:/complier-new/bin/bin/../../lib/gcc/pic32c/8.3.1/../../../../pic32c/lib/thumb/v7e-m+dp/hard\libg_nano.a(lib_a-stdio.o)
                0x004030b0                __sseek

.text._write_r%72
                0x004030d4       0x24
 .text._write_r
                0x004030d4       0x24 e:/complier-new/bin/bin/../../lib/gcc/pic32c/8.3.1/../../../../pic32c/lib/thumb/v7e-m+dp/hard\libg_nano.a(lib_a-writer.o)
                0x004030d4                _write_r

.text._fstat_r%73
                0x004030f8       0x24
 .text._fstat_r
                0x004030f8       0x24 e:/complier-new/bin/bin/../../lib/gcc/pic32c/8.3.1/../../../../pic32c/lib/thumb/v7e-m+dp/hard\libg_nano.a(lib_a-fstatr.o)
                0x004030f8                _fstat_r

.text._lseek_r%74
                0x0040311c       0x24
 .text._lseek_r
                0x0040311c       0x24 e:/complier-new/bin/bin/../../lib/gcc/pic32c/8.3.1/../../../../pic32c/lib/thumb/v7e-m+dp/hard\libg_nano.a(lib_a-lseekr.o)
                0x0040311c                _lseek_r

.text._read_r%75
                0x00403140       0x24
 .text._read_r  0x00403140       0x24 e:/complier-new/bin/bin/../../lib/gcc/pic32c/8.3.1/../../../../pic32c/lib/thumb/v7e-m+dp/hard\libg_nano.a(lib_a-readr.o)
                0x00403140                _read_r

.rodata%76      0x00403164       0x23
 .rodata        0x00403164       0x23 e:/complier-new/bin/bin/../../lib/gcc/pic32c/8.3.1/../../../../pic32c/lib/thumb/v7e-m+dp/hard\libg_nano.a(_lib_a-nano-vfprintf.fFgG.o)

.text.__sread%77
                0x00403188       0x22
 .text.__sread  0x00403188       0x22 e:/complier-new/bin/bin/../../lib/gcc/pic32c/8.3.1/../../../../pic32c/lib/thumb/v7e-m+dp/hard\libg_nano.a(lib_a-stdio.o)
                0x00403188                __sread

.text._sbrk_r%78
                0x004031ac       0x20
 .text._sbrk_r  0x004031ac       0x20 e:/complier-new/bin/bin/../../lib/gcc/pic32c/8.3.1/../../../../pic32c/lib/thumb/v7e-m+dp/hard\libg_nano.a(lib_a-sbrkr.o)
                0x004031ac                _sbrk_r

.text._close_r%79
                0x004031cc       0x20
 .text._close_r
                0x004031cc       0x20 e:/complier-new/bin/bin/../../lib/gcc/pic32c/8.3.1/../../../../pic32c/lib/thumb/v7e-m+dp/hard\libg_nano.a(lib_a-closer.o)
                0x004031cc                _close_r

.text._isatty_r%80
                0x004031ec       0x20
 .text._isatty_r
                0x004031ec       0x20 e:/complier-new/bin/bin/../../lib/gcc/pic32c/8.3.1/../../../../pic32c/lib/thumb/v7e-m+dp/hard\libg_nano.a(lib_a-isattyr.o)
                0x004031ec                _isatty_r

.text.read%81   0x0040320c       0x1e
 .text.read     0x0040320c       0x1e build/default/debug/_ext/163028504/xc32_monitor.o
                0x0040320c                read

.text.SYSTICK_TimerInitialize%82
                0x0040322c       0x1c
 .text.SYSTICK_TimerInitialize
                0x0040322c       0x1c build/default/debug/_ext/1827571544/plib_systick.o
                0x0040322c                SYSTICK_TimerInitialize

.text.TC0_CH0_CaptureInitialize%83
                0x00403248       0x1c
 .text.TC0_CH0_CaptureInitialize
                0x00403248       0x1c build/default/debug/_ext/829342655/plib_tc0.o
                0x00403248                TC0_CH0_CaptureInitialize

.text.USART1_Initialize%84
                0x00403264       0x1c
 .text.USART1_Initialize
                0x00403264       0x1c build/default/debug/_ext/2001315827/plib_usart1.o
                0x00403264                USART1_Initialize

.text.write%85  0x00403280       0x1c
 .text.write    0x00403280       0x1c build/default/debug/_ext/163028504/xc32_monitor.o
                0x00403280                write

.text.memcpy%86
                0x0040329c       0x1c
 .text.memcpy   0x0040329c       0x1c e:/complier-new/bin/bin/../../lib/gcc/pic32c/8.3.1/../../../../pic32c/lib/thumb/v7e-m+dp/hard\libg_nano.a(lib_a-memcpy-stub.o)
                0x0040329c                memcpy

.text._fputwc_r%87
                0x004032b8       0x1c
 .text._fputwc_r
                0x004032b8       0x1c e:/complier-new/bin/bin/../../lib/gcc/pic32c/8.3.1/../../../../pic32c/lib/thumb/v7e-m+dp/hard\libg_nano.a(lib_a-fputwc.o)
                0x004032b8                _fputwc_r

.text._calloc_r%88
                0x004032d4       0x1c
 .text._calloc_r
                0x004032d4       0x1c e:/complier-new/bin/bin/../../lib/gcc/pic32c/8.3.1/../../../../pic32c/lib/thumb/v7e-m+dp/hard\libg_nano.a(lib_a-nano-callocr.o)
                0x004032d4                _calloc_r

.text.__ascii_wctomb%89
                0x004032f0       0x1a
 .text.__ascii_wctomb
                0x004032f0       0x1a e:/complier-new/bin/bin/../../lib/gcc/pic32c/8.3.1/../../../../pic32c/lib/thumb/v7e-m+dp/hard\libg_nano.a(lib_a-wctomb_r.o)
                0x004032f0                __ascii_wctomb

.text.SYSTICK_TimerStart%90
                0x0040330c       0x14
 .text.SYSTICK_TimerStart
                0x0040330c       0x14 build/default/debug/_ext/1827571544/plib_systick.o
                0x0040330c                SYSTICK_TimerStart

.text._vfprintf_fFgG%91
                0x00403320       0x14
 .text._vfprintf_fFgG
                0x00403320       0x14 e:/complier-new/bin/bin/../../lib/gcc/pic32c/8.3.1/../../../../pic32c/lib/thumb/v7e-m+dp/hard\libg_nano.a(_lib_a-nano-vfprintf.fFgG.o)
                0x00403320                _vfprintf_fFgG

.text.__i2b%92  0x00403334       0x12
 .text.__i2b    0x00403334       0x12 e:/complier-new/bin/bin/../../lib/gcc/pic32c/8.3.1/../../../../pic32c/lib/thumb/v7e-m+dp/hard\libg_nano.a(lib_a-mprec.o)
                0x00403334                __i2b

.text.EFC_Initialize%93
                0x00403348       0x10
 .text.EFC_Initialize
                0x00403348       0x10 build/default/debug/_ext/60167248/plib_efc.o
                0x00403348                EFC_Initialize

.text.TC0_CH0_CaptureStatusGet%94
                0x00403358       0x10
 .text.TC0_CH0_CaptureStatusGet
                0x00403358       0x10 build/default/debug/_ext/829342655/plib_tc0.o
                0x00403358                TC0_CH0_CaptureStatusGet

.text.setbuf%95
                0x00403368       0x10
 .text.setbuf   0x00403368       0x10 e:/complier-new/bin/bin/../../lib/gcc/pic32c/8.3.1/../../../../pic32c/lib/thumb/v7e-m+dp/hard\libg_nano.a(lib_a-setbuf.o)
                0x00403368                setbuf

.text.malloc%96
                0x00403378       0x10
 .text.malloc   0x00403378       0x10 e:/complier-new/bin/bin/../../lib/gcc/pic32c/8.3.1/../../../../pic32c/lib/thumb/v7e-m+dp/hard\libg_nano.a(lib_a-malloc.o)
                0x00403378                malloc

.text.memset%97
                0x00403388       0x10
 .text.memset   0x00403388       0x10 e:/complier-new/bin/bin/../../lib/gcc/pic32c/8.3.1/../../../../pic32c/lib/thumb/v7e-m+dp/hard\libg_nano.a(lib_a-memset.o)
                0x00403388                memset

.text%98        0x00403398       0x10
 .text          0x00403398       0x10 e:/complier-new/bin/bin/../../lib/gcc/pic32c/8.3.1/../../../../pic32c/lib/thumb/v7e-m+dp/hard\libg_nano.a(lib_a-strlen.o)
                0x00403398                strlen

.rodata%99      0x004033a8        0xf
 .rodata        0x004033a8        0xf e:/complier-new/bin/bin/../../lib/gcc/pic32c/8.3.1/../../../../pic32c/lib/thumb/v7e-m+dp/hard\libg_nano.a(lib_a-dtoa.o)

.text.TC0_CH0_CaptureStart%100
                0x004033b8        0xc
 .text.TC0_CH0_CaptureStart
                0x004033b8        0xc build/default/debug/_ext/829342655/plib_tc0.o
                0x004033b8                TC0_CH0_CaptureStart

.text.TC0_CH0_CaptureAGet%101
                0x004033c4        0xc
 .text.TC0_CH0_CaptureAGet
                0x004033c4        0xc build/default/debug/_ext/829342655/plib_tc0.o
                0x004033c4                TC0_CH0_CaptureAGet

.text.TC0_CH0_CaptureBGet%102
                0x004033d0        0xc
 .text.TC0_CH0_CaptureBGet
                0x004033d0        0xc build/default/debug/_ext/829342655/plib_tc0.o
                0x004033d0                TC0_CH0_CaptureBGet

.text._cleanup_r%103
                0x004033dc        0xc
 .text._cleanup_r
                0x004033dc        0xc e:/complier-new/bin/bin/../../lib/gcc/pic32c/8.3.1/../../../../pic32c/lib/thumb/v7e-m+dp/hard\libg_nano.a(lib_a-findfp.o)
                0x004033dc                _cleanup_r

.text.__locale_mb_cur_max%104
                0x004033e8        0xc
 .text.__locale_mb_cur_max
                0x004033e8        0xc e:/complier-new/bin/bin/../../lib/gcc/pic32c/8.3.1/../../../../pic32c/lib/thumb/v7e-m+dp/hard\libg_nano.a(lib_a-locale.o)
                0x004033e8                __locale_mb_cur_max

.rodata.p05.7453%105
                0x004033f4        0xc
 .rodata.p05.7453
                0x004033f4        0xc e:/complier-new/bin/bin/../../lib/gcc/pic32c/8.3.1/../../../../pic32c/lib/thumb/v7e-m+dp/hard\libg_nano.a(lib_a-mprec.o)

.text.fstat%106
                0x00403400        0xc
 .text.fstat    0x00403400        0xc e:/complier-new/bin/bin/../../lib/gcc/pic32c/8.3.1/../../../../pic32c/lib/thumb/v7e-m+dp/hard\libpic32c.a(fstat.o)
                0x00403400                fstat

.rodata%107     0x0040340c        0xb
 .rodata        0x0040340c        0xb e:/complier-new/bin/bin/../../lib/gcc/pic32c/8.3.1/../../../../pic32c/lib/thumb/v7e-m+dp/hard\libg_nano.a(lib_a-locale.o)

.text.TC0_CH0_CaptureFrequencyGet%108
                0x00402458        0x8
 .text.TC0_CH0_CaptureFrequencyGet
                0x00402458        0x8 build/default/debug/_ext/829342655/plib_tc0.o
                0x00402458                TC0_CH0_CaptureFrequencyGet

.text._localeconv_r%109
                0x00403418        0x8
 .text._localeconv_r
                0x00403418        0x8 e:/complier-new/bin/bin/../../lib/gcc/pic32c/8.3.1/../../../../pic32c/lib/thumb/v7e-m+dp/hard\libg_nano.a(lib_a-localeconv.o)
                0x00403418                _localeconv_r

.text.__sclose%110
                0x00403420        0x8
 .text.__sclose
                0x00403420        0x8 e:/complier-new/bin/bin/../../lib/gcc/pic32c/8.3.1/../../../../pic32c/lib/thumb/v7e-m+dp/hard\libg_nano.a(lib_a-stdio.o)
                0x00403420                __sclose

.text.close%111
                0x00403428        0x8
 .text.close    0x00403428        0x8 e:/complier-new/bin/bin/../../lib/gcc/pic32c/8.3.1/../../../../pic32c/lib/thumb/v7e-m+dp/hard\libpic32c.a(close.o)
                0x00403428                close

.text.Dummy_Handler%112
                0x00402174        0x4
 .text.Dummy_Handler
                0x00402174        0x4 build/default/debug/_ext/1171490990/interrupts.o
                0x00402174                DACC_Handler
                0x00402174                SVCall_Handler
                0x00402174                TC0_CH2_Handler
                0x00402174                TC3_CH1_Handler
                0x00402174                UART3_Handler
                0x00402174                UART2_Handler
                0x00402174                TRNG_Handler
                0x00402174                SysTick_Handler
                0x00402174                AFEC1_Handler
                0x00402174                PendSV_Handler
                0x00402174                TC0_CH1_Handler
                0x00402174                QSPI_Handler
                0x00402174                ISI_Handler
                0x00402174                MCAN0_INT0_Handler
                0x00402174                RSWDT_Handler
                0x00402174                USART0_Handler
                0x00402174                TC1_CH2_Handler
                0x00402174                RTT_Handler
                0x00402174                USBHS_Handler
                0x00402174                IXC_Handler
                0x00402174                CCF_Handler
                0x00402174                PIOB_Handler
                0x00402174                RTC_Handler
                0x00402174                WDT_Handler
                0x00402174                MCAN1_INT1_Handler
                0x00402174                HSMCI_Handler
                0x00402174                UART1_Handler
                0x00402174                Dummy_Handler
                0x00402174                TWIHS1_Handler
                0x00402174                TC3_CH2_Handler
                0x00402174                XDMAC_Handler
                0x00402174                UART4_Handler
                0x00402174                TC2_CH0_Handler
                0x00402174                PWM1_Handler
                0x00402174                USART1_Handler
                0x00402174                PWM0_Handler
                0x00402174                PIOA_Handler
                0x00402174                AFEC0_Handler
                0x00402174                CCW_Handler
                0x00402174                TC3_CH0_Handler
                0x00402174                SSC_Handler
                0x00402174                TC1_CH0_Handler
                0x00402174                ACC_Handler
                0x00402174                PMC_Handler
                0x00402174                GMAC_Handler
                0x00402174                TC2_CH2_Handler
                0x00402174                MCAN0_INT1_Handler
                0x00402174                GMAC_Q5_Handler
                0x00402174                SUPC_Handler
                0x00402174                TC2_CH1_Handler
                0x00402174                MCAN1_INT0_Handler
                0x00402174                EFC_Handler
                0x00402174                GMAC_Q1_Handler
                0x00402174                USART2_Handler
                0x00402174                GMAC_Q2_Handler
                0x00402174                PIOE_Handler
                0x00402174                SPI1_Handler
                0x00402174                TC1_CH1_Handler
                0x00402174                GMAC_Q3_Handler
                0x00402174                PIOD_Handler
                0x00402174                TWIHS2_Handler
                0x00402174                I2SC0_Handler
                0x00402174                UART0_Handler
                0x00402174                I2SC1_Handler
                0x00402174                TC0_CH0_Handler
                0x00402174                PIOC_Handler
                0x00402174                GMAC_Q4_Handler
                0x00402174                FPU_Handler
                0x00402174                RSTC_Handler
                0x00402174                ICM_Handler
                0x00402174                AES_Handler
                0x00402174                TWIHS0_Handler
                0x00402174                SPI0_Handler

.text.NonMaskableInt_Handler%113
                0x0040303c        0x4
 .text.NonMaskableInt_Handler
                0x0040303c        0x4 build/default/debug/_ext/1171490990/exceptions.o
                0x0040303c                NonMaskableInt_Handler

.text.HardFault_Handler%114
                0x00403430        0x4
 .text.HardFault_Handler
                0x00403430        0x4 build/default/debug/_ext/1171490990/exceptions.o
                0x00403430                HardFault_Handler

.text.DebugMonitor_Handler%115
                0x00403434        0x4
 .text.DebugMonitor_Handler
                0x00403434        0x4 build/default/debug/_ext/1171490990/exceptions.o
                0x00403434                DebugMonitor_Handler

.text.MemoryManagement_Handler%116
                0x00403438        0x4
 .text.MemoryManagement_Handler
                0x00403438        0x4 build/default/debug/_ext/1171490990/exceptions.o
                0x00403438                MemoryManagement_Handler

.text.BusFault_Handler%117
                0x0040343c        0x4
 .text.BusFault_Handler
                0x0040343c        0x4 build/default/debug/_ext/1171490990/exceptions.o
                0x0040343c                BusFault_Handler

.text.UsageFault_Handler%118
                0x00403440        0x4
 .text.UsageFault_Handler
                0x00403440        0x4 build/default/debug/_ext/1171490990/exceptions.o
                0x00403440                UsageFault_Handler

.rodata._global_impure_ptr%119
                0x00403444        0x4
 .rodata._global_impure_ptr
                0x00403444        0x4 e:/complier-new/bin/bin/../../lib/gcc/pic32c/8.3.1/../../../../pic32c/lib/thumb/v7e-m+dp/hard\libg_nano.a(lib_a-impure.o)
                0x00403444                _global_impure_ptr

.text._close%120
                0x00403448        0x4
 .text._close   0x00403448        0x4 e:/complier-new/bin/bin/../../lib/gcc/pic32c/8.3.1/../../../../pic32c/lib/thumb/v7e-m+dp/hard\libpic32c.a(_close.o)
                0x00403448                _close

.text._fstat%121
                0x0040344c        0x4
 .text._fstat   0x0040344c        0x4 e:/complier-new/bin/bin/../../lib/gcc/pic32c/8.3.1/../../../../pic32c/lib/thumb/v7e-m+dp/hard\libpic32c.a(_fstat.o)
                0x0040344c                _fstat

.text._isatty%122
                0x00403450        0x4
 .text._isatty  0x00403450        0x4 e:/complier-new/bin/bin/../../lib/gcc/pic32c/8.3.1/../../../../pic32c/lib/thumb/v7e-m+dp/hard\libpic32c.a(_isatty.o)
                0x00403450                _isatty

.text._lseek%123
                0x00403454        0x4
 .text._lseek   0x00403454        0x4 e:/complier-new/bin/bin/../../lib/gcc/pic32c/8.3.1/../../../../pic32c/lib/thumb/v7e-m+dp/hard\libpic32c.a(_lseek.o)
                0x00403454                _lseek

.text._read%124
                0x00403458        0x4
 .text._read    0x00403458        0x4 e:/complier-new/bin/bin/../../lib/gcc/pic32c/8.3.1/../../../../pic32c/lib/thumb/v7e-m+dp/hard\libpic32c.a(_read.o)
                0x00403458                _read

.text._write%125
                0x0040345c        0x4
 .text._write   0x0040345c        0x4 e:/complier-new/bin/bin/../../lib/gcc/pic32c/8.3.1/../../../../pic32c/lib/thumb/v7e-m+dp/hard\libpic32c.a(_write.o)
                0x0040345c                _write

.text.isatty%126
                0x00403460        0x4
 .text.isatty   0x00403460        0x4 e:/complier-new/bin/bin/../../lib/gcc/pic32c/8.3.1/../../../../pic32c/lib/thumb/v7e-m+dp/hard\libpic32c.a(isatty.o)
                0x00403460                isatty

.text.lseek%127
                0x00403464        0x4
 .text.lseek    0x00403464        0x4 e:/complier-new/bin/bin/../../lib/gcc/pic32c/8.3.1/../../../../pic32c/lib/thumb/v7e-m+dp/hard\libpic32c.a(lseek.o)
                0x00403464                lseek

.text.Dummy_App_Func%128
                0x00401b16        0x2
 .text.Dummy_App_Func
                0x00401b16        0x2 build/default/debug/_ext/1171490990/startup_xc32.o
                0x00401b16                _on_reset
                0x00401b16                _on_bootstrap
                0x00401b16                __xc32_on_reset
                0x00401b16                Dummy_App_Func
                0x00401b16                __xc32_on_bootstrap

.text.__malloc_lock%129
                0x00401f02        0x2
 .text.__malloc_lock
                0x00401f02        0x2 e:/complier-new/bin/bin/../../lib/gcc/pic32c/8.3.1/../../../../pic32c/lib/thumb/v7e-m+dp/hard\libg_nano.a(lib_a-mlock.o)
                0x00401f02                __malloc_lock

.text.__malloc_unlock%130
                0x0040259e        0x2
 .text.__malloc_unlock
                0x0040259e        0x2 e:/complier-new/bin/bin/../../lib/gcc/pic32c/8.3.1/../../../../pic32c/lib/thumb/v7e-m+dp/hard\libg_nano.a(lib_a-mlock.o)
                0x0040259e                __malloc_unlock
