Archive member included to satisfy reference by file (symbol)

e:/complier-new/bin/bin/../../lib/gcc/pic32c/8.3.1/../../../../pic32c/lib/thumb/v7e-m+dp/hard\libpic32c.a(data_init.o)
                              build/default/production/_ext/1171490990/startup_xc32.o (__pic32c_data_initialization)
e:/complier-new/bin/bin/../../lib/gcc/pic32c/8.3.1/thumb/v7e-m+dp/hard\libgcc.a(_aeabi_uldivmod.o)
                              build/default/production/_ext/101884895/sys_time.o (__aeabi_uldivmod)
e:/complier-new/bin/bin/../../lib/gcc/pic32c/8.3.1/thumb/v7e-m+dp/hard\libgcc.a(_udivmoddi4.o)
                              e:/complier-new/bin/bin/../../lib/gcc/pic32c/8.3.1/thumb/v7e-m+dp/hard\libgcc.a(_aeabi_uldivmod.o) (__udivmoddi4)
e:/complier-new/bin/bin/../../lib/gcc/pic32c/8.3.1/thumb/v7e-m+dp/hard\libgcc.a(_dvmd_tls.o)
                              e:/complier-new/bin/bin/../../lib/gcc/pic32c/8.3.1/thumb/v7e-m+dp/hard\libgcc.a(_aeabi_uldivmod.o) (__aeabi_ldiv0)
e:/complier-new/bin/bin/../../lib/gcc/pic32c/8.3.1/../../../../pic32c/lib/thumb/v7e-m+dp/hard\libc_nano.a(_lib_a-sprintf.cdnopuxX.o)
                              (_sprintf_cdnopuxX)
e:/complier-new/bin/bin/../../lib/gcc/pic32c/8.3.1/../../../../pic32c/lib/thumb/v7e-m+dp/hard\libc_nano.a(lib_a-init.o)
                              build/default/production/_ext/1171490990/startup_xc32.o (__libc_init_array)
e:/complier-new/bin/bin/../../lib/gcc/pic32c/8.3.1/../../../../pic32c/lib/thumb/v7e-m+dp/hard\libc_nano.a(lib_a-malloc.o)
                              build/default/production/_ext/2124829536/sdcard.o (malloc)
e:/complier-new/bin/bin/../../lib/gcc/pic32c/8.3.1/../../../../pic32c/lib/thumb/v7e-m+dp/hard\libc_nano.a(lib_a-memcpy-stub.o)
                              build/default/production/_ext/60167248/plib_efc.o (memcpy)
e:/complier-new/bin/bin/../../lib/gcc/pic32c/8.3.1/../../../../pic32c/lib/thumb/v7e-m+dp/hard\libc_nano.a(lib_a-memmove.o)
                              build/default/production/_ext/1989321110/plib_hsmci.o (memmove)
e:/complier-new/bin/bin/../../lib/gcc/pic32c/8.3.1/../../../../pic32c/lib/thumb/v7e-m+dp/hard\libc_nano.a(lib_a-memset.o)
                              build/default/production/_ext/20954303/drv_sdmmc.o (memset)
e:/complier-new/bin/bin/../../lib/gcc/pic32c/8.3.1/../../../../pic32c/lib/thumb/v7e-m+dp/hard\libc_nano.a(lib_a-nano-freer.o)
                              e:/complier-new/bin/bin/../../lib/gcc/pic32c/8.3.1/../../../../pic32c/lib/thumb/v7e-m+dp/hard\libc_nano.a(lib_a-malloc.o) (_free_r)
e:/complier-new/bin/bin/../../lib/gcc/pic32c/8.3.1/../../../../pic32c/lib/thumb/v7e-m+dp/hard\libc_nano.a(lib_a-nano-mallocr.o)
                              e:/complier-new/bin/bin/../../lib/gcc/pic32c/8.3.1/../../../../pic32c/lib/thumb/v7e-m+dp/hard\libc_nano.a(lib_a-malloc.o) (_malloc_r)
e:/complier-new/bin/bin/../../lib/gcc/pic32c/8.3.1/../../../../pic32c/lib/thumb/v7e-m+dp/hard\libc_nano.a(lib_a-sbrkr.o)
                              e:/complier-new/bin/bin/../../lib/gcc/pic32c/8.3.1/../../../../pic32c/lib/thumb/v7e-m+dp/hard\libc_nano.a(lib_a-nano-mallocr.o) (_sbrk_r)
e:/complier-new/bin/bin/../../lib/gcc/pic32c/8.3.1/../../../../pic32c/lib/thumb/v7e-m+dp/hard\libc_nano.a(lib_a-strcmp.o)
                              build/default/production/_ext/1269487135/sys_fs_media_manager.o (strcmp)
e:/complier-new/bin/bin/../../lib/gcc/pic32c/8.3.1/../../../../pic32c/lib/thumb/v7e-m+dp/hard\libc_nano.a(lib_a-strcpy.o)
                              build/default/production/_ext/1269487135/sys_fs.o (strcpy)
e:/complier-new/bin/bin/../../lib/gcc/pic32c/8.3.1/../../../../pic32c/lib/thumb/v7e-m+dp/hard\libc_nano.a(lib_a-strlen.o)
                              build/default/production/_ext/1269487135/sys_fs.o (strlen)
e:/complier-new/bin/bin/../../lib/gcc/pic32c/8.3.1/../../../../pic32c/lib/thumb/v7e-m+dp/hard\libc_nano.a(lib_a-strncmp.o)
                              build/default/production/_ext/1269487135/sys_fs.o (strncmp)
e:/complier-new/bin/bin/../../lib/gcc/pic32c/8.3.1/../../../../pic32c/lib/thumb/v7e-m+dp/hard\libc_nano.a(_lib_a-nano-vfprintf.cdnopuxX.o)
                              e:/complier-new/bin/bin/../../lib/gcc/pic32c/8.3.1/../../../../pic32c/lib/thumb/v7e-m+dp/hard\libc_nano.a(_lib_a-sprintf.cdnopuxX.o) (_vfprintf_cdnopuxX)
e:/complier-new/bin/bin/../../lib/gcc/pic32c/8.3.1/../../../../pic32c/lib/thumb/v7e-m+dp/hard\libc_nano.a(lib_a-__ssfputs.o)
                              e:/complier-new/bin/bin/../../lib/gcc/pic32c/8.3.1/../../../../pic32c/lib/thumb/v7e-m+dp/hard\libc_nano.a(_lib_a-nano-vfprintf.cdnopuxX.o) (__ssfputs_r)
e:/complier-new/bin/bin/../../lib/gcc/pic32c/8.3.1/../../../../pic32c/lib/thumb/v7e-m+dp/hard\libc_nano.a(lib_a-findfp.o)
                              e:/complier-new/bin/bin/../../lib/gcc/pic32c/8.3.1/../../../../pic32c/lib/thumb/v7e-m+dp/hard\libc_nano.a(_lib_a-nano-vfprintf.cdnopuxX.o) (__sinit)
[...]
Memory Configuration

Name             Origin             Length             Attributes
rom              0x00400000         0x00200000         xrl
ram              0x20400000         0x00060000         xw !r
itcm             0x00000000         0x00000000         xw
dtcm             0x20000000         0x00000000         xw !r
config_D0000000  0xd0000000         0x00000004
config_D0000008  0xd0000008         0x00000004
config_D0000004  0xd0000004         0x00000004
config_D000000C  0xd000000c         0x00000004
config_D0000010  0xd0000010         0x00000004
*default*        0x00000000         0xffffffff

Linker script and memory map

LOAD e:/complier-new/bin/bin/../../lib/gcc/pic32c/8.3.1/thumb/v7e-m+dp/hard/crti.o
LOAD e:/complier-new/bin/bin/../../lib/gcc/pic32c/8.3.1/thumb/v7e-m+dp/hard/crtbegin.o
LOAD build/default/production/_ext/20954303/drv_sdmmc_file_system.o
LOAD build/default/production/_ext/20954303/drv_sdmmc.o
LOAD build/default/production/_ext/1529399856/osal_freertos.o
LOAD build/default/production/_ext/60165520/plib_clk.o
LOAD build/default/production/_ext/60167248/plib_efc.o
LOAD build/default/production/_ext/1989321110/plib_hsmci.o
LOAD build/default/production/_ext/1865468468/plib_nvic.o
LOAD build/default/production/_ext/60177924/plib_pio.o
LOAD build/default/production/_ext/60180192/plib_rtt.o
LOAD build/default/production/_ext/621496242/plib_twihs0_master.o
LOAD build/default/production/_ext/2001315827/plib_usart2.o
LOAD build/default/production/_ext/2001315827/plib_usart1.o
LOAD build/default/production/_ext/2003650513/plib_xdmac.o
LOAD build/default/production/_ext/163028504/xc32_monitor.o
LOAD build/default/production/_ext/1014039709/sys_cache.o
LOAD build/default/production/_ext/411819097/ff.o
LOAD build/default/production/_ext/411819097/ffunicode.o
LOAD build/default/production/_ext/565198302/diskio.o
LOAD build/default/production/_ext/1269487135/sys_fs.o
LOAD build/default/production/_ext/1269487135/sys_fs_media_manager.o
LOAD build/default/production/_ext/1269487135/sys_fs_fat_interface.o
LOAD build/default/production/_ext/1881668453/sys_int.o
LOAD build/default/production/_ext/101884895/sys_time.o
LOAD build/default/production/_ext/1171490990/initialization.o
LOAD build/default/production/_ext/1171490990/interrupts.o
LOAD build/default/production/_ext/1171490990/exceptions.o
LOAD build/default/production/_ext/1171490990/startup_xc32.o
LOAD build/default/production/_ext/1171490990/libc_syscalls.o
LOAD build/default/production/_ext/1171490990/freertos_hooks.o
LOAD build/default/production/_ext/1171490990/tasks.o
LOAD build/default/production/_ext/977623654/port.o
LOAD build/default/production/_ext/1665200909/heap_1.o
LOAD build/default/production/_ext/404212886/croutine.o
LOAD build/default/production/_ext/404212886/list.o
LOAD build/default/production/_ext/404212886/queue.o
LOAD build/default/production/_ext/404212886/FreeRTOS_tasks.o
LOAD build/default/production/_ext/404212886/timers.o
LOAD build/default/production/_ext/404212886/event_groups.o
LOAD build/default/production/_ext/404212886/stream_buffer.o
LOAD build/default/production/_ext/1360937237/app.o
LOAD build/default/production/_ext/2124829536/sdcard.o
LOAD build/default/production/_ext/1360937237/main.o
LOAD build/default/production/_ext/60179596/plib_ram.o
LOAD build/default/production/_ext/1840627368/plib_sdramc.o
LOAD build/default/production/_ext/298189674/plib_spi0_master.o
LOAD build/default/production/_ext/298189674/plib_spi1_master.o
                0x00000001                __MPLAB_BUILD = 0x1
                0x00600000                __rom_end = (ORIGIN (rom) + LENGTH (rom))
                0x20460000                __ram_end = (ORIGIN (ram) + LENGTH (ram))

.config_D0000000
                0xd0000000        0x4
 *(.config_D0000000)
 .config_D0000000
                0xd0000000        0x4 build/default/production/_ext/1171490990/initialization.o
                0xd0000000                __config_D0000000

.config_D0000008
 *(.config_D0000008)

.config_D0000004
 *(.config_D0000004)

.config_D000000C
 *(.config_D000000C)

.config_D0000010
 *(.config_D0000010)

.vectors        0x00400000      0x168
                0x00400000                . = ALIGN (0x4)
                0x00400000                _sfixed = .
 *(.vectors .vectors.* .vectors_default .vectors_default.*)
 .vectors       0x00400000      0x168 build/default/production/_ext/1171490990/interrupts.o
                0x00400000                exception_table
 *(.isr_vector)
 *(.reset*)
 *(.after_vectors)

.text           0x00400168       0x20
                0x00400168                . = ALIGN (0x4)
 *(.glue_7t)
 .glue_7t       0x00400168        0x0 linker stubs
 *(.glue_7)
 .glue_7        0x00400168        0x0 linker stubs
 *(.gnu.linkonce.r.*)
 *(.ARM.extab* .gnu.linkonce.armextab.*)
                0x00400168                . = ALIGN (0x4)
 *(.init)
 .init          0x00400168        0x4 e:/complier-new/bin/bin/../../lib/gcc/pic32c/8.3.1/thumb/v7e-m+dp/hard/crti.o
                0x00400168                _init
 .init          0x0040016c        0x8 e:/complier-new/bin/bin/../../lib/gcc/pic32c/8.3.1/thumb/v7e-m+dp/hard/crtn.o
                0x00400174                . = ALIGN (0x4)
                0x00400174                __preinit_array_start = .
 *(.preinit_array)
                0x00400174                __preinit_array_end = .
                0x00400174                . = ALIGN (0x4)
                0x00400174                __init_array_start = .
 *(SORT_BY_NAME(.init_array.*))
 *(.init_array)
 .init_array    0x00400174        0x4 e:/complier-new/bin/bin/../../lib/gcc/pic32c/8.3.1/thumb/v7e-m+dp/hard/crtbegin.o
                0x00400178                __init_array_end = .
                0x00400178                . = ALIGN (0x4)
 *crtbegin.o(.ctors)
 *(EXCLUDE_FILE(*crtend.o) .ctors)
 *(SORT_BY_NAME(.ctors.*))
 *crtend.o(.ctors)
                0x00400178                . = ALIGN (0x4)
 *(.fini)
 .fini          0x00400178        0x4 e:/complier-new/bin/bin/../../lib/gcc/pic32c/8.3.1/thumb/v7e-m+dp/hard/crti.o
                0x00400178                _fini
 .fini          0x0040017c        0x8 e:/complier-new/bin/bin/../../lib/gcc/pic32c/8.3.1/thumb/v7e-m+dp/hard/crtn.o
                0x00400184                . = ALIGN (0x4)
                0x00400184                __fini_array_start = .
 *(.fini_array)
 .fini_array    0x00400184        0x4 e:/complier-new/bin/bin/../../lib/gcc/pic32c/8.3.1/thumb/v7e-m+dp/hard/crtbegin.o
 *(SORT_BY_NAME(.fini_array.*))
                0x00400188                __fini_array_end = .
 *crtbegin.o(.dtors)
 *(EXCLUDE_FILE(*crtend.o) .dtors)
 *(SORT_BY_NAME(.dtors.*))
 *crtend.o(.dtors)
                0x00400188                . = ALIGN (0x4)
                0x00400188                _efixed = .
                [!provide]                PROVIDE (__exidx_start = .)

.ARM.exidx
 *(.ARM.exidx* .gnu.linkonce.armexidx.*)
                [!provide]                PROVIDE (__exidx_end = .)
                0x00400188                . = ALIGN (0x4)
                0x00400188                _etext = .

.bss            0x20400000      0x4b8
                0x20400000                . = ALIGN (0x4)
                0x20400000                __bss_start__ = .
                0x20400000                _sbss = .
                0x20400000                _szero = .
 *(COMMON)
 COMMON         0x20400000        0x8 build/default/production/_ext/60180192/plib_rtt.o
                0x20400000                rtt
 COMMON         0x20400008       0x30 build/default/production/_ext/2001315827/plib_usart2.o
                0x20400008                usart2Obj
 COMMON         0x20400038       0x30 build/default/production/_ext/2001315827/plib_usart1.o
                0x20400038                usart1Obj
 COMMON         0x20400068       0x10 build/default/production/_ext/2003650513/plib_xdmac.o
                0x20400068                xdmacChannelObj
 *fill*         0x20400078        0x8 
 COMMON         0x20400080      0x178 build/default/production/_ext/1269487135/sys_fs.o
                0x20400080                gSysFsMutex
                0x204000a0                gSYSFSFileObj
                0x204001c0                gSYSFSDirObj
                0x204001d0                gSYSFSCurrentMountPoint
                0x204001d8                gSYSFSObj
                0x204001e0                errorValue
                0x204001e4                gSYSFSMountPoint
 *fill*         0x204001f8        0x8 
 COMMON         0x20400200      0x25c build/default/production/_ext/1269487135/sys_fs_media_manager.o
                0x20400200                gSYSFSMediaObject
                0x20400228                VolToPart
                0x20400240                gSYSFSMediaBuffer
                0x20400440                gSYSFSVolumeObject
 COMMON         0x2040045c       0x2c build/default/production/_ext/298189674/plib_spi0_master.o
                0x2040045c                spi0Obj
 COMMON         0x20400488       0x2c build/default/production/_ext/298189674/plib_spi1_master.o
                0x20400488                spi1Obj
 COMMON         0x204004b4        0x4 e:/complier-new/bin/bin/../../lib/gcc/pic32c/8.3.1/../../../../pic32c/lib/thumb/v7e-m+dp/hard\libc_nano.a(lib_a-reent.o)
                0x204004b4                errno
                0x204004b8                . = ALIGN (0x4)
                0x204004b8                __bss_end__ = .
                0x204004b8                _ebss = .
                0x204004b8                _ezero = .
                0x204004b8                . = ALIGN (0x4)
                0x204004b8                _end = .
                0x2045ffff                _ram_end_ = ((ORIGIN (ram) + LENGTH (ram)) - 0x1)
                0x00000200                _min_heap_size = 0x200
START GROUP
LOAD e:/complier-new/bin/bin/../../lib/gcc/pic32c/8.3.1/../../../../pic32c/lib/thumb/v7e-m+dp/hard\libpic32c.a
LOAD e:/complier-new/bin/bin/../../lib/gcc/pic32c/8.3.1/thumb/v7e-m+dp/hard\libgcc.a
LOAD e:/complier-new/bin/bin/../../lib/gcc/pic32c/8.3.1/../../../../pic32c/lib/thumb/v7e-m+dp/hard\libm_nano.a
LOAD e:/complier-new/bin/bin/../../lib/gcc/pic32c/8.3.1/../../../../pic32c/lib/thumb/v7e-m+dp/hard\libc_nano.a
END GROUP
LOAD e:/complier-new/bin/bin/../../lib/gcc/pic32c/8.3.1/thumb/v7e-m+dp/hard/crtend.o
LOAD e:/complier-new/bin/bin/../../lib/gcc/pic32c/8.3.1/thumb/v7e-m+dp/hard/crtn.o
OUTPUT(dist/default/production/Testing_SD_Card.X.production.elf elf32-littlearm)
LOAD stack
LOAD data_init

.ARM.attributes
                0x00000000       0x2e
 .ARM.attributes
                0x00000000       0x1e e:/complier-new/bin/bin/../../lib/gcc/pic32c/8.3.1/thumb/v7e-m+dp/hard/crti.o
 .ARM.attributes
                0x0000001e       0x32 e:/complier-new/bin/bin/../../lib/gcc/pic32c/8.3.1/thumb/v7e-m+dp/hard/crtbegin.o
 .ARM.attributes
                0x00000050       0x32 build/default/production/_ext/1529399856/osal_freertos.o
 .ARM.attributes
                0x00000082       0x32 build/default/production/_ext/1989321110/plib_hsmci.o
 .ARM.attributes
                0x000000b4       0x32 build/default/production/_ext/60180192/plib_rtt.o
 .ARM.attributes
                0x000000e6       0x32 build/default/production/_ext/621496242/plib_twihs0_master.o
 .ARM.attributes
                0x00000118       0x32 build/default/production/_ext/2001315827/plib_usart2.o
 .ARM.attributes
                0x0000014a       0x32 build/default/production/_ext/2001315827/plib_usart1.o
 .ARM.attributes
                0x0000017c       0x32 build/default/production/_ext/2003650513/plib_xdmac.o
 .ARM.attributes
                0x000001ae       0x32 build/default/production/_ext/163028504/xc32_monitor.o
 .ARM.attributes
                0x000001e0       0x32 build/default/production/_ext/1269487135/sys_fs.o
 .ARM.attributes
                0x00000212       0x32 build/default/production/_ext/1269487135/sys_fs_media_manager.o
 .ARM.attributes
                0x00000244       0x32 build/default/production/_ext/1171490990/initialization.o
 .ARM.attributes
                0x00000276       0x32 build/default/production/_ext/1171490990/interrupts.o
 .ARM.attributes
                0x000002a8       0x32 build/default/production/_ext/1171490990/exceptions.o
 .ARM.attributes
                0x000002da       0x32 build/default/production/_ext/1171490990/startup_xc32.o
 .ARM.attributes
                0x0000030c       0x32 build/default/production/_ext/1171490990/freertos_hooks.o
 .ARM.attributes
                0x0000033e       0x32 build/default/production/_ext/977623654/port.o
 .ARM.attributes
                0x00000370       0x32 build/default/production/_ext/404212886/list.o
 .ARM.attributes
                0x000003a2       0x32 build/default/production/_ext/404212886/queue.o
 .ARM.attributes
                0x000003d4       0x32 build/default/production/_ext/404212886/FreeRTOS_tasks.o
 .ARM.attributes
                0x00000406       0x32 build/default/production/_ext/2124829536/sdcard.o
 .ARM.attributes
                0x00000438       0x32 build/default/production/_ext/1360937237/main.o
 .ARM.attributes
                0x0000046a       0x32 build/default/production/_ext/298189674/plib_spi0_master.o
 .ARM.attributes
                0x0000049c       0x32 build/default/production/_ext/298189674/plib_spi1_master.o
 .ARM.attributes
                0x000004ce       0x32 e:/complier-new/bin/bin/../../lib/gcc/pic32c/8.3.1/../../../../pic32c/lib/thumb/v7e-m+dp/hard\libpic32c.a(data_init.o)
 .ARM.attributes
                0x00000500       0x32 e:/complier-new/bin/bin/../../lib/gcc/pic32c/8.3.1/../../../../pic32c/lib/thumb/v7e-m+dp/hard\libc_nano.a(_lib_a-sprintf.cdnopuxX.o)
 .ARM.attributes
                0x00000532       0x32 e:/complier-new/bin/bin/../../lib/gcc/pic32c/8.3.1/../../../../pic32c/lib/thumb/v7e-m+dp/hard\libc_nano.a(lib_a-init.o)
 .ARM.attributes
                0x00000564       0x32 e:/complier-new/bin/bin/../../lib/gcc/pic32c/8.3.1/../../../../pic32c/lib/thumb/v7e-m+dp/hard\libc_nano.a(lib_a-malloc.o)
 .ARM.attributes
                0x00000596       0x32 e:/complier-new/bin/bin/../../lib/gcc/pic32c/8.3.1/../../../../pic32c/lib/thumb/v7e-m+dp/hard\libc_nano.a(lib_a-memcpy-stub.o)
 .ARM.attributes
                0x000005c8       0x32 e:/complier-new/bin/bin/../../lib/gcc/pic32c/8.3.1/../../../../pic32c/lib/thumb/v7e-m+dp/hard\libc_nano.a(lib_a-memset.o)
 .ARM.attributes
                0x000005fa       0x32 e:/complier-new/bin/bin/../../lib/gcc/pic32c/8.3.1/../../../../pic32c/lib/thumb/v7e-m+dp/hard\libc_nano.a(lib_a-nano-freer.o)
 .ARM.attributes
                0x0000062c       0x32 e:/complier-new/bin/bin/../../lib/gcc/pic32c/8.3.1/../../../../pic32c/lib/thumb/v7e-m+dp/hard\libc_nano.a(lib_a-nano-mallocr.o)
 .ARM.attributes
                0x0000065e       0x32 e:/complier-new/bin/bin/../../lib/gcc/pic32c/8.3.1/../../../../pic32c/lib/thumb/v7e-m+dp/hard\libc_nano.a(lib_a-sbrkr.o)
 .ARM.attributes
                0x00000690       0x1c e:/complier-new/bin/bin/../../lib/gcc/pic32c/8.3.1/../../../../pic32c/lib/thumb/v7e-m+dp/hard\libc_nano.a(lib_a-strcmp.o)
 .ARM.attributes
                0x000006ac       0x17 e:/complier-new/bin/bin/../../lib/gcc/pic32c/8.3.1/../../../../pic32c/lib/thumb/v7e-m+dp/hard\libc_nano.a(lib_a-strlen.o)
 .ARM.attributes
                0x000006c3       0x32 e:/complier-new/bin/bin/../../lib/gcc/pic32c/8.3.1/../../../../pic32c/lib/thumb/v7e-m+dp/hard\libc_nano.a(lib_a-strncmp.o)
 .ARM.attributes
                0x000006f5       0x32 e:/complier-new/bin/bin/../../lib/gcc/pic32c/8.3.1/../../../../pic32c/lib/thumb/v7e-m+dp/hard\libc_nano.a(_lib_a-nano-vfprintf.cdnopuxX.o)
 .ARM.attributes
                0x00000727       0x32 e:/complier-new/bin/bin/../../lib/gcc/pic32c/8.3.1/../../../../pic32c/lib/thumb/v7e-m+dp/hard\libc_nano.a(lib_a-__ssfputs.o)
 .ARM.attributes
                0x00000759       0x32 e:/complier-new/bin/bin/../../lib/gcc/pic32c/8.3.1/../../../../pic32c/lib/thumb/v7e-m+dp/hard\libc_nano.a(lib_a-findfp.o)
 .ARM.attributes
                0x0000078b       0x32 e:/complier-new/bin/bin/../../lib/gcc/pic32c/8.3.1/../../../../pic32c/lib/thumb/v7e-m+dp/hard\libc_nano.a(lib_a-fputwc.o)
 .ARM.attributes
                0x000007bd       0x32 e:/complier-new/bin/bin/../../lib/gcc/pic32c/8.3.1/../../../../pic32c/lib/thumb/v7e-m+dp/hard\libc_nano.a(lib_a-fwalk.o)
 .ARM.attributes
                0x000007ef       0x30 e:/complier-new/bin/bin/../../lib/gcc/pic32c/8.3.1/../../../../pic32c/lib/thumb/v7e-m+dp/hard\libc_nano.a(lib_a-impure.o)
 .ARM.attributes
                0x0000081f       0x32 e:/complier-new/bin/bin/../../lib/gcc/pic32c/8.3.1/../../../../pic32c/lib/thumb/v7e-m+dp/hard\libc_nano.a(lib_a-locale.o)
 .ARM.attributes
                0x00000851       0x32 e:/complier-new/bin/bin/../../lib/gcc/pic32c/8.3.1/../../../../pic32c/lib/thumb/v7e-m+dp/hard\libc_nano.a(lib_a-mbtowc_r.o)
 .ARM.attributes
                0x00000883       0x1c e:/complier-new/bin/bin/../../lib/gcc/pic32c/8.3.1/../../../../pic32c/lib/thumb/v7e-m+dp/hard\libc_nano.a(lib_a-memchr.o)
 .ARM.attributes
                0x0000089f       0x32 e:/complier-new/bin/bin/../../lib/gcc/pic32c/8.3.1/../../../../pic32c/lib/thumb/v7e-m+dp/hard\libc_nano.a(lib_a-mlock.o)
 .ARM.attributes
                0x000008d1       0x32 e:/complier-new/bin/bin/../../lib/gcc/pic32c/8.3.1/../../../../pic32c/lib/thumb/v7e-m+dp/hard\libc_nano.a(lib_a-nano-vfprintf_i.o)
 .ARM.attributes
                0x00000903       0x32 e:/complier-new/bin/bin/../../lib/gcc/pic32c/8.3.1/../../../../pic32c/lib/thumb/v7e-m+dp/hard\libc_nano.a(lib_a-reent.o)
 .ARM.attributes
                0x00000935       0x32 e:/complier-new/bin/bin/../../lib/gcc/pic32c/8.3.1/../../../../pic32c/lib/thumb/v7e-m+dp/hard\libc_nano.a(lib_a-stdio.o)
 .ARM.attributes
                0x00000967       0x32 e:/complier-new/bin/bin/../../lib/gcc/pic32c/8.3.1/../../../../pic32c/lib/thumb/v7e-m+dp/hard\libc_nano.a(lib_a-wbuf.o)
 .ARM.attributes
                0x00000999       0x32 e:/complier-new/bin/bin/../../lib/gcc/pic32c/8.3.1/../../../../pic32c/lib/thumb/v7e-m+dp/hard\libc_nano.a(lib_a-wcrtomb.o)
 .ARM.attributes
                0x000009cb       0x32 e:/complier-new/bin/bin/../../lib/gcc/pic32c/8.3.1/../../../../pic32c/lib/thumb/v7e-m+dp/hard\libc_nano.a(lib_a-wctomb_r.o)
 .ARM.attributes
                0x000009fd       0x32 e:/complier-new/bin/bin/../../lib/gcc/pic32c/8.3.1/../../../../pic32c/lib/thumb/v7e-m+dp/hard\libc_nano.a(lib_a-writer.o)
 .ARM.attributes
                0x00000a2f       0x32 e:/complier-new/bin/bin/../../lib/gcc/pic32c/8.3.1/../../../../pic32c/lib/thumb/v7e-m+dp/hard\libc_nano.a(lib_a-wsetup.o)
 .ARM.attributes
                0x00000a61       0x32 e:/complier-new/bin/bin/../../lib/gcc/pic32c/8.3.1/../../../../pic32c/lib/thumb/v7e-m+dp/hard\libc_nano.a(lib_a-closer.o)
 .ARM.attributes
                0x00000a93       0x30 e:/complier-new/bin/bin/../../lib/gcc/pic32c/8.3.1/../../../../pic32c/lib/thumb/v7e-m+dp/hard\libc_nano.a(lib_a-ctype_.o)
 .ARM.attributes
                0x00000ac3       0x32 e:/complier-new/bin/bin/../../lib/gcc/pic32c/8.3.1/../../../../pic32c/lib/thumb/v7e-m+dp/hard\libc_nano.a(lib_a-fflush.o)
 .ARM.attributes
                0x00000af5       0x32 e:/complier-new/bin/bin/../../lib/gcc/pic32c/8.3.1/../../../../pic32c/lib/thumb/v7e-m+dp/hard\libc_nano.a(lib_a-lseekr.o)
 .ARM.attributes
                0x00000b27       0x32 e:/complier-new/bin/bin/../../lib/gcc/pic32c/8.3.1/../../../../pic32c/lib/thumb/v7e-m+dp/hard\libc_nano.a(lib_a-makebuf.o)
 .ARM.attributes
                0x00000b59       0x32 e:/complier-new/bin/bin/../../lib/gcc/pic32c/8.3.1/../../../../pic32c/lib/thumb/v7e-m+dp/hard\libc_nano.a(lib_a-readr.o)
 .ARM.attributes
                0x00000b8b       0x32 e:/complier-new/bin/bin/../../lib/gcc/pic32c/8.3.1/../../../../pic32c/lib/thumb/v7e-m+dp/hard\libc_nano.a(lib_a-fstatr.o)
 .ARM.attributes
                0x00000bbd       0x32 e:/complier-new/bin/bin/../../lib/gcc/pic32c/8.3.1/../../../../pic32c/lib/thumb/v7e-m+dp/hard\libc_nano.a(lib_a-isattyr.o)
 .ARM.attributes
                0x00000bef       0x32 e:/complier-new/bin/bin/../../lib/gcc/pic32c/8.3.1/../../../../pic32c/lib/thumb/v7e-m+dp/hard\libpic32c.a(_close.o)
 .ARM.attributes
                0x00000c21       0x32 e:/complier-new/bin/bin/../../lib/gcc/pic32c/8.3.1/../../../../pic32c/lib/thumb/v7e-m+dp/hard\libpic32c.a(_fstat.o)
 .ARM.attributes
                0x00000c53       0x32 e:/complier-new/bin/bin/../../lib/gcc/pic32c/8.3.1/../../../../pic32c/lib/thumb/v7e-m+dp/hard\libpic32c.a(_isatty.o)
 .ARM.attributes
                0x00000c85       0x32 e:/complier-new/bin/bin/../../lib/gcc/pic32c/8.3.1/../../../../pic32c/lib/thumb/v7e-m+dp/hard\libpic32c.a(_lseek.o)
 .ARM.attributes
                0x00000cb7       0x32 e:/complier-new/bin/bin/../../lib/gcc/pic32c/8.3.1/../../../../pic32c/lib/thumb/v7e-m+dp/hard\libpic32c.a(_read.o)
 .ARM.attributes
                0x00000ce9       0x32 e:/complier-new/bin/bin/../../lib/gcc/pic32c/8.3.1/../../../../pic32c/lib/thumb/v7e-m+dp/hard\libpic32c.a(sbrk.o)
 .ARM.attributes
                0x00000d1b       0x32 e:/complier-new/bin/bin/../../lib/gcc/pic32c/8.3.1/../../../../pic32c/lib/thumb/v7e-m+dp/hard\libpic32c.a(_write.o)
 .ARM.attributes
                0x00000d4d       0x32 e:/complier-new/bin/bin/../../lib/gcc/pic32c/8.3.1/../../../../pic32c/lib/thumb/v7e-m+dp/hard\libpic32c.a(close.o)
 .ARM.attributes
                0x00000d7f       0x32 e:/complier-new/bin/bin/../../lib/gcc/pic32c/8.3.1/../../../../pic32c/lib/thumb/v7e-m+dp/hard\libpic32c.a(fstat.o)
 .ARM.attributes
                0x00000db1       0x32 e:/complier-new/bin/bin/../../lib/gcc/pic32c/8.3.1/../../../../pic32c/lib/thumb/v7e-m+dp/hard\libpic32c.a(isatty.o)
 .ARM.attributes
                0x00000de3       0x32 e:/complier-new/bin/bin/../../lib/gcc/pic32c/8.3.1/../../../../pic32c/lib/thumb/v7e-m+dp/hard\libpic32c.a(lseek.o)
 .ARM.attributes
                0x00000e15       0x32 e:/complier-new/bin/bin/../../lib/gcc/pic32c/8.3.1/../../../../pic32c/lib/thumb/v7e-m+dp/hard\libpic32c.a(read.o)
 .ARM.attributes
                0x00000e47       0x32 e:/complier-new/bin/bin/../../lib/gcc/pic32c/8.3.1/../../../../pic32c/lib/thumb/v7e-m+dp/hard\libpic32c.a(write.o)
 .ARM.attributes
                0x00000e79       0x1e e:/complier-new/bin/bin/../../lib/gcc/pic32c/8.3.1/thumb/v7e-m+dp/hard/crtn.o

.comment        0x00000000       0x53
 .comment       0x00000000       0x53 e:/complier-new/bin/bin/../../lib/gcc/pic32c/8.3.1/thumb/v7e-m+dp/hard/crtbegin.o
                                 0x54 (size before relaxing)
 .comment       0x00000053       0x54 build/default/production/_ext/1529399856/osal_freertos.o
 .comment       0x00000053       0x54 build/default/production/_ext/1989321110/plib_hsmci.o
 .comment       0x00000053       0x54 build/default/production/_ext/60180192/plib_rtt.o
 .comment       0x00000053       0x54 build/default/production/_ext/621496242/plib_twihs0_master.o
 .comment       0x00000053       0x54 build/default/production/_ext/2001315827/plib_usart2.o
 .comment       0x00000053       0x54 build/default/production/_ext/2001315827/plib_usart1.o
 .comment       0x00000053       0x54 build/default/production/_ext/2003650513/plib_xdmac.o
 .comment       0x00000053       0x54 build/default/production/_ext/163028504/xc32_monitor.o
 .comment       0x00000053       0x54 build/default/production/_ext/1269487135/sys_fs.o
 .comment       0x00000053       0x54 build/default/production/_ext/1269487135/sys_fs_media_manager.o
 .comment       0x00000053       0x54 build/default/production/_ext/1171490990/initialization.o
 .comment       0x00000053       0x54 build/default/production/_ext/1171490990/interrupts.o
 .comment       0x00000053       0x54 build/default/production/_ext/1171490990/exceptions.o
 .comment       0x00000053       0x54 build/default/production/_ext/1171490990/startup_xc32.o
 .comment       0x00000053       0x54 build/default/production/_ext/1171490990/freertos_hooks.o
 .comment       0x00000053       0x54 build/default/production/_ext/977623654/port.o
 .comment       0x00000053       0x54 build/default/production/_ext/404212886/list.o
 .comment       0x00000053       0x54 build/default/production/_ext/404212886/queue.o
 .comment       0x00000053       0x54 build/default/production/_ext/404212886/FreeRTOS_tasks.o
 .comment       0x00000053       0x54 build/default/production/_ext/2124829536/sdcard.o
 .comment       0x00000053       0x54 build/default/production/_ext/1360937237/main.o
 .comment       0x00000053       0x54 build/default/production/_ext/298189674/plib_spi0_master.o
 .comment       0x00000053       0x54 build/default/production/_ext/298189674/plib_spi1_master.o
 .comment       0x00000053       0x54 e:/complier-new/bin/bin/../../lib/gcc/pic32c/8.3.1/../../../../pic32c/lib/thumb/v7e-m+dp/hard\libpic32c.a(data_init.o)
 .comment       0x00000053       0x54 e:/complier-new/bin/bin/../../lib/gcc/pic32c/8.3.1/../../../../pic32c/lib/thumb/v7e-m+dp/hard\libc_nano.a(_lib_a-sprintf.cdnopuxX.o)
 .comment       0x00000053       0x54 e:/complier-new/bin/bin/../../lib/gcc/pic32c/8.3.1/../../../../pic32c/lib/thumb/v7e-m+dp/hard\libc_nano.a(lib_a-init.o)
 .comment       0x00000053       0x54 e:/complier-new/bin/bin/../../lib/gcc/pic32c/8.3.1/../../../../pic32c/lib/thumb/v7e-m+dp/hard\libc_nano.a(lib_a-malloc.o)
 .comment       0x00000053       0x54 e:/complier-new/bin/bin/../../lib/gcc/pic32c/8.3.1/../../../../pic32c/lib/thumb/v7e-m+dp/hard\libc_nano.a(lib_a-memcpy-stub.o)
 .comment       0x00000053       0x54 e:/complier-new/bin/bin/../../lib/gcc/pic32c/8.3.1/../../../../pic32c/lib/thumb/v7e-m+dp/hard\libc_nano.a(lib_a-memset.o)
 .comment       0x00000053       0x54 e:/complier-new/bin/bin/../../lib/gcc/pic32c/8.3.1/../../../../pic32c/lib/thumb/v7e-m+dp/hard\libc_nano.a(lib_a-nano-freer.o)
 .comment       0x00000053       0x54 e:/complier-new/bin/bin/../../lib/gcc/pic32c/8.3.1/../../../../pic32c/lib/thumb/v7e-m+dp/hard\libc_nano.a(lib_a-nano-mallocr.o)
 .comment       0x00000053       0x54 e:/complier-new/bin/bin/../../lib/gcc/pic32c/8.3.1/../../../../pic32c/lib/thumb/v7e-m+dp/hard\libc_nano.a(lib_a-sbrkr.o)
 .comment       0x00000053       0x54 e:/complier-new/bin/bin/../../lib/gcc/pic32c/8.3.1/../../../../pic32c/lib/thumb/v7e-m+dp/hard\libc_nano.a(lib_a-strncmp.o)
 .comment       0x00000053       0x54 e:/complier-new/bin/bin/../../lib/gcc/pic32c/8.3.1/../../../../pic32c/lib/thumb/v7e-m+dp/hard\libc_nano.a(_lib_a-nano-vfprintf.cdnopuxX.o)
 .comment       0x00000053       0x54 e:/complier-new/bin/bin/../../lib/gcc/pic32c/8.3.1/../../../../pic32c/lib/thumb/v7e-m+dp/hard\libc_nano.a(lib_a-__ssfputs.o)
 .comment       0x00000053       0x54 e:/complier-new/bin/bin/../../lib/gcc/pic32c/8.3.1/../../../../pic32c/lib/thumb/v7e-m+dp/hard\libc_nano.a(lib_a-findfp.o)
 .comment       0x00000053       0x54 e:/complier-new/bin/bin/../../lib/gcc/pic32c/8.3.1/../../../../pic32c/lib/thumb/v7e-m+dp/hard\libc_nano.a(lib_a-fputwc.o)
 .comment       0x00000053       0x54 e:/complier-new/bin/bin/../../lib/gcc/pic32c/8.3.1/../../../../pic32c/lib/thumb/v7e-m+dp/hard\libc_nano.a(lib_a-fwalk.o)
 .comment       0x00000053       0x54 e:/complier-new/bin/bin/../../lib/gcc/pic32c/8.3.1/../../../../pic32c/lib/thumb/v7e-m+dp/hard\libc_nano.a(lib_a-impure.o)
 .comment       0x00000053       0x54 e:/complier-new/bin/bin/../../lib/gcc/pic32c/8.3.1/../../../../pic32c/lib/thumb/v7e-m+dp/hard\libc_nano.a(lib_a-locale.o)
 .comment       0x00000053       0x54 e:/complier-new/bin/bin/../../lib/gcc/pic32c/8.3.1/../../../../pic32c/lib/thumb/v7e-m+dp/hard\libc_nano.a(lib_a-mbtowc_r.o)
 .comment       0x00000053       0x54 e:/complier-new/bin/bin/../../lib/gcc/pic32c/8.3.1/../../../../pic32c/lib/thumb/v7e-m+dp/hard\libc_nano.a(lib_a-mlock.o)
 .comment       0x00000053       0x54 e:/complier-new/bin/bin/../../lib/gcc/pic32c/8.3.1/../../../../pic32c/lib/thumb/v7e-m+dp/hard\libc_nano.a(lib_a-nano-vfprintf_i.o)
 .comment       0x00000053       0x54 e:/complier-new/bin/bin/../../lib/gcc/pic32c/8.3.1/../../../../pic32c/lib/thumb/v7e-m+dp/hard\libc_nano.a(lib_a-reent.o)
 .comment       0x00000053       0x54 e:/complier-new/bin/bin/../../lib/gcc/pic32c/8.3.1/../../../../pic32c/lib/thumb/v7e-m+dp/hard\libc_nano.a(lib_a-stdio.o)
 .comment       0x00000053       0x54 e:/complier-new/bin/bin/../../lib/gcc/pic32c/8.3.1/../../../../pic32c/lib/thumb/v7e-m+dp/hard\libc_nano.a(lib_a-wbuf.o)
 .comment       0x00000053       0x54 e:/complier-new/bin/bin/../../lib/gcc/pic32c/8.3.1/../../../../pic32c/lib/thumb/v7e-m+dp/hard\libc_nano.a(lib_a-wcrtomb.o)
 .comment       0x00000053       0x54 e:/complier-new/bin/bin/../../lib/gcc/pic32c/8.3.1/../../../../pic32c/lib/thumb/v7e-m+dp/hard\libc_nano.a(lib_a-wctomb_r.o)
 .comment       0x00000053       0x54 e:/complier-new/bin/bin/../../lib/gcc/pic32c/8.3.1/../../../../pic32c/lib/thumb/v7e-m+dp/hard\libc_nano.a(lib_a-writer.o)
 .comment       0x00000053       0x54 e:/complier-new/bin/bin/../../lib/gcc/pic32c/8.3.1/../../../../pic32c/lib/thumb/v7e-m+dp/hard\libc_nano.a(lib_a-wsetup.o)
 .comment       0x00000053       0x54 e:/complier-new/bin/bin/../../lib/gcc/pic32c/8.3.1/../../../../pic32c/lib/thumb/v7e-m+dp/hard\libc_nano.a(lib_a-closer.o)
 .comment       0x00000053       0x54 e:/complier-new/bin/bin/../../lib/gcc/pic32c/8.3.1/../../../../pic32c/lib/thumb/v7e-m+dp/hard\libc_nano.a(lib_a-ctype_.o)
 .comment       0x00000053       0x54 e:/complier-new/bin/bin/../../lib/gcc/pic32c/8.3.1/../../../../pic32c/lib/thumb/v7e-m+dp/hard\libc_nano.a(lib_a-fflush.o)
 .comment       0x00000053       0x54 e:/complier-new/bin/bin/../../lib/gcc/pic32c/8.3.1/../../../../pic32c/lib/thumb/v7e-m+dp/hard\libc_nano.a(lib_a-lseekr.o)
 .comment       0x00000053       0x54 e:/complier-new/bin/bin/../../lib/gcc/pic32c/8.3.1/../../../../pic32c/lib/thumb/v7e-m+dp/hard\libc_nano.a(lib_a-makebuf.o)
 .comment       0x00000053       0x54 e:/complier-new/bin/bin/../../lib/gcc/pic32c/8.3.1/../../../../pic32c/lib/thumb/v7e-m+dp/hard\libc_nano.a(lib_a-readr.o)
 .comment       0x00000053       0x54 e:/complier-new/bin/bin/../../lib/gcc/pic32c/8.3.1/../../../../pic32c/lib/thumb/v7e-m+dp/hard\libc_nano.a(lib_a-fstatr.o)
 .comment       0x00000053       0x54 e:/complier-new/bin/bin/../../lib/gcc/pic32c/8.3.1/../../../../pic32c/lib/thumb/v7e-m+dp/hard\libc_nano.a(lib_a-isattyr.o)
 .comment       0x00000053       0x54 e:/complier-new/bin/bin/../../lib/gcc/pic32c/8.3.1/../../../../pic32c/lib/thumb/v7e-m+dp/hard\libpic32c.a(_close.o)
 .comment       0x00000053       0x54 e:/complier-new/bin/bin/../../lib/gcc/pic32c/8.3.1/../../../../pic32c/lib/thumb/v7e-m+dp/hard\libpic32c.a(_fstat.o)
 .comment       0x00000053       0x54 e:/complier-new/bin/bin/../../lib/gcc/pic32c/8.3.1/../../../../pic32c/lib/thumb/v7e-m+dp/hard\libpic32c.a(_isatty.o)
 .comment       0x00000053       0x54 e:/complier-new/bin/bin/../../lib/gcc/pic32c/8.3.1/../../../../pic32c/lib/thumb/v7e-m+dp/hard\libpic32c.a(_lseek.o)
 .comment       0x00000053       0x54 e:/complier-new/bin/bin/../../lib/gcc/pic32c/8.3.1/../../../../pic32c/lib/thumb/v7e-m+dp/hard\libpic32c.a(_read.o)
 .comment       0x00000053       0x54 e:/complier-new/bin/bin/../../lib/gcc/pic32c/8.3.1/../../../../pic32c/lib/thumb/v7e-m+dp/hard\libpic32c.a(sbrk.o)
 .comment       0x00000053       0x54 e:/complier-new/bin/bin/../../lib/gcc/pic32c/8.3.1/../../../../pic32c/lib/thumb/v7e-m+dp/hard\libpic32c.a(_write.o)
 .comment       0x00000053       0x54 e:/complier-new/bin/bin/../../lib/gcc/pic32c/8.3.1/../../../../pic32c/lib/thumb/v7e-m+dp/hard\libpic32c.a(close.o)
 .comment       0x00000053       0x54 e:/complier-new/bin/bin/../../lib/gcc/pic32c/8.3.1/../../../../pic32c/lib/thumb/v7e-m+dp/hard\libpic32c.a(fstat.o)
 .comment       0x00000053       0x54 e:/complier-new/bin/bin/../../lib/gcc/pic32c/8.3.1/../../../../pic32c/lib/thumb/v7e-m+dp/hard\libpic32c.a(isatty.o)
 .comment       0x00000053       0x54 e:/complier-new/bin/bin/../../lib/gcc/pic32c/8.3.1/../../../../pic32c/lib/thumb/v7e-m+dp/hard\libpic32c.a(lseek.o)
 .comment       0x00000053       0x54 e:/complier-new/bin/bin/../../lib/gcc/pic32c/8.3.1/../../../../pic32c/lib/thumb/v7e-m+dp/hard\libpic32c.a(read.o)
 .comment       0x00000053       0x54 e:/complier-new/bin/bin/../../lib/gcc/pic32c/8.3.1/../../../../pic32c/lib/thumb/v7e-m+dp/hard\libpic32c.a(write.o)

.debug_info     0x00000000    0x25e02
 .debug_info    0x00000000      0xc33 build/default/production/_ext/1529399856/osal_freertos.o
 .debug_info    0x00000c33     0x1e75 build/default/production/_ext/1989321110/plib_hsmci.o
 .debug_info    0x00002aa8      0x7fd build/default/production/_ext/60180192/plib_rtt.o
 .debug_info    0x000032a5      0xda9 build/default/production/_ext/621496242/plib_twihs0_master.o
 .debug_info    0x0000404e     0x107f build/default/production/_ext/2001315827/plib_usart2.o
 .debug_info    0x000050cd     0x107f build/default/production/_ext/2001315827/plib_usart1.o
 .debug_info    0x0000614c      0xde2 build/default/production/_ext/2003650513/plib_xdmac.o
 .debug_info    0x00006f2e      0x2cb build/default/production/_ext/163028504/xc32_monitor.o
 .debug_info    0x000071f9     0x4e73 build/default/production/_ext/1269487135/sys_fs.o
 .debug_info    0x0000c06c     0x30fe build/default/production/_ext/1269487135/sys_fs_media_manager.o
 .debug_info    0x0000f16a     0x3824 build/default/production/_ext/1171490990/initialization.o
 .debug_info    0x0001298e     0x1d58 build/default/production/_ext/1171490990/interrupts.o
 .debug_info    0x000146e6     0x117b build/default/production/_ext/1171490990/exceptions.o
 .debug_info    0x00015861      0xe57 build/default/production/_ext/1171490990/startup_xc32.o
 .debug_info    0x000166b8      0x55e build/default/production/_ext/1171490990/freertos_hooks.o
 .debug_info    0x00016c16      0x7b3 build/default/production/_ext/977623654/port.o
 .debug_info    0x000173c9     0x121b build/default/production/_ext/404212886/list.o
 .debug_info    0x000185e4     0x2d48 build/default/production/_ext/404212886/queue.o
 .debug_info    0x0001b32c     0x3a60 build/default/production/_ext/404212886/FreeRTOS_tasks.o
 .debug_info    0x0001ed8c     0x1bdc build/default/production/_ext/2124829536/sdcard.o
 .debug_info    0x00020968     0x154b build/default/production/_ext/1360937237/main.o
 .debug_info    0x00021eb3      0xc95 build/default/production/_ext/298189674/plib_spi0_master.o
 .debug_info    0x00022b48      0xc95 build/default/production/_ext/298189674/plib_spi1_master.o
 .debug_info    0x000237dd      0x2d3 e:/complier-new/bin/bin/../../lib/gcc/pic32c/8.3.1/../../../../pic32c/lib/thumb/v7e-m+dp/hard\libpic32c.a(data_init.o)
 .debug_info    0x00023ab0      0x2b8 e:/complier-new/bin/bin/../../lib/gcc/pic32c/8.3.1/../../../../pic32c/lib/thumb/v7e-m+dp/hard\libpic32c.a(_close.o)
 .debug_info    0x00023d68      0x2b8 e:/complier-new/bin/bin/../../lib/gcc/pic32c/8.3.1/../../../../pic32c/lib/thumb/v7e-m+dp/hard\libpic32c.a(_fstat.o)
 .debug_info    0x00024020      0x2ba e:/complier-new/bin/bin/../../lib/gcc/pic32c/8.3.1/../../../../pic32c/lib/thumb/v7e-m+dp/hard\libpic32c.a(_isatty.o)
 .debug_info    0x000242da      0x2b8 e:/complier-new/bin/bin/../../lib/gcc/pic32c/8.3.1/../../../../pic32c/lib/thumb/v7e-m+dp/hard\libpic32c.a(_lseek.o)
 .debug_info    0x00024592      0x2b6 e:/complier-new/bin/bin/../../lib/gcc/pic32c/8.3.1/../../../../pic32c/lib/thumb/v7e-m+dp/hard\libpic32c.a(_read.o)
 .debug_info    0x00024848      0x2b6 e:/complier-new/bin/bin/../../lib/gcc/pic32c/8.3.1/../../../../pic32c/lib/thumb/v7e-m+dp/hard\libpic32c.a(sbrk.o)
 .debug_info    0x00024afe      0x2b8 e:/complier-new/bin/bin/../../lib/gcc/pic32c/8.3.1/../../../../pic32c/lib/thumb/v7e-m+dp/hard\libpic32c.a(_write.o)
 .debug_info    0x00024db6      0x2b7 e:/complier-new/bin/bin/../../lib/gcc/pic32c/8.3.1/../../../../pic32c/lib/thumb/v7e-m+dp/hard\libpic32c.a(close.o)
 .debug_info    0x0002506d      0x2b7 e:/complier-new/bin/bin/../../lib/gcc/pic32c/8.3.1/../../../../pic32c/lib/thumb/v7e-m+dp/hard\libpic32c.a(fstat.o)
 .debug_info    0x00025324      0x2b9 e:/complier-new/bin/bin/../../lib/gcc/pic32c/8.3.1/../../../../pic32c/lib/thumb/v7e-m+dp/hard\libpic32c.a(isatty.o)
 .debug_info    0x000255dd      0x2b7 e:/complier-new/bin/bin/../../lib/gcc/pic32c/8.3.1/../../../../pic32c/lib/thumb/v7e-m+dp/hard\libpic32c.a(lseek.o)
 .debug_info    0x00025894      0x2b6 e:/complier-new/bin/bin/../../lib/gcc/pic32c/8.3.1/../../../../pic32c/lib/thumb/v7e-m+dp/hard\libpic32c.a(read.o)
 .debug_info    0x00025b4a      0x2b8 e:/complier-new/bin/bin/../../lib/gcc/pic32c/8.3.1/../../../../pic32c/lib/thumb/v7e-m+dp/hard\libpic32c.a(write.o)

.debug_abbrev   0x00000000     0x43a8
 .debug_abbrev  0x00000000      0x1f5 build/default/production/_ext/1529399856/osal_freertos.o
 .debug_abbrev  0x000001f5      0x3ac build/default/production/_ext/1989321110/plib_hsmci.o
 .debug_abbrev  0x000005a1      0x1a4 build/default/production/_ext/60180192/plib_rtt.o
 .debug_abbrev  0x00000745      0x2ec build/default/production/_ext/621496242/plib_twihs0_master.o
 .debug_abbrev  0x00000a31      0x31f build/default/production/_ext/2001315827/plib_usart2.o
 .debug_abbrev  0x00000d50      0x31f build/default/production/_ext/2001315827/plib_usart1.o
 .debug_abbrev  0x0000106f      0x29e build/default/production/_ext/2003650513/plib_xdmac.o
 .debug_abbrev  0x0000130d       0x80 build/default/production/_ext/163028504/xc32_monitor.o
 .debug_abbrev  0x0000138d      0x554 build/default/production/_ext/1269487135/sys_fs.o
 .debug_abbrev  0x000018e1      0x57f build/default/production/_ext/1269487135/sys_fs_media_manager.o
 .debug_abbrev  0x00001e60      0x315 build/default/production/_ext/1171490990/initialization.o
 .debug_abbrev  0x00002175      0x1f6 build/default/production/_ext/1171490990/interrupts.o
 .debug_abbrev  0x0000236b      0x1e0 build/default/production/_ext/1171490990/exceptions.o
 .debug_abbrev  0x0000254b      0x24f build/default/production/_ext/1171490990/startup_xc32.o
 .debug_abbrev  0x0000279a      0x13f build/default/production/_ext/1171490990/freertos_hooks.o
 .debug_abbrev  0x000028d9      0x22f build/default/production/_ext/977623654/port.o
 .debug_abbrev  0x00002b08      0x270 build/default/production/_ext/404212886/list.o
 .debug_abbrev  0x00002d78      0x484 build/default/production/_ext/404212886/queue.o
 .debug_abbrev  0x000031fc      0x545 build/default/production/_ext/404212886/FreeRTOS_tasks.o
 .debug_abbrev  0x00003741      0x2f2 build/default/production/_ext/2124829536/sdcard.o
 .debug_abbrev  0x00003a33      0x263 build/default/production/_ext/1360937237/main.o
 .debug_abbrev  0x00003c96      0x250 build/default/production/_ext/298189674/plib_spi0_master.o
 .debug_abbrev  0x00003ee6      0x250 build/default/production/_ext/298189674/plib_spi1_master.o
 .debug_abbrev  0x00004136       0x2e e:/complier-new/bin/bin/../../lib/gcc/pic32c/8.3.1/../../../../pic32c/lib/thumb/v7e-m+dp/hard\libpic32c.a(data_init.o)
 .debug_abbrev  0x00004164       0x2b e:/complier-new/bin/bin/../../lib/gcc/pic32c/8.3.1/../../../../pic32c/lib/thumb/v7e-m+dp/hard\libpic32c.a(_close.o)
 .debug_abbrev  0x0000418f       0x2b e:/complier-new/bin/bin/../../lib/gcc/pic32c/8.3.1/../../../../pic32c/lib/thumb/v7e-m+dp/hard\libpic32c.a(_fstat.o)
 .debug_abbrev  0x000041ba       0x2b e:/complier-new/bin/bin/../../lib/gcc/pic32c/8.3.1/../../../../pic32c/lib/thumb/v7e-m+dp/hard\libpic32c.a(_isatty.o)
 .debug_abbrev  0x000041e5       0x2b e:/complier-new/bin/bin/../../lib/gcc/pic32c/8.3.1/../../../../pic32c/lib/thumb/v7e-m+dp/hard\libpic32c.a(_lseek.o)
 .debug_abbrev  0x00004210       0x2b e:/complier-new/bin/bin/../../lib/gcc/pic32c/8.3.1/../../../../pic32c/lib/thumb/v7e-m+dp/hard\libpic32c.a(_read.o)
 .debug_abbrev  0x0000423b       0x2e e:/complier-new/bin/bin/../../lib/gcc/pic32c/8.3.1/../../../../pic32c/lib/thumb/v7e-m+dp/hard\libpic32c.a(sbrk.o)
 .debug_abbrev  0x00004269       0x2b e:/complier-new/bin/bin/../../lib/gcc/pic32c/8.3.1/../../../../pic32c/lib/thumb/v7e-m+dp/hard\libpic32c.a(_write.o)
 .debug_abbrev  0x00004294       0x2e e:/complier-new/bin/bin/../../lib/gcc/pic32c/8.3.1/../../../../pic32c/lib/thumb/v7e-m+dp/hard\libpic32c.a(close.o)
 .debug_abbrev  0x000042c2       0x2e e:/complier-new/bin/bin/../../lib/gcc/pic32c/8.3.1/../../../../pic32c/lib/thumb/v7e-m+dp/hard\libpic32c.a(fstat.o)
 .debug_abbrev  0x000042f0       0x2e e:/complier-new/bin/bin/../../lib/gcc/pic32c/8.3.1/../../../../pic32c/lib/thumb/v7e-m+dp/hard\libpic32c.a(isatty.o)
 .debug_abbrev  0x0000431e       0x2e e:/complier-new/bin/bin/../../lib/gcc/pic32c/8.3.1/../../../../pic32c/lib/thumb/v7e-m+dp/hard\libpic32c.a(lseek.o)
 .debug_abbrev  0x0000434c       0x2e e:/complier-new/bin/bin/../../lib/gcc/pic32c/8.3.1/../../../../pic32c/lib/thumb/v7e-m+dp/hard\libpic32c.a(read.o)
 .debug_abbrev  0x0000437a       0x2e e:/complier-new/bin/bin/../../lib/gcc/pic32c/8.3.1/../../../../pic32c/lib/thumb/v7e-m+dp/hard\libpic32c.a(write.o)

.debug_loc      0x00000000     0xcf48
 .debug_loc     0x00000000      0x727 build/default/production/_ext/1529399856/osal_freertos.o
 .debug_loc     0x00000727      0x51f build/default/production/_ext/1989321110/plib_hsmci.o
 .debug_loc     0x00000c46      0x1a5 build/default/production/_ext/60180192/plib_rtt.o
 .debug_loc     0x00000deb      0x6b3 build/default/production/_ext/621496242/plib_twihs0_master.o
 .debug_loc     0x0000149e      0x631 build/default/production/_ext/2001315827/plib_usart2.o
 .debug_loc     0x00001acf      0x631 build/default/production/_ext/2001315827/plib_usart1.o
 .debug_loc     0x00002100      0x38b build/default/production/_ext/2003650513/plib_xdmac.o
 .debug_loc     0x0000248b       0x25 build/default/production/_ext/163028504/xc32_monitor.o
 .debug_loc     0x000024b0     0x4bf4 build/default/production/_ext/1269487135/sys_fs.o
 .debug_loc     0x000070a4     0x16a5 build/default/production/_ext/1269487135/sys_fs_media_manager.o
 .debug_loc     0x00008749       0x45 build/default/production/_ext/1171490990/initialization.o
 .debug_loc     0x0000878e       0xa7 build/default/production/_ext/1171490990/startup_xc32.o
 .debug_loc     0x00008835       0x82 build/default/production/_ext/1171490990/freertos_hooks.o
 .debug_loc     0x000088b7      0x13a build/default/production/_ext/977623654/port.o
 .debug_loc     0x000089f1       0xbf build/default/production/_ext/404212886/list.o
 .debug_loc     0x00008ab0     0x16e4 build/default/production/_ext/404212886/queue.o
 .debug_loc     0x0000a194     0x211d build/default/production/_ext/404212886/FreeRTOS_tasks.o
 .debug_loc     0x0000c2b1      0x1b9 build/default/production/_ext/2124829536/sdcard.o
 .debug_loc     0x0000c46a       0x6c build/default/production/_ext/1360937237/main.o
 .debug_loc     0x0000c4d6      0x51b build/default/production/_ext/298189674/plib_spi0_master.o
 .debug_loc     0x0000c9f1      0x51b build/default/production/_ext/298189674/plib_spi1_master.o
 .debug_loc     0x0000cf0c       0x14 e:/complier-new/bin/bin/../../lib/gcc/pic32c/8.3.1/../../../../pic32c/lib/thumb/v7e-m+dp/hard\libpic32c.a(data_init.o)
 .debug_loc     0x0000cf20       0x14 e:/complier-new/bin/bin/../../lib/gcc/pic32c/8.3.1/../../../../pic32c/lib/thumb/v7e-m+dp/hard\libpic32c.a(read.o)
 .debug_loc     0x0000cf34       0x14 e:/complier-new/bin/bin/../../lib/gcc/pic32c/8.3.1/../../../../pic32c/lib/thumb/v7e-m+dp/hard\libpic32c.a(write.o)

.debug_aranges  0x00000000      0xca0
 .debug_aranges
                0x00000000       0x90 build/default/production/_ext/1529399856/osal_freertos.o
 .debug_aranges
                0x00000090       0x98 build/default/production/_ext/1989321110/plib_hsmci.o
 .debug_aranges
                0x00000128       0x70 build/default/production/_ext/60180192/plib_rtt.o
 .debug_aranges
                0x00000198       0x70 build/default/production/_ext/621496242/plib_twihs0_master.o
 .debug_aranges
                0x00000208       0x88 build/default/production/_ext/2001315827/plib_usart2.o
 .debug_aranges
                0x00000290       0x88 build/default/production/_ext/2001315827/plib_usart1.o
 .debug_aranges
                0x00000318       0x78 build/default/production/_ext/2003650513/plib_xdmac.o
 .debug_aranges
                0x00000390       0x28 build/default/production/_ext/163028504/xc32_monitor.o
 .debug_aranges
                0x000003b8      0x170 build/default/production/_ext/1269487135/sys_fs.o
 .debug_aranges
                0x00000528       0x98 build/default/production/_ext/1269487135/sys_fs_media_manager.o
 .debug_aranges
                0x000005c0       0x20 build/default/production/_ext/1171490990/initialization.o
 .debug_aranges
                0x000005e0       0x20 build/default/production/_ext/1171490990/interrupts.o
 .debug_aranges
                0x00000600       0x48 build/default/production/_ext/1171490990/exceptions.o
 .debug_aranges
                0x00000648       0x28 build/default/production/_ext/1171490990/startup_xc32.o
 .debug_aranges
                0x00000670       0x40 build/default/production/_ext/1171490990/freertos_hooks.o
 .debug_aranges
                0x000006b0       0x78 build/default/production/_ext/977623654/port.o
 .debug_aranges
                0x00000728       0x40 build/default/production/_ext/404212886/list.o
 .debug_aranges
                0x00000768       0xc8 build/default/production/_ext/404212886/queue.o
 .debug_aranges
                0x00000830      0x178 build/default/production/_ext/404212886/FreeRTOS_tasks.o
 .debug_aranges
                0x000009a8       0x58 build/default/production/_ext/2124829536/sdcard.o
 .debug_aranges
                0x00000a00       0x20 build/default/production/_ext/1360937237/main.o
 .debug_aranges
                0x00000a20       0x60 build/default/production/_ext/298189674/plib_spi0_master.o
 .debug_aranges
                0x00000a80       0x60 build/default/production/_ext/298189674/plib_spi1_master.o
 .debug_aranges
                0x00000ae0       0x20 e:/complier-new/bin/bin/../../lib/gcc/pic32c/8.3.1/../../../../pic32c/lib/thumb/v7e-m+dp/hard\libpic32c.a(data_init.o)
 .debug_aranges
                0x00000b00       0x20 e:/complier-new/bin/bin/../../lib/gcc/pic32c/8.3.1/../../../../pic32c/lib/thumb/v7e-m+dp/hard\libpic32c.a(_close.o)
 .debug_aranges
                0x00000b20       0x20 e:/complier-new/bin/bin/../../lib/gcc/pic32c/8.3.1/../../../../pic32c/lib/thumb/v7e-m+dp/hard\libpic32c.a(_fstat.o)
 .debug_aranges
                0x00000b40       0x20 e:/complier-new/bin/bin/../../lib/gcc/pic32c/8.3.1/../../../../pic32c/lib/thumb/v7e-m+dp/hard\libpic32c.a(_isatty.o)
 .debug_aranges
                0x00000b60       0x20 e:/complier-new/bin/bin/../../lib/gcc/pic32c/8.3.1/../../../../pic32c/lib/thumb/v7e-m+dp/hard\libpic32c.a(_lseek.o)
 .debug_aranges
                0x00000b80       0x20 e:/complier-new/bin/bin/../../lib/gcc/pic32c/8.3.1/../../../../pic32c/lib/thumb/v7e-m+dp/hard\libpic32c.a(_read.o)
 .debug_aranges
                0x00000ba0       0x20 e:/complier-new/bin/bin/../../lib/gcc/pic32c/8.3.1/../../../../pic32c/lib/thumb/v7e-m+dp/hard\libpic32c.a(sbrk.o)
 .debug_aranges
                0x00000bc0       0x20 e:/complier-new/bin/bin/../../lib/gcc/pic32c/8.3.1/../../../../pic32c/lib/thumb/v7e-m+dp/hard\libpic32c.a(_write.o)
 .debug_aranges
                0x00000be0       0x20 e:/complier-new/bin/bin/../../lib/gcc/pic32c/8.3.1/../../../../pic32c/lib/thumb/v7e-m+dp/hard\libpic32c.a(close.o)
 .debug_aranges
                0x00000c00       0x20 e:/complier-new/bin/bin/../../lib/gcc/pic32c/8.3.1/../../../../pic32c/lib/thumb/v7e-m+dp/hard\libpic32c.a(fstat.o)
 .debug_aranges
                0x00000c20       0x20 e:/complier-new/bin/bin/../../lib/gcc/pic32c/8.3.1/../../../../pic32c/lib/thumb/v7e-m+dp/hard\libpic32c.a(isatty.o)
 .debug_aranges
                0x00000c40       0x20 e:/complier-new/bin/bin/../../lib/gcc/pic32c/8.3.1/../../../../pic32c/lib/thumb/v7e-m+dp/hard\libpic32c.a(lseek.o)
 .debug_aranges
                0x00000c60       0x20 e:/complier-new/bin/bin/../../lib/gcc/pic32c/8.3.1/../../../../pic32c/lib/thumb/v7e-m+dp/hard\libpic32c.a(read.o)
 .debug_aranges
                0x00000c80       0x20 e:/complier-new/bin/bin/../../lib/gcc/pic32c/8.3.1/../../../../pic32c/lib/thumb/v7e-m+dp/hard\libpic32c.a(write.o)

.debug_ranges   0x00000000      0xd08
 .debug_ranges  0x00000000       0x80 build/default/production/_ext/1529399856/osal_freertos.o
 .debug_ranges  0x00000080       0x88 build/default/production/_ext/1989321110/plib_hsmci.o
 .debug_ranges  0x00000108       0x60 build/default/production/_ext/60180192/plib_rtt.o
 .debug_ranges  0x00000168       0x60 build/default/production/_ext/621496242/plib_twihs0_master.o
 .debug_ranges  0x000001c8       0x78 build/default/production/_ext/2001315827/plib_usart2.o
 .debug_ranges  0x00000240       0x78 build/default/production/_ext/2001315827/plib_usart1.o
 .debug_ranges  0x000002b8       0x68 build/default/production/_ext/2003650513/plib_xdmac.o
 .debug_ranges  0x00000320       0x18 build/default/production/_ext/163028504/xc32_monitor.o
 .debug_ranges  0x00000338      0x160 build/default/production/_ext/1269487135/sys_fs.o
 .debug_ranges  0x00000498      0x110 build/default/production/_ext/1269487135/sys_fs_media_manager.o
 .debug_ranges  0x000005a8       0x10 build/default/production/_ext/1171490990/initialization.o
 .debug_ranges  0x000005b8       0x10 build/default/production/_ext/1171490990/interrupts.o
 .debug_ranges  0x000005c8       0x38 build/default/production/_ext/1171490990/exceptions.o
 .debug_ranges  0x00000600       0x48 build/default/production/_ext/1171490990/startup_xc32.o
 .debug_ranges  0x00000648       0x30 build/default/production/_ext/1171490990/freertos_hooks.o
 .debug_ranges  0x00000678       0x68 build/default/production/_ext/977623654/port.o
 .debug_ranges  0x000006e0       0x30 build/default/production/_ext/404212886/list.o
 .debug_ranges  0x00000710      0x180 build/default/production/_ext/404212886/queue.o
 .debug_ranges  0x00000890      0x288 build/default/production/_ext/404212886/FreeRTOS_tasks.o
 .debug_ranges  0x00000b18       0x60 build/default/production/_ext/2124829536/sdcard.o
 .debug_ranges  0x00000b78       0x10 build/default/production/_ext/1360937237/main.o
 .debug_ranges  0x00000b88       0x50 build/default/production/_ext/298189674/plib_spi0_master.o
 .debug_ranges  0x00000bd8       0x50 build/default/production/_ext/298189674/plib_spi1_master.o
 .debug_ranges  0x00000c28       0x10 e:/complier-new/bin/bin/../../lib/gcc/pic32c/8.3.1/../../../../pic32c/lib/thumb/v7e-m+dp/hard\libpic32c.a(data_init.o)
 .debug_ranges  0x00000c38       0x10 e:/complier-new/bin/bin/../../lib/gcc/pic32c/8.3.1/../../../../pic32c/lib/thumb/v7e-m+dp/hard\libpic32c.a(_close.o)
 .debug_ranges  0x00000c48       0x10 e:/complier-new/bin/bin/../../lib/gcc/pic32c/8.3.1/../../../../pic32c/lib/thumb/v7e-m+dp/hard\libpic32c.a(_fstat.o)
 .debug_ranges  0x00000c58       0x10 e:/complier-new/bin/bin/../../lib/gcc/pic32c/8.3.1/../../../../pic32c/lib/thumb/v7e-m+dp/hard\libpic32c.a(_isatty.o)
 .debug_ranges  0x00000c68       0x10 e:/complier-new/bin/bin/../../lib/gcc/pic32c/8.3.1/../../../../pic32c/lib/thumb/v7e-m+dp/hard\libpic32c.a(_lseek.o)
 .debug_ranges  0x00000c78       0x10 e:/complier-new/bin/bin/../../lib/gcc/pic32c/8.3.1/../../../../pic32c/lib/thumb/v7e-m+dp/hard\libpic32c.a(_read.o)
 .debug_ranges  0x00000c88       0x10 e:/complier-new/bin/bin/../../lib/gcc/pic32c/8.3.1/../../../../pic32c/lib/thumb/v7e-m+dp/hard\libpic32c.a(sbrk.o)
 .debug_ranges  0x00000c98       0x10 e:/complier-new/bin/bin/../../lib/gcc/pic32c/8.3.1/../../../../pic32c/lib/thumb/v7e-m+dp/hard\libpic32c.a(_write.o)
 .debug_ranges  0x00000ca8       0x10 e:/complier-new/bin/bin/../../lib/gcc/pic32c/8.3.1/../../../../pic32c/lib/thumb/v7e-m+dp/hard\libpic32c.a(close.o)
 .debug_ranges  0x00000cb8       0x10 e:/complier-new/bin/bin/../../lib/gcc/pic32c/8.3.1/../../../../pic32c/lib/thumb/v7e-m+dp/hard\libpic32c.a(fstat.o)
 .debug_ranges  0x00000cc8       0x10 e:/complier-new/bin/bin/../../lib/gcc/pic32c/8.3.1/../../../../pic32c/lib/thumb/v7e-m+dp/hard\libpic32c.a(isatty.o)
 .debug_ranges  0x00000cd8       0x10 e:/complier-new/bin/bin/../../lib/gcc/pic32c/8.3.1/../../../../pic32c/lib/thumb/v7e-m+dp/hard\libpic32c.a(lseek.o)
 .debug_ranges  0x00000ce8       0x10 e:/complier-new/bin/bin/../../lib/gcc/pic32c/8.3.1/../../../../pic32c/lib/thumb/v7e-m+dp/hard\libpic32c.a(read.o)
 .debug_ranges  0x00000cf8       0x10 e:/complier-new/bin/bin/../../lib/gcc/pic32c/8.3.1/../../../../pic32c/lib/thumb/v7e-m+dp/hard\libpic32c.a(write.o)

.debug_line     0x00000000     0xbecc
 .debug_line    0x00000000      0x49a build/default/production/_ext/1529399856/osal_freertos.o
 .debug_line    0x0000049a      0x7c3 build/default/production/_ext/1989321110/plib_hsmci.o
 .debug_line    0x00000c5d      0x368 build/default/production/_ext/60180192/plib_rtt.o
 .debug_line    0x00000fc5      0x7e0 build/default/production/_ext/621496242/plib_twihs0_master.o
 .debug_line    0x000017a5      0x6e9 build/default/production/_ext/2001315827/plib_usart2.o
 .debug_line    0x00001e8e      0x6e9 build/default/production/_ext/2001315827/plib_usart1.o
 .debug_line    0x00002577      0x478 build/default/production/_ext/2003650513/plib_xdmac.o
 .debug_line    0x000029ef       0x7d build/default/production/_ext/163028504/xc32_monitor.o
 .debug_line    0x00002a6c     0x26df build/default/production/_ext/1269487135/sys_fs.o
 .debug_line    0x0000514b      0xe49 build/default/production/_ext/1269487135/sys_fs_media_manager.o
 .debug_line    0x00005f94      0x725 build/default/production/_ext/1171490990/initialization.o
 .debug_line    0x000066b9      0x251 build/default/production/_ext/1171490990/interrupts.o
 .debug_line    0x0000690a      0x298 build/default/production/_ext/1171490990/exceptions.o
 .debug_line    0x00006ba2      0x471 build/default/production/_ext/1171490990/startup_xc32.o
 .debug_line    0x00007013      0x1fc build/default/production/_ext/1171490990/freertos_hooks.o
 .debug_line    0x0000720f      0x37d build/default/production/_ext/977623654/port.o
 .debug_line    0x0000758c      0x377 build/default/production/_ext/404212886/list.o
 .debug_line    0x00007903      0xf2b build/default/production/_ext/404212886/queue.o
 .debug_line    0x0000882e     0x17bb build/default/production/_ext/404212886/FreeRTOS_tasks.o
 .debug_line    0x00009fe9      0x4f6 build/default/production/_ext/2124829536/sdcard.o
 .debug_line    0x0000a4df      0x293 build/default/production/_ext/1360937237/main.o
 .debug_line    0x0000a772      0x6b6 build/default/production/_ext/298189674/plib_spi0_master.o
 .debug_line    0x0000ae28      0x6b6 build/default/production/_ext/298189674/plib_spi1_master.o
 .debug_line    0x0000b4de      0x110 e:/complier-new/bin/bin/../../lib/gcc/pic32c/8.3.1/../../../../pic32c/lib/thumb/v7e-m+dp/hard\libpic32c.a(data_init.o)
 .debug_line    0x0000b5ee       0x9f e:/complier-new/bin/bin/../../lib/gcc/pic32c/8.3.1/../../../../pic32c/lib/thumb/v7e-m+dp/hard\libpic32c.a(_close.o)
 .debug_line    0x0000b68d       0x9f e:/complier-new/bin/bin/../../lib/gcc/pic32c/8.3.1/../../../../pic32c/lib/thumb/v7e-m+dp/hard\libpic32c.a(_fstat.o)
 .debug_line    0x0000b72c       0xa0 e:/complier-new/bin/bin/../../lib/gcc/pic32c/8.3.1/../../../../pic32c/lib/thumb/v7e-m+dp/hard\libpic32c.a(_isatty.o)
 .debug_line    0x0000b7cc       0x9f e:/complier-new/bin/bin/../../lib/gcc/pic32c/8.3.1/../../../../pic32c/lib/thumb/v7e-m+dp/hard\libpic32c.a(_lseek.o)
 .debug_line    0x0000b86b       0x9e e:/complier-new/bin/bin/../../lib/gcc/pic32c/8.3.1/../../../../pic32c/lib/thumb/v7e-m+dp/hard\libpic32c.a(_read.o)
 .debug_line    0x0000b909       0xb5 e:/complier-new/bin/bin/../../lib/gcc/pic32c/8.3.1/../../../../pic32c/lib/thumb/v7e-m+dp/hard\libpic32c.a(sbrk.o)
 .debug_line    0x0000b9be       0x9f e:/complier-new/bin/bin/../../lib/gcc/pic32c/8.3.1/../../../../pic32c/lib/thumb/v7e-m+dp/hard\libpic32c.a(_write.o)
 .debug_line    0x0000ba5d       0x9e e:/complier-new/bin/bin/../../lib/gcc/pic32c/8.3.1/../../../../pic32c/lib/thumb/v7e-m+dp/hard\libpic32c.a(close.o)
 .debug_line    0x0000bafb      0x106 e:/complier-new/bin/bin/../../lib/gcc/pic32c/8.3.1/../../../../pic32c/lib/thumb/v7e-m+dp/hard\libpic32c.a(fstat.o)
 .debug_line    0x0000bc01       0x9d e:/complier-new/bin/bin/../../lib/gcc/pic32c/8.3.1/../../../../pic32c/lib/thumb/v7e-m+dp/hard\libpic32c.a(isatty.o)
 .debug_line    0x0000bc9e       0x9e e:/complier-new/bin/bin/../../lib/gcc/pic32c/8.3.1/../../../../pic32c/lib/thumb/v7e-m+dp/hard\libpic32c.a(lseek.o)
 .debug_line    0x0000bd3c       0xc0 e:/complier-new/bin/bin/../../lib/gcc/pic32c/8.3.1/../../../../pic32c/lib/thumb/v7e-m+dp/hard\libpic32c.a(read.o)
 .debug_line    0x0000bdfc       0xd0 e:/complier-new/bin/bin/../../lib/gcc/pic32c/8.3.1/../../../../pic32c/lib/thumb/v7e-m+dp/hard\libpic32c.a(write.o)

.debug_str      0x00000000      0xd32
 .debug_str     0x00000000      0x13b build/default/production/_ext/1529399856/osal_freertos.o
 .debug_str     0x0000013b       0x65 build/default/production/_ext/1989321110/plib_hsmci.o
 .debug_str     0x000001a0        0x9 build/default/production/_ext/60180192/plib_rtt.o
 .debug_str     0x000001a9       0x11 build/default/production/_ext/621496242/plib_twihs0_master.o
 .debug_str     0x000001ba       0x1c build/default/production/_ext/2001315827/plib_usart2.o
 .debug_str     0x000001d6       0x1c build/default/production/_ext/2001315827/plib_usart1.o
 .debug_str     0x000001f2       0x2b build/default/production/_ext/2003650513/plib_xdmac.o
 .debug_str     0x0000021d        0x0 build/default/production/_ext/163028504/xc32_monitor.o
 .debug_str     0x0000021d      0x161 build/default/production/_ext/1269487135/sys_fs.o
 .debug_str     0x0000037e       0xe0 build/default/production/_ext/1269487135/sys_fs_media_manager.o
 .debug_str     0x0000045e      0x152 build/default/production/_ext/1171490990/initialization.o
 .debug_str     0x000005b0        0xe build/default/production/_ext/1171490990/interrupts.o
 .debug_str     0x000005be        0xe build/default/production/_ext/1171490990/exceptions.o
 .debug_str     0x000005cc       0x2f build/default/production/_ext/1171490990/startup_xc32.o
 .debug_str     0x000005fb       0x25 build/default/production/_ext/1171490990/freertos_hooks.o
 .debug_str     0x00000620       0x26 build/default/production/_ext/977623654/port.o
 .debug_str     0x00000646       0x39 build/default/production/_ext/404212886/list.o
 .debug_str     0x0000067f      0x28d build/default/production/_ext/404212886/queue.o
 .debug_str     0x0000090c      0x283 build/default/production/_ext/404212886/FreeRTOS_tasks.o
 .debug_str     0x00000b8f       0xb6 build/default/production/_ext/2124829536/sdcard.o
 .debug_str     0x00000c45       0x77 build/default/production/_ext/1360937237/main.o
 .debug_str     0x00000cbc       0x3b build/default/production/_ext/298189674/plib_spi0_master.o
 .debug_str     0x00000cf7       0x3b build/default/production/_ext/298189674/plib_spi1_master.o
 .debug_str     0x00000d32        0x0 e:/complier-new/bin/bin/../../lib/gcc/pic32c/8.3.1/../../../../pic32c/lib/thumb/v7e-m+dp/hard\libpic32c.a(data_init.o)
 .debug_str     0x00000d32        0x0 e:/complier-new/bin/bin/../../lib/gcc/pic32c/8.3.1/../../../../pic32c/lib/thumb/v7e-m+dp/hard\libpic32c.a(_close.o)
 .debug_str     0x00000d32        0x0 e:/complier-new/bin/bin/../../lib/gcc/pic32c/8.3.1/../../../../pic32c/lib/thumb/v7e-m+dp/hard\libpic32c.a(_fstat.o)
 .debug_str     0x00000d32        0x0 e:/complier-new/bin/bin/../../lib/gcc/pic32c/8.3.1/../../../../pic32c/lib/thumb/v7e-m+dp/hard\libpic32c.a(_isatty.o)
 .debug_str     0x00000d32        0x0 e:/complier-new/bin/bin/../../lib/gcc/pic32c/8.3.1/../../../../pic32c/lib/thumb/v7e-m+dp/hard\libpic32c.a(_lseek.o)
 .debug_str     0x00000d32        0x0 e:/complier-new/bin/bin/../../lib/gcc/pic32c/8.3.1/../../../../pic32c/lib/thumb/v7e-m+dp/hard\libpic32c.a(_read.o)
 .debug_str     0x00000d32        0x0 e:/complier-new/bin/bin/../../lib/gcc/pic32c/8.3.1/../../../../pic32c/lib/thumb/v7e-m+dp/hard\libpic32c.a(sbrk.o)
 .debug_str     0x00000d32        0x0 e:/complier-new/bin/bin/../../lib/gcc/pic32c/8.3.1/../../../../pic32c/lib/thumb/v7e-m+dp/hard\libpic32c.a(_write.o)
 .debug_str     0x00000d32        0x0 e:/complier-new/bin/bin/../../lib/gcc/pic32c/8.3.1/../../../../pic32c/lib/thumb/v7e-m+dp/hard\libpic32c.a(close.o)
 .debug_str     0x00000d32        0x0 e:/complier-new/bin/bin/../../lib/gcc/pic32c/8.3.1/../../../../pic32c/lib/thumb/v7e-m+dp/hard\libpic32c.a(fstat.o)
 .debug_str     0x00000d32        0x0 e:/complier-new/bin/bin/../../lib/gcc/pic32c/8.3.1/../../../../pic32c/lib/thumb/v7e-m+dp/hard\libpic32c.a(isatty.o)
 .debug_str     0x00000d32        0x0 e:/complier-new/bin/bin/../../lib/gcc/pic32c/8.3.1/../../../../pic32c/lib/thumb/v7e-m+dp/hard\libpic32c.a(lseek.o)
 .debug_str     0x00000d32        0x0 e:/complier-new/bin/bin/../../lib/gcc/pic32c/8.3.1/../../../../pic32c/lib/thumb/v7e-m+dp/hard\libpic32c.a(read.o)
 .debug_str     0x00000d32        0x0 e:/complier-new/bin/bin/../../lib/gcc/pic32c/8.3.1/../../../../pic32c/lib/thumb/v7e-m+dp/hard\libpic32c.a(write.o)

.debug_frame    0x00000000     0x1e40
 .debug_frame   0x00000000      0x180 build/default/production/_ext/1529399856/osal_freertos.o
 .debug_frame   0x00000180      0x150 build/default/production/_ext/1989321110/plib_hsmci.o
 .debug_frame   0x000002d0       0xcc build/default/production/_ext/60180192/plib_rtt.o
 .debug_frame   0x0000039c       0xf8 build/default/production/_ext/621496242/plib_twihs0_master.o
 .debug_frame   0x00000494      0x14c build/default/production/_ext/2001315827/plib_usart2.o
 .debug_frame   0x000005e0      0x14c build/default/production/_ext/2001315827/plib_usart1.o
 .debug_frame   0x0000072c      0x108 build/default/production/_ext/2003650513/plib_xdmac.o
 .debug_frame   0x00000834       0x30 build/default/production/_ext/163028504/xc32_monitor.o
 .debug_frame   0x00000864      0x5ac build/default/production/_ext/1269487135/sys_fs.o
 .debug_frame   0x00000e10      0x1e0 build/default/production/_ext/1269487135/sys_fs_media_manager.o
 .debug_frame   0x00000ff0       0x28 build/default/production/_ext/1171490990/initialization.o
 .debug_frame   0x00001018       0x20 build/default/production/_ext/1171490990/interrupts.o
 .debug_frame   0x00001038       0x70 build/default/production/_ext/1171490990/exceptions.o
 .debug_frame   0x000010a8       0x38 build/default/production/_ext/1171490990/startup_xc32.o
 .debug_frame   0x000010e0       0x6c build/default/production/_ext/1171490990/freertos_hooks.o
 .debug_frame   0x0000114c       0xe8 build/default/production/_ext/977623654/port.o
 .debug_frame   0x00001234       0x6c build/default/production/_ext/404212886/list.o
 .debug_frame   0x000012a0      0x280 build/default/production/_ext/404212886/queue.o
 .debug_frame   0x00001520      0x46c build/default/production/_ext/404212886/FreeRTOS_tasks.o
 .debug_frame   0x0000198c       0xac build/default/production/_ext/2124829536/sdcard.o
 .debug_frame   0x00001a38       0x30 build/default/production/_ext/1360937237/main.o
 .debug_frame   0x00001a68       0xe4 build/default/production/_ext/298189674/plib_spi0_master.o
 .debug_frame   0x00001b4c       0xe4 build/default/production/_ext/298189674/plib_spi1_master.o
 .debug_frame   0x00001c30       0x38 e:/complier-new/bin/bin/../../lib/gcc/pic32c/8.3.1/../../../../pic32c/lib/thumb/v7e-m+dp/hard\libpic32c.a(data_init.o)
 .debug_frame   0x00001c68       0x20 e:/complier-new/bin/bin/../../lib/gcc/pic32c/8.3.1/../../../../pic32c/lib/thumb/v7e-m+dp/hard\libc_nano.a(lib_a-strcmp.o)
 .debug_frame   0x00001c88       0x20 e:/complier-new/bin/bin/../../lib/gcc/pic32c/8.3.1/../../../../pic32c/lib/thumb/v7e-m+dp/hard\libpic32c.a(_close.o)
 .debug_frame   0x00001ca8       0x20 e:/complier-new/bin/bin/../../lib/gcc/pic32c/8.3.1/../../../../pic32c/lib/thumb/v7e-m+dp/hard\libpic32c.a(_fstat.o)
 .debug_frame   0x00001cc8       0x20 e:/complier-new/bin/bin/../../lib/gcc/pic32c/8.3.1/../../../../pic32c/lib/thumb/v7e-m+dp/hard\libpic32c.a(_isatty.o)
 .debug_frame   0x00001ce8       0x20 e:/complier-new/bin/bin/../../lib/gcc/pic32c/8.3.1/../../../../pic32c/lib/thumb/v7e-m+dp/hard\libpic32c.a(_lseek.o)
 .debug_frame   0x00001d08       0x20 e:/complier-new/bin/bin/../../lib/gcc/pic32c/8.3.1/../../../../pic32c/lib/thumb/v7e-m+dp/hard\libpic32c.a(_read.o)
 .debug_frame   0x00001d28       0x20 e:/complier-new/bin/bin/../../lib/gcc/pic32c/8.3.1/../../../../pic32c/lib/thumb/v7e-m+dp/hard\libpic32c.a(sbrk.o)
 .debug_frame   0x00001d48       0x20 e:/complier-new/bin/bin/../../lib/gcc/pic32c/8.3.1/../../../../pic32c/lib/thumb/v7e-m+dp/hard\libpic32c.a(_write.o)
 .debug_frame   0x00001d68       0x20 e:/complier-new/bin/bin/../../lib/gcc/pic32c/8.3.1/../../../../pic32c/lib/thumb/v7e-m+dp/hard\libpic32c.a(close.o)
 .debug_frame   0x00001d88       0x20 e:/complier-new/bin/bin/../../lib/gcc/pic32c/8.3.1/../../../../pic32c/lib/thumb/v7e-m+dp/hard\libpic32c.a(fstat.o)
 .debug_frame   0x00001da8       0x20 e:/complier-new/bin/bin/../../lib/gcc/pic32c/8.3.1/../../../../pic32c/lib/thumb/v7e-m+dp/hard\libpic32c.a(isatty.o)
 .debug_frame   0x00001dc8       0x20 e:/complier-new/bin/bin/../../lib/gcc/pic32c/8.3.1/../../../../pic32c/lib/thumb/v7e-m+dp/hard\libpic32c.a(lseek.o)
 .debug_frame   0x00001de8       0x2c e:/complier-new/bin/bin/../../lib/gcc/pic32c/8.3.1/../../../../pic32c/lib/thumb/v7e-m+dp/hard\libpic32c.a(read.o)
 .debug_frame   0x00001e14       0x2c e:/complier-new/bin/bin/../../lib/gcc/pic32c/8.3.1/../../../../pic32c/lib/thumb/v7e-m+dp/hard\libpic32c.a(write.o)

.stack          0x20400a50      0x100
 .stack         0x20400a50      0x100 stack

.data.__global_locale%1
                0x204004b8      0x16c
 .data.__global_locale
                0x204004b8      0x16c e:/complier-new/bin/bin/../../lib/gcc/pic32c/8.3.1/../../../../pic32c/lib/thumb/v7e-m+dp/hard\libc_nano.a(lib_a-locale.o)
                0x204004b8                __global_locale

.bss.pxReadyTasksLists%2
                0x20400624       0x64
 .bss.pxReadyTasksLists
                0x20400624       0x64 build/default/production/_ext/404212886/FreeRTOS_tasks.o

.data.impure_data%3
                0x20400688       0x60
 .data.impure_data
                0x20400688       0x60 e:/complier-new/bin/bin/../../lib/gcc/pic32c/8.3.1/../../../../pic32c/lib/thumb/v7e-m+dp/hard\libc_nano.a(lib_a-impure.o)

.bss.twihs0Obj%4
                0x204006e8       0x28
 .bss.twihs0Obj
                0x204006e8       0x28 build/default/production/_ext/621496242/plib_twihs0_master.o

.bss.__sf_fake_stderr%5
                0x20400710       0x20
 .bss.__sf_fake_stderr
                0x20400710       0x20 e:/complier-new/bin/bin/../../lib/gcc/pic32c/8.3.1/../../../../pic32c/lib/thumb/v7e-m+dp/hard\libc_nano.a(lib_a-findfp.o)
                0x20400710                __sf_fake_stderr

.bss.__sf_fake_stdin%6
                0x20400730       0x20
 .bss.__sf_fake_stdin
                0x20400730       0x20 e:/complier-new/bin/bin/../../lib/gcc/pic32c/8.3.1/../../../../pic32c/lib/thumb/v7e-m+dp/hard\libc_nano.a(lib_a-findfp.o)
                0x20400730                __sf_fake_stdin

.bss.__sf_fake_stdout%7
                0x20400750       0x20
 .bss.__sf_fake_stdout
                0x20400750       0x20 e:/complier-new/bin/bin/../../lib/gcc/pic32c/8.3.1/../../../../pic32c/lib/thumb/v7e-m+dp/hard\libc_nano.a(lib_a-findfp.o)
                0x20400750                __sf_fake_stdout

.bss%8          0x20400770       0x1c
 .bss           0x20400770       0x1c e:/complier-new/bin/bin/../../lib/gcc/pic32c/8.3.1/thumb/v7e-m+dp/hard/crtbegin.o

.data.gSYSFSMediaManagerObj%9
                0x2040078c       0x18
 .data.gSYSFSMediaManagerObj
                0x2040078c       0x18 build/default/production/_ext/1269487135/sys_fs_media_manager.o
                0x2040078c                gSYSFSMediaManagerObj

.bss.hsmciObj%10
                0x204007a4       0x14
 .bss.hsmciObj  0x204007a4       0x14 build/default/production/_ext/1989321110/plib_hsmci.o

.bss.xPendingReadyList%11
                0x204007b8       0x14
 .bss.xPendingReadyList
                0x204007b8       0x14 build/default/production/_ext/404212886/FreeRTOS_tasks.o

.bss.xSuspendedTaskList%12
                0x204007cc       0x14
 .bss.xSuspendedTaskList
                0x204007cc       0x14 build/default/production/_ext/404212886/FreeRTOS_tasks.o

.bss.sysfsMountTable%13
                0x204007e0        0xc
 .bss.sysfsMountTable
                0x204007e0        0xc build/default/production/_ext/1171490990/initialization.o
                0x204007e0                sysfsMountTable

.bss.cmd.7951%14
                0x204007ec        0x4
 .bss.cmd.7951  0x204007ec        0x4 build/default/production/_ext/1171490990/startup_xc32.o

.data.uxCriticalNesting%15
                0x204007f0        0x4
 .data.uxCriticalNesting
                0x204007f0        0x4 build/default/production/_ext/977623654/port.o

.bss.pxCurrentTCB%16
                0x204007f4        0x4
 .bss.pxCurrentTCB
                0x204007f4        0x4 build/default/production/_ext/404212886/FreeRTOS_tasks.o
                0x204007f4                pxCurrentTCB

.bss.pxDelayedTaskList%17
                0x204007f8        0x4
 .bss.pxDelayedTaskList
                0x204007f8        0x4 build/default/production/_ext/404212886/FreeRTOS_tasks.o

.bss.pxOverflowDelayedTaskList%18
                0x204007fc        0x4
 .bss.pxOverflowDelayedTaskList
                0x204007fc        0x4 build/default/production/_ext/404212886/FreeRTOS_tasks.o

.bss.uxCurrentNumberOfTasks%19
                0x20400800        0x4
 .bss.uxCurrentNumberOfTasks
                0x20400800        0x4 build/default/production/_ext/404212886/FreeRTOS_tasks.o

.bss.uxSchedulerSuspended%20
                0x20400804        0x4
 .bss.uxSchedulerSuspended
                0x20400804        0x4 build/default/production/_ext/404212886/FreeRTOS_tasks.o

.bss.uxTopReadyPriority%21
                0x20400808        0x4
 .bss.uxTopReadyPriority
                0x20400808        0x4 build/default/production/_ext/404212886/FreeRTOS_tasks.o

.bss.xNextTaskUnblockTime%22
                0x2040080c        0x4
 .bss.xNextTaskUnblockTime
                0x2040080c        0x4 build/default/production/_ext/404212886/FreeRTOS_tasks.o

.bss.xNumOfOverflows%23
                0x20400810        0x4
 .bss.xNumOfOverflows
                0x20400810        0x4 build/default/production/_ext/404212886/FreeRTOS_tasks.o

.bss.xPendedTicks%24
                0x20400814        0x4
 .bss.xPendedTicks
                0x20400814        0x4 build/default/production/_ext/404212886/FreeRTOS_tasks.o

.bss.xTickCount%25
                0x20400818        0x4
 .bss.xTickCount
                0x20400818        0x4 build/default/production/_ext/404212886/FreeRTOS_tasks.o

.bss.xYieldPending%26
                0x2040081c        0x4
 .bss.xYieldPending
                0x2040081c        0x4 build/default/production/_ext/404212886/FreeRTOS_tasks.o

.bss%27         0x20400820        0x4
 .bss           0x20400820        0x4 e:/complier-new/bin/bin/../../lib/gcc/pic32c/8.3.1/../../../../pic32c/lib/thumb/v7e-m+dp/hard\libpic32c.a(data_init.o)

.bss.__malloc_free_list%28
                0x20400824        0x4
 .bss.__malloc_free_list
                0x20400824        0x4 e:/complier-new/bin/bin/../../lib/gcc/pic32c/8.3.1/../../../../pic32c/lib/thumb/v7e-m+dp/hard\libc_nano.a(lib_a-nano-mallocr.o)
                0x20400824                __malloc_free_list

.bss.__malloc_sbrk_start%29
                0x20400828        0x4
 .bss.__malloc_sbrk_start
                0x20400828        0x4 e:/complier-new/bin/bin/../../lib/gcc/pic32c/8.3.1/../../../../pic32c/lib/thumb/v7e-m+dp/hard\libc_nano.a(lib_a-nano-mallocr.o)
                0x20400828                __malloc_sbrk_start

.data._impure_ptr%30
                0x2040082c        0x4
 .data._impure_ptr
                0x2040082c        0x4 e:/complier-new/bin/bin/../../lib/gcc/pic32c/8.3.1/../../../../pic32c/lib/thumb/v7e-m+dp/hard\libc_nano.a(lib_a-impure.o)
                0x2040082c                _impure_ptr

.bss%31         0x20400830        0x4
 .bss           0x20400830        0x4 e:/complier-new/bin/bin/../../lib/gcc/pic32c/8.3.1/../../../../pic32c/lib/thumb/v7e-m+dp/hard\libpic32c.a(sbrk.o)

.bss.isLastByteTransferInProgress.8006%32
                0x20400834        0x2
 .bss.isLastByteTransferInProgress.8006
                0x20400834        0x1 build/default/production/_ext/298189674/plib_spi0_master.o
 .bss.isLastByteTransferInProgress.8006
                0x20400835        0x1 build/default/production/_ext/298189674/plib_spi1_master.o

.eh_frame%z1    0x00000000        0x0
 .eh_frame      0x00000000        0x0 e:/complier-new/bin/bin/../../lib/gcc/pic32c/8.3.1/thumb/v7e-m+dp/hard/crtbegin.o

.dinit%34       0x00400188      0x3f0
 .dinit         0x00400188      0x3f0 data_init

.text._vfprintf_r_cdnopuxX%35
                0x00400578      0x384
 .text._vfprintf_r_cdnopuxX
                0x00400578      0x384 e:/complier-new/bin/bin/../../lib/gcc/pic32c/8.3.1/../../../../pic32c/lib/thumb/v7e-m+dp/hard\libc_nano.a(_lib_a-nano-vfprintf.cdnopuxX.o)
                0x00400578                _vfprintf_r_cdnopuxX

.text.SYS_FS_Mount%36
                0x004008fc      0x1a8
 .text.SYS_FS_Mount
                0x004008fc      0x1a8 build/default/production/_ext/1269487135/sys_fs.o
                0x004008fc                SYS_FS_Mount

.text.TWIHS0_InterruptHandler%37
                0x00400aa4      0x198
 .text.TWIHS0_InterruptHandler
                0x00400aa4      0x198 build/default/production/_ext/621496242/plib_twihs0_master.o
                0x00400aa4                TWIHS0_InterruptHandler

.text.Reset_Handler%38
                0x00400c3c      0x178
 .text.Reset_Handler
                0x00400c3c      0x178 build/default/production/_ext/1171490990/startup_xc32.o
                0x00400c3c                Reset_Handler

.text.SPI0_InterruptHandler%39
                0x00400db4      0x170
 .text.SPI0_InterruptHandler
                0x00400db4      0x170 build/default/production/_ext/298189674/plib_spi0_master.o
                0x00400db4                SPI0_InterruptHandler

.text.SPI1_InterruptHandler%40
                0x00400f24      0x170
 .text.SPI1_InterruptHandler
                0x00400f24      0x170 build/default/production/_ext/298189674/plib_spi1_master.o
                0x00400f24                SPI1_InterruptHandler

.text.xQueueSemaphoreTake%41
                0x00401094      0x158
 .text.xQueueSemaphoreTake
                0x00401094      0x158 build/default/production/_ext/404212886/queue.o
                0x00401094                xQueueSemaphoreTake

.text.SDCARD_Tasks%42
                0x004011ec      0x144
 .text.SDCARD_Tasks
                0x004011ec      0x144 build/default/production/_ext/2124829536/sdcard.o
                0x004011ec                SDCARD_Tasks

.text.USART2_InterruptHandler%43
                0x00401330      0x12c
 .text.USART2_InterruptHandler
                0x00401330      0x12c build/default/production/_ext/2001315827/plib_usart2.o
                0x00401330                USART2_InterruptHandler

.text.USART1_InterruptHandler%44
                0x0040145c      0x12c
 .text.USART1_InterruptHandler
                0x0040145c      0x12c build/default/production/_ext/2001315827/plib_usart1.o
                0x0040145c                USART1_InterruptHandler

.text.SYS_FS_FileOpen%45
                0x00401588      0x128
 .text.SYS_FS_FileOpen
                0x00401588      0x128 build/default/production/_ext/1269487135/sys_fs.o
                0x00401588                SYS_FS_FileOpen

.text.xQueueGenericSend%46
                0x004016b0      0x128
 .text.xQueueGenericSend
                0x004016b0      0x128 build/default/production/_ext/404212886/queue.o
                0x004016b0                xQueueGenericSend

.text.HSMCI_InterruptHandler%47
                0x004017d8      0x120
 .text.HSMCI_InterruptHandler
                0x004017d8      0x120 build/default/production/_ext/1989321110/plib_hsmci.o
                0x004017d8                HSMCI_InterruptHandler

.text.xTaskIncrementTick%48
                0x004018f8      0x114
 .text.xTaskIncrementTick
                0x004018f8      0x114 build/default/production/_ext/404212886/FreeRTOS_tasks.o
                0x004018f8                xTaskIncrementTick

.text.__sflush_r%49
                0x00401a0c      0x10c
 .text.__sflush_r
                0x00401a0c      0x10c e:/complier-new/bin/bin/../../lib/gcc/pic32c/8.3.1/../../../../pic32c/lib/thumb/v7e-m+dp/hard\libc_nano.a(lib_a-fflush.o)
                0x00401a0c                __sflush_r

.rodata._ctype_%50
                0x00401b18      0x101
 .rodata._ctype_
                0x00401b18      0x101 e:/complier-new/bin/bin/../../lib/gcc/pic32c/8.3.1/../../../../pic32c/lib/thumb/v7e-m+dp/hard\libc_nano.a(lib_a-ctype_.o)
                0x00401b18                _ctype_

.text._printf_common%51
                0x00401c1a       0xea
 .text._printf_common
                0x00401c1a       0xea e:/complier-new/bin/bin/../../lib/gcc/pic32c/8.3.1/../../../../pic32c/lib/thumb/v7e-m+dp/hard\libc_nano.a(lib_a-nano-vfprintf_i.o)
                0x00401c1a                _printf_common

.text.xTaskResumeAll%52
                0x00401d04       0xe4
 .text.xTaskResumeAll
                0x00401d04       0xe4 build/default/production/_ext/404212886/FreeRTOS_tasks.o
                0x00401d04                xTaskResumeAll

.text.__swsetup_r%53
                0x00401de8       0xdc
 .text.__swsetup_r
                0x00401de8       0xdc e:/complier-new/bin/bin/../../lib/gcc/pic32c/8.3.1/../../../../pic32c/lib/thumb/v7e-m+dp/hard\libc_nano.a(lib_a-wsetup.o)
                0x00401de8                __swsetup_r

.text.SYS_FS_GetDisk%54
                0x00401ec4       0xc4
 .text.SYS_FS_GetDisk
                0x00401ec4       0xc4 build/default/production/_ext/1269487135/sys_fs.o

.text.__swbuf_r%55
                0x00401f88       0xbc
 .text.__swbuf_r
                0x00401f88       0xbc e:/complier-new/bin/bin/../../lib/gcc/pic32c/8.3.1/../../../../pic32c/lib/thumb/v7e-m+dp/hard\libc_nano.a(lib_a-wbuf.o)
                0x00401f88                __swbuf_r

.text._malloc_r%56
                0x00402044       0xb4
 .text._malloc_r
                0x00402044       0xb4 e:/complier-new/bin/bin/../../lib/gcc/pic32c/8.3.1/../../../../pic32c/lib/thumb/v7e-m+dp/hard\libc_nano.a(lib_a-nano-mallocr.o)
                0x00402044                _malloc_r

.text.SYS_FS_CurrentDriveSet%57
                0x004020f8       0xb0
 .text.SYS_FS_CurrentDriveSet
                0x004020f8       0xb0 build/default/production/_ext/1269487135/sys_fs.o
                0x004020f8                SYS_FS_CurrentDriveSet

.text.vTaskSwitchContext%58
                0x004021a8       0xa8
 .text.vTaskSwitchContext
                0x004021a8       0xa8 build/default/production/_ext/404212886/FreeRTOS_tasks.o
                0x004021a8                vTaskSwitchContext

.text.xTaskPriorityInherit%59
                0x00402250       0xa8
 .text.xTaskPriorityInherit
                0x00402250       0xa8 build/default/production/_ext/404212886/FreeRTOS_tasks.o
                0x00402250                xTaskPriorityInherit

.text.TWIHS0_InitiateTransfer%60
                0x004022f8       0xa0
 .text.TWIHS0_InitiateTransfer
                0x004022f8       0xa0 build/default/production/_ext/621496242/plib_twihs0_master.o

.text%61        0x004023a0       0xa0
 .text          0x004023a0       0xa0 e:/complier-new/bin/bin/../../lib/gcc/pic32c/8.3.1/../../../../pic32c/lib/thumb/v7e-m+dp/hard\libc_nano.a(lib_a-memchr.o)
                0x004023a0                memchr

.rodata%62      0x00402440       0x9c
 .rodata        0x00402440       0x9c build/default/production/_ext/2124829536/sdcard.o

.text._free_r%63
                0x004024dc       0x9c
 .text._free_r  0x004024dc       0x9c e:/complier-new/bin/bin/../../lib/gcc/pic32c/8.3.1/../../../../pic32c/lib/thumb/v7e-m+dp/hard\libc_nano.a(lib_a-nano-freer.o)
                0x004024dc                _free_r

.text.prvAddCurrentTaskToDelayedList%64
                0x00402578       0x94
 .text.prvAddCurrentTaskToDelayedList
                0x00402578       0x94 build/default/production/_ext/404212886/FreeRTOS_tasks.o

.text.__smakebuf_r%65
                0x0040260c       0x8c
 .text.__smakebuf_r
                0x0040260c       0x8c e:/complier-new/bin/bin/../../lib/gcc/pic32c/8.3.1/../../../../pic32c/lib/thumb/v7e-m+dp/hard\libc_nano.a(lib_a-makebuf.o)
                0x0040260c                __smakebuf_r

.text.SYS_FS_FileWrite%66
                0x00402698       0x88
 .text.SYS_FS_FileWrite
                0x00402698       0x88 build/default/production/_ext/1269487135/sys_fs.o
                0x00402698                SYS_FS_FileWrite

.text.__pic32c_data_initialization%67
                0x00402720       0x88
 .text.__pic32c_data_initialization
                0x00402720       0x88 e:/complier-new/bin/bin/../../lib/gcc/pic32c/8.3.1/../../../../pic32c/lib/thumb/v7e-m+dp/hard\libpic32c.a(data_init.o)
                0x00402720                __pic32c_data_initialization

.text.SYS_FS_FileRead%68
                0x004027a8       0x84
 .text.SYS_FS_FileRead
                0x004027a8       0x84 build/default/production/_ext/1269487135/sys_fs.o
                0x004027a8                SYS_FS_FileRead

.text.__fputwc%69
                0x0040282c       0x82
 .text.__fputwc
                0x0040282c       0x82 e:/complier-new/bin/bin/../../lib/gcc/pic32c/8.3.1/../../../../pic32c/lib/thumb/v7e-m+dp/hard\libc_nano.a(lib_a-fputwc.o)
                0x0040282c                __fputwc

.text.vTaskPriorityDisinheritAfterTimeout%70
                0x004028b0       0x80
 .text.vTaskPriorityDisinheritAfterTimeout
                0x004028b0       0x80 build/default/production/_ext/404212886/FreeRTOS_tasks.o
                0x004028b0                vTaskPriorityDisinheritAfterTimeout

.text.prvUnlockQueue%71
                0x00402930       0x7e
 .text.prvUnlockQueue
                0x00402930       0x7e build/default/production/_ext/404212886/queue.o

.text.SYS_FS_FileClose%72
                0x004029b0       0x7c
 .text.SYS_FS_FileClose
                0x004029b0       0x7c build/default/production/_ext/1269487135/sys_fs.o
                0x004029b0                SYS_FS_FileClose

.text.SYS_FS_FileSize%73
                0x00402a2c       0x7c
 .text.SYS_FS_FileSize
                0x00402a2c       0x7c build/default/production/_ext/1269487135/sys_fs.o
                0x00402a2c                SYS_FS_FileSize

.text.xTaskPriorityDisinherit%74
                0x00402aa8       0x7c
 .text.xTaskPriorityDisinherit
                0x00402aa8       0x7c build/default/production/_ext/404212886/FreeRTOS_tasks.o
                0x00402aa8                xTaskPriorityDisinherit

.text.xTaskRemoveFromEventList%75
                0x00402b24       0x78
 .text.xTaskRemoveFromEventList
                0x00402b24       0x78 build/default/production/_ext/404212886/FreeRTOS_tasks.o
                0x00402b24                xTaskRemoveFromEventList

.text.__sfp%76  0x00402b9c       0x78
 .text.__sfp    0x00402b9c       0x78 e:/complier-new/bin/bin/../../lib/gcc/pic32c/8.3.1/../../../../pic32c/lib/thumb/v7e-m+dp/hard\libc_nano.a(lib_a-findfp.o)
                0x00402b9c                __sfp

.text.prvCopyDataToQueue%77
                0x00402c14       0x72
 .text.prvCopyDataToQueue
                0x00402c14       0x72 build/default/production/_ext/404212886/queue.o

.text.USART1_Write%78
                0x00402c88       0x70
 .text.USART1_Write
                0x00402c88       0x70 build/default/production/_ext/2001315827/plib_usart1.o
                0x00402c88                USART1_Write

.text.XDMAC_InterruptHandler%79
                0x00402cf8       0x6c
 .text.XDMAC_InterruptHandler
                0x00402cf8       0x6c build/default/production/_ext/2003650513/plib_xdmac.o
                0x00402cf8                XDMAC_InterruptHandler

.text.RTT_InterruptHandler%80
                0x00402d64       0x68
 .text.RTT_InterruptHandler
                0x00402d64       0x68 build/default/production/_ext/60180192/plib_rtt.o
                0x00402d64                RTT_InterruptHandler

.text.xPortPendSVHandler%81
                0x00402dd0       0x64
 .text.xPortPendSVHandler
                0x00402dd0       0x64 build/default/production/_ext/977623654/port.o
                0x00402dd0                xPortPendSVHandler

.text.__sinit%82
                0x00402e34       0x60
 .text.__sinit  0x00402e34       0x60 e:/complier-new/bin/bin/../../lib/gcc/pic32c/8.3.1/../../../../pic32c/lib/thumb/v7e-m+dp/hard\libc_nano.a(lib_a-findfp.o)
                0x00402e34                __sinit

.text.SYS_FS_MEDIA_MANAGER_MediaStatusGet%83
                0x00402e94       0x5c
 .text.SYS_FS_MEDIA_MANAGER_MediaStatusGet
                0x00402e94       0x5c build/default/production/_ext/1269487135/sys_fs_media_manager.o
                0x00402e94                SYS_FS_MEDIA_MANAGER_MediaStatusGet

.text.xTaskCheckForTimeOut%84
                0x00402ef0       0x5c
 .text.xTaskCheckForTimeOut
                0x00402ef0       0x5c build/default/production/_ext/404212886/FreeRTOS_tasks.o
                0x00402ef0                xTaskCheckForTimeOut

.text.main%85   0x00402f4c       0x5c
 .text.main     0x00402f4c       0x5c build/default/production/_ext/1360937237/main.o
                0x00402f4c                main

.text._fflush_r%86
                0x00402fa8       0x54
 .text._fflush_r
                0x00402fa8       0x54 e:/complier-new/bin/bin/../../lib/gcc/pic32c/8.3.1/../../../../pic32c/lib/thumb/v7e-m+dp/hard\libc_nano.a(lib_a-fflush.o)
                0x00402fa8                _fflush_r

.text.__ssfputs_r%87
                0x00402ffc       0x4a
 .text.__ssfputs_r
                0x00402ffc       0x4a e:/complier-new/bin/bin/../../lib/gcc/pic32c/8.3.1/../../../../pic32c/lib/thumb/v7e-m+dp/hard\libc_nano.a(lib_a-__ssfputs.o)
                0x00402ffc                __ssfputs_r

.text.__libc_init_array%88
                0x00403048       0x48
 .text.__libc_init_array
                0x00403048       0x48 e:/complier-new/bin/bin/../../lib/gcc/pic32c/8.3.1/../../../../pic32c/lib/thumb/v7e-m+dp/hard\libc_nano.a(lib_a-init.o)
                0x00403048                __libc_init_array

.text.std%89    0x00403090       0x48
 .text.std      0x00403090       0x48 e:/complier-new/bin/bin/../../lib/gcc/pic32c/8.3.1/../../../../pic32c/lib/thumb/v7e-m+dp/hard\libc_nano.a(lib_a-findfp.o)

.text.__swhatbuf_r%90
                0x004030d8       0x48
 .text.__swhatbuf_r
                0x004030d8       0x48 e:/complier-new/bin/bin/../../lib/gcc/pic32c/8.3.1/../../../../pic32c/lib/thumb/v7e-m+dp/hard\libc_nano.a(lib_a-makebuf.o)
                0x004030d8                __swhatbuf_r

.text%91        0x00403120       0x40
 .text          0x00403120       0x40 e:/complier-new/bin/bin/../../lib/gcc/pic32c/8.3.1/thumb/v7e-m+dp/hard/crtbegin.o

.text.write%92  0x00403160       0x40
 .text.write    0x00403160       0x40 e:/complier-new/bin/bin/../../lib/gcc/pic32c/8.3.1/../../../../pic32c/lib/thumb/v7e-m+dp/hard\libpic32c.a(write.o)
                0x00403160                write

.text._sprintf_cdnopuxX%93
                0x004031a0       0x3c
 .text._sprintf_cdnopuxX
                0x004031a0       0x3c e:/complier-new/bin/bin/../../lib/gcc/pic32c/8.3.1/../../../../pic32c/lib/thumb/v7e-m+dp/hard\libc_nano.a(_lib_a-sprintf.cdnopuxX.o)
                0x004031a0                _sprintf_cdnopuxX
                0x004031a0                __sprintf_di

.text._fwalk_reent%94
                0x004031dc       0x3c
 .text._fwalk_reent
                0x004031dc       0x3c e:/complier-new/bin/bin/../../lib/gcc/pic32c/8.3.1/../../../../pic32c/lib/thumb/v7e-m+dp/hard\libc_nano.a(lib_a-fwalk.o)
                0x004031dc                _fwalk_reent

.text.__swrite%95
                0x00403218       0x38
 .text.__swrite
                0x00403218       0x38 e:/complier-new/bin/bin/../../lib/gcc/pic32c/8.3.1/../../../../pic32c/lib/thumb/v7e-m+dp/hard\libc_nano.a(lib_a-stdio.o)
                0x00403218                __swrite

.text.TWIHS0_InitiateRead%96
                0x00403250       0x34
 .text.TWIHS0_InitiateRead
                0x00403250       0x34 build/default/production/_ext/621496242/plib_twihs0_master.o

.text.vListInsert%97
                0x00403284       0x34
 .text.vListInsert
                0x00403284       0x34 build/default/production/_ext/404212886/list.o
                0x00403284                vListInsert

.text.SDCARD_Initialize%98
                0x004032b8       0x34
 .text.SDCARD_Initialize
                0x004032b8       0x34 build/default/production/_ext/2124829536/sdcard.o
                0x004032b8                SDCARD_Initialize

.rodata%99      0x004032ec       0x33
 .rodata        0x004032ec       0x33 e:/complier-new/bin/bin/../../lib/gcc/pic32c/8.3.1/../../../../pic32c/lib/thumb/v7e-m+dp/hard\libc_nano.a(_lib_a-nano-vfprintf.cdnopuxX.o)

.text.SYS_FS_MEDIA_MANAGER_VolumePropertyGet%100
                0x00403320       0x30
 .text.SYS_FS_MEDIA_MANAGER_VolumePropertyGet
                0x00403320       0x30 build/default/production/_ext/1269487135/sys_fs_media_manager.o
                0x00403320                SYS_FS_MEDIA_MANAGER_VolumePropertyGet

.text.xPortSysTickHandler%101
                0x00403350       0x30
 .text.xPortSysTickHandler
                0x00403350       0x30 build/default/production/_ext/977623654/port.o
                0x00403350                xPortSysTickHandler

.text.__sfputc_r%102
                0x00403380       0x2e
 .text.__sfputc_r
                0x00403380       0x2e e:/complier-new/bin/bin/../../lib/gcc/pic32c/8.3.1/../../../../pic32c/lib/thumb/v7e-m+dp/hard\libc_nano.a(lib_a-__ssfputs.o)

.text.USART2_ErrorClear%103
                0x004033b0       0x2c
 .text.USART2_ErrorClear
                0x004033b0       0x2c build/default/production/_ext/2001315827/plib_usart2.o

.text.USART1_ErrorClear%104
                0x004033dc       0x2c
 .text.USART1_ErrorClear
                0x004033dc       0x2c build/default/production/_ext/2001315827/plib_usart1.o

.text.prvResetNextTaskUnblockTime%105
                0x00403408       0x2c
 .text.prvResetNextTaskUnblockTime
                0x00403408       0x2c build/default/production/_ext/404212886/FreeRTOS_tasks.o

.text.__sfmoreglue%106
                0x00403434       0x2c
 .text.__sfmoreglue
                0x00403434       0x2c e:/complier-new/bin/bin/../../lib/gcc/pic32c/8.3.1/../../../../pic32c/lib/thumb/v7e-m+dp/hard\libc_nano.a(lib_a-findfp.o)
                0x00403434                __sfmoreglue

.text._wcrtomb_r%107
                0x00403460       0x2c
 .text._wcrtomb_r
                0x00403460       0x2c e:/complier-new/bin/bin/../../lib/gcc/pic32c/8.3.1/../../../../pic32c/lib/thumb/v7e-m+dp/hard\libc_nano.a(lib_a-wcrtomb.o)
                0x00403460                _wcrtomb_r

.text._sbrk%108
                0x0040348c       0x2c
 .text._sbrk    0x0040348c       0x2c e:/complier-new/bin/bin/../../lib/gcc/pic32c/8.3.1/../../../../pic32c/lib/thumb/v7e-m+dp/hard\libpic32c.a(sbrk.o)
                0x0040348c                _sbrk

.text.read%109  0x004034b8       0x28
 .text.read     0x004034b8       0x28 e:/complier-new/bin/bin/../../lib/gcc/pic32c/8.3.1/../../../../pic32c/lib/thumb/v7e-m+dp/hard\libpic32c.a(read.o)
                0x004034b8                read

.text.uxListRemove%110
                0x004034e0       0x26
 .text.uxListRemove
                0x004034e0       0x26 build/default/production/_ext/404212886/list.o
                0x004034e0                uxListRemove

.text.vPortSVCHandler%111
                0x00403510       0x24
 .text.vPortSVCHandler
                0x00403510       0x24 build/default/production/_ext/977623654/port.o
                0x00403510                vPortSVCHandler

.text.vPortEnterCritical%112
                0x00403534       0x24
 .text.vPortEnterCritical
                0x00403534       0x24 build/default/production/_ext/977623654/port.o
                0x00403534                vPortEnterCritical

.text.strncmp%113
                0x00403558       0x24
 .text.strncmp  0x00403558       0x24 e:/complier-new/bin/bin/../../lib/gcc/pic32c/8.3.1/../../../../pic32c/lib/thumb/v7e-m+dp/hard\libc_nano.a(lib_a-strncmp.o)
                0x00403558                strncmp

.text.__ascii_mbtowc%114
                0x0040357c       0x24
 .text.__ascii_mbtowc
                0x0040357c       0x24 e:/complier-new/bin/bin/../../lib/gcc/pic32c/8.3.1/../../../../pic32c/lib/thumb/v7e-m+dp/hard\libc_nano.a(lib_a-mbtowc_r.o)
                0x0040357c                __ascii_mbtowc

.text.__sseek%115
                0x004035a0       0x24
 .text.__sseek  0x004035a0       0x24 e:/complier-new/bin/bin/../../lib/gcc/pic32c/8.3.1/../../../../pic32c/lib/thumb/v7e-m+dp/hard\libc_nano.a(lib_a-stdio.o)
                0x004035a0                __sseek

.text._write_r%116
                0x004035c4       0x24
 .text._write_r
                0x004035c4       0x24 e:/complier-new/bin/bin/../../lib/gcc/pic32c/8.3.1/../../../../pic32c/lib/thumb/v7e-m+dp/hard\libc_nano.a(lib_a-writer.o)
                0x004035c4                _write_r

.text._lseek_r%117
                0x004035e8       0x24
 .text._lseek_r
                0x004035e8       0x24 e:/complier-new/bin/bin/../../lib/gcc/pic32c/8.3.1/../../../../pic32c/lib/thumb/v7e-m+dp/hard\libc_nano.a(lib_a-lseekr.o)
                0x004035e8                _lseek_r

.text._read_r%118
                0x0040360c       0x24
 .text._read_r  0x0040360c       0x24 e:/complier-new/bin/bin/../../lib/gcc/pic32c/8.3.1/../../../../pic32c/lib/thumb/v7e-m+dp/hard\libc_nano.a(lib_a-readr.o)
                0x0040360c                _read_r

.text._fstat_r%119
                0x00403630       0x24
 .text._fstat_r
                0x00403630       0x24 e:/complier-new/bin/bin/../../lib/gcc/pic32c/8.3.1/../../../../pic32c/lib/thumb/v7e-m+dp/hard\libc_nano.a(lib_a-fstatr.o)
                0x00403630                _fstat_r

.text.SYS_FS_MEDIA_MANAGER_IsFSFat%120
                0x00403654       0x22
 .text.SYS_FS_MEDIA_MANAGER_IsFSFat