Archive member included to satisfy reference by file (symbol)

e:/complier-new/bin/bin/../../lib/gcc/pic32c/8.3.1/../../../../pic32c/lib/thumb/v7e-m+dp/hard\libpic32c.a(data_init.o)
                              build/default/production/_ext/1171490990/startup_xc32.o (__pic32c_data_initialization)
e:/complier-new/bin/bin/../../lib/gcc/pic32c/8.3.1/thumb/v7e-m+dp/hard\libgcc.a(_aeabi_uldivmod.o)
                              build/default/production/_ext/101884895/sys_time.o (__aeabi_uldivmod)
e:/complier-new/bin/bin/../../lib/gcc/pic32c/8.3.1/thumb/v7e-m+dp/hard\libgcc.a(_udivmoddi4.o)
                              e:/complier-new/bin/bin/../../lib/gcc/pic32c/8.3.1/thumb/v7e-m+dp/hard\libgcc.a(_aeabi_uldivmod.o) (__udivmoddi4)
e:/complier-new/bin/bin/../../lib/gcc/pic32c/8.3.1/thumb/v7e-m+dp/hard\libgcc.a(_dvmd_tls.o)
                              e:/complier-new/bin/bin/../../lib/gcc/pic32c/8.3.1/thumb/v7e-m+dp/hard\libgcc.a(_aeabi_uldivmod.o) (__aeabi_ldiv0)
e:/complier-new/bin/bin/../../lib/gcc/pic32c/8.3.1/../../../../pic32c/lib/thumb/v7e-m+dp/hard\libc_nano.a(_lib_a-sprintf.cdnopuxX.o)
                              (_sprintf_cdnopuxX)
e:/complier-new/bin/bin/../../lib/gcc/pic32c/8.3.1/../../../../pic32c/lib/thumb/v7e-m+dp/hard\libc_nano.a(lib_a-init.o)
                              build/default/production/_ext/1171490990/startup_xc32.o (__libc_init_array)
e:/complier-new/bin/bin/../../lib/gcc/pic32c/8.3.1/../../../../pic32c/lib/thumb/v7e-m+dp/hard\libc_nano.a(lib_a-malloc.o)
                              build/default/production/_ext/2124829536/sdcard.o (malloc)
e:/complier-new/bin/bin/../../lib/gcc/pic32c/8.3.1/../../../../pic32c/lib/thumb/v7e-m+dp/hard\libc_nano.a(lib_a-memcpy-stub.o)
                              build/default/production/_ext/60167248/plib_efc.o (memcpy)
e:/complier-new/bin/bin/../../lib/gcc/pic32c/8.3.1/../../../../pic32c/lib/thumb/v7e-m+dp/hard\libc_nano.a(lib_a-memmove.o)
                              build/default/production/_ext/1989321110/plib_hsmci.o (memmove)
e:/complier-new/bin/bin/../../lib/gcc/pic32c/8.3.1/../../../../pic32c/lib/thumb/v7e-m+dp/hard\libc_nano.a(lib_a-memset.o)
                              build/default/production/_ext/20954303/drv_sdmmc.o (memset)
e:/complier-new/bin/bin/../../lib/gcc/pic32c/8.3.1/../../../../pic32c/lib/thumb/v7e-m+dp/hard\libc_nano.a(lib_a-nano-freer.o)
                              e:/complier-new/bin/bin/../../lib/gcc/pic32c/8.3.1/../../../../pic32c/lib/thumb/v7e-m+dp/hard\libc_nano.a(lib_a-malloc.o) (_free_r)
e:/complier-new/bin/bin/../../lib/gcc/pic32c/8.3.1/../../../../pic32c/lib/thumb/v7e-m+dp/hard\libc_nano.a(lib_a-nano-mallocr.o)
                              e:/complier-new/bin/bin/../../lib/gcc/pic32c/8.3.1/../../../../pic32c/lib/thumb/v7e-m+dp/hard\libc_nano.a(lib_a-malloc.o) (_malloc_r)
e:/complier-new/bin/bin/../../lib/gcc/pic32c/8.3.1/../../../../pic32c/lib/thumb/v7e-m+dp/hard\libc_nano.a(lib_a-sbrkr.o)
                              e:/complier-new/bin/bin/../../lib/gcc/pic32c/8.3.1/../../../../pic32c/lib/thumb/v7e-m+dp/hard\libc_nano.a(lib_a-nano-mallocr.o) (_sbrk_r)
e:/complier-new/bin/bin/../../lib/gcc/pic32c/8.3.1/../../../../pic32c/lib/thumb/v7e-m+dp/hard\libc_nano.a(lib_a-strcmp.o)
                              build/default/production/_ext/1269487135/sys_fs_media_manager.o (strcmp)
e:/complier-new/bin/bin/../../lib/gcc/pic32c/8.3.1/../../../../pic32c/lib/thumb/v7e-m+dp/hard\libc_nano.a(lib_a-strcpy.o)
                              build/default/production/_ext/1269487135/sys_fs.o (strcpy)
e:/complier-new/bin/bin/../../lib/gcc/pic32c/8.3.1/../../../../pic32c/lib/thumb/v7e-m+dp/hard\libc_nano.a(lib_a-strlen.o)
                              build/default/production/_ext/1269487135/sys_fs.o (strlen)
e:/complier-new/bin/bin/../../lib/gcc/pic32c/8.3.1/../../../../pic32c/lib/thumb/v7e-m+dp/hard\libc_nano.a(lib_a-strncmp.o)
                              build/default/production/_ext/1269487135/sys_fs.o (strncmp)
e:/complier-new/bin/bin/../../lib/gcc/pic32c/8.3.1/../../../../pic32c/lib/thumb/v7e-m+dp/hard\libc_nano.a(_lib_a-nano-vfprintf.cdnopuxX.o)
                              e:/complier-new/bin/bin/../../lib/gcc/pic32c/8.3.1/../../../../pic32c/lib/thumb/v7e-m+dp/hard\libc_nano.a(_lib_a-sprintf.cdnopuxX.o) (_vfprintf_cdnopuxX)
e:/complier-new/bin/bin/../../lib/gcc/pic32c/8.3.1/../../../../pic32c/lib/thumb/v7e-m+dp/hard\libc_nano.a(lib_a-__ssfputs.o)
                              e:/complier-new/bin/bin/../../lib/gcc/pic32c/8.3.1/../../../../pic32c/lib/thumb/v7e-m+dp/hard\libc_nano.a(_lib_a-nano-vfprintf.cdnopuxX.o) (__ssfputs_r)
e:/complier-new/bin/bin/../../lib/gcc/pic32c/8.3.1/../../../../pic32c/lib/thumb/v7e-m+dp/hard\libc_nano.a(lib_a-findfp.o)
                              e:/complier-new/bin/bin/../../lib/gcc/pic32c/8.3.1/../../../../pic32c/lib/thumb/v7e-m+dp/hard\libc_nano.a(_lib_a-nano-vfprintf.cdnopuxX.o) (__sinit)
[...]
Memory Configuration

Name             Origin             Length             Attributes
rom              0x00400000         0x00200000         xrl
ram              0x20400000         0x00060000         xw !r
itcm             0x00000000         0x00000000         xw
dtcm             0x20000000         0x00000000         xw !r
config_D0000000  0xd0000000         0x00000004
config_D0000008  0xd0000008         0x00000004
config_D0000004  0xd0000004         0x00000004
config_D000000C  0xd000000c         0x00000004
config_D0000010  0xd0000010         0x00000004
*default*        0x00000000         0xffffffff

Linker script and memory map

LOAD e:/complier-new/bin/bin/../../lib/gcc/pic32c/8.3.1/thumb/v7e-m+dp/hard/crti.o
LOAD e:/complier-new/bin/bin/../../lib/gcc/pic32c/8.3.1/thumb/v7e-m+dp/hard/crtbegin.o
LOAD build/default/production/_ext/20954303/drv_sdmmc_file_system.o
LOAD build/default/production/_ext/20954303/drv_sdmmc.o
LOAD build/default/production/_ext/1529399856/osal_freertos.o
LOAD build/default/production/_ext/60165520/plib_clk.o
LOAD build/default/production/_ext/60167248/plib_efc.o
LOAD build/default/production/_ext/1989321110/plib_hsmci.o
LOAD build/default/production/_ext/1865468468/plib_nvic.o
LOAD build/default/production/_ext/60177924/plib_pio.o
LOAD build/default/production/_ext/60180192/plib_rtt.o
LOAD build/default/production/_ext/621496242/plib_twihs0_master.o
LOAD build/default/production/_ext/2001315827/plib_usart2.o
LOAD build/default/production/_ext/2003650513/plib_xdmac.o
LOAD build/default/production/_ext/163028504/xc32_monitor.o
LOAD build/default/production/_ext/1014039709/sys_cache.o
LOAD build/default/production/_ext/411819097/ff.o
LOAD build/default/production/_ext/411819097/ffunicode.o
LOAD build/default/production/_ext/565198302/diskio.o
LOAD build/default/production/_ext/1269487135/sys_fs.o
LOAD build/default/production/_ext/1269487135/sys_fs_media_manager.o
LOAD build/default/production/_ext/1269487135/sys_fs_fat_interface.o
LOAD build/default/production/_ext/1881668453/sys_int.o
LOAD build/default/production/_ext/101884895/sys_time.o
LOAD build/default/production/_ext/1171490990/initialization.o
LOAD build/default/production/_ext/1171490990/interrupts.o
LOAD build/default/production/_ext/1171490990/exceptions.o
LOAD build/default/production/_ext/1171490990/startup_xc32.o
LOAD build/default/production/_ext/1171490990/libc_syscalls.o
LOAD build/default/production/_ext/1171490990/freertos_hooks.o
LOAD build/default/production/_ext/1171490990/tasks.o
LOAD build/default/production/_ext/977623654/port.o
LOAD build/default/production/_ext/1665200909/heap_1.o
LOAD build/default/production/_ext/404212886/croutine.o
LOAD build/default/production/_ext/404212886/list.o
LOAD build/default/production/_ext/404212886/queue.o
LOAD build/default/production/_ext/404212886/FreeRTOS_tasks.o
LOAD build/default/production/_ext/404212886/timers.o
LOAD build/default/production/_ext/404212886/event_groups.o
LOAD build/default/production/_ext/404212886/stream_buffer.o
LOAD build/default/production/_ext/1360937237/app.o
LOAD build/default/production/_ext/2124829536/sdcard.o
LOAD build/default/production/_ext/2001315827/plib_usart1.o
LOAD build/default/production/_ext/1360937237/main.o
                0x00000001                __MPLAB_BUILD = 0x1
                0x00600000                __rom_end = (ORIGIN (rom) + LENGTH (rom))
                0x20460000                __ram_end = (ORIGIN (ram) + LENGTH (ram))

.config_D0000000
                0xd0000000        0x4
 *(.config_D0000000)
 .config_D0000000
                0xd0000000        0x4 build/default/production/_ext/1171490990/initialization.o
                0xd0000000                __config_D0000000

.config_D0000008
 *(.config_D0000008)

.config_D0000004
 *(.config_D0000004)

.config_D000000C
 *(.config_D000000C)

.config_D0000010
 *(.config_D0000010)

.vectors        0x00400000      0x168
                0x00400000                . = ALIGN (0x4)
                0x00400000                _sfixed = .
 *(.vectors .vectors.* .vectors_default .vectors_default.*)
 .vectors       0x00400000      0x168 build/default/production/_ext/1171490990/interrupts.o
                0x00400000                exception_table
 *(.isr_vector)
 *(.reset*)
 *(.after_vectors)

.text           0x00400168       0x20
                0x00400168                . = ALIGN (0x4)
 *(.glue_7t)
 .glue_7t       0x00400168        0x0 linker stubs
 *(.glue_7)
 .glue_7        0x00400168        0x0 linker stubs
 *(.gnu.linkonce.r.*)
 *(.ARM.extab* .gnu.linkonce.armextab.*)
                0x00400168                . = ALIGN (0x4)
 *(.init)
 .init          0x00400168        0x4 e:/complier-new/bin/bin/../../lib/gcc/pic32c/8.3.1/thumb/v7e-m+dp/hard/crti.o
                0x00400168                _init
 .init          0x0040016c        0x8 e:/complier-new/bin/bin/../../lib/gcc/pic32c/8.3.1/thumb/v7e-m+dp/hard/crtn.o
                0x00400174                . = ALIGN (0x4)
                0x00400174                __preinit_array_start = .
 *(.preinit_array)
                0x00400174                __preinit_array_end = .
                0x00400174                . = ALIGN (0x4)
                0x00400174                __init_array_start = .
 *(SORT_BY_NAME(.init_array.*))
 *(.init_array)
 .init_array    0x00400174        0x4 e:/complier-new/bin/bin/../../lib/gcc/pic32c/8.3.1/thumb/v7e-m+dp/hard/crtbegin.o
                0x00400178                __init_array_end = .
                0x00400178                . = ALIGN (0x4)
 *crtbegin.o(.ctors)
 *(EXCLUDE_FILE(*crtend.o) .ctors)
 *(SORT_BY_NAME(.ctors.*))
 *crtend.o(.ctors)
                0x00400178                . = ALIGN (0x4)
 *(.fini)
 .fini          0x00400178        0x4 e:/complier-new/bin/bin/../../lib/gcc/pic32c/8.3.1/thumb/v7e-m+dp/hard/crti.o
                0x00400178                _fini
 .fini          0x0040017c        0x8 e:/complier-new/bin/bin/../../lib/gcc/pic32c/8.3.1/thumb/v7e-m+dp/hard/crtn.o
                0x00400184                . = ALIGN (0x4)
                0x00400184                __fini_array_start = .
 *(.fini_array)
 .fini_array    0x00400184        0x4 e:/complier-new/bin/bin/../../lib/gcc/pic32c/8.3.1/thumb/v7e-m+dp/hard/crtbegin.o
 *(SORT_BY_NAME(.fini_array.*))
                0x00400188                __fini_array_end = .
 *crtbegin.o(.dtors)
 *(EXCLUDE_FILE(*crtend.o) .dtors)
 *(SORT_BY_NAME(.dtors.*))
 *crtend.o(.dtors)
                0x00400188                . = ALIGN (0x4)
                0x00400188                _efixed = .
                [!provide]                PROVIDE (__exidx_start = .)

.ARM.exidx
 *(.ARM.exidx* .gnu.linkonce.armexidx.*)
                [!provide]                PROVIDE (__exidx_end = .)
                0x00400188                . = ALIGN (0x4)
                0x00400188                _etext = .

.bss            0x20400000      0x470
                0x20400000                . = ALIGN (0x4)
                0x20400000                __bss_start__ = .
                0x20400000                _sbss = .
                0x20400000                _szero = .
 *(COMMON)
 COMMON         0x20400000        0x8 build/default/production/_ext/60180192/plib_rtt.o
                0x20400000                rtt
 COMMON         0x20400008       0x30 build/default/production/_ext/2001315827/plib_usart2.o
                0x20400008                usart2Obj
 COMMON         0x20400038       0x10 build/default/production/_ext/2003650513/plib_xdmac.o
                0x20400038                xdmacChannelObj
 *fill*         0x20400048       0x18 
 COMMON         0x20400060      0x178 build/default/production/_ext/1269487135/sys_fs.o
                0x20400060                gSysFsMutex
                0x20400080                gSYSFSFileObj
                0x204001a0                gSYSFSDirObj
                0x204001b0                gSYSFSCurrentMountPoint
                0x204001b8                gSYSFSObj
                0x204001c0                errorValue
                0x204001c4                gSYSFSMountPoint
 *fill*         0x204001d8        0x8 
 COMMON         0x204001e0      0x25c build/default/production/_ext/1269487135/sys_fs_media_manager.o
                0x204001e0                gSYSFSMediaObject
                0x20400208                VolToPart
                0x20400220                gSYSFSMediaBuffer
                0x20400420                gSYSFSVolumeObject
 COMMON         0x2040043c       0x30 build/default/production/_ext/2001315827/plib_usart1.o
                0x2040043c                usart1Obj
 COMMON         0x2040046c        0x4 e:/complier-new/bin/bin/../../lib/gcc/pic32c/8.3.1/../../../../pic32c/lib/thumb/v7e-m+dp/hard\libc_nano.a(lib_a-reent.o)
                0x2040046c                errno
                0x20400470                . = ALIGN (0x4)
                0x20400470                __bss_end__ = .
                0x20400470                _ebss = .
                0x20400470                _ezero = .
                0x20400470                . = ALIGN (0x4)
                0x20400470                _end = .
                0x2045ffff                _ram_end_ = ((ORIGIN (ram) + LENGTH (ram)) - 0x1)
                0x00000200                _min_heap_size = 0x200
START GROUP
LOAD e:/complier-new/bin/bin/../../lib/gcc/pic32c/8.3.1/../../../../pic32c/lib/thumb/v7e-m+dp/hard\libpic32c.a
LOAD e:/complier-new/bin/bin/../../lib/gcc/pic32c/8.3.1/thumb/v7e-m+dp/hard\libgcc.a
LOAD e:/complier-new/bin/bin/../../lib/gcc/pic32c/8.3.1/../../../../pic32c/lib/thumb/v7e-m+dp/hard\libm_nano.a
LOAD e:/complier-new/bin/bin/../../lib/gcc/pic32c/8.3.1/../../../../pic32c/lib/thumb/v7e-m+dp/hard\libc_nano.a
END GROUP
LOAD e:/complier-new/bin/bin/../../lib/gcc/pic32c/8.3.1/thumb/v7e-m+dp/hard/crtend.o
LOAD e:/complier-new/bin/bin/../../lib/gcc/pic32c/8.3.1/thumb/v7e-m+dp/hard/crtn.o
OUTPUT(dist/default/production/Testing_SD_Card.X.production.elf elf32-littlearm)
LOAD stack
LOAD data_init

.ARM.attributes
                0x00000000       0x2e
 .ARM.attributes
                0x00000000       0x1e e:/complier-new/bin/bin/../../lib/gcc/pic32c/8.3.1/thumb/v7e-m+dp/hard/crti.o
 .ARM.attributes
                0x0000001e       0x32 e:/complier-new/bin/bin/../../lib/gcc/pic32c/8.3.1/thumb/v7e-m+dp/hard/crtbegin.o
 .ARM.attributes
                0x00000050       0x32 build/default/production/_ext/1529399856/osal_freertos.o
 .ARM.attributes
                0x00000082       0x32 build/default/production/_ext/1989321110/plib_hsmci.o
 .ARM.attributes
                0x000000b4       0x32 build/default/production/_ext/60180192/plib_rtt.o
 .ARM.attributes
                0x000000e6       0x32 build/default/production/_ext/621496242/plib_twihs0_master.o
 .ARM.attributes
                0x00000118       0x32 build/default/production/_ext/2001315827/plib_usart2.o
 .ARM.attributes
                0x0000014a       0x32 build/default/production/_ext/2003650513/plib_xdmac.o
 .ARM.attributes
                0x0000017c       0x32 build/default/production/_ext/163028504/xc32_monitor.o
 .ARM.attributes
                0x000001ae       0x32 build/default/production/_ext/1269487135/sys_fs.o
 .ARM.attributes
                0x000001e0       0x32 build/default/production/_ext/1269487135/sys_fs_media_manager.o
 .ARM.attributes
                0x00000212       0x32 build/default/production/_ext/1171490990/initialization.o
 .ARM.attributes
                0x00000244       0x32 build/default/production/_ext/1171490990/interrupts.o
 .ARM.attributes
                0x00000276       0x32 build/default/production/_ext/1171490990/exceptions.o
 .ARM.attributes
                0x000002a8       0x32 build/default/production/_ext/1171490990/startup_xc32.o
 .ARM.attributes
                0x000002da       0x32 build/default/production/_ext/1171490990/freertos_hooks.o
 .ARM.attributes
                0x0000030c       0x32 build/default/production/_ext/977623654/port.o
 .ARM.attributes
                0x0000033e       0x32 build/default/production/_ext/404212886/list.o
 .ARM.attributes
                0x00000370       0x32 build/default/production/_ext/404212886/queue.o
 .ARM.attributes
                0x000003a2       0x32 build/default/production/_ext/404212886/FreeRTOS_tasks.o
 .ARM.attributes
                0x000003d4       0x32 build/default/production/_ext/2124829536/sdcard.o
 .ARM.attributes
                0x00000406       0x32 build/default/production/_ext/2001315827/plib_usart1.o
 .ARM.attributes
                0x00000438       0x32 build/default/production/_ext/1360937237/main.o
 .ARM.attributes
                0x0000046a       0x32 e:/complier-new/bin/bin/../../lib/gcc/pic32c/8.3.1/../../../../pic32c/lib/thumb/v7e-m+dp/hard\libpic32c.a(data_init.o)
 .ARM.attributes
                0x0000049c       0x32 e:/complier-new/bin/bin/../../lib/gcc/pic32c/8.3.1/../../../../pic32c/lib/thumb/v7e-m+dp/hard\libc_nano.a(_lib_a-sprintf.cdnopuxX.o)
 .ARM.attributes
                0x000004ce       0x32 e:/complier-new/bin/bin/../../lib/gcc/pic32c/8.3.1/../../../../pic32c/lib/thumb/v7e-m+dp/hard\libc_nano.a(lib_a-init.o)
 .ARM.attributes
                0x00000500       0x32 e:/complier-new/bin/bin/../../lib/gcc/pic32c/8.3.1/../../../../pic32c/lib/thumb/v7e-m+dp/hard\libc_nano.a(lib_a-malloc.o)
 .ARM.attributes
                0x00000532       0x32 e:/complier-new/bin/bin/../../lib/gcc/pic32c/8.3.1/../../../../pic32c/lib/thumb/v7e-m+dp/hard\libc_nano.a(lib_a-memcpy-stub.o)
 .ARM.attributes
                0x00000564       0x32 e:/complier-new/bin/bin/../../lib/gcc/pic32c/8.3.1/../../../../pic32c/lib/thumb/v7e-m+dp/hard\libc_nano.a(lib_a-memset.o)
 .ARM.attributes
                0x00000596       0x32 e:/complier-new/bin/bin/../../lib/gcc/pic32c/8.3.1/../../../../pic32c/lib/thumb/v7e-m+dp/hard\libc_nano.a(lib_a-nano-freer.o)
 .ARM.attributes
                0x000005c8       0x32 e:/complier-new/bin/bin/../../lib/gcc/pic32c/8.3.1/../../../../pic32c/lib/thumb/v7e-m+dp/hard\libc_nano.a(lib_a-nano-mallocr.o)
 .ARM.attributes
                0x000005fa       0x32 e:/complier-new/bin/bin/../../lib/gcc/pic32c/8.3.1/../../../../pic32c/lib/thumb/v7e-m+dp/hard\libc_nano.a(lib_a-sbrkr.o)
 .ARM.attributes
                0x0000062c       0x1c e:/complier-new/bin/bin/../../lib/gcc/pic32c/8.3.1/../../../../pic32c/lib/thumb/v7e-m+dp/hard\libc_nano.a(lib_a-strcmp.o)
 .ARM.attributes
                0x00000648       0x17 e:/complier-new/bin/bin/../../lib/gcc/pic32c/8.3.1/../../../../pic32c/lib/thumb/v7e-m+dp/hard\libc_nano.a(lib_a-strlen.o)
 .ARM.attributes
                0x0000065f       0x32 e:/complier-new/bin/bin/../../lib/gcc/pic32c/8.3.1/../../../../pic32c/lib/thumb/v7e-m+dp/hard\libc_nano.a(lib_a-strncmp.o)
 .ARM.attributes
                0x00000691       0x32 e:/complier-new/bin/bin/../../lib/gcc/pic32c/8.3.1/../../../../pic32c/lib/thumb/v7e-m+dp/hard\libc_nano.a(_lib_a-nano-vfprintf.cdnopuxX.o)
 .ARM.attributes
                0x000006c3       0x32 e:/complier-new/bin/bin/../../lib/gcc/pic32c/8.3.1/../../../../pic32c/lib/thumb/v7e-m+dp/hard\libc_nano.a(lib_a-__ssfputs.o)
 .ARM.attributes
                0x000006f5       0x32 e:/complier-new/bin/bin/../../lib/gcc/pic32c/8.3.1/../../../../pic32c/lib/thumb/v7e-m+dp/hard\libc_nano.a(lib_a-findfp.o)
 .ARM.attributes
                0x00000727       0x32 e:/complier-new/bin/bin/../../lib/gcc/pic32c/8.3.1/../../../../pic32c/lib/thumb/v7e-m+dp/hard\libc_nano.a(lib_a-fputwc.o)
 .ARM.attributes
                0x00000759       0x32 e:/complier-new/bin/bin/../../lib/gcc/pic32c/8.3.1/../../../../pic32c/lib/thumb/v7e-m+dp/hard\libc_nano.a(lib_a-fwalk.o)
 .ARM.attributes
                0x0000078b       0x30 e:/complier-new/bin/bin/../../lib/gcc/pic32c/8.3.1/../../../../pic32c/lib/thumb/v7e-m+dp/hard\libc_nano.a(lib_a-impure.o)
 .ARM.attributes
                0x000007bb       0x32 e:/complier-new/bin/bin/../../lib/gcc/pic32c/8.3.1/../../../../pic32c/lib/thumb/v7e-m+dp/hard\libc_nano.a(lib_a-locale.o)
 .ARM.attributes
                0x000007ed       0x32 e:/complier-new/bin/bin/../../lib/gcc/pic32c/8.3.1/../../../../pic32c/lib/thumb/v7e-m+dp/hard\libc_nano.a(lib_a-mbtowc_r.o)
 .ARM.attributes
                0x0000081f       0x1c e:/complier-new/bin/bin/../../lib/gcc/pic32c/8.3.1/../../../../pic32c/lib/thumb/v7e-m+dp/hard\libc_nano.a(lib_a-memchr.o)
 .ARM.attributes
                0x0000083b       0x32 e:/complier-new/bin/bin/../../lib/gcc/pic32c/8.3.1/../../../../pic32c/lib/thumb/v7e-m+dp/hard\libc_nano.a(lib_a-mlock.o)
 .ARM.attributes
                0x0000086d       0x32 e:/complier-new/bin/bin/../../lib/gcc/pic32c/8.3.1/../../../../pic32c/lib/thumb/v7e-m+dp/hard\libc_nano.a(lib_a-nano-vfprintf_i.o)
 .ARM.attributes
                0x0000089f       0x32 e:/complier-new/bin/bin/../../lib/gcc/pic32c/8.3.1/../../../../pic32c/lib/thumb/v7e-m+dp/hard\libc_nano.a(lib_a-reent.o)
 .ARM.attributes
                0x000008d1       0x32 e:/complier-new/bin/bin/../../lib/gcc/pic32c/8.3.1/../../../../pic32c/lib/thumb/v7e-m+dp/hard\libc_nano.a(lib_a-stdio.o)
 .ARM.attributes
                0x00000903       0x32 e:/complier-new/bin/bin/../../lib/gcc/pic32c/8.3.1/../../../../pic32c/lib/thumb/v7e-m+dp/hard\libc_nano.a(lib_a-wbuf.o)
 .ARM.attributes
                0x00000935       0x32 e:/complier-new/bin/bin/../../lib/gcc/pic32c/8.3.1/../../../../pic32c/lib/thumb/v7e-m+dp/hard\libc_nano.a(lib_a-wcrtomb.o)
 .ARM.attributes
                0x00000967       0x32 e:/complier-new/bin/bin/../../lib/gcc/pic32c/8.3.1/../../../../pic32c/lib/thumb/v7e-m+dp/hard\libc_nano.a(lib_a-wctomb_r.o)
 .ARM.attributes
                0x00000999       0x32 e:/complier-new/bin/bin/../../lib/gcc/pic32c/8.3.1/../../../../pic32c/lib/thumb/v7e-m+dp/hard\libc_nano.a(lib_a-writer.o)
 .ARM.attributes
                0x000009cb       0x32 e:/complier-new/bin/bin/../../lib/gcc/pic32c/8.3.1/../../../../pic32c/lib/thumb/v7e-m+dp/hard\libc_nano.a(lib_a-wsetup.o)
 .ARM.attributes
                0x000009fd       0x32 e:/complier-new/bin/bin/../../lib/gcc/pic32c/8.3.1/../../../../pic32c/lib/thumb/v7e-m+dp/hard\libc_nano.a(lib_a-closer.o)
 .ARM.attributes
                0x00000a2f       0x30 e:/complier-new/bin/bin/../../lib/gcc/pic32c/8.3.1/../../../../pic32c/lib/thumb/v7e-m+dp/hard\libc_nano.a(lib_a-ctype_.o)
 .ARM.attributes
                0x00000a5f       0x32 e:/complier-new/bin/bin/../../lib/gcc/pic32c/8.3.1/../../../../pic32c/lib/thumb/v7e-m+dp/hard\libc_nano.a(lib_a-fflush.o)
 .ARM.attributes
                0x00000a91       0x32 e:/complier-new/bin/bin/../../lib/gcc/pic32c/8.3.1/../../../../pic32c/lib/thumb/v7e-m+dp/hard\libc_nano.a(lib_a-lseekr.o)
 .ARM.attributes
                0x00000ac3       0x32 e:/complier-new/bin/bin/../../lib/gcc/pic32c/8.3.1/../../../../pic32c/lib/thumb/v7e-m+dp/hard\libc_nano.a(lib_a-makebuf.o)
 .ARM.attributes
                0x00000af5       0x32 e:/complier-new/bin/bin/../../lib/gcc/pic32c/8.3.1/../../../../pic32c/lib/thumb/v7e-m+dp/hard\libc_nano.a(lib_a-readr.o)
 .ARM.attributes
                0x00000b27       0x32 e:/complier-new/bin/bin/../../lib/gcc/pic32c/8.3.1/../../../../pic32c/lib/thumb/v7e-m+dp/hard\libc_nano.a(lib_a-fstatr.o)
 .ARM.attributes
                0x00000b59       0x32 e:/complier-new/bin/bin/../../lib/gcc/pic32c/8.3.1/../../../../pic32c/lib/thumb/v7e-m+dp/hard\libc_nano.a(lib_a-isattyr.o)
 .ARM.attributes
                0x00000b8b       0x32 e:/complier-new/bin/bin/../../lib/gcc/pic32c/8.3.1/../../../../pic32c/lib/thumb/v7e-m+dp/hard\libpic32c.a(_close.o)
 .ARM.attributes
                0x00000bbd       0x32 e:/complier-new/bin/bin/../../lib/gcc/pic32c/8.3.1/../../../../pic32c/lib/thumb/v7e-m+dp/hard\libpic32c.a(_fstat.o)
 .ARM.attributes
                0x00000bef       0x32 e:/complier-new/bin/bin/../../lib/gcc/pic32c/8.3.1/../../../../pic32c/lib/thumb/v7e-m+dp/hard\libpic32c.a(_isatty.o)
 .ARM.attributes
                0x00000c21       0x32 e:/complier-new/bin/bin/../../lib/gcc/pic32c/8.3.1/../../../../pic32c/lib/thumb/v7e-m+dp/hard\libpic32c.a(_lseek.o)
 .ARM.attributes
                0x00000c53       0x32 e:/complier-new/bin/bin/../../lib/gcc/pic32c/8.3.1/../../../../pic32c/lib/thumb/v7e-m+dp/hard\libpic32c.a(_read.o)
 .ARM.attributes
                0x00000c85       0x32 e:/complier-new/bin/bin/../../lib/gcc/pic32c/8.3.1/../../../../pic32c/lib/thumb/v7e-m+dp/hard\libpic32c.a(sbrk.o)
 .ARM.attributes
                0x00000cb7       0x32 e:/complier-new/bin/bin/../../lib/gcc/pic32c/8.3.1/../../../../pic32c/lib/thumb/v7e-m+dp/hard\libpic32c.a(_write.o)
 .ARM.attributes
                0x00000ce9       0x32 e:/complier-new/bin/bin/../../lib/gcc/pic32c/8.3.1/../../../../pic32c/lib/thumb/v7e-m+dp/hard\libpic32c.a(close.o)
 .ARM.attributes
                0x00000d1b       0x32 e:/complier-new/bin/bin/../../lib/gcc/pic32c/8.3.1/../../../../pic32c/lib/thumb/v7e-m+dp/hard\libpic32c.a(fstat.o)
 .ARM.attributes
                0x00000d4d       0x32 e:/complier-new/bin/bin/../../lib/gcc/pic32c/8.3.1/../../../../pic32c/lib/thumb/v7e-m+dp/hard\libpic32c.a(isatty.o)
 .ARM.attributes
                0x00000d7f       0x32 e:/complier-new/bin/bin/../../lib/gcc/pic32c/8.3.1/../../../../pic32c/lib/thumb/v7e-m+dp/hard\libpic32c.a(lseek.o)
 .ARM.attributes
                0x00000db1       0x32 e:/complier-new/bin/bin/../../lib/gcc/pic32c/8.3.1/../../../../pic32c/lib/thumb/v7e-m+dp/hard\libpic32c.a(read.o)
 .ARM.attributes
                0x00000de3       0x32 e:/complier-new/bin/bin/../../lib/gcc/pic32c/8.3.1/../../../../pic32c/lib/thumb/v7e-m+dp/hard\libpic32c.a(write.o)
 .ARM.attributes
                0x00000e15       0x1e e:/complier-new/bin/bin/../../lib/gcc/pic32c/8.3.1/thumb/v7e-m+dp/hard/crtn.o

.comment        0x00000000       0x53
 .comment       0x00000000       0x53 e:/complier-new/bin/bin/../../lib/gcc/pic32c/8.3.1/thumb/v7e-m+dp/hard/crtbegin.o
                                 0x54 (size before relaxing)
 .comment       0x00000053       0x54 build/default/production/_ext/1529399856/osal_freertos.o
 .comment       0x00000053       0x54 build/default/production/_ext/1989321110/plib_hsmci.o
 .comment       0x00000053       0x54 build/default/production/_ext/60180192/plib_rtt.o
 .comment       0x00000053       0x54 build/default/production/_ext/621496242/plib_twihs0_master.o
 .comment       0x00000053       0x54 build/default/production/_ext/2001315827/plib_usart2.o
 .comment       0x00000053       0x54 build/default/production/_ext/2003650513/plib_xdmac.o
 .comment       0x00000053       0x54 build/default/production/_ext/163028504/xc32_monitor.o
 .comment       0x00000053       0x54 build/default/production/_ext/1269487135/sys_fs.o
 .comment       0x00000053       0x54 build/default/production/_ext/1269487135/sys_fs_media_manager.o
 .comment       0x00000053       0x54 build/default/production/_ext/1171490990/initialization.o
 .comment       0x00000053       0x54 build/default/production/_ext/1171490990/interrupts.o
 .comment       0x00000053       0x54 build/default/production/_ext/1171490990/exceptions.o
 .comment       0x00000053       0x54 build/default/production/_ext/1171490990/startup_xc32.o
 .comment       0x00000053       0x54 build/default/production/_ext/1171490990/freertos_hooks.o
 .comment       0x00000053       0x54 build/default/production/_ext/977623654/port.o
 .comment       0x00000053       0x54 build/default/production/_ext/404212886/list.o
 .comment       0x00000053       0x54 build/default/production/_ext/404212886/queue.o
 .comment       0x00000053       0x54 build/default/production/_ext/404212886/FreeRTOS_tasks.o
 .comment       0x00000053       0x54 build/default/production/_ext/2124829536/sdcard.o
 .comment       0x00000053       0x54 build/default/production/_ext/2001315827/plib_usart1.o
 .comment       0x00000053       0x54 build/default/production/_ext/1360937237/main.o
 .comment       0x00000053       0x54 e:/complier-new/bin/bin/../../lib/gcc/pic32c/8.3.1/../../../../pic32c/lib/thumb/v7e-m+dp/hard\libpic32c.a(data_init.o)
 .comment       0x00000053       0x54 e:/complier-new/bin/bin/../../lib/gcc/pic32c/8.3.1/../../../../pic32c/lib/thumb/v7e-m+dp/hard\libc_nano.a(_lib_a-sprintf.cdnopuxX.o)
 .comment       0x00000053       0x54 e:/complier-new/bin/bin/../../lib/gcc/pic32c/8.3.1/../../../../pic32c/lib/thumb/v7e-m+dp/hard\libc_nano.a(lib_a-init.o)
 .comment       0x00000053       0x54 e:/complier-new/bin/bin/../../lib/gcc/pic32c/8.3.1/../../../../pic32c/lib/thumb/v7e-m+dp/hard\libc_nano.a(lib_a-malloc.o)
 .comment       0x00000053       0x54 e:/complier-new/bin/bin/../../lib/gcc/pic32c/8.3.1/../../../../pic32c/lib/thumb/v7e-m+dp/hard\libc_nano.a(lib_a-memcpy-stub.o)
 .comment       0x00000053       0x54 e:/complier-new/bin/bin/../../lib/gcc/pic32c/8.3.1/../../../../pic32c/lib/thumb/v7e-m+dp/hard\libc_nano.a(lib_a-memset.o)
 .comment       0x00000053       0x54 e:/complier-new/bin/bin/../../lib/gcc/pic32c/8.3.1/../../../../pic32c/lib/thumb/v7e-m+dp/hard\libc_nano.a(lib_a-nano-freer.o)
 .comment       0x00000053       0x54 e:/complier-new/bin/bin/../../lib/gcc/pic32c/8.3.1/../../../../pic32c/lib/thumb/v7e-m+dp/hard\libc_nano.a(lib_a-nano-mallocr.o)
 .comment       0x00000053       0x54 e:/complier-new/bin/bin/../../lib/gcc/pic32c/8.3.1/../../../../pic32c/lib/thumb/v7e-m+dp/hard\libc_nano.a(lib_a-sbrkr.o)
 .comment       0x00000053       0x54 e:/complier-new/bin/bin/../../lib/gcc/pic32c/8.3.1/../../../../pic32c/lib/thumb/v7e-m+dp/hard\libc_nano.a(lib_a-strncmp.o)
 .comment       0x00000053       0x54 e:/complier-new/bin/bin/../../lib/gcc/pic32c/8.3.1/../../../../pic32c/lib/thumb/v7e-m+dp/hard\libc_nano.a(_lib_a-nano-vfprintf.cdnopuxX.o)
 .comment       0x00000053       0x54 e:/complier-new/bin/bin/../../lib/gcc/pic32c/8.3.1/../../../../pic32c/lib/thumb/v7e-m+dp/hard\libc_nano.a(lib_a-__ssfputs.o)
 .comment       0x00000053       0x54 e:/complier-new/bin/bin/../../lib/gcc/pic32c/8.3.1/../../../../pic32c/lib/thumb/v7e-m+dp/hard\libc_nano.a(lib_a-findfp.o)
 .comment       0x00000053       0x54 e:/complier-new/bin/bin/../../lib/gcc/pic32c/8.3.1/../../../../pic32c/lib/thumb/v7e-m+dp/hard\libc_nano.a(lib_a-fputwc.o)
 .comment       0x00000053       0x54 e:/complier-new/bin/bin/../../lib/gcc/pic32c/8.3.1/../../../../pic32c/lib/thumb/v7e-m+dp/hard\libc_nano.a(lib_a-fwalk.o)
 .comment       0x00000053       0x54 e:/complier-new/bin/bin/../../lib/gcc/pic32c/8.3.1/../../../../pic32c/lib/thumb/v7e-m+dp/hard\libc_nano.a(lib_a-impure.o)
 .comment       0x00000053       0x54 e:/complier-new/bin/bin/../../lib/gcc/pic32c/8.3.1/../../../../pic32c/lib/thumb/v7e-m+dp/hard\libc_nano.a(lib_a-locale.o)
 .comment       0x00000053       0x54 e:/complier-new/bin/bin/../../lib/gcc/pic32c/8.3.1/../../../../pic32c/lib/thumb/v7e-m+dp/hard\libc_nano.a(lib_a-mbtowc_r.o)
 .comment       0x00000053       0x54 e:/complier-new/bin/bin/../../lib/gcc/pic32c/8.3.1/../../../../pic32c/lib/thumb/v7e-m+dp/hard\libc_nano.a(lib_a-mlock.o)
 .comment       0x00000053       0x54 e:/complier-new/bin/bin/../../lib/gcc/pic32c/8.3.1/../../../../pic32c/lib/thumb/v7e-m+dp/hard\libc_nano.a(lib_a-nano-vfprintf_i.o)
 .comment       0x00000053       0x54 e:/complier-new/bin/bin/../../lib/gcc/pic32c/8.3.1/../../../../pic32c/lib/thumb/v7e-m+dp/hard\libc_nano.a(lib_a-reent.o)
 .comment       0x00000053       0x54 e:/complier-new/bin/bin/../../lib/gcc/pic32c/8.3.1/../../../../pic32c/lib/thumb/v7e-m+dp/hard\libc_nano.a(lib_a-stdio.o)
 .comment       0x00000053       0x54 e:/complier-new/bin/bin/../../lib/gcc/pic32c/8.3.1/../../../../pic32c/lib/thumb/v7e-m+dp/hard\libc_nano.a(lib_a-wbuf.o)
 .comment       0x00000053       0x54 e:/complier-new/bin/bin/../../lib/gcc/pic32c/8.3.1/../../../../pic32c/lib/thumb/v7e-m+dp/hard\libc_nano.a(lib_a-wcrtomb.o)
 .comment       0x00000053       0x54 e:/complier-new/bin/bin/../../lib/gcc/pic32c/8.3.1/../../../../pic32c/lib/thumb/v7e-m+dp/hard\libc_nano.a(lib_a-wctomb_r.o)
 .comment       0x00000053       0x54 e:/complier-new/bin/bin/../../lib/gcc/pic32c/8.3.1/../../../../pic32c/lib/thumb/v7e-m+dp/hard\libc_nano.a(lib_a-writer.o)
 .comment       0x00000053       0x54 e:/complier-new/bin/bin/../../lib/gcc/pic32c/8.3.1/../../../../pic32c/lib/thumb/v7e-m+dp/hard\libc_nano.a(lib_a-wsetup.o)
 .comment       0x00000053       0x54 e:/complier-new/bin/bin/../../lib/gcc/pic32c/8.3.1/../../../../pic32c/lib/thumb/v7e-m+dp/hard\libc_nano.a(lib_a-closer.o)
 .comment       0x00000053       0x54 e:/complier-new/bin/bin/../../lib/gcc/pic32c/8.3.1/../../../../pic32c/lib/thumb/v7e-m+dp/hard\libc_nano.a(lib_a-ctype_.o)
 .comment       0x00000053       0x54 e:/complier-new/bin/bin/../../lib/gcc/pic32c/8.3.1/../../../../pic32c/lib/thumb/v7e-m+dp/hard\libc_nano.a(lib_a-fflush.o)
 .comment       0x00000053       0x54 e:/complier-new/bin/bin/../../lib/gcc/pic32c/8.3.1/../../../../pic32c/lib/thumb/v7e-m+dp/hard\libc_nano.a(lib_a-lseekr.o)
 .comment       0x00000053       0x54 e:/complier-new/bin/bin/../../lib/gcc/pic32c/8.3.1/../../../../pic32c/lib/thumb/v7e-m+dp/hard\libc_nano.a(lib_a-makebuf.o)
 .comment       0x00000053       0x54 e:/complier-new/bin/bin/../../lib/gcc/pic32c/8.3.1/../../../../pic32c/lib/thumb/v7e-m+dp/hard\libc_nano.a(lib_a-readr.o)
 .comment       0x00000053       0x54 e:/complier-new/bin/bin/../../lib/gcc/pic32c/8.3.1/../../../../pic32c/lib/thumb/v7e-m+dp/hard\libc_nano.a(lib_a-fstatr.o)
 .comment       0x00000053       0x54 e:/complier-new/bin/bin/../../lib/gcc/pic32c/8.3.1/../../../../pic32c/lib/thumb/v7e-m+dp/hard\libc_nano.a(lib_a-isattyr.o)
 .comment       0x00000053       0x54 e:/complier-new/bin/bin/../../lib/gcc/pic32c/8.3.1/../../../../pic32c/lib/thumb/v7e-m+dp/hard\libpic32c.a(_close.o)
 .comment       0x00000053       0x54 e:/complier-new/bin/bin/../../lib/gcc/pic32c/8.3.1/../../../../pic32c/lib/thumb/v7e-m+dp/hard\libpic32c.a(_fstat.o)
 .comment       0x00000053       0x54 e:/complier-new/bin/bin/../../lib/gcc/pic32c/8.3.1/../../../../pic32c/lib/thumb/v7e-m+dp/hard\libpic32c.a(_isatty.o)
 .comment       0x00000053       0x54 e:/complier-new/bin/bin/../../lib/gcc/pic32c/8.3.1/../../../../pic32c/lib/thumb/v7e-m+dp/hard\libpic32c.a(_lseek.o)
 .comment       0x00000053       0x54 e:/complier-new/bin/bin/../../lib/gcc/pic32c/8.3.1/../../../../pic32c/lib/thumb/v7e-m+dp/hard\libpic32c.a(_read.o)
 .comment       0x00000053       0x54 e:/complier-new/bin/bin/../../lib/gcc/pic32c/8.3.1/../../../../pic32c/lib/thumb/v7e-m+dp/hard\libpic32c.a(sbrk.o)
 .comment       0x00000053       0x54 e:/complier-new/bin/bin/../../lib/gcc/pic32c/8.3.1/../../../../pic32c/lib/thumb/v7e-m+dp/hard\libpic32c.a(_write.o)
 .comment       0x00000053       0x54 e:/complier-new/bin/bin/../../lib/gcc/pic32c/8.3.1/../../../../pic32c/lib/thumb/v7e-m+dp/hard\libpic32c.a(close.o)
 .comment       0x00000053       0x54 e:/complier-new/bin/bin/../../lib/gcc/pic32c/8.3.1/../../../../pic32c/lib/thumb/v7e-m+dp/hard\libpic32c.a(fstat.o)
 .comment       0x00000053       0x54 e:/complier-new/bin/bin/../../lib/gcc/pic32c/8.3.1/../../../../pic32c/lib/thumb/v7e-m+dp/hard\libpic32c.a(isatty.o)
 .comment       0x00000053       0x54 e:/complier-new/bin/bin/../../lib/gcc/pic32c/8.3.1/../../../../pic32c/lib/thumb/v7e-m+dp/hard\libpic32c.a(lseek.o)
 .comment       0x00000053       0x54 e:/complier-new/bin/bin/../../lib/gcc/pic32c/8.3.1/../../../../pic32c/lib/thumb/v7e-m+dp/hard\libpic32c.a(read.o)
 .comment       0x00000053       0x54 e:/complier-new/bin/bin/../../lib/gcc/pic32c/8.3.1/../../../../pic32c/lib/thumb/v7e-m+dp/hard\libpic32c.a(write.o)

.debug_info     0x00000000    0x24493
 .debug_info    0x00000000      0xc33 build/default/production/_ext/1529399856/osal_freertos.o
 .debug_info    0x00000c33     0x1e75 build/default/production/_ext/1989321110/plib_hsmci.o
 .debug_info    0x00002aa8      0x7fd build/default/production/_ext/60180192/plib_rtt.o
 .debug_info    0x000032a5      0xda9 build/default/production/_ext/621496242/plib_twihs0_master.o
 .debug_info    0x0000404e     0x107f build/default/production/_ext/2001315827/plib_usart2.o
 .debug_info    0x000050cd      0xde2 build/default/production/_ext/2003650513/plib_xdmac.o
 .debug_info    0x00005eaf      0x2cb build/default/production/_ext/163028504/xc32_monitor.o
 .debug_info    0x0000617a     0x4e73 build/default/production/_ext/1269487135/sys_fs.o
 .debug_info    0x0000afed     0x30fe build/default/production/_ext/1269487135/sys_fs_media_manager.o
 .debug_info    0x0000e0eb     0x37df build/default/production/_ext/1171490990/initialization.o
 .debug_info    0x000118ca     0x1d58 build/default/production/_ext/1171490990/interrupts.o
 .debug_info    0x00013622     0x117b build/default/production/_ext/1171490990/exceptions.o
 .debug_info    0x0001479d      0xe57 build/default/production/_ext/1171490990/startup_xc32.o
 .debug_info    0x000155f4      0x55e build/default/production/_ext/1171490990/freertos_hooks.o
 .debug_info    0x00015b52      0x7b3 build/default/production/_ext/977623654/port.o
 .debug_info    0x00016305     0x121b build/default/production/_ext/404212886/list.o
 .debug_info    0x00017520     0x2d48 build/default/production/_ext/404212886/queue.o
 .debug_info    0x0001a268     0x3a60 build/default/production/_ext/404212886/FreeRTOS_tasks.o
 .debug_info    0x0001dcc8     0x1bdc build/default/production/_ext/2124829536/sdcard.o
 .debug_info    0x0001f8a4     0x107f build/default/production/_ext/2001315827/plib_usart1.o
 .debug_info    0x00020923     0x154b build/default/production/_ext/1360937237/main.o
 .debug_info    0x00021e6e      0x2d3 e:/complier-new/bin/bin/../../lib/gcc/pic32c/8.3.1/../../../../pic32c/lib/thumb/v7e-m+dp/hard\libpic32c.a(data_init.o)
 .debug_info    0x00022141      0x2b8 e:/complier-new/bin/bin/../../lib/gcc/pic32c/8.3.1/../../../../pic32c/lib/thumb/v7e-m+dp/hard\libpic32c.a(_close.o)
 .debug_info    0x000223f9      0x2b8 e:/complier-new/bin/bin/../../lib/gcc/pic32c/8.3.1/../../../../pic32c/lib/thumb/v7e-m+dp/hard\libpic32c.a(_fstat.o)
 .debug_info    0x000226b1      0x2ba e:/complier-new/bin/bin/../../lib/gcc/pic32c/8.3.1/../../../../pic32c/lib/thumb/v7e-m+dp/hard\libpic32c.a(_isatty.o)
 .debug_info    0x0002296b      0x2b8 e:/complier-new/bin/bin/../../lib/gcc/pic32c/8.3.1/../../../../pic32c/lib/thumb/v7e-m+dp/hard\libpic32c.a(_lseek.o)
 .debug_info    0x00022c23      0x2b6 e:/complier-new/bin/bin/../../lib/gcc/pic32c/8.3.1/../../../../pic32c/lib/thumb/v7e-m+dp/hard\libpic32c.a(_read.o)
 .debug_info    0x00022ed9      0x2b6 e:/complier-new/bin/bin/../../lib/gcc/pic32c/8.3.1/../../../../pic32c/lib/thumb/v7e-m+dp/hard\libpic32c.a(sbrk.o)
 .debug_info    0x0002318f      0x2b8 e:/complier-new/bin/bin/../../lib/gcc/pic32c/8.3.1/../../../../pic32c/lib/thumb/v7e-m+dp/hard\libpic32c.a(_write.o)
 .debug_info    0x00023447      0x2b7 e:/complier-new/bin/bin/../../lib/gcc/pic32c/8.3.1/../../../../pic32c/lib/thumb/v7e-m+dp/hard\libpic32c.a(close.o)
 .debug_info    0x000236fe      0x2b7 e:/complier-new/bin/bin/../../lib/gcc/pic32c/8.3.1/../../../../pic32c/lib/thumb/v7e-m+dp/hard\libpic32c.a(fstat.o)
 .debug_info    0x000239b5      0x2b9 e:/complier-new/bin/bin/../../lib/gcc/pic32c/8.3.1/../../../../pic32c/lib/thumb/v7e-m+dp/hard\libpic32c.a(isatty.o)
 .debug_info    0x00023c6e      0x2b7 e:/complier-new/bin/bin/../../lib/gcc/pic32c/8.3.1/../../../../pic32c/lib/thumb/v7e-m+dp/hard\libpic32c.a(lseek.o)
 .debug_info    0x00023f25      0x2b6 e:/complier-new/bin/bin/../../lib/gcc/pic32c/8.3.1/../../../../pic32c/lib/thumb/v7e-m+dp/hard\libpic32c.a(read.o)
 .debug_info    0x000241db      0x2b8 e:/complier-new/bin/bin/../../lib/gcc/pic32c/8.3.1/../../../../pic32c/lib/thumb/v7e-m+dp/hard\libpic32c.a(write.o)

.debug_abbrev   0x00000000     0x3f08
 .debug_abbrev  0x00000000      0x1f5 build/default/production/_ext/1529399856/osal_freertos.o
 .debug_abbrev  0x000001f5      0x3ac build/default/production/_ext/1989321110/plib_hsmci.o
 .debug_abbrev  0x000005a1      0x1a4 build/default/production/_ext/60180192/plib_rtt.o
 .debug_abbrev  0x00000745      0x2ec build/default/production/_ext/621496242/plib_twihs0_master.o
 .debug_abbrev  0x00000a31      0x31f build/default/production/_ext/2001315827/plib_usart2.o
 .debug_abbrev  0x00000d50      0x29e build/default/production/_ext/2003650513/plib_xdmac.o
 .debug_abbrev  0x00000fee       0x80 build/default/production/_ext/163028504/xc32_monitor.o
 .debug_abbrev  0x0000106e      0x554 build/default/production/_ext/1269487135/sys_fs.o
 .debug_abbrev  0x000015c2      0x57f build/default/production/_ext/1269487135/sys_fs_media_manager.o
 .debug_abbrev  0x00001b41      0x315 build/default/production/_ext/1171490990/initialization.o
 .debug_abbrev  0x00001e56      0x1f6 build/default/production/_ext/1171490990/interrupts.o
 .debug_abbrev  0x0000204c      0x1e0 build/default/production/_ext/1171490990/exceptions.o
 .debug_abbrev  0x0000222c      0x24f build/default/production/_ext/1171490990/startup_xc32.o
 .debug_abbrev  0x0000247b      0x13f build/default/production/_ext/1171490990/freertos_hooks.o
 .debug_abbrev  0x000025ba      0x22f build/default/production/_ext/977623654/port.o
 .debug_abbrev  0x000027e9      0x270 build/default/production/_ext/404212886/list.o
 .debug_abbrev  0x00002a59      0x484 build/default/production/_ext/404212886/queue.o
 .debug_abbrev  0x00002edd      0x545 build/default/production/_ext/404212886/FreeRTOS_tasks.o
 .debug_abbrev  0x00003422      0x2f2 build/default/production/_ext/2124829536/sdcard.o
 .debug_abbrev  0x00003714      0x31f build/default/production/_ext/2001315827/plib_usart1.o
 .debug_abbrev  0x00003a33      0x263 build/default/production/_ext/1360937237/main.o
 .debug_abbrev  0x00003c96       0x2e e:/complier-new/bin/bin/../../lib/gcc/pic32c/8.3.1/../../../../pic32c/lib/thumb/v7e-m+dp/hard\libpic32c.a(data_init.o)
 .debug_abbrev  0x00003cc4       0x2b e:/complier-new/bin/bin/../../lib/gcc/pic32c/8.3.1/../../../../pic32c/lib/thumb/v7e-m+dp/hard\libpic32c.a(_close.o)
 .debug_abbrev  0x00003cef       0x2b e:/complier-new/bin/bin/../../lib/gcc/pic32c/8.3.1/../../../../pic32c/lib/thumb/v7e-m+dp/hard\libpic32c.a(_fstat.o)
 .debug_abbrev  0x00003d1a       0x2b e:/complier-new/bin/bin/../../lib/gcc/pic32c/8.3.1/../../../../pic32c/lib/thumb/v7e-m+dp/hard\libpic32c.a(_isatty.o)
 .debug_abbrev  0x00003d45       0x2b e:/complier-new/bin/bin/../../lib/gcc/pic32c/8.3.1/../../../../pic32c/lib/thumb/v7e-m+dp/hard\libpic32c.a(_lseek.o)
 .debug_abbrev  0x00003d70       0x2b e:/complier-new/bin/bin/../../lib/gcc/pic32c/8.3.1/../../../../pic32c/lib/thumb/v7e-m+dp/hard\libpic32c.a(_read.o)
 .debug_abbrev  0x00003d9b       0x2e e:/complier-new/bin/bin/../../lib/gcc/pic32c/8.3.1/../../../../pic32c/lib/thumb/v7e-m+dp/hard\libpic32c.a(sbrk.o)
 .debug_abbrev  0x00003dc9       0x2b e:/complier-new/bin/bin/../../lib/gcc/pic32c/8.3.1/../../../../pic32c/lib/thumb/v7e-m+dp/hard\libpic32c.a(_write.o)
 .debug_abbrev  0x00003df4       0x2e e:/complier-new/bin/bin/../../lib/gcc/pic32c/8.3.1/../../../../pic32c/lib/thumb/v7e-m+dp/hard\libpic32c.a(close.o)
 .debug_abbrev  0x00003e22       0x2e e:/complier-new/bin/bin/../../lib/gcc/pic32c/8.3.1/../../../../pic32c/lib/thumb/v7e-m+dp/hard\libpic32c.a(fstat.o)
 .debug_abbrev  0x00003e50       0x2e e:/complier-new/bin/bin/../../lib/gcc/pic32c/8.3.1/../../../../pic32c/lib/thumb/v7e-m+dp/hard\libpic32c.a(isatty.o)
 .debug_abbrev  0x00003e7e       0x2e e:/complier-new/bin/bin/../../lib/gcc/pic32c/8.3.1/../../../../pic32c/lib/thumb/v7e-m+dp/hard\libpic32c.a(lseek.o)
 .debug_abbrev  0x00003eac       0x2e e:/complier-new/bin/bin/../../lib/gcc/pic32c/8.3.1/../../../../pic32c/lib/thumb/v7e-m+dp/hard\libpic32c.a(read.o)
 .debug_abbrev  0x00003eda       0x2e e:/complier-new/bin/bin/../../lib/gcc/pic32c/8.3.1/../../../../pic32c/lib/thumb/v7e-m+dp/hard\libpic32c.a(write.o)

.debug_loc      0x00000000     0xc512
 .debug_loc     0x00000000      0x727 build/default/production/_ext/1529399856/osal_freertos.o
 .debug_loc     0x00000727      0x51f build/default/production/_ext/1989321110/plib_hsmci.o
 .debug_loc     0x00000c46      0x1a5 build/default/production/_ext/60180192/plib_rtt.o
 .debug_loc     0x00000deb      0x6b3 build/default/production/_ext/621496242/plib_twihs0_master.o
 .debug_loc     0x0000149e      0x631 build/default/production/_ext/2001315827/plib_usart2.o
 .debug_loc     0x00001acf      0x38b build/default/production/_ext/2003650513/plib_xdmac.o
 .debug_loc     0x00001e5a       0x25 build/default/production/_ext/163028504/xc32_monitor.o
 .debug_loc     0x00001e7f     0x4bf4 build/default/production/_ext/1269487135/sys_fs.o
 .debug_loc     0x00006a73     0x16a5 build/default/production/_ext/1269487135/sys_fs_media_manager.o
 .debug_loc     0x00008118       0x45 build/default/production/_ext/1171490990/initialization.o
 .debug_loc     0x0000815d       0xa7 build/default/production/_ext/1171490990/startup_xc32.o
 .debug_loc     0x00008204       0x82 build/default/production/_ext/1171490990/freertos_hooks.o
 .debug_loc     0x00008286      0x13a build/default/production/_ext/977623654/port.o
 .debug_loc     0x000083c0       0xbf build/default/production/_ext/404212886/list.o
 .debug_loc     0x0000847f     0x16e4 build/default/production/_ext/404212886/queue.o
 .debug_loc     0x00009b63     0x211d build/default/production/_ext/404212886/FreeRTOS_tasks.o
 .debug_loc     0x0000bc80      0x1b9 build/default/production/_ext/2124829536/sdcard.o
 .debug_loc     0x0000be39      0x631 build/default/production/_ext/2001315827/plib_usart1.o
 .debug_loc     0x0000c46a       0x6c build/default/production/_ext/1360937237/main.o
 .debug_loc     0x0000c4d6       0x14 e:/complier-new/bin/bin/../../lib/gcc/pic32c/8.3.1/../../../../pic32c/lib/thumb/v7e-m+dp/hard\libpic32c.a(data_init.o)
 .debug_loc     0x0000c4ea       0x14 e:/complier-new/bin/bin/../../lib/gcc/pic32c/8.3.1/../../../../pic32c/lib/thumb/v7e-m+dp/hard\libpic32c.a(read.o)
 .debug_loc     0x0000c4fe       0x14 e:/complier-new/bin/bin/../../lib/gcc/pic32c/8.3.1/../../../../pic32c/lib/thumb/v7e-m+dp/hard\libpic32c.a(write.o)

.debug_aranges  0x00000000      0xbe0
 .debug_aranges
                0x00000000       0x90 build/default/production/_ext/1529399856/osal_freertos.o
 .debug_aranges
                0x00000090       0x98 build/default/production/_ext/1989321110/plib_hsmci.o
 .debug_aranges
                0x00000128       0x70 build/default/production/_ext/60180192/plib_rtt.o
 .debug_aranges
                0x00000198       0x70 build/default/production/_ext/621496242/plib_twihs0_master.o
 .debug_aranges
                0x00000208       0x88 build/default/production/_ext/2001315827/plib_usart2.o
 .debug_aranges
                0x00000290       0x78 build/default/production/_ext/2003650513/plib_xdmac.o
 .debug_aranges
                0x00000308       0x28 build/default/production/_ext/163028504/xc32_monitor.o
 .debug_aranges
                0x00000330      0x170 build/default/production/_ext/1269487135/sys_fs.o
 .debug_aranges
                0x000004a0       0x98 build/default/production/_ext/1269487135/sys_fs_media_manager.o
 .debug_aranges
                0x00000538       0x20 build/default/production/_ext/1171490990/initialization.o
 .debug_aranges
                0x00000558       0x20 build/default/production/_ext/1171490990/interrupts.o
 .debug_aranges
                0x00000578       0x48 build/default/production/_ext/1171490990/exceptions.o
 .debug_aranges
                0x000005c0       0x28 build/default/production/_ext/1171490990/startup_xc32.o
 .debug_aranges
                0x000005e8       0x40 build/default/production/_ext/1171490990/freertos_hooks.o
 .debug_aranges
                0x00000628       0x78 build/default/production/_ext/977623654/port.o
 .debug_aranges
                0x000006a0       0x40 build/default/production/_ext/404212886/list.o
 .debug_aranges
                0x000006e0       0xc8 build/default/production/_ext/404212886/queue.o
 .debug_aranges
                0x000007a8      0x178 build/default/production/_ext/404212886/FreeRTOS_tasks.o
 .debug_aranges
                0x00000920       0x58 build/default/production/_ext/2124829536/sdcard.o
 .debug_aranges
                0x00000978       0x88 build/default/production/_ext/2001315827/plib_usart1.o
 .debug_aranges
                0x00000a00       0x20 build/default/production/_ext/1360937237/main.o
 .debug_aranges
                0x00000a20       0x20 e:/complier-new/bin/bin/../../lib/gcc/pic32c/8.3.1/../../../../pic32c/lib/thumb/v7e-m+dp/hard\libpic32c.a(data_init.o)
 .debug_aranges
                0x00000a40       0x20 e:/complier-new/bin/bin/../../lib/gcc/pic32c/8.3.1/../../../../pic32c/lib/thumb/v7e-m+dp/hard\libpic32c.a(_close.o)
 .debug_aranges
                0x00000a60       0x20 e:/complier-new/bin/bin/../../lib/gcc/pic32c/8.3.1/../../../../pic32c/lib/thumb/v7e-m+dp/hard\libpic32c.a(_fstat.o)
 .debug_aranges
                0x00000a80       0x20 e:/complier-new/bin/bin/../../lib/gcc/pic32c/8.3.1/../../../../pic32c/lib/thumb/v7e-m+dp/hard\libpic32c.a(_isatty.o)
 .debug_aranges
                0x00000aa0       0x20 e:/complier-new/bin/bin/../../lib/gcc/pic32c/8.3.1/../../../../pic32c/lib/thumb/v7e-m+dp/hard\libpic32c.a(_lseek.o)
 .debug_aranges
                0x00000ac0       0x20 e:/complier-new/bin/bin/../../lib/gcc/pic32c/8.3.1/../../../../pic32c/lib/thumb/v7e-m+dp/hard\libpic32c.a(_read.o)
 .debug_aranges
                0x00000ae0       0x20 e:/complier-new/bin/bin/../../lib/gcc/pic32c/8.3.1/../../../../pic32c/lib/thumb/v7e-m+dp/hard\libpic32c.a(sbrk.o)
 .debug_aranges
                0x00000b00       0x20 e:/complier-new/bin/bin/../../lib/gcc/pic32c/8.3.1/../../../../pic32c/lib/thumb/v7e-m+dp/hard\libpic32c.a(_write.o)
 .debug_aranges
                0x00000b20       0x20 e:/complier-new/bin/bin/../../lib/gcc/pic32c/8.3.1/../../../../pic32c/lib/thumb/v7e-m+dp/hard\libpic32c.a(close.o)
 .debug_aranges
                0x00000b40       0x20 e:/complier-new/bin/bin/../../lib/gcc/pic32c/8.3.1/../../../../pic32c/lib/thumb/v7e-m+dp/hard\libpic32c.a(fstat.o)
 .debug_aranges
                0x00000b60       0x20 e:/complier-new/bin/bin/../../lib/gcc/pic32c/8.3.1/../../../../pic32c/lib/thumb/v7e-m+dp/hard\libpic32c.a(isatty.o)
 .debug_aranges
                0x00000b80       0x20 e:/complier-new/bin/bin/../../lib/gcc/pic32c/8.3.1/../../../../pic32c/lib/thumb/v7e-m+dp/hard\libpic32c.a(lseek.o)
 .debug_aranges
                0x00000ba0       0x20 e:/complier-new/bin/bin/../../lib/gcc/pic32c/8.3.1/../../../../pic32c/lib/thumb/v7e-m+dp/hard\libpic32c.a(read.o)
 .debug_aranges
                0x00000bc0       0x20 e:/complier-new/bin/bin/../../lib/gcc/pic32c/8.3.1/../../../../pic32c/lib/thumb/v7e-m+dp/hard\libpic32c.a(write.o)

.debug_ranges   0x00000000      0xc68
 .debug_ranges  0x00000000       0x80 build/default/production/_ext/1529399856/osal_freertos.o
 .debug_ranges  0x00000080       0x88 build/default/production/_ext/1989321110/plib_hsmci.o
 .debug_ranges  0x00000108       0x60 build/default/production/_ext/60180192/plib_rtt.o
 .debug_ranges  0x00000168       0x60 build/default/production/_ext/621496242/plib_twihs0_master.o
 .debug_ranges  0x000001c8       0x78 build/default/production/_ext/2001315827/plib_usart2.o
 .debug_ranges  0x00000240       0x68 build/default/production/_ext/2003650513/plib_xdmac.o
 .debug_ranges  0x000002a8       0x18 build/default/production/_ext/163028504/xc32_monitor.o
 .debug_ranges  0x000002c0      0x160 build/default/production/_ext/1269487135/sys_fs.o
 .debug_ranges  0x00000420      0x110 build/default/production/_ext/1269487135/sys_fs_media_manager.o
 .debug_ranges  0x00000530       0x10 build/default/production/_ext/1171490990/initialization.o
 .debug_ranges  0x00000540       0x10 build/default/production/_ext/1171490990/interrupts.o
 .debug_ranges  0x00000550       0x38 build/default/production/_ext/1171490990/exceptions.o
 .debug_ranges  0x00000588       0x48 build/default/production/_ext/1171490990/startup_xc32.o
 .debug_ranges  0x000005d0       0x30 build/default/production/_ext/1171490990/freertos_hooks.o
 .debug_ranges  0x00000600       0x68 build/default/production/_ext/977623654/port.o
 .debug_ranges  0x00000668       0x30 build/default/production/_ext/404212886/list.o
 .debug_ranges  0x00000698      0x180 build/default/production/_ext/404212886/queue.o
 .debug_ranges  0x00000818      0x288 build/default/production/_ext/404212886/FreeRTOS_tasks.o
 .debug_ranges  0x00000aa0       0x60 build/default/production/_ext/2124829536/sdcard.o
 .debug_ranges  0x00000b00       0x78 build/default/production/_ext/2001315827/plib_usart1.o
 .debug_ranges  0x00000b78       0x10 build/default/production/_ext/1360937237/main.o
 .debug_ranges  0x00000b88       0x10 e:/complier-new/bin/bin/../../lib/gcc/pic32c/8.3.1/../../../../pic32c/lib/thumb/v7e-m+dp/hard\libpic32c.a(data_init.o)
 .debug_ranges  0x00000b98       0x10 e:/complier-new/bin/bin/../../lib/gcc/pic32c/8.3.1/../../../../pic32c/lib/thumb/v7e-m+dp/hard\libpic32c.a(_close.o)
 .debug_ranges  0x00000ba8       0x10 e:/complier-new/bin/bin/../../lib/gcc/pic32c/8.3.1/../../../../pic32c/lib/thumb/v7e-m+dp/hard\libpic32c.a(_fstat.o)
 .debug_ranges  0x00000bb8       0x10 e:/complier-new/bin/bin/../../lib/gcc/pic32c/8.3.1/../../../../pic32c/lib/thumb/v7e-m+dp/hard\libpic32c.a(_isatty.o)
 .debug_ranges  0x00000bc8       0x10 e:/complier-new/bin/bin/../../lib/gcc/pic32c/8.3.1/../../../../pic32c/lib/thumb/v7e-m+dp/hard\libpic32c.a(_lseek.o)
 .debug_ranges  0x00000bd8       0x10 e:/complier-new/bin/bin/../../lib/gcc/pic32c/8.3.1/../../../../pic32c/lib/thumb/v7e-m+dp/hard\libpic32c.a(_read.o)
 .debug_ranges  0x00000be8       0x10 e:/complier-new/bin/bin/../../lib/gcc/pic32c/8.3.1/../../../../pic32c/lib/thumb/v7e-m+dp/hard\libpic32c.a(sbrk.o)
 .debug_ranges  0x00000bf8       0x10 e:/complier-new/bin/bin/../../lib/gcc/pic32c/8.3.1/../../../../pic32c/lib/thumb/v7e-m+dp/hard\libpic32c.a(_write.o)
 .debug_ranges  0x00000c08       0x10 e:/complier-new/bin/bin/../../lib/gcc/pic32c/8.3.1/../../../../pic32c/lib/thumb/v7e-m+dp/hard\libpic32c.a(close.o)
 .debug_ranges  0x00000c18       0x10 e:/complier-new/bin/bin/../../lib/gcc/pic32c/8.3.1/../../../../pic32c/lib/thumb/v7e-m+dp/hard\libpic32c.a(fstat.o)
 .debug_ranges  0x00000c28       0x10 e:/complier-new/bin/bin/../../lib/gcc/pic32c/8.3.1/../../../../pic32c/lib/thumb/v7e-m+dp/hard\libpic32c.a(isatty.o)
 .debug_ranges  0x00000c38       0x10 e:/complier-new/bin/bin/../../lib/gcc/pic32c/8.3.1/../../../../pic32c/lib/thumb/v7e-m+dp/hard\libpic32c.a(lseek.o)
 .debug_ranges  0x00000c48       0x10 e:/complier-new/bin/bin/../../lib/gcc/pic32c/8.3.1/../../../../pic32c/lib/thumb/v7e-m+dp/hard\libpic32c.a(read.o)
 .debug_ranges  0x00000c58       0x10 e:/complier-new/bin/bin/../../lib/gcc/pic32c/8.3.1/../../../../pic32c/lib/thumb/v7e-m+dp/hard\libpic32c.a(write.o)

.debug_line     0x00000000     0xb0c1
 .debug_line    0x00000000      0x49a build/default/production/_ext/1529399856/osal_freertos.o
 .debug_line    0x0000049a      0x7c3 build/default/production/_ext/1989321110/plib_hsmci.o
 .debug_line    0x00000c5d      0x368 build/default/production/_ext/60180192/plib_rtt.o
 .debug_line    0x00000fc5      0x7e0 build/default/production/_ext/621496242/plib_twihs0_master.o
 .debug_line    0x000017a5      0x6e9 build/default/production/_ext/2001315827/plib_usart2.o
 .debug_line    0x00001e8e      0x478 build/default/production/_ext/2003650513/plib_xdmac.o
 .debug_line    0x00002306       0x7d build/default/production/_ext/163028504/xc32_monitor.o
 .debug_line    0x00002383     0x26de build/default/production/_ext/1269487135/sys_fs.o
 .debug_line    0x00004a61      0xe49 build/default/production/_ext/1269487135/sys_fs_media_manager.o
 .debug_line    0x000058aa      0x68d build/default/production/_ext/1171490990/initialization.o
 .debug_line    0x00005f37      0x251 build/default/production/_ext/1171490990/interrupts.o
 .debug_line    0x00006188      0x298 build/default/production/_ext/1171490990/exceptions.o
 .debug_line    0x00006420      0x471 build/default/production/_ext/1171490990/startup_xc32.o
 .debug_line    0x00006891      0x1fc build/default/production/_ext/1171490990/freertos_hooks.o
 .debug_line    0x00006a8d      0x37d build/default/production/_ext/977623654/port.o
 .debug_line    0x00006e0a      0x377 build/default/production/_ext/404212886/list.o
 .debug_line    0x00007181      0xf2b build/default/production/_ext/404212886/queue.o
 .debug_line    0x000080ac     0x17bb build/default/production/_ext/404212886/FreeRTOS_tasks.o
 .debug_line    0x00009867      0x4f0 build/default/production/_ext/2124829536/sdcard.o
 .debug_line    0x00009d57      0x6e9 build/default/production/_ext/2001315827/plib_usart1.o
 .debug_line    0x0000a440      0x293 build/default/production/_ext/1360937237/main.o
 .debug_line    0x0000a6d3      0x110 e:/complier-new/bin/bin/../../lib/gcc/pic32c/8.3.1/../../../../pic32c/lib/thumb/v7e-m+dp/hard\libpic32c.a(data_init.o)
 .debug_line    0x0000a7e3       0x9f e:/complier-new/bin/bin/../../lib/gcc/pic32c/8.3.1/../../../../pic32c/lib/thumb/v7e-m+dp/hard\libpic32c.a(_close.o)
 .debug_line    0x0000a882       0x9f e:/complier-new/bin/bin/../../lib/gcc/pic32c/8.3.1/../../../../pic32c/lib/thumb/v7e-m+dp/hard\libpic32c.a(_fstat.o)
 .debug_line    0x0000a921       0xa0 e:/complier-new/bin/bin/../../lib/gcc/pic32c/8.3.1/../../../../pic32c/lib/thumb/v7e-m+dp/hard\libpic32c.a(_isatty.o)
 .debug_line    0x0000a9c1       0x9f e:/complier-new/bin/bin/../../lib/gcc/pic32c/8.3.1/../../../../pic32c/lib/thumb/v7e-m+dp/hard\libpic32c.a(_lseek.o)
 .debug_line    0x0000aa60       0x9e e:/complier-new/bin/bin/../../lib/gcc/pic32c/8.3.1/../../../../pic32c/lib/thumb/v7e-m+dp/hard\libpic32c.a(_read.o)
 .debug_line    0x0000aafe       0xb5 e:/complier-new/bin/bin/../../lib/gcc/pic32c/8.3.1/../../../../pic32c/lib/thumb/v7e-m+dp/hard\libpic32c.a(sbrk.o)
 .debug_line    0x0000abb3       0x9f e:/complier-new/bin/bin/../../lib/gcc/pic32c/8.3.1/../../../../pic32c/lib/thumb/v7e-m+dp/hard\libpic32c.a(_write.o)
 .debug_line    0x0000ac52       0x9e e:/complier-new/bin/bin/../../lib/gcc/pic32c/8.3.1/../../../../pic32c/lib/thumb/v7e-m+dp/hard\libpic32c.a(close.o)
 .debug_line    0x0000acf0      0x106 e:/complier-new/bin/bin/../../lib/gcc/pic32c/8.3.1/../../../../pic32c/lib/thumb/v7e-m+dp/hard\libpic32c.a(fstat.o)
 .debug_line    0x0000adf6       0x9d e:/complier-new/bin/bin/../../lib/gcc/pic32c/8.3.1/../../../../pic32c/lib/thumb/v7e-m+dp/hard\libpic32c.a(isatty.o)
 .debug_line    0x0000ae93       0x9e e:/complier-new/bin/bin/../../lib/gcc/pic32c/8.3.1/../../../../pic32c/lib/thumb/v7e-m+dp/hard\libpic32c.a(lseek.o)
 .debug_line    0x0000af31       0xc0 e:/complier-new/bin/bin/../../lib/gcc/pic32c/8.3.1/../../../../pic32c/lib/thumb/v7e-m+dp/hard\libpic32c.a(read.o)
 .debug_line    0x0000aff1       0xd0 e:/complier-new/bin/bin/../../lib/gcc/pic32c/8.3.1/../../../../pic32c/lib/thumb/v7e-m+dp/hard\libpic32c.a(write.o)

.debug_str      0x00000000      0xc8a
 .debug_str     0x00000000      0x13b build/default/production/_ext/1529399856/osal_freertos.o
 .debug_str     0x0000013b       0x65 build/default/production/_ext/1989321110/plib_hsmci.o
 .debug_str     0x000001a0        0x9 build/default/production/_ext/60180192/plib_rtt.o
 .debug_str     0x000001a9       0x11 build/default/production/_ext/621496242/plib_twihs0_master.o
 .debug_str     0x000001ba       0x1c build/default/production/_ext/2001315827/plib_usart2.o
 .debug_str     0x000001d6       0x2b build/default/production/_ext/2003650513/plib_xdmac.o
 .debug_str     0x00000201        0x0 build/default/production/_ext/163028504/xc32_monitor.o
 .debug_str     0x00000201      0x161 build/default/production/_ext/1269487135/sys_fs.o
 .debug_str     0x00000362       0xe0 build/default/production/_ext/1269487135/sys_fs_media_manager.o
 .debug_str     0x00000442      0x120 build/default/production/_ext/1171490990/initialization.o
 .debug_str     0x00000562        0xe build/default/production/_ext/1171490990/interrupts.o
 .debug_str     0x00000570        0xe build/default/production/_ext/1171490990/exceptions.o
 .debug_str     0x0000057e       0x2f build/default/production/_ext/1171490990/startup_xc32.o
 .debug_str     0x000005ad       0x25 build/default/production/_ext/1171490990/freertos_hooks.o
 .debug_str     0x000005d2       0x26 build/default/production/_ext/977623654/port.o
 .debug_str     0x000005f8       0x39 build/default/production/_ext/404212886/list.o
 .debug_str     0x00000631      0x28d build/default/production/_ext/404212886/queue.o
 .debug_str     0x000008be      0x283 build/default/production/_ext/404212886/FreeRTOS_tasks.o
 .debug_str     0x00000b41       0xb6 build/default/production/_ext/2124829536/sdcard.o
 .debug_str     0x00000bf7       0x1c build/default/production/_ext/2001315827/plib_usart1.o
 .debug_str     0x00000c13       0x77 build/default/production/_ext/1360937237/main.o
 .debug_str     0x00000c8a        0x0 e:/complier-new/bin/bin/../../lib/gcc/pic32c/8.3.1/../../../../pic32c/lib/thumb/v7e-m+dp/hard\libpic32c.a(data_init.o)
 .debug_str     0x00000c8a        0x0 e:/complier-new/bin/bin/../../lib/gcc/pic32c/8.3.1/../../../../pic32c/lib/thumb/v7e-m+dp/hard\libpic32c.a(_close.o)
 .debug_str     0x00000c8a        0x0 e:/complier-new/bin/bin/../../lib/gcc/pic32c/8.3.1/../../../../pic32c/lib/thumb/v7e-m+dp/hard\libpic32c.a(_fstat.o)
 .debug_str     0x00000c8a        0x0 e:/complier-new/bin/bin/../../lib/gcc/pic32c/8.3.1/../../../../pic32c/lib/thumb/v7e-m+dp/hard\libpic32c.a(_isatty.o)
 .debug_str     0x00000c8a        0x0 e:/complier-new/bin/bin/../../lib/gcc/pic32c/8.3.1/../../../../pic32c/lib/thumb/v7e-m+dp/hard\libpic32c.a(_lseek.o)
 .debug_str     0x00000c8a        0x0 e:/complier-new/bin/bin/../../lib/gcc/pic32c/8.3.1/../../../../pic32c/lib/thumb/v7e-m+dp/hard\libpic32c.a(_read.o)
 .debug_str     0x00000c8a        0x0 e:/complier-new/bin/bin/../../lib/gcc/pic32c/8.3.1/../../../../pic32c/lib/thumb/v7e-m+dp/hard\libpic32c.a(sbrk.o)
 .debug_str     0x00000c8a        0x0 e:/complier-new/bin/bin/../../lib/gcc/pic32c/8.3.1/../../../../pic32c/lib/thumb/v7e-m+dp/hard\libpic32c.a(_write.o)
 .debug_str     0x00000c8a        0x0 e:/complier-new/bin/bin/../../lib/gcc/pic32c/8.3.1/../../../../pic32c/lib/thumb/v7e-m+dp/hard\libpic32c.a(close.o)
 .debug_str     0x00000c8a        0x0 e:/complier-new/bin/bin/../../lib/gcc/pic32c/8.3.1/../../../../pic32c/lib/thumb/v7e-m+dp/hard\libpic32c.a(fstat.o)
 .debug_str     0x00000c8a        0x0 e:/complier-new/bin/bin/../../lib/gcc/pic32c/8.3.1/../../../../pic32c/lib/thumb/v7e-m+dp/hard\libpic32c.a(isatty.o)
 .debug_str     0x00000c8a        0x0 e:/complier-new/bin/bin/../../lib/gcc/pic32c/8.3.1/../../../../pic32c/lib/thumb/v7e-m+dp/hard\libpic32c.a(lseek.o)
 .debug_str     0x00000c8a        0x0 e:/complier-new/bin/bin/../../lib/gcc/pic32c/8.3.1/../../../../pic32c/lib/thumb/v7e-m+dp/hard\libpic32c.a(read.o)
 .debug_str     0x00000c8a        0x0 e:/complier-new/bin/bin/../../lib/gcc/pic32c/8.3.1/../../../../pic32c/lib/thumb/v7e-m+dp/hard\libpic32c.a(write.o)

.debug_frame    0x00000000     0x1c74
 .debug_frame   0x00000000      0x180 build/default/production/_ext/1529399856/osal_freertos.o
 .debug_frame   0x00000180      0x150 build/default/production/_ext/1989321110/plib_hsmci.o
 .debug_frame   0x000002d0       0xcc build/default/production/_ext/60180192/plib_rtt.o
 .debug_frame   0x0000039c       0xf8 build/default/production/_ext/621496242/plib_twihs0_master.o
 .debug_frame   0x00000494      0x14c build/default/production/_ext/2001315827/plib_usart2.o
 .debug_frame   0x000005e0      0x108 build/default/production/_ext/2003650513/plib_xdmac.o
 .debug_frame   0x000006e8       0x30 build/default/production/_ext/163028504/xc32_monitor.o
 .debug_frame   0x00000718      0x5ac build/default/production/_ext/1269487135/sys_fs.o
 .debug_frame   0x00000cc4      0x1e0 build/default/production/_ext/1269487135/sys_fs_media_manager.o
 .debug_frame   0x00000ea4       0x28 build/default/production/_ext/1171490990/initialization.o
 .debug_frame   0x00000ecc       0x20 build/default/production/_ext/1171490990/interrupts.o
 .debug_frame   0x00000eec       0x70 build/default/production/_ext/1171490990/exceptions.o
 .debug_frame   0x00000f5c       0x38 build/default/production/_ext/1171490990/startup_xc32.o
 .debug_frame   0x00000f94       0x6c build/default/production/_ext/1171490990/freertos_hooks.o
 .debug_frame   0x00001000       0xe8 build/default/production/_ext/977623654/port.o
 .debug_frame   0x000010e8       0x6c build/default/production/_ext/404212886/list.o
 .debug_frame   0x00001154      0x280 build/default/production/_ext/404212886/queue.o
 .debug_frame   0x000013d4      0x46c build/default/production/_ext/404212886/FreeRTOS_tasks.o
 .debug_frame   0x00001840       0xa8 build/default/production/_ext/2124829536/sdcard.o
 .debug_frame   0x000018e8      0x14c build/default/production/_ext/2001315827/plib_usart1.o
 .debug_frame   0x00001a34       0x30 build/default/production/_ext/1360937237/main.o
 .debug_frame   0x00001a64       0x38 e:/complier-new/bin/bin/../../lib/gcc/pic32c/8.3.1/../../../../pic32c/lib/thumb/v7e-m+dp/hard\libpic32c.a(data_init.o)
 .debug_frame   0x00001a9c       0x20 e:/complier-new/bin/bin/../../lib/gcc/pic32c/8.3.1/../../../../pic32c/lib/thumb/v7e-m+dp/hard\libc_nano.a(lib_a-strcmp.o)
 .debug_frame   0x00001abc       0x20 e:/complier-new/bin/bin/../../lib/gcc/pic32c/8.3.1/../../../../pic32c/lib/thumb/v7e-m+dp/hard\libpic32c.a(_close.o)
 .debug_frame   0x00001adc       0x20 e:/complier-new/bin/bin/../../lib/gcc/pic32c/8.3.1/../../../../pic32c/lib/thumb/v7e-m+dp/hard\libpic32c.a(_fstat.o)
 .debug_frame   0x00001afc       0x20 e:/complier-new/bin/bin/../../lib/gcc/pic32c/8.3.1/../../../../pic32c/lib/thumb/v7e-m+dp/hard\libpic32c.a(_isatty.o)
 .debug_frame   0x00001b1c       0x20 e:/complier-new/bin/bin/../../lib/gcc/pic32c/8.3.1/../../../../pic32c/lib/thumb/v7e-m+dp/hard\libpic32c.a(_lseek.o)
 .debug_frame   0x00001b3c       0x20 e:/complier-new/bin/bin/../../lib/gcc/pic32c/8.3.1/../../../../pic32c/lib/thumb/v7e-m+dp/hard\libpic32c.a(_read.o)
 .debug_frame   0x00001b5c       0x20 e:/complier-new/bin/bin/../../lib/gcc/pic32c/8.3.1/../../../../pic32c/lib/thumb/v7e-m+dp/hard\libpic32c.a(sbrk.o)
 .debug_frame   0x00001b7c       0x20 e:/complier-new/bin/bin/../../lib/gcc/pic32c/8.3.1/../../../../pic32c/lib/thumb/v7e-m+dp/hard\libpic32c.a(_write.o)
 .debug_frame   0x00001b9c       0x20 e:/complier-new/bin/bin/../../lib/gcc/pic32c/8.3.1/../../../../pic32c/lib/thumb/v7e-m+dp/hard\libpic32c.a(close.o)
 .debug_frame   0x00001bbc       0x20 e:/complier-new/bin/bin/../../lib/gcc/pic32c/8.3.1/../../../../pic32c/lib/thumb/v7e-m+dp/hard\libpic32c.a(fstat.o)
 .debug_frame   0x00001bdc       0x20 e:/complier-new/bin/bin/../../lib/gcc/pic32c/8.3.1/../../../../pic32c/lib/thumb/v7e-m+dp/hard\libpic32c.a(isatty.o)
 .debug_frame   0x00001bfc       0x20 e:/complier-new/bin/bin/../../lib/gcc/pic32c/8.3.1/../../../../pic32c/lib/thumb/v7e-m+dp/hard\libpic32c.a(lseek.o)
 .debug_frame   0x00001c1c       0x2c e:/complier-new/bin/bin/../../lib/gcc/pic32c/8.3.1/../../../../pic32c/lib/thumb/v7e-m+dp/hard\libpic32c.a(read.o)
 .debug_frame   0x00001c48       0x2c e:/complier-new/bin/bin/../../lib/gcc/pic32c/8.3.1/../../../../pic32c/lib/thumb/v7e-m+dp/hard\libpic32c.a(write.o)

.stack          0x20400a08      0x100
 .stack         0x20400a08      0x100 stack

.data.__global_locale%1
                0x20400470      0x16c
 .data.__global_locale
                0x20400470      0x16c e:/complier-new/bin/bin/../../lib/gcc/pic32c/8.3.1/../../../../pic32c/lib/thumb/v7e-m+dp/hard\libc_nano.a(lib_a-locale.o)
                0x20400470                __global_locale

.bss.pxReadyTasksLists%2
                0x204005dc       0x64
 .bss.pxReadyTasksLists
                0x204005dc       0x64 build/default/production/_ext/404212886/FreeRTOS_tasks.o

.data.impure_data%3
                0x20400640       0x60
 .data.impure_data
                0x20400640       0x60 e:/complier-new/bin/bin/../../lib/gcc/pic32c/8.3.1/../../../../pic32c/lib/thumb/v7e-m+dp/hard\libc_nano.a(lib_a-impure.o)

.bss.twihs0Obj%4
                0x204006a0       0x28
 .bss.twihs0Obj
                0x204006a0       0x28 build/default/production/_ext/621496242/plib_twihs0_master.o

.bss.__sf_fake_stderr%5
                0x204006c8       0x20
 .bss.__sf_fake_stderr
                0x204006c8       0x20 e:/complier-new/bin/bin/../../lib/gcc/pic32c/8.3.1/../../../../pic32c/lib/thumb/v7e-m+dp/hard\libc_nano.a(lib_a-findfp.o)
                0x204006c8                __sf_fake_stderr

.bss.__sf_fake_stdin%6
                0x204006e8       0x20
 .bss.__sf_fake_stdin
                0x204006e8       0x20 e:/complier-new/bin/bin/../../lib/gcc/pic32c/8.3.1/../../../../pic32c/lib/thumb/v7e-m+dp/hard\libc_nano.a(lib_a-findfp.o)
                0x204006e8                __sf_fake_stdin

.bss.__sf_fake_stdout%7
                0x20400708       0x20
 .bss.__sf_fake_stdout
                0x20400708       0x20 e:/complier-new/bin/bin/../../lib/gcc/pic32c/8.3.1/../../../../pic32c/lib/thumb/v7e-m+dp/hard\libc_nano.a(lib_a-findfp.o)
                0x20400708                __sf_fake_stdout

.bss%8          0x20400728       0x1c
 .bss           0x20400728       0x1c e:/complier-new/bin/bin/../../lib/gcc/pic32c/8.3.1/thumb/v7e-m+dp/hard/crtbegin.o

.data.gSYSFSMediaManagerObj%9
                0x20400744       0x18
 .data.gSYSFSMediaManagerObj
                0x20400744       0x18 build/default/production/_ext/1269487135/sys_fs_media_manager.o
                0x20400744                gSYSFSMediaManagerObj

.bss.hsmciObj%10
                0x2040075c       0x14
 .bss.hsmciObj  0x2040075c       0x14 build/default/production/_ext/1989321110/plib_hsmci.o

.bss.xPendingReadyList%11
                0x20400770       0x14
 .bss.xPendingReadyList
                0x20400770       0x14 build/default/production/_ext/404212886/FreeRTOS_tasks.o

.bss.xSuspendedTaskList%12
                0x20400784       0x14
 .bss.xSuspendedTaskList
                0x20400784       0x14 build/default/production/_ext/404212886/FreeRTOS_tasks.o

.bss.sysfsMountTable%13
                0x20400798        0xc
 .bss.sysfsMountTable
                0x20400798        0xc build/default/production/_ext/1171490990/initialization.o
                0x20400798                sysfsMountTable

.bss.cmd.7947%14
                0x204007a4        0x4
 .bss.cmd.7947  0x204007a4        0x4 build/default/production/_ext/1171490990/startup_xc32.o

.data.uxCriticalNesting%15
                0x204007a8        0x4
 .data.uxCriticalNesting
                0x204007a8        0x4 build/default/production/_ext/977623654/port.o

.bss.pxCurrentTCB%16
                0x204007ac        0x4
 .bss.pxCurrentTCB
                0x204007ac        0x4 build/default/production/_ext/404212886/FreeRTOS_tasks.o
                0x204007ac                pxCurrentTCB

.bss.pxDelayedTaskList%17
                0x204007b0        0x4
 .bss.pxDelayedTaskList
                0x204007b0        0x4 build/default/production/_ext/404212886/FreeRTOS_tasks.o

.bss.pxOverflowDelayedTaskList%18
                0x204007b4        0x4
 .bss.pxOverflowDelayedTaskList
                0x204007b4        0x4 build/default/production/_ext/404212886/FreeRTOS_tasks.o

.bss.uxCurrentNumberOfTasks%19
                0x204007b8        0x4
 .bss.uxCurrentNumberOfTasks
                0x204007b8        0x4 build/default/production/_ext/404212886/FreeRTOS_tasks.o

.bss.uxSchedulerSuspended%20
                0x204007bc        0x4
 .bss.uxSchedulerSuspended
                0x204007bc        0x4 build/default/production/_ext/404212886/FreeRTOS_tasks.o

.bss.uxTopReadyPriority%21
                0x204007c0        0x4
 .bss.uxTopReadyPriority
                0x204007c0        0x4 build/default/production/_ext/404212886/FreeRTOS_tasks.o

.bss.xNextTaskUnblockTime%22
                0x204007c4        0x4
 .bss.xNextTaskUnblockTime
                0x204007c4        0x4 build/default/production/_ext/404212886/FreeRTOS_tasks.o

.bss.xNumOfOverflows%23
                0x204007c8        0x4
 .bss.xNumOfOverflows
                0x204007c8        0x4 build/default/production/_ext/404212886/FreeRTOS_tasks.o

.bss.xPendedTicks%24
                0x204007cc        0x4
 .bss.xPendedTicks
                0x204007cc        0x4 build/default/production/_ext/404212886/FreeRTOS_tasks.o

.bss.xTickCount%25
                0x204007d0        0x4
 .bss.xTickCount
                0x204007d0        0x4 build/default/production/_ext/404212886/FreeRTOS_tasks.o

.bss.xYieldPending%26
                0x204007d4        0x4
 .bss.xYieldPending
                0x204007d4        0x4 build/default/production/_ext/404212886/FreeRTOS_tasks.o

.bss%27         0x204007d8        0x4
 .bss           0x204007d8        0x4 e:/complier-new/bin/bin/../../lib/gcc/pic32c/8.3.1/../../../../pic32c/lib/thumb/v7e-m+dp/hard\libpic32c.a(data_init.o)

.bss.__malloc_free_list%28
                0x204007dc        0x4
 .bss.__malloc_free_list
                0x204007dc        0x4 e:/complier-new/bin/bin/../../lib/gcc/pic32c/8.3.1/../../../../pic32c/lib/thumb/v7e-m+dp/hard\libc_nano.a(lib_a-nano-mallocr.o)
                0x204007dc                __malloc_free_list

.bss.__malloc_sbrk_start%29
                0x204007e0        0x4
 .bss.__malloc_sbrk_start
                0x204007e0        0x4 e:/complier-new/bin/bin/../../lib/gcc/pic32c/8.3.1/../../../../pic32c/lib/thumb/v7e-m+dp/hard\libc_nano.a(lib_a-nano-mallocr.o)
                0x204007e0                __malloc_sbrk_start

.data._impure_ptr%30
                0x204007e4        0x4
 .data._impure_ptr
                0x204007e4        0x4 e:/complier-new/bin/bin/../../lib/gcc/pic32c/8.3.1/../../../../pic32c/lib/thumb/v7e-m+dp/hard\libc_nano.a(lib_a-impure.o)
                0x204007e4                _impure_ptr

.bss%31         0x204007e8        0x4
 .bss           0x204007e8        0x4 e:/complier-new/bin/bin/../../lib/gcc/pic32c/8.3.1/../../../../pic32c/lib/thumb/v7e-m+dp/hard\libpic32c.a(sbrk.o)

.eh_frame%z1    0x00000000        0x0
 .eh_frame      0x00000000        0x0 e:/complier-new/bin/bin/../../lib/gcc/pic32c/8.3.1/thumb/v7e-m+dp/hard/crtbegin.o

.dinit%32       0x00400188      0x3c0
 .dinit         0x00400188      0x3c0 data_init

.text._vfprintf_r_cdnopuxX%33
                0x00400548      0x384
 .text._vfprintf_r_cdnopuxX
                0x00400548      0x384 e:/complier-new/bin/bin/../../lib/gcc/pic32c/8.3.1/../../../../pic32c/lib/thumb/v7e-m+dp/hard\libc_nano.a(_lib_a-nano-vfprintf.cdnopuxX.o)
                0x00400548                _vfprintf_r_cdnopuxX

.text.SYS_FS_Mount%34
                0x004008cc      0x1a4
 .text.SYS_FS_Mount
                0x004008cc      0x1a4 build/default/production/_ext/1269487135/sys_fs.o
                0x004008cc                SYS_FS_Mount

.text.TWIHS0_InterruptHandler%35
                0x00400a70      0x198
 .text.TWIHS0_InterruptHandler
                0x00400a70      0x198 build/default/production/_ext/621496242/plib_twihs0_master.o
                0x00400a70                TWIHS0_InterruptHandler

.text.Reset_Handler%36
                0x00400c08      0x178
 .text.Reset_Handler
                0x00400c08      0x178 build/default/production/_ext/1171490990/startup_xc32.o
                0x00400c08                Reset_Handler

.text.xQueueSemaphoreTake%37
                0x00400d80      0x158
 .text.xQueueSemaphoreTake
                0x00400d80      0x158 build/default/production/_ext/404212886/queue.o
                0x00400d80                xQueueSemaphoreTake

.text.SDCARD_Tasks%38
                0x00400ed8      0x13c
 .text.SDCARD_Tasks
                0x00400ed8      0x13c build/default/production/_ext/2124829536/sdcard.o
                0x00400ed8                SDCARD_Tasks

.text.USART2_InterruptHandler%39
                0x00401014      0x12c
 .text.USART2_InterruptHandler
                0x00401014      0x12c build/default/production/_ext/2001315827/plib_usart2.o
                0x00401014                USART2_InterruptHandler

.text.USART1_InterruptHandler%40
                0x00401140      0x12c
 .text.USART1_InterruptHandler
                0x00401140      0x12c build/default/production/_ext/2001315827/plib_usart1.o
                0x00401140                USART1_InterruptHandler

.text.SYS_FS_FileOpen%41
                0x0040126c      0x128
 .text.SYS_FS_FileOpen
                0x0040126c      0x128 build/default/production/_ext/1269487135/sys_fs.o
                0x0040126c                SYS_FS_FileOpen

.text.xQueueGenericSend%42
                0x00401394      0x128
 .text.xQueueGenericSend
                0x00401394      0x128 build/default/production/_ext/404212886/queue.o
                0x00401394                xQueueGenericSend

.text.HSMCI_InterruptHandler%43
                0x004014bc      0x120
 .text.HSMCI_InterruptHandler
                0x004014bc      0x120 build/default/production/_ext/1989321110/plib_hsmci.o
                0x004014bc                HSMCI_InterruptHandler

.text.xTaskIncrementTick%44
                0x004015dc      0x114
 .text.xTaskIncrementTick
                0x004015dc      0x114 build/default/production/_ext/404212886/FreeRTOS_tasks.o
                0x004015dc                xTaskIncrementTick

.text.__sflush_r%45
                0x004016f0      0x10c
 .text.__sflush_r
                0x004016f0      0x10c e:/complier-new/bin/bin/../../lib/gcc/pic32c/8.3.1/../../../../pic32c/lib/thumb/v7e-m+dp/hard\libc_nano.a(lib_a-fflush.o)
                0x004016f0                __sflush_r

.rodata._ctype_%46
                0x004017fc      0x101
 .rodata._ctype_
                0x004017fc      0x101 e:/complier-new/bin/bin/../../lib/gcc/pic32c/8.3.1/../../../../pic32c/lib/thumb/v7e-m+dp/hard\libc_nano.a(lib_a-ctype_.o)
                0x004017fc                _ctype_

.text._printf_common%47
                0x004018fe       0xea
 .text._printf_common
                0x004018fe       0xea e:/complier-new/bin/bin/../../lib/gcc/pic32c/8.3.1/../../../../pic32c/lib/thumb/v7e-m+dp/hard\libc_nano.a(lib_a-nano-vfprintf_i.o)
                0x004018fe                _printf_common

.text.xTaskResumeAll%48
                0x004019e8       0xe4
 .text.xTaskResumeAll
                0x004019e8       0xe4 build/default/production/_ext/404212886/FreeRTOS_tasks.o
                0x004019e8                xTaskResumeAll

.text.__swsetup_r%49
                0x00401acc       0xdc
 .text.__swsetup_r
                0x00401acc       0xdc e:/complier-new/bin/bin/../../lib/gcc/pic32c/8.3.1/../../../../pic32c/lib/thumb/v7e-m+dp/hard\libc_nano.a(lib_a-wsetup.o)
                0x00401acc                __swsetup_r

.text.SYS_FS_GetDisk%50
                0x00401ba8       0xc4
 .text.SYS_FS_GetDisk
                0x00401ba8       0xc4 build/default/production/_ext/1269487135/sys_fs.o

.text.__swbuf_r%51
                0x00401c6c       0xbc
 .text.__swbuf_r
                0x00401c6c       0xbc e:/complier-new/bin/bin/../../lib/gcc/pic32c/8.3.1/../../../../pic32c/lib/thumb/v7e-m+dp/hard\libc_nano.a(lib_a-wbuf.o)
                0x00401c6c                __swbuf_r

.text._malloc_r%52
                0x00401d28       0xb4
 .text._malloc_r
                0x00401d28       0xb4 e:/complier-new/bin/bin/../../lib/gcc/pic32c/8.3.1/../../../../pic32c/lib/thumb/v7e-m+dp/hard\libc_nano.a(lib_a-nano-mallocr.o)
                0x00401d28                _malloc_r

.text.SYS_FS_CurrentDriveSet%53
                0x00401ddc       0xb0
 .text.SYS_FS_CurrentDriveSet
                0x00401ddc       0xb0 build/default/production/_ext/1269487135/sys_fs.o
                0x00401ddc                SYS_FS_CurrentDriveSet

.text.vTaskSwitchContext%54
                0x00401e8c       0xa8
 .text.vTaskSwitchContext
                0x00401e8c       0xa8 build/default/production/_ext/404212886/FreeRTOS_tasks.o
                0x00401e8c                vTaskSwitchContext

.text.xTaskPriorityInherit%55
                0x00401f34       0xa8
 .text.xTaskPriorityInherit
                0x00401f34       0xa8 build/default/production/_ext/404212886/FreeRTOS_tasks.o
                0x00401f34                xTaskPriorityInherit

.text.TWIHS0_InitiateTransfer%56
                0x00401fdc       0xa0
 .text.TWIHS0_InitiateTransfer
                0x00401fdc       0xa0 build/default/production/_ext/621496242/plib_twihs0_master.o

.text%57        0x00402080       0xa0
 .text          0x00402080       0xa0 e:/complier-new/bin/bin/../../lib/gcc/pic32c/8.3.1/../../../../pic32c/lib/thumb/v7e-m+dp/hard\libc_nano.a(lib_a-memchr.o)
                0x00402080                memchr

.rodata%58      0x00402120       0x9c
 .rodata        0x00402120       0x9c build/default/production/_ext/2124829536/sdcard.o

.text._free_r%59
                0x004021bc       0x9c
 .text._free_r  0x004021bc       0x9c e:/complier-new/bin/bin/../../lib/gcc/pic32c/8.3.1/../../../../pic32c/lib/thumb/v7e-m+dp/hard\libc_nano.a(lib_a-nano-freer.o)
                0x004021bc                _free_r

.text.prvAddCurrentTaskToDelayedList%60
                0x00402258       0x94
 .text.prvAddCurrentTaskToDelayedList
                0x00402258       0x94 build/default/production/_ext/404212886/FreeRTOS_tasks.o

.text.__smakebuf_r%61
                0x004022ec       0x8c
 .text.__smakebuf_r
                0x004022ec       0x8c e:/complier-new/bin/bin/../../lib/gcc/pic32c/8.3.1/../../../../pic32c/lib/thumb/v7e-m+dp/hard\libc_nano.a(lib_a-makebuf.o)
                0x004022ec                __smakebuf_r

.text.SYS_FS_FileWrite%62
                0x00402378       0x88
 .text.SYS_FS_FileWrite
                0x00402378       0x88 build/default/production/_ext/1269487135/sys_fs.o
                0x00402378                SYS_FS_FileWrite

.text.__pic32c_data_initialization%63
                0x00402400       0x88
 .text.__pic32c_data_initialization
                0x00402400       0x88 e:/complier-new/bin/bin/../../lib/gcc/pic32c/8.3.1/../../../../pic32c/lib/thumb/v7e-m+dp/hard\libpic32c.a(data_init.o)
                0x00402400                __pic32c_data_initialization

.text.SYS_FS_FileRead%64
                0x00402488       0x84
 .text.SYS_FS_FileRead
                0x00402488       0x84 build/default/production/_ext/1269487135/sys_fs.o
                0x00402488                SYS_FS_FileRead

.text.__fputwc%65
                0x0040250c       0x82
 .text.__fputwc
                0x0040250c       0x82 e:/complier-new/bin/bin/../../lib/gcc/pic32c/8.3.1/../../../../pic32c/lib/thumb/v7e-m+dp/hard\libc_nano.a(lib_a-fputwc.o)
                0x0040250c                __fputwc

.text.vTaskPriorityDisinheritAfterTimeout%66
                0x00402590       0x80
 .text.vTaskPriorityDisinheritAfterTimeout
                0x00402590       0x80 build/default/production/_ext/404212886/FreeRTOS_tasks.o
                0x00402590                vTaskPriorityDisinheritAfterTimeout

.text.prvUnlockQueue%67
                0x00402610       0x7e
 .text.prvUnlockQueue
                0x00402610       0x7e build/default/production/_ext/404212886/queue.o

.text.SYS_FS_FileClose%68
                0x00402690       0x7c
 .text.SYS_FS_FileClose
                0x00402690       0x7c build/default/production/_ext/1269487135/sys_fs.o
                0x00402690                SYS_FS_FileClose

.text.SYS_FS_FileSize%69
                0x0040270c       0x7c
 .text.SYS_FS_FileSize
                0x0040270c       0x7c build/default/production/_ext/1269487135/sys_fs.o
                0x0040270c                SYS_FS_FileSize

.text.xTaskPriorityDisinherit%70
                0x00402788       0x7c
 .text.xTaskPriorityDisinherit
                0x00402788       0x7c build/default/production/_ext/404212886/FreeRTOS_tasks.o
                0x00402788                xTaskPriorityDisinherit

.text.xTaskRemoveFromEventList%71
                0x00402804       0x78
 .text.xTaskRemoveFromEventList
                0x00402804       0x78 build/default/production/_ext/404212886/FreeRTOS_tasks.o
                0x00402804                xTaskRemoveFromEventList

.text.__sfp%72  0x0040287c       0x78
 .text.__sfp    0x0040287c       0x78 e:/complier-new/bin/bin/../../lib/gcc/pic32c/8.3.1/../../../../pic32c/lib/thumb/v7e-m+dp/hard\libc_nano.a(lib_a-findfp.o)
                0x0040287c                __sfp

.text.prvCopyDataToQueue%73
                0x004028f4       0x72
 .text.prvCopyDataToQueue
                0x004028f4       0x72 build/default/production/_ext/404212886/queue.o

.text.USART1_Write%74
                0x00402968       0x70
 .text.USART1_Write
                0x00402968       0x70 build/default/production/_ext/2001315827/plib_usart1.o
                0x00402968                USART1_Write

.text.XDMAC_InterruptHandler%75
                0x004029d8       0x6c
 .text.XDMAC_InterruptHandler
                0x004029d8       0x6c build/default/production/_ext/2003650513/plib_xdmac.o
                0x004029d8                XDMAC_InterruptHandler

.text.RTT_InterruptHandler%76
                0x00402a44       0x68
 .text.RTT_InterruptHandler
                0x00402a44       0x68 build/default/production/_ext/60180192/plib_rtt.o
                0x00402a44                RTT_InterruptHandler

.text.xPortPendSVHandler%77
                0x00402ab0       0x64
 .text.xPortPendSVHandler
                0x00402ab0       0x64 build/default/production/_ext/977623654/port.o
                0x00402ab0                xPortPendSVHandler

.text.__sinit%78
                0x00402b14       0x60
 .text.__sinit  0x00402b14       0x60 e:/complier-new/bin/bin/../../lib/gcc/pic32c/8.3.1/../../../../pic32c/lib/thumb/v7e-m+dp/hard\libc_nano.a(lib_a-findfp.o)
                0x00402b14                __sinit

.text.SYS_FS_MEDIA_MANAGER_MediaStatusGet%79
                0x00402b74       0x5c
 .text.SYS_FS_MEDIA_MANAGER_MediaStatusGet
                0x00402b74       0x5c build/default/production/_ext/1269487135/sys_fs_media_manager.o
                0x00402b74                SYS_FS_MEDIA_MANAGER_MediaStatusGet

.text.xTaskCheckForTimeOut%80
                0x00402bd0       0x5c
 .text.xTaskCheckForTimeOut
                0x00402bd0       0x5c build/default/production/_ext/404212886/FreeRTOS_tasks.o
                0x00402bd0                xTaskCheckForTimeOut

.text.main%81   0x00402c2c       0x5c
 .text.main     0x00402c2c       0x5c build/default/production/_ext/1360937237/main.o
                0x00402c2c                main

.text._fflush_r%82
                0x00402c88       0x54
 .text._fflush_r
                0x00402c88       0x54 e:/complier-new/bin/bin/../../lib/gcc/pic32c/8.3.1/../../../../pic32c/lib/thumb/v7e-m+dp/hard\libc_nano.a(lib_a-fflush.o)
                0x00402c88                _fflush_r

.text.__ssfputs_r%83
                0x00402cdc       0x4a
 .text.__ssfputs_r
                0x00402cdc       0x4a e:/complier-new/bin/bin/../../lib/gcc/pic32c/8.3.1/../../../../pic32c/lib/thumb/v7e-m+dp/hard\libc_nano.a(lib_a-__ssfputs.o)
                0x00402cdc                __ssfputs_r

.text.__libc_init_array%84
                0x00402d28       0x48
 .text.__libc_init_array
                0x00402d28       0x48 e:/complier-new/bin/bin/../../lib/gcc/pic32c/8.3.1/../../../../pic32c/lib/thumb/v7e-m+dp/hard\libc_nano.a(lib_a-init.o)
                0x00402d28                __libc_init_array

.text.std%85    0x00402d70       0x48
 .text.std      0x00402d70       0x48 e:/complier-new/bin/bin/../../lib/gcc/pic32c/8.3.1/../../../../pic32c/lib/thumb/v7e-m+dp/hard\libc_nano.a(lib_a-findfp.o)

.text.__swhatbuf_r%86
                0x00402db8       0x48
 .text.__swhatbuf_r
                0x00402db8       0x48 e:/complier-new/bin/bin/../../lib/gcc/pic32c/8.3.1/../../../../pic32c/lib/thumb/v7e-m+dp/hard\libc_nano.a(lib_a-makebuf.o)
                0x00402db8                __swhatbuf_r

.text%87        0x00402e00       0x40
 .text          0x00402e00       0x40 e:/complier-new/bin/bin/../../lib/gcc/pic32c/8.3.1/thumb/v7e-m+dp/hard/crtbegin.o

.text.write%88  0x00402e40       0x40
 .text.write    0x00402e40       0x40 e:/complier-new/bin/bin/../../lib/gcc/pic32c/8.3.1/../../../../pic32c/lib/thumb/v7e-m+dp/hard\libpic32c.a(write.o)
                0x00402e40                write

.text._sprintf_cdnopuxX%89
                0x00402e80       0x3c
 .text._sprintf_cdnopuxX
                0x00402e80       0x3c e:/complier-new/bin/bin/../../lib/gcc/pic32c/8.3.1/../../../../pic32c/lib/thumb/v7e-m+dp/hard\libc_nano.a(_lib_a-sprintf.cdnopuxX.o)
                0x00402e80                _sprintf_cdnopuxX
                0x00402e80                __sprintf_di

.text._fwalk_reent%90
                0x00402ebc       0x3c
 .text._fwalk_reent
                0x00402ebc       0x3c e:/complier-new/bin/bin/../../lib/gcc/pic32c/8.3.1/../../../../pic32c/lib/thumb/v7e-m+dp/hard\libc_nano.a(lib_a-fwalk.o)
                0x00402ebc                _fwalk_reent

.text.__swrite%91
                0x00402ef8       0x38
 .text.__swrite
                0x00402ef8       0x38 e:/complier-new/bin/bin/../../lib/gcc/pic32c/8.3.1/../../../../pic32c/lib/thumb/v7e-m+dp/hard\libc_nano.a(lib_a-stdio.o)
                0x00402ef8                __swrite

.text.TWIHS0_InitiateRead%92
                0x00402f30       0x34
 .text.TWIHS0_InitiateRead
                0x00402f30       0x34 build/default/production/_ext/621496242/plib_twihs0_master.o

.text.vListInsert%93
                0x00402f64       0x34
 .text.vListInsert
                0x00402f64       0x34 build/default/production/_ext/404212886/list.o
                0x00402f64                vListInsert

.text.SDCARD_Initialize%94
                0x00402f98       0x34
 .text.SDCARD_Initialize
                0x00402f98       0x34 build/default/production/_ext/2124829536/sdcard.o
                0x00402f98                SDCARD_Initialize

.rodata%95      0x00402fcc       0x33
 .rodata        0x00402fcc       0x33 e:/complier-new/bin/bin/../../lib/gcc/pic32c/8.3.1/../../../../pic32c/lib/thumb/v7e-m+dp/hard\libc_nano.a(_lib_a-nano-vfprintf.cdnopuxX.o)

.text.SYS_FS_MEDIA_MANAGER_VolumePropertyGet%96
                0x00403000       0x30
 .text.SYS_FS_MEDIA_MANAGER_VolumePropertyGet
                0x00403000       0x30 build/default/production/_ext/1269487135/sys_fs_media_manager.o
                0x00403000                SYS_FS_MEDIA_MANAGER_VolumePropertyGet

.text.xPortSysTickHandler%97
                0x00403030       0x30
 .text.xPortSysTickHandler
                0x00403030       0x30 build/default/production/_ext/977623654/port.o
                0x00403030                xPortSysTickHandler

.text.__sfputc_r%98
                0x00403060       0x2e
 .text.__sfputc_r
                0x00403060       0x2e e:/complier-new/bin/bin/../../lib/gcc/pic32c/8.3.1/../../../../pic32c/lib/thumb/v7e-m+dp/hard\libc_nano.a(lib_a-__ssfputs.o)

.text.USART2_ErrorClear%99
                0x00403090       0x2c
 .text.USART2_ErrorClear
                0x00403090       0x2c build/default/production/_ext/2001315827/plib_usart2.o

.text.prvResetNextTaskUnblockTime%100
                0x004030bc       0x2c
 .text.prvResetNextTaskUnblockTime
                0x004030bc       0x2c build/default/production/_ext/404212886/FreeRTOS_tasks.o

.text.USART1_ErrorClear%101
                0x004030e8       0x2c
 .text.USART1_ErrorClear
                0x004030e8       0x2c build/default/production/_ext/2001315827/plib_usart1.o

.text.__sfmoreglue%102
                0x00403114       0x2c
 .text.__sfmoreglue
                0x00403114       0x2c e:/complier-new/bin/bin/../../lib/gcc/pic32c/8.3.1/../../../../pic32c/lib/thumb/v7e-m+dp/hard\libc_nano.a(lib_a-findfp.o)
                0x00403114                __sfmoreglue

.text._wcrtomb_r%103
                0x00403140       0x2c
 .text._wcrtomb_r
                0x00403140       0x2c e:/complier-new/bin/bin/../../lib/gcc/pic32c/8.3.1/../../../../pic32c/lib/thumb/v7e-m+dp/hard\libc_nano.a(lib_a-wcrtomb.o)
                0x00403140                _wcrtomb_r

.text._sbrk%104
                0x0040316c       0x2c
 .text._sbrk    0x0040316c       0x2c e:/complier-new/bin/bin/../../lib/gcc/pic32c/8.3.1/../../../../pic32c/lib/thumb/v7e-m+dp/hard\libpic32c.a(sbrk.o)
                0x0040316c                _sbrk

.text.read%105  0x00403198       0x28
 .text.read     0x00403198       0x28 e:/complier-new/bin/bin/../../lib/gcc/pic32c/8.3.1/../../../../pic32c/lib/thumb/v7e-m+dp/hard\libpic32c.a(read.o)
                0x00403198                read

.text.uxListRemove%106
                0x004031c0       0x26
 .text.uxListRemove
                0x004031c0       0x26 build/default/production/_ext/404212886/list.o
                0x004031c0                uxListRemove

.text.vPortSVCHandler%107
                0x004031f0       0x24
 .text.vPortSVCHandler
                0x004031f0       0x24 build/default/production/_ext/977623654/port.o
                0x004031f0                vPortSVCHandler

.text.vPortEnterCritical%108
                0x00403214       0x24
 .text.vPortEnterCritical
                0x00403214       0x24 build/default/production/_ext/977623654/port.o
                0x00403214                vPortEnterCritical

.text.strncmp%109
                0x00403238       0x24
 .text.strncmp  0x00403238       0x24 e:/complier-new/bin/bin/../../lib/gcc/pic32c/8.3.1/../../../../pic32c/lib/thumb/v7e-m+dp/hard\libc_nano.a(lib_a-strncmp.o)
                0x00403238                strncmp

.text.__ascii_mbtowc%110
                0x0040325c       0x24
 .text.__ascii_mbtowc
                0x0040325c       0x24 e:/complier-new/bin/bin/../../lib/gcc/pic32c/8.3.1/../../../../pic32c/lib/thumb/v7e-m+dp/hard\libc_nano.a(lib_a-mbtowc_r.o)
                0x0040325c                __ascii_mbtowc

.text.__sseek%111
                0x00403280       0x24
 .text.__sseek  0x00403280       0x24 e:/complier-new/bin/bin/../../lib/gcc/pic32c/8.3.1/../../../../pic32c/lib/thumb/v7e-m+dp/hard\libc_nano.a(lib_a-stdio.o)
                0x00403280                __sseek

.text._write_r%112
                0x004032a4       0x24
 .text._write_r
                0x004032a4       0x24 e:/complier-new/bin/bin/../../lib/gcc/pic32c/8.3.1/../../../../pic32c/lib/thumb/v7e-m+dp/hard\libc_nano.a(lib_a-writer.o)
                0x004032a4                _write_r

.text._lseek_r%113
                0x004032c8       0x24
 .text._lseek_r
                0x004032c8       0x24 e:/complier-new/bin/bin/../../lib/gcc/pic32c/8.3.1/../../../../pic32c/lib/thumb/v7e-m+dp/hard\libc_nano.a(lib_a-lseekr.o)
                0x004032c8                _lseek_r

.text._read_r%114
                0x004032ec       0x24
 .text._read_r  0x004032ec       0x24 e:/complier-new/bin/bin/../../lib/gcc/pic32c/8.3.1/../../../../pic32c/lib/thumb/v7e-m+dp/hard\libc_nano.a(lib_a-readr.o)
                0x004032ec                _read_r

.text._fstat_r%115
                0x00403310       0x24
 .text._fstat_r
                0x00403310       0x24 e:/complier-new/bin/bin/../../lib/gcc/pic32c/8.3.1/../../../../pic32c/lib/thumb/v7e-m+dp/hard\libc_nano.a(lib_a-fstatr.o)
                0x00403310                _fstat_r

.text.SYS_FS_MEDIA_MANAGER_IsFSFat%116
                0x00403334       0x22
 .text.SYS_FS_MEDIA_MANAGER_IsFSFat
                0x00403334       0x22 build/default/production/_ext/1269487135/sys_fs_media_manager.o

.text.__sread%117
                0x00403356       0x22
 .text.__sread  0x00403356       0x22 e:/complier-new/bin/bin/../../lib/gcc/pic32c/8.3.1/../../../../pic32c/lib/thumb/v7e-m+dp/hard\libc_nano.a(lib_a-stdio.o)
                0x00403356                __sread

.rodata%118     0x00403378       0x20
 .rodata        0x00403378       0x20 build/default/production/_ext/1269487135/sys_fs_media_manager.o

.text._sbrk_r%119
                0x00403398       0x20
 .text._sbrk_r  0x00403398       0x20 e:/complier-new/bin/bin/../../lib/gcc/pic32c/8.3.1/../../../../pic32c/lib/thumb/v7e-m+dp/hard\libc_nano.a(lib_a-sbrkr.o)
                0x00403398                _sbrk_r

.text._close_r%120
                0x004033b8       0x20
 .text._close_r
                0x004033b8       0x20 e:/complier-new/bin/bin/../../lib/gcc/pic32c/8.3.1/../../../../pic32c/lib/thumb/v7e-m+dp/hard\libc_nano.a(lib_a-closer.o)
                0x004033b8                _close_r

.text._isatty_r%121
                0x004033d8       0x20
 .text._isatty_r
                0x004033d8       0x20 e:/complier-new/bin/bin/../../lib/gcc/pic32c/8.3.1/../../../../pic32c/lib/thumb/v7e-m+dp/hard\libc_nano.a(lib_a-isattyr.o)
                0x004033d8                _isatty_r

.text.OSAL_MUTEX_Lock%122
                0x004033f8       0x1e
 .text.OSAL_MUTEX_Lock
                0x004033f8       0x1e build/default/production/_ext/1529399856/osal_freertos.o
                0x004033f8                OSAL_MUTEX_Lock

.text.vTaskPlaceOnEventList%123
                0x00403418       0x1c
 .text.vTaskPlaceOnEventList
                0x00403418       0x1c build/default/production/_ext/404212886/FreeRTOS_tasks.o
                0x00403418                vTaskPlaceOnEventList

.text.pvTaskIncrementMutexHeldCount%124
                0x00403434       0x1c
 .text.pvTaskIncrementMutexHeldCount
                0x00403434       0x1c build/default/production/_ext/404212886/FreeRTOS_tasks.o
                0x00403434                pvTaskIncrementMutexHeldCount

.text.memcpy%125
                0x00403450       0x1c
 .text.memcpy   0x00403450       0x1c e:/complier-new/bin/bin/../../lib/gcc/pic32c/8.3.1/../../../../pic32c/lib/thumb/v7e-m+dp/hard\libc_nano.a(lib_a-memcpy-stub.o)
                0x00403450                memcpy

.text._fputwc_r%126
                0x0040346c       0x1c
 .text._fputwc_r
                0x0040346c       0x1c e:/complier-new/bin/bin/../../lib/gcc/pic32c/8.3.1/../../../../pic32c/lib/thumb/v7e-m+dp/hard\libc_nano.a(lib_a-fputwc.o)
                0x0040346c                _fputwc_r

.text.__ascii_wctomb%127
                0x00403488       0x1a
 .text.__ascii_wctomb
                0x00403488       0x1a e:/complier-new/bin/bin/../../lib/gcc/pic32c/8.3.1/../../../../pic32c/lib/thumb/v7e-m+dp/hard\libc_nano.a(lib_a-wctomb_r.o)
                0x00403488                __ascii_wctomb

.text.OSAL_MUTEX_Unlock%128
                0x004034a2       0x18
 .text.OSAL_MUTEX_Unlock
                0x004034a2       0x18 build/default/production/_ext/1529399856/osal_freertos.o
                0x004034a2                OSAL_MUTEX_Unlock

.text.vTaskInternalSetTimeOutState%129
                0x004034bc       0x18
 .text.vTaskInternalSetTimeOutState
                0x004034bc       0x18 build/default/production/_ext/404212886/FreeRTOS_tasks.o