Archive member included to satisfy reference by file (symbol)

e:/complier-new/bin/bin/../../lib/gcc/pic32c/8.3.1/../../../../pic32c/lib/thumb/v7e-m+dp/hard\libpic32c.a(data_init.o)
                              build/default/production/_ext/1171490990/startup_xc32.o (__pic32c_data_initialization)
e:/complier-new/bin/bin/../../lib/gcc/pic32c/8.3.1/../../../../pic32c/lib/thumb/v7e-m+dp/hard\libc_nano.a(_lib_a-printf.fFgG.o)
                              (_printf_fFgG)
e:/complier-new/bin/bin/../../lib/gcc/pic32c/8.3.1/../../../../pic32c/lib/thumb/v7e-m+dp/hard\libc_nano.a(lib_a-impure.o)
                              build/default/production/_ext/1171490990/initialization.o (_impure_ptr)
e:/complier-new/bin/bin/../../lib/gcc/pic32c/8.3.1/../../../../pic32c/lib/thumb/v7e-m+dp/hard\libc_nano.a(lib_a-init.o)
                              build/default/production/_ext/1171490990/startup_xc32.o (__libc_init_array)
e:/complier-new/bin/bin/../../lib/gcc/pic32c/8.3.1/../../../../pic32c/lib/thumb/v7e-m+dp/hard\libc_nano.a(lib_a-memcpy-stub.o)
                              build/default/production/_ext/60167248/plib_efc.o (memcpy)
e:/complier-new/bin/bin/../../lib/gcc/pic32c/8.3.1/../../../../pic32c/lib/thumb/v7e-m+dp/hard\libc_nano.a(lib_a-setbuf.o)
                              build/default/production/_ext/1171490990/initialization.o (setbuf)
e:/complier-new/bin/bin/../../lib/gcc/pic32c/8.3.1/../../../../pic32c/lib/thumb/v7e-m+dp/hard\libc_nano.a(lib_a-setvbuf.o)
                              e:/complier-new/bin/bin/../../lib/gcc/pic32c/8.3.1/../../../../pic32c/lib/thumb/v7e-m+dp/hard\libc_nano.a(lib_a-setbuf.o) (setvbuf)
e:/complier-new/bin/bin/../../lib/gcc/pic32c/8.3.1/../../../../pic32c/lib/thumb/v7e-m+dp/hard\libc_nano.a(_lib_a-nano-vfprintf.fFgG.o)
                              e:/complier-new/bin/bin/../../lib/gcc/pic32c/8.3.1/../../../../pic32c/lib/thumb/v7e-m+dp/hard\libc_nano.a(_lib_a-printf.fFgG.o) (_vfprintf_fFgG)
e:/complier-new/bin/bin/../../lib/gcc/pic32c/8.3.1/../../../../pic32c/lib/thumb/v7e-m+dp/hard\libc_nano.a(lib_a-__ssfputs.o)
                              e:/complier-new/bin/bin/../../lib/gcc/pic32c/8.3.1/../../../../pic32c/lib/thumb/v7e-m+dp/hard\libc_nano.a(_lib_a-nano-vfprintf.fFgG.o) (__ssfputs_r)
e:/complier-new/bin/bin/../../lib/gcc/pic32c/8.3.1/../../../../pic32c/lib/thumb/v7e-m+dp/hard\libc_nano.a(lib_a-dtoa.o)
                              e:/complier-new/bin/bin/../../lib/gcc/pic32c/8.3.1/../../../../pic32c/lib/thumb/v7e-m+dp/hard\libc_nano.a(_lib_a-nano-vfprintf.fFgG.o) (_dtoa_r)
e:/complier-new/bin/bin/../../lib/gcc/pic32c/8.3.1/../../../../pic32c/lib/thumb/v7e-m+dp/hard\libc_nano.a(lib_a-fflush.o)
                              e:/complier-new/bin/bin/../../lib/gcc/pic32c/8.3.1/../../../../pic32c/lib/thumb/v7e-m+dp/hard\libc_nano.a(lib_a-setvbuf.o) (_fflush_r)
e:/complier-new/bin/bin/../../lib/gcc/pic32c/8.3.1/../../../../pic32c/lib/thumb/v7e-m+dp/hard\libc_nano.a(lib_a-findfp.o)
                              e:/complier-new/bin/bin/../../lib/gcc/pic32c/8.3.1/../../../../pic32c/lib/thumb/v7e-m+dp/hard\libc_nano.a(lib_a-setvbuf.o) (__sinit)
e:/complier-new/bin/bin/../../lib/gcc/pic32c/8.3.1/../../../../pic32c/lib/thumb/v7e-m+dp/hard\libc_nano.a(lib_a-fputwc.o)
                              e:/complier-new/bin/bin/../../lib/gcc/pic32c/8.3.1/../../../../pic32c/lib/thumb/v7e-m+dp/hard\libc_nano.a(lib_a-__ssfputs.o) (_fputwc_r)
e:/complier-new/bin/bin/../../lib/gcc/pic32c/8.3.1/../../../../pic32c/lib/thumb/v7e-m+dp/hard\libc_nano.a(lib_a-fwalk.o)
                              e:/complier-new/bin/bin/../../lib/gcc/pic32c/8.3.1/../../../../pic32c/lib/thumb/v7e-m+dp/hard\libc_nano.a(lib_a-fflush.o) (_fwalk_reent)
e:/complier-new/bin/bin/../../lib/gcc/pic32c/8.3.1/../../../../pic32c/lib/thumb/v7e-m+dp/hard\libc_nano.a(lib_a-locale.o)
                              e:/complier-new/bin/bin/../../lib/gcc/pic32c/8.3.1/../../../../pic32c/lib/thumb/v7e-m+dp/hard\libc_nano.a(lib_a-fputwc.o) (__locale_mb_cur_max)
e:/complier-new/bin/bin/../../lib/gcc/pic32c/8.3.1/../../../../pic32c/lib/thumb/v7e-m+dp/hard\libc_nano.a(lib_a-localeconv.o)
                              e:/complier-new/bin/bin/../../lib/gcc/pic32c/8.3.1/../../../../pic32c/lib/thumb/v7e-m+dp/hard\libc_nano.a(_lib_a-nano-vfprintf.fFgG.o) (_localeconv_r)
e:/complier-new/bin/bin/../../lib/gcc/pic32c/8.3.1/../../../../pic32c/lib/thumb/v7e-m+dp/hard\libc_nano.a(lib_a-makebuf.o)
                              e:/complier-new/bin/bin/../../lib/gcc/pic32c/8.3.1/../../../../pic32c/lib/thumb/v7e-m+dp/hard\libc_nano.a(lib_a-setvbuf.o) (__swhatbuf_r)
e:/complier-new/bin/bin/../../lib/gcc/pic32c/8.3.1/../../../../pic32c/lib/thumb/v7e-m+dp/hard\libc_nano.a(lib_a-malloc.o)
                              e:/complier-new/bin/bin/../../lib/gcc/pic32c/8.3.1/../../../../pic32c/lib/thumb/v7e-m+dp/hard\libc_nano.a(lib_a-setvbuf.o) (malloc)
[...]
Memory Configuration

Name             Origin             Length             Attributes
rom              0x00400000         0x00200000         xrl
ram              0x20400000         0x00060000         xw !r
itcm             0x00000000         0x00000000         xw
dtcm             0x20000000         0x00000000         xw !r
*default*        0x00000000         0xffffffff

Linker script and memory map

LOAD e:/complier-new/bin/bin/../../lib/gcc/pic32c/8.3.1/thumb/v7e-m+dp/hard/crti.o
LOAD e:/complier-new/bin/bin/../../lib/gcc/pic32c/8.3.1/thumb/v7e-m+dp/hard/crtbegin.o
LOAD build/default/production/_ext/60165520/plib_clk.o
LOAD build/default/production/_ext/60167248/plib_efc.o
LOAD build/default/production/_ext/1865468468/plib_nvic.o
LOAD build/default/production/_ext/60177924/plib_pio.o
LOAD build/default/production/_ext/1827571544/plib_systick.o
LOAD build/default/production/_ext/829342655/plib_tc0.o
LOAD build/default/production/_ext/829342655/plib_tc3.o
LOAD build/default/production/_ext/2001315827/plib_usart1.o
LOAD build/default/production/_ext/2001315827/plib_usart2.o
LOAD build/default/production/_ext/163028504/xc32_monitor.o
LOAD build/default/production/_ext/1014039709/sys_cache.o
LOAD build/default/production/_ext/1171490990/initialization.o
LOAD build/default/production/_ext/1171490990/interrupts.o
LOAD build/default/production/_ext/1171490990/exceptions.o
LOAD build/default/production/_ext/1171490990/startup_xc32.o
LOAD build/default/production/_ext/1171490990/libc_syscalls.o
LOAD build/default/production/_ext/1360937237/main.o
LOAD build/default/production/_ext/1360937237/decode_ibus.o
                0x00000001                __MPLAB_BUILD = 0x1
                0x00600000                __rom_end = (ORIGIN (rom) + LENGTH (rom))
                0x20460000                __ram_end = (ORIGIN (ram) + LENGTH (ram))

.vectors        0x00400000      0x168
                0x00400000                . = ALIGN (0x4)
                0x00400000                _sfixed = .
 *(.vectors .vectors.* .vectors_default .vectors_default.*)
 .vectors       0x00400000      0x168 build/default/production/_ext/1171490990/interrupts.o
                0x00400000                exception_table
 *(.isr_vector)
 *(.reset*)
 *(.after_vectors)

.text           0x00400168       0x20
                0x00400168                . = ALIGN (0x4)
 *(.glue_7t)
 .glue_7t       0x00400168        0x0 linker stubs
 *(.glue_7)
 .glue_7        0x00400168        0x0 linker stubs
 *(.gnu.linkonce.r.*)
 *(.ARM.extab* .gnu.linkonce.armextab.*)
                0x00400168                . = ALIGN (0x4)
 *(.init)
 .init          0x00400168        0x4 e:/complier-new/bin/bin/../../lib/gcc/pic32c/8.3.1/thumb/v7e-m+dp/hard/crti.o
                0x00400168                _init
 .init          0x0040016c        0x8 e:/complier-new/bin/bin/../../lib/gcc/pic32c/8.3.1/thumb/v7e-m+dp/hard/crtn.o
                0x00400174                . = ALIGN (0x4)
                0x00400174                __preinit_array_start = .
 *(.preinit_array)
                0x00400174                __preinit_array_end = .
                0x00400174                . = ALIGN (0x4)
                0x00400174                __init_array_start = .
 *(SORT_BY_NAME(.init_array.*))
 *(.init_array)
 .init_array    0x00400174        0x4 e:/complier-new/bin/bin/../../lib/gcc/pic32c/8.3.1/thumb/v7e-m+dp/hard/crtbegin.o
                0x00400178                __init_array_end = .
                0x00400178                . = ALIGN (0x4)
 *crtbegin.o(.ctors)
 *(EXCLUDE_FILE(*crtend.o) .ctors)
 *(SORT_BY_NAME(.ctors.*))
 *crtend.o(.ctors)
                0x00400178                . = ALIGN (0x4)
 *(.fini)
 .fini          0x00400178        0x4 e:/complier-new/bin/bin/../../lib/gcc/pic32c/8.3.1/thumb/v7e-m+dp/hard/crti.o
                0x00400178                _fini
 .fini          0x0040017c        0x8 e:/complier-new/bin/bin/../../lib/gcc/pic32c/8.3.1/thumb/v7e-m+dp/hard/crtn.o
                0x00400184                . = ALIGN (0x4)
                0x00400184                __fini_array_start = .
 *(.fini_array)
 .fini_array    0x00400184        0x4 e:/complier-new/bin/bin/../../lib/gcc/pic32c/8.3.1/thumb/v7e-m+dp/hard/crtbegin.o
 *(SORT_BY_NAME(.fini_array.*))
                0x00400188                __fini_array_end = .
 *crtbegin.o(.dtors)
 *(EXCLUDE_FILE(*crtend.o) .dtors)
 *(SORT_BY_NAME(.dtors.*))
 *crtend.o(.dtors)
                0x00400188                . = ALIGN (0x4)
                0x00400188                _efixed = .
                [!provide]                PROVIDE (__exidx_start = .)

.ARM.exidx
 *(.ARM.exidx* .gnu.linkonce.armexidx.*)
                [!provide]                PROVIDE (__exidx_end = .)
                0x00400188                . = ALIGN (0x4)
                0x00400188                _etext = .

.bss            0x20400000       0xec
                0x20400000                . = ALIGN (0x4)
                0x20400000                __bss_start__ = .
                0x20400000                _sbss = .
                0x20400000                _szero = .
 *(COMMON)
 COMMON         0x20400000       0x30 build/default/production/_ext/2001315827/plib_usart2.o
                0x20400000                usart2Obj
 COMMON         0x20400030       0xb8 build/default/production/_ext/1360937237/main.o
                0x20400030                duty1
                0x20400034                rec_buffer
                0x20400074                message
                0x20400094                on_time1
                0x20400098                angle1
                0x2040009c                angle2
                0x204000a0                frequency2
                0x204000a4                on_time2
                0x204000a8                duty2
                0x204000ac                channels
                0x204000e4                frequency1
 COMMON         0x204000e8        0x4 e:/complier-new/bin/bin/../../lib/gcc/pic32c/8.3.1/../../../../pic32c/lib/thumb/v7e-m+dp/hard\libc_nano.a(lib_a-reent.o)
                0x204000e8                errno
                0x204000ec                . = ALIGN (0x4)
                0x204000ec                __bss_end__ = .
                0x204000ec                _ebss = .
                0x204000ec                _ezero = .
                0x204000ec                . = ALIGN (0x4)
                0x204000ec                _end = .
                0x2045ffff                _ram_end_ = ((ORIGIN (ram) + LENGTH (ram)) - 0x1)
                0x00000200                _min_heap_size = 0x200
START GROUP
LOAD e:/complier-new/bin/bin/../../lib/gcc/pic32c/8.3.1/../../../../pic32c/lib/thumb/v7e-m+dp/hard\libpic32c.a
LOAD e:/complier-new/bin/bin/../../lib/gcc/pic32c/8.3.1/thumb/v7e-m+dp/hard\libgcc.a
LOAD e:/complier-new/bin/bin/../../lib/gcc/pic32c/8.3.1/../../../../pic32c/lib/thumb/v7e-m+dp/hard\libm_nano.a
LOAD e:/complier-new/bin/bin/../../lib/gcc/pic32c/8.3.1/../../../../pic32c/lib/thumb/v7e-m+dp/hard\libc_nano.a
END GROUP
LOAD e:/complier-new/bin/bin/../../lib/gcc/pic32c/8.3.1/thumb/v7e-m+dp/hard/crtend.o
LOAD e:/complier-new/bin/bin/../../lib/gcc/pic32c/8.3.1/thumb/v7e-m+dp/hard/crtn.o
OUTPUT(dist/default/production/Testing_Remote_Control.X.production.elf elf32-littlearm)
LOAD stack
LOAD data_init

.ARM.attributes
                0x00000000       0x2e
 .ARM.attributes
                0x00000000       0x1e e:/complier-new/bin/bin/../../lib/gcc/pic32c/8.3.1/thumb/v7e-m+dp/hard/crti.o
 .ARM.attributes
                0x0000001e       0x32 e:/complier-new/bin/bin/../../lib/gcc/pic32c/8.3.1/thumb/v7e-m+dp/hard/crtbegin.o
 .ARM.attributes
                0x00000050       0x32 build/default/production/_ext/60165520/plib_clk.o
 .ARM.attributes
                0x00000082       0x32 build/default/production/_ext/60167248/plib_efc.o
 .ARM.attributes
                0x000000b4       0x32 build/default/production/_ext/1865468468/plib_nvic.o
 .ARM.attributes
                0x000000e6       0x32 build/default/production/_ext/60177924/plib_pio.o
 .ARM.attributes
                0x00000118       0x32 build/default/production/_ext/1827571544/plib_systick.o
 .ARM.attributes
                0x0000014a       0x32 build/default/production/_ext/829342655/plib_tc0.o
 .ARM.attributes
                0x0000017c       0x32 build/default/production/_ext/829342655/plib_tc3.o
 .ARM.attributes
                0x000001ae       0x32 build/default/production/_ext/2001315827/plib_usart1.o
 .ARM.attributes
                0x000001e0       0x32 build/default/production/_ext/2001315827/plib_usart2.o
 .ARM.attributes
                0x00000212       0x32 build/default/production/_ext/163028504/xc32_monitor.o
 .ARM.attributes
                0x00000244       0x32 build/default/production/_ext/1171490990/initialization.o
 .ARM.attributes
                0x00000276       0x32 build/default/production/_ext/1171490990/interrupts.o
 .ARM.attributes
                0x000002a8       0x32 build/default/production/_ext/1171490990/exceptions.o
 .ARM.attributes
                0x000002da       0x32 build/default/production/_ext/1171490990/startup_xc32.o
 .ARM.attributes
                0x0000030c       0x32 build/default/production/_ext/1360937237/main.o
 .ARM.attributes
                0x0000033e       0x32 build/default/production/_ext/1360937237/decode_ibus.o
 .ARM.attributes
                0x00000370       0x32 e:/complier-new/bin/bin/../../lib/gcc/pic32c/8.3.1/../../../../pic32c/lib/thumb/v7e-m+dp/hard\libpic32c.a(data_init.o)
 .ARM.attributes
                0x000003a2       0x32 e:/complier-new/bin/bin/../../lib/gcc/pic32c/8.3.1/../../../../pic32c/lib/thumb/v7e-m+dp/hard\libc_nano.a(_lib_a-printf.fFgG.o)
 .ARM.attributes
                0x000003d4       0x30 e:/complier-new/bin/bin/../../lib/gcc/pic32c/8.3.1/../../../../pic32c/lib/thumb/v7e-m+dp/hard\libc_nano.a(lib_a-impure.o)
 .ARM.attributes
                0x00000404       0x32 e:/complier-new/bin/bin/../../lib/gcc/pic32c/8.3.1/../../../../pic32c/lib/thumb/v7e-m+dp/hard\libc_nano.a(lib_a-init.o)
 .ARM.attributes
                0x00000436       0x32 e:/complier-new/bin/bin/../../lib/gcc/pic32c/8.3.1/../../../../pic32c/lib/thumb/v7e-m+dp/hard\libc_nano.a(lib_a-memcpy-stub.o)
 .ARM.attributes
                0x00000468       0x32 e:/complier-new/bin/bin/../../lib/gcc/pic32c/8.3.1/../../../../pic32c/lib/thumb/v7e-m+dp/hard\libc_nano.a(lib_a-setbuf.o)
 .ARM.attributes
                0x0000049a       0x32 e:/complier-new/bin/bin/../../lib/gcc/pic32c/8.3.1/../../../../pic32c/lib/thumb/v7e-m+dp/hard\libc_nano.a(lib_a-setvbuf.o)
 .ARM.attributes
                0x000004cc       0x32 e:/complier-new/bin/bin/../../lib/gcc/pic32c/8.3.1/../../../../pic32c/lib/thumb/v7e-m+dp/hard\libc_nano.a(_lib_a-nano-vfprintf.fFgG.o)
 .ARM.attributes
                0x000004fe       0x32 e:/complier-new/bin/bin/../../lib/gcc/pic32c/8.3.1/../../../../pic32c/lib/thumb/v7e-m+dp/hard\libc_nano.a(lib_a-__ssfputs.o)
 .ARM.attributes
                0x00000530       0x32 e:/complier-new/bin/bin/../../lib/gcc/pic32c/8.3.1/../../../../pic32c/lib/thumb/v7e-m+dp/hard\libc_nano.a(lib_a-dtoa.o)
 .ARM.attributes
                0x00000562       0x32 e:/complier-new/bin/bin/../../lib/gcc/pic32c/8.3.1/../../../../pic32c/lib/thumb/v7e-m+dp/hard\libc_nano.a(lib_a-fflush.o)
 .ARM.attributes
                0x00000594       0x32 e:/complier-new/bin/bin/../../lib/gcc/pic32c/8.3.1/../../../../pic32c/lib/thumb/v7e-m+dp/hard\libc_nano.a(lib_a-findfp.o)
 .ARM.attributes
                0x000005c6       0x32 e:/complier-new/bin/bin/../../lib/gcc/pic32c/8.3.1/../../../../pic32c/lib/thumb/v7e-m+dp/hard\libc_nano.a(lib_a-fputwc.o)
 .ARM.attributes
                0x000005f8       0x32 e:/complier-new/bin/bin/../../lib/gcc/pic32c/8.3.1/../../../../pic32c/lib/thumb/v7e-m+dp/hard\libc_nano.a(lib_a-fwalk.o)
 .ARM.attributes
                0x0000062a       0x32 e:/complier-new/bin/bin/../../lib/gcc/pic32c/8.3.1/../../../../pic32c/lib/thumb/v7e-m+dp/hard\libc_nano.a(lib_a-locale.o)
 .ARM.attributes
                0x0000065c       0x32 e:/complier-new/bin/bin/../../lib/gcc/pic32c/8.3.1/../../../../pic32c/lib/thumb/v7e-m+dp/hard\libc_nano.a(lib_a-localeconv.o)
 .ARM.attributes
                0x0000068e       0x32 e:/complier-new/bin/bin/../../lib/gcc/pic32c/8.3.1/../../../../pic32c/lib/thumb/v7e-m+dp/hard\libc_nano.a(lib_a-makebuf.o)
 .ARM.attributes
                0x000006c0       0x32 e:/complier-new/bin/bin/../../lib/gcc/pic32c/8.3.1/../../../../pic32c/lib/thumb/v7e-m+dp/hard\libc_nano.a(lib_a-malloc.o)
 .ARM.attributes
                0x000006f2       0x32 e:/complier-new/bin/bin/../../lib/gcc/pic32c/8.3.1/../../../../pic32c/lib/thumb/v7e-m+dp/hard\libc_nano.a(lib_a-mbtowc_r.o)
 .ARM.attributes
                0x00000724       0x1c e:/complier-new/bin/bin/../../lib/gcc/pic32c/8.3.1/../../../../pic32c/lib/thumb/v7e-m+dp/hard\libc_nano.a(lib_a-memchr.o)
 .ARM.attributes
                0x00000740       0x32 e:/complier-new/bin/bin/../../lib/gcc/pic32c/8.3.1/../../../../pic32c/lib/thumb/v7e-m+dp/hard\libc_nano.a(lib_a-memset.o)
 .ARM.attributes
                0x00000772       0x32 e:/complier-new/bin/bin/../../lib/gcc/pic32c/8.3.1/../../../../pic32c/lib/thumb/v7e-m+dp/hard\libc_nano.a(lib_a-mprec.o)
 .ARM.attributes
                0x000007a4       0x32 e:/complier-new/bin/bin/../../lib/gcc/pic32c/8.3.1/../../../../pic32c/lib/thumb/v7e-m+dp/hard\libc_nano.a(lib_a-nano-callocr.o)
 .ARM.attributes
                0x000007d6       0x32 e:/complier-new/bin/bin/../../lib/gcc/pic32c/8.3.1/../../../../pic32c/lib/thumb/v7e-m+dp/hard\libc_nano.a(lib_a-nano-freer.o)
 .ARM.attributes
                0x00000808       0x32 e:/complier-new/bin/bin/../../lib/gcc/pic32c/8.3.1/../../../../pic32c/lib/thumb/v7e-m+dp/hard\libc_nano.a(lib_a-nano-mallocr.o)
 .ARM.attributes
                0x0000083a       0x32 e:/complier-new/bin/bin/../../lib/gcc/pic32c/8.3.1/../../../../pic32c/lib/thumb/v7e-m+dp/hard\libc_nano.a(lib_a-nano-vfprintf_i.o)
 .ARM.attributes
                0x0000086c       0x32 e:/complier-new/bin/bin/../../lib/gcc/pic32c/8.3.1/../../../../pic32c/lib/thumb/v7e-m+dp/hard\libc_nano.a(lib_a-sbrkr.o)
 .ARM.attributes
                0x0000089e       0x32 e:/complier-new/bin/bin/../../lib/gcc/pic32c/8.3.1/../../../../pic32c/lib/thumb/v7e-m+dp/hard\libc_nano.a(lib_a-stdio.o)
 .ARM.attributes
                0x000008d0       0x17 e:/complier-new/bin/bin/../../lib/gcc/pic32c/8.3.1/../../../../pic32c/lib/thumb/v7e-m+dp/hard\libc_nano.a(lib_a-strlen.o)
 .ARM.attributes
                0x000008e7       0x32 e:/complier-new/bin/bin/../../lib/gcc/pic32c/8.3.1/../../../../pic32c/lib/thumb/v7e-m+dp/hard\libc_nano.a(lib_a-wbuf.o)
 .ARM.attributes
                0x00000919       0x32 e:/complier-new/bin/bin/../../lib/gcc/pic32c/8.3.1/../../../../pic32c/lib/thumb/v7e-m+dp/hard\libc_nano.a(lib_a-wcrtomb.o)
 .ARM.attributes
                0x0000094b       0x32 e:/complier-new/bin/bin/../../lib/gcc/pic32c/8.3.1/../../../../pic32c/lib/thumb/v7e-m+dp/hard\libc_nano.a(lib_a-wctomb_r.o)
 .ARM.attributes
                0x0000097d       0x32 e:/complier-new/bin/bin/../../lib/gcc/pic32c/8.3.1/../../../../pic32c/lib/thumb/v7e-m+dp/hard\libc_nano.a(lib_a-writer.o)
 .ARM.attributes
                0x000009af       0x32 e:/complier-new/bin/bin/../../lib/gcc/pic32c/8.3.1/../../../../pic32c/lib/thumb/v7e-m+dp/hard\libc_nano.a(lib_a-wsetup.o)
 .ARM.attributes
                0x000009e1       0x32 e:/complier-new/bin/bin/../../lib/gcc/pic32c/8.3.1/../../../../pic32c/lib/thumb/v7e-m+dp/hard\libc_nano.a(lib_a-closer.o)
 .ARM.attributes
                0x00000a13       0x30 e:/complier-new/bin/bin/../../lib/gcc/pic32c/8.3.1/../../../../pic32c/lib/thumb/v7e-m+dp/hard\libc_nano.a(lib_a-ctype_.o)
 .ARM.attributes
                0x00000a43       0x32 e:/complier-new/bin/bin/../../lib/gcc/pic32c/8.3.1/../../../../pic32c/lib/thumb/v7e-m+dp/hard\libc_nano.a(lib_a-fstatr.o)
 .ARM.attributes
                0x00000a75       0x32 e:/complier-new/bin/bin/../../lib/gcc/pic32c/8.3.1/../../../../pic32c/lib/thumb/v7e-m+dp/hard\libc_nano.a(lib_a-isattyr.o)
 .ARM.attributes
                0x00000aa7       0x32 e:/complier-new/bin/bin/../../lib/gcc/pic32c/8.3.1/../../../../pic32c/lib/thumb/v7e-m+dp/hard\libc_nano.a(lib_a-lseekr.o)
 .ARM.attributes
                0x00000ad9       0x32 e:/complier-new/bin/bin/../../lib/gcc/pic32c/8.3.1/../../../../pic32c/lib/thumb/v7e-m+dp/hard\libc_nano.a(lib_a-mlock.o)
 .ARM.attributes
                0x00000b0b       0x32 e:/complier-new/bin/bin/../../lib/gcc/pic32c/8.3.1/../../../../pic32c/lib/thumb/v7e-m+dp/hard\libc_nano.a(lib_a-readr.o)
 .ARM.attributes
                0x00000b3d       0x32 e:/complier-new/bin/bin/../../lib/gcc/pic32c/8.3.1/../../../../pic32c/lib/thumb/v7e-m+dp/hard\libc_nano.a(lib_a-reent.o)
 .ARM.attributes
                0x00000b6f       0x32 e:/complier-new/bin/bin/../../lib/gcc/pic32c/8.3.1/../../../../pic32c/lib/thumb/v7e-m+dp/hard\libpic32c.a(_close.o)
 .ARM.attributes
                0x00000ba1       0x32 e:/complier-new/bin/bin/../../lib/gcc/pic32c/8.3.1/../../../../pic32c/lib/thumb/v7e-m+dp/hard\libpic32c.a(_fstat.o)
 .ARM.attributes
                0x00000bd3       0x32 e:/complier-new/bin/bin/../../lib/gcc/pic32c/8.3.1/../../../../pic32c/lib/thumb/v7e-m+dp/hard\libpic32c.a(_isatty.o)
 .ARM.attributes
                0x00000c05       0x32 e:/complier-new/bin/bin/../../lib/gcc/pic32c/8.3.1/../../../../pic32c/lib/thumb/v7e-m+dp/hard\libpic32c.a(_lseek.o)
 .ARM.attributes
                0x00000c37       0x32 e:/complier-new/bin/bin/../../lib/gcc/pic32c/8.3.1/../../../../pic32c/lib/thumb/v7e-m+dp/hard\libpic32c.a(_read.o)
 .ARM.attributes
                0x00000c69       0x32 e:/complier-new/bin/bin/../../lib/gcc/pic32c/8.3.1/../../../../pic32c/lib/thumb/v7e-m+dp/hard\libpic32c.a(sbrk.o)
 .ARM.attributes
                0x00000c9b       0x32 e:/complier-new/bin/bin/../../lib/gcc/pic32c/8.3.1/../../../../pic32c/lib/thumb/v7e-m+dp/hard\libpic32c.a(_write.o)
 .ARM.attributes
                0x00000ccd       0x32 e:/complier-new/bin/bin/../../lib/gcc/pic32c/8.3.1/../../../../pic32c/lib/thumb/v7e-m+dp/hard\libpic32c.a(close.o)
 .ARM.attributes
                0x00000cff       0x32 e:/complier-new/bin/bin/../../lib/gcc/pic32c/8.3.1/../../../../pic32c/lib/thumb/v7e-m+dp/hard\libpic32c.a(fstat.o)
 .ARM.attributes
                0x00000d31       0x32 e:/complier-new/bin/bin/../../lib/gcc/pic32c/8.3.1/../../../../pic32c/lib/thumb/v7e-m+dp/hard\libpic32c.a(isatty.o)
 .ARM.attributes
                0x00000d63       0x32 e:/complier-new/bin/bin/../../lib/gcc/pic32c/8.3.1/../../../../pic32c/lib/thumb/v7e-m+dp/hard\libpic32c.a(lseek.o)
 .ARM.attributes
                0x00000d95       0x1e e:/complier-new/bin/bin/../../lib/gcc/pic32c/8.3.1/thumb/v7e-m+dp/hard/crtn.o

.comment        0x00000000       0x53
 .comment       0x00000000       0x53 e:/complier-new/bin/bin/../../lib/gcc/pic32c/8.3.1/thumb/v7e-m+dp/hard/crtbegin.o
                                 0x54 (size before relaxing)
 .comment       0x00000053       0x54 build/default/production/_ext/60165520/plib_clk.o
 .comment       0x00000053       0x54 build/default/production/_ext/60167248/plib_efc.o
 .comment       0x00000053       0x54 build/default/production/_ext/1865468468/plib_nvic.o
 .comment       0x00000053       0x54 build/default/production/_ext/60177924/plib_pio.o
 .comment       0x00000053       0x54 build/default/production/_ext/1827571544/plib_systick.o
 .comment       0x00000053       0x54 build/default/production/_ext/829342655/plib_tc0.o
 .comment       0x00000053       0x54 build/default/production/_ext/829342655/plib_tc3.o
 .comment       0x00000053       0x54 build/default/production/_ext/2001315827/plib_usart1.o
 .comment       0x00000053       0x54 build/default/production/_ext/2001315827/plib_usart2.o
 .comment       0x00000053       0x54 build/default/production/_ext/163028504/xc32_monitor.o
 .comment       0x00000053       0x54 build/default/production/_ext/1171490990/initialization.o
 .comment       0x00000053       0x54 build/default/production/_ext/1171490990/interrupts.o
 .comment       0x00000053       0x54 build/default/production/_ext/1171490990/exceptions.o
 .comment       0x00000053       0x54 build/default/production/_ext/1171490990/startup_xc32.o
 .comment       0x00000053       0x54 build/default/production/_ext/1360937237/main.o
 .comment       0x00000053       0x54 build/default/production/_ext/1360937237/decode_ibus.o
 .comment       0x00000053       0x54 e:/complier-new/bin/bin/../../lib/gcc/pic32c/8.3.1/../../../../pic32c/lib/thumb/v7e-m+dp/hard\libpic32c.a(data_init.o)
 .comment       0x00000053       0x54 e:/complier-new/bin/bin/../../lib/gcc/pic32c/8.3.1/../../../../pic32c/lib/thumb/v7e-m+dp/hard\libc_nano.a(_lib_a-printf.fFgG.o)
 .comment       0x00000053       0x54 e:/complier-new/bin/bin/../../lib/gcc/pic32c/8.3.1/../../../../pic32c/lib/thumb/v7e-m+dp/hard\libc_nano.a(lib_a-impure.o)
 .comment       0x00000053       0x54 e:/complier-new/bin/bin/../../lib/gcc/pic32c/8.3.1/../../../../pic32c/lib/thumb/v7e-m+dp/hard\libc_nano.a(lib_a-init.o)
 .comment       0x00000053       0x54 e:/complier-new/bin/bin/../../lib/gcc/pic32c/8.3.1/../../../../pic32c/lib/thumb/v7e-m+dp/hard\libc_nano.a(lib_a-memcpy-stub.o)
 .comment       0x00000053       0x54 e:/complier-new/bin/bin/../../lib/gcc/pic32c/8.3.1/../../../../pic32c/lib/thumb/v7e-m+dp/hard\libc_nano.a(lib_a-setbuf.o)
 .comment       0x00000053       0x54 e:/complier-new/bin/bin/../../lib/gcc/pic32c/8.3.1/../../../../pic32c/lib/thumb/v7e-m+dp/hard\libc_nano.a(lib_a-setvbuf.o)
 .comment       0x00000053       0x54 e:/complier-new/bin/bin/../../lib/gcc/pic32c/8.3.1/../../../../pic32c/lib/thumb/v7e-m+dp/hard\libc_nano.a(_lib_a-nano-vfprintf.fFgG.o)
 .comment       0x00000053       0x54 e:/complier-new/bin/bin/../../lib/gcc/pic32c/8.3.1/../../../../pic32c/lib/thumb/v7e-m+dp/hard\libc_nano.a(lib_a-__ssfputs.o)
 .comment       0x00000053       0x54 e:/complier-new/bin/bin/../../lib/gcc/pic32c/8.3.1/../../../../pic32c/lib/thumb/v7e-m+dp/hard\libc_nano.a(lib_a-dtoa.o)
 .comment       0x00000053       0x54 e:/complier-new/bin/bin/../../lib/gcc/pic32c/8.3.1/../../../../pic32c/lib/thumb/v7e-m+dp/hard\libc_nano.a(lib_a-fflush.o)
 .comment       0x00000053       0x54 e:/complier-new/bin/bin/../../lib/gcc/pic32c/8.3.1/../../../../pic32c/lib/thumb/v7e-m+dp/hard\libc_nano.a(lib_a-findfp.o)
 .comment       0x00000053       0x54 e:/complier-new/bin/bin/../../lib/gcc/pic32c/8.3.1/../../../../pic32c/lib/thumb/v7e-m+dp/hard\libc_nano.a(lib_a-fputwc.o)
 .comment       0x00000053       0x54 e:/complier-new/bin/bin/../../lib/gcc/pic32c/8.3.1/../../../../pic32c/lib/thumb/v7e-m+dp/hard\libc_nano.a(lib_a-fwalk.o)
 .comment       0x00000053       0x54 e:/complier-new/bin/bin/../../lib/gcc/pic32c/8.3.1/../../../../pic32c/lib/thumb/v7e-m+dp/hard\libc_nano.a(lib_a-locale.o)
 .comment       0x00000053       0x54 e:/complier-new/bin/bin/../../lib/gcc/pic32c/8.3.1/../../../../pic32c/lib/thumb/v7e-m+dp/hard\libc_nano.a(lib_a-localeconv.o)
 .comment       0x00000053       0x54 e:/complier-new/bin/bin/../../lib/gcc/pic32c/8.3.1/../../../../pic32c/lib/thumb/v7e-m+dp/hard\libc_nano.a(lib_a-makebuf.o)
 .comment       0x00000053       0x54 e:/complier-new/bin/bin/../../lib/gcc/pic32c/8.3.1/../../../../pic32c/lib/thumb/v7e-m+dp/hard\libc_nano.a(lib_a-malloc.o)
 .comment       0x00000053       0x54 e:/complier-new/bin/bin/../../lib/gcc/pic32c/8.3.1/../../../../pic32c/lib/thumb/v7e-m+dp/hard\libc_nano.a(lib_a-mbtowc_r.o)
 .comment       0x00000053       0x54 e:/complier-new/bin/bin/../../lib/gcc/pic32c/8.3.1/../../../../pic32c/lib/thumb/v7e-m+dp/hard\libc_nano.a(lib_a-memset.o)
 .comment       0x00000053       0x54 e:/complier-new/bin/bin/../../lib/gcc/pic32c/8.3.1/../../../../pic32c/lib/thumb/v7e-m+dp/hard\libc_nano.a(lib_a-mprec.o)
 .comment       0x00000053       0x54 e:/complier-new/bin/bin/../../lib/gcc/pic32c/8.3.1/../../../../pic32c/lib/thumb/v7e-m+dp/hard\libc_nano.a(lib_a-nano-callocr.o)
 .comment       0x00000053       0x54 e:/complier-new/bin/bin/../../lib/gcc/pic32c/8.3.1/../../../../pic32c/lib/thumb/v7e-m+dp/hard\libc_nano.a(lib_a-nano-freer.o)
 .comment       0x00000053       0x54 e:/complier-new/bin/bin/../../lib/gcc/pic32c/8.3.1/../../../../pic32c/lib/thumb/v7e-m+dp/hard\libc_nano.a(lib_a-nano-mallocr.o)
 .comment       0x00000053       0x54 e:/complier-new/bin/bin/../../lib/gcc/pic32c/8.3.1/../../../../pic32c/lib/thumb/v7e-m+dp/hard\libc_nano.a(lib_a-nano-vfprintf_i.o)
 .comment       0x00000053       0x54 e:/complier-new/bin/bin/../../lib/gcc/pic32c/8.3.1/../../../../pic32c/lib/thumb/v7e-m+dp/hard\libc_nano.a(lib_a-sbrkr.o)
 .comment       0x00000053       0x54 e:/complier-new/bin/bin/../../lib/gcc/pic32c/8.3.1/../../../../pic32c/lib/thumb/v7e-m+dp/hard\libc_nano.a(lib_a-stdio.o)
 .comment       0x00000053       0x54 e:/complier-new/bin/bin/../../lib/gcc/pic32c/8.3.1/../../../../pic32c/lib/thumb/v7e-m+dp/hard\libc_nano.a(lib_a-wbuf.o)
 .comment       0x00000053       0x54 e:/complier-new/bin/bin/../../lib/gcc/pic32c/8.3.1/../../../../pic32c/lib/thumb/v7e-m+dp/hard\libc_nano.a(lib_a-wcrtomb.o)
 .comment       0x00000053       0x54 e:/complier-new/bin/bin/../../lib/gcc/pic32c/8.3.1/../../../../pic32c/lib/thumb/v7e-m+dp/hard\libc_nano.a(lib_a-wctomb_r.o)
 .comment       0x00000053       0x54 e:/complier-new/bin/bin/../../lib/gcc/pic32c/8.3.1/../../../../pic32c/lib/thumb/v7e-m+dp/hard\libc_nano.a(lib_a-writer.o)
 .comment       0x00000053       0x54 e:/complier-new/bin/bin/../../lib/gcc/pic32c/8.3.1/../../../../pic32c/lib/thumb/v7e-m+dp/hard\libc_nano.a(lib_a-wsetup.o)
 .comment       0x00000053       0x54 e:/complier-new/bin/bin/../../lib/gcc/pic32c/8.3.1/../../../../pic32c/lib/thumb/v7e-m+dp/hard\libc_nano.a(lib_a-closer.o)
 .comment       0x00000053       0x54 e:/complier-new/bin/bin/../../lib/gcc/pic32c/8.3.1/../../../../pic32c/lib/thumb/v7e-m+dp/hard\libc_nano.a(lib_a-ctype_.o)
 .comment       0x00000053       0x54 e:/complier-new/bin/bin/../../lib/gcc/pic32c/8.3.1/../../../../pic32c/lib/thumb/v7e-m+dp/hard\libc_nano.a(lib_a-fstatr.o)
 .comment       0x00000053       0x54 e:/complier-new/bin/bin/../../lib/gcc/pic32c/8.3.1/../../../../pic32c/lib/thumb/v7e-m+dp/hard\libc_nano.a(lib_a-isattyr.o)
 .comment       0x00000053       0x54 e:/complier-new/bin/bin/../../lib/gcc/pic32c/8.3.1/../../../../pic32c/lib/thumb/v7e-m+dp/hard\libc_nano.a(lib_a-lseekr.o)
 .comment       0x00000053       0x54 e:/complier-new/bin/bin/../../lib/gcc/pic32c/8.3.1/../../../../pic32c/lib/thumb/v7e-m+dp/hard\libc_nano.a(lib_a-mlock.o)
 .comment       0x00000053       0x54 e:/complier-new/bin/bin/../../lib/gcc/pic32c/8.3.1/../../../../pic32c/lib/thumb/v7e-m+dp/hard\libc_nano.a(lib_a-readr.o)
 .comment       0x00000053       0x54 e:/complier-new/bin/bin/../../lib/gcc/pic32c/8.3.1/../../../../pic32c/lib/thumb/v7e-m+dp/hard\libc_nano.a(lib_a-reent.o)
 .comment       0x00000053       0x54 e:/complier-new/bin/bin/../../lib/gcc/pic32c/8.3.1/../../../../pic32c/lib/thumb/v7e-m+dp/hard\libpic32c.a(_close.o)
 .comment       0x00000053       0x54 e:/complier-new/bin/bin/../../lib/gcc/pic32c/8.3.1/../../../../pic32c/lib/thumb/v7e-m+dp/hard\libpic32c.a(_fstat.o)
 .comment       0x00000053       0x54 e:/complier-new/bin/bin/../../lib/gcc/pic32c/8.3.1/../../../../pic32c/lib/thumb/v7e-m+dp/hard\libpic32c.a(_isatty.o)
 .comment       0x00000053       0x54 e:/complier-new/bin/bin/../../lib/gcc/pic32c/8.3.1/../../../../pic32c/lib/thumb/v7e-m+dp/hard\libpic32c.a(_lseek.o)
 .comment       0x00000053       0x54 e:/complier-new/bin/bin/../../lib/gcc/pic32c/8.3.1/../../../../pic32c/lib/thumb/v7e-m+dp/hard\libpic32c.a(_read.o)
 .comment       0x00000053       0x54 e:/complier-new/bin/bin/../../lib/gcc/pic32c/8.3.1/../../../../pic32c/lib/thumb/v7e-m+dp/hard\libpic32c.a(sbrk.o)
 .comment       0x00000053       0x54 e:/complier-new/bin/bin/../../lib/gcc/pic32c/8.3.1/../../../../pic32c/lib/thumb/v7e-m+dp/hard\libpic32c.a(_write.o)
 .comment       0x00000053       0x54 e:/complier-new/bin/bin/../../lib/gcc/pic32c/8.3.1/../../../../pic32c/lib/thumb/v7e-m+dp/hard\libpic32c.a(close.o)
 .comment       0x00000053       0x54 e:/complier-new/bin/bin/../../lib/gcc/pic32c/8.3.1/../../../../pic32c/lib/thumb/v7e-m+dp/hard\libpic32c.a(fstat.o)
 .comment       0x00000053       0x54 e:/complier-new/bin/bin/../../lib/gcc/pic32c/8.3.1/../../../../pic32c/lib/thumb/v7e-m+dp/hard\libpic32c.a(isatty.o)
 .comment       0x00000053       0x54 e:/complier-new/bin/bin/../../lib/gcc/pic32c/8.3.1/../../../../pic32c/lib/thumb/v7e-m+dp/hard\libpic32c.a(lseek.o)

.debug_info     0x00000000    0x10ffc
 .debug_info    0x00000000      0x8d5 build/default/production/_ext/60165520/plib_clk.o
 .debug_info    0x000008d5     0x1531 build/default/production/_ext/60167248/plib_efc.o
 .debug_info    0x00001e06     0x11c1 build/default/production/_ext/1865468468/plib_nvic.o
 .debug_info    0x00002fc7      0xf46 build/default/production/_ext/60177924/plib_pio.o
 .debug_info    0x00003f0d      0x709 build/default/production/_ext/1827571544/plib_systick.o
 .debug_info    0x00004616      0x77f build/default/production/_ext/829342655/plib_tc0.o
 .debug_info    0x00004d95      0x77f build/default/production/_ext/829342655/plib_tc3.o
 .debug_info    0x00005514      0xdc6 build/default/production/_ext/2001315827/plib_usart1.o
 .debug_info    0x000062da     0x10b4 build/default/production/_ext/2001315827/plib_usart2.o
 .debug_info    0x0000738e     0x1057 build/default/production/_ext/163028504/xc32_monitor.o
 .debug_info    0x000083e5     0x114e build/default/production/_ext/1171490990/initialization.o
 .debug_info    0x00009533     0x19e9 build/default/production/_ext/1171490990/interrupts.o
 .debug_info    0x0000af1c      0xfdc build/default/production/_ext/1171490990/exceptions.o
 .debug_info    0x0000bef8      0xe05 build/default/production/_ext/1171490990/startup_xc32.o
 .debug_info    0x0000ccfd     0x12b1 build/default/production/_ext/1360937237/main.o
 .debug_info    0x0000dfae      0xf97 build/default/production/_ext/1360937237/decode_ibus.o
 .debug_info    0x0000ef45      0x2d3 e:/complier-new/bin/bin/../../lib/gcc/pic32c/8.3.1/../../../../pic32c/lib/thumb/v7e-m+dp/hard\libpic32c.a(data_init.o)
 .debug_info    0x0000f218      0x2b8 e:/complier-new/bin/bin/../../lib/gcc/pic32c/8.3.1/../../../../pic32c/lib/thumb/v7e-m+dp/hard\libpic32c.a(_close.o)
 .debug_info    0x0000f4d0      0x2b8 e:/complier-new/bin/bin/../../lib/gcc/pic32c/8.3.1/../../../../pic32c/lib/thumb/v7e-m+dp/hard\libpic32c.a(_fstat.o)
 .debug_info    0x0000f788      0x2ba e:/complier-new/bin/bin/../../lib/gcc/pic32c/8.3.1/../../../../pic32c/lib/thumb/v7e-m+dp/hard\libpic32c.a(_isatty.o)
 .debug_info    0x0000fa42      0x2b8 e:/complier-new/bin/bin/../../lib/gcc/pic32c/8.3.1/../../../../pic32c/lib/thumb/v7e-m+dp/hard\libpic32c.a(_lseek.o)
 .debug_info    0x0000fcfa      0x2b6 e:/complier-new/bin/bin/../../lib/gcc/pic32c/8.3.1/../../../../pic32c/lib/thumb/v7e-m+dp/hard\libpic32c.a(_read.o)
 .debug_info    0x0000ffb0      0x2b6 e:/complier-new/bin/bin/../../lib/gcc/pic32c/8.3.1/../../../../pic32c/lib/thumb/v7e-m+dp/hard\libpic32c.a(sbrk.o)
 .debug_info    0x00010266      0x2b8 e:/complier-new/bin/bin/../../lib/gcc/pic32c/8.3.1/../../../../pic32c/lib/thumb/v7e-m+dp/hard\libpic32c.a(_write.o)
 .debug_info    0x0001051e      0x2b7 e:/complier-new/bin/bin/../../lib/gcc/pic32c/8.3.1/../../../../pic32c/lib/thumb/v7e-m+dp/hard\libpic32c.a(close.o)
 .debug_info    0x000107d5      0x2b7 e:/complier-new/bin/bin/../../lib/gcc/pic32c/8.3.1/../../../../pic32c/lib/thumb/v7e-m+dp/hard\libpic32c.a(fstat.o)
 .debug_info    0x00010a8c      0x2b9 e:/complier-new/bin/bin/../../lib/gcc/pic32c/8.3.1/../../../../pic32c/lib/thumb/v7e-m+dp/hard\libpic32c.a(isatty.o)
 .debug_info    0x00010d45      0x2b7 e:/complier-new/bin/bin/../../lib/gcc/pic32c/8.3.1/../../../../pic32c/lib/thumb/v7e-m+dp/hard\libpic32c.a(lseek.o)

.debug_abbrev   0x00000000     0x1fd6
 .debug_abbrev  0x00000000       0xd5 build/default/production/_ext/60165520/plib_clk.o
 .debug_abbrev  0x000000d5      0x2e9 build/default/production/_ext/60167248/plib_efc.o
 .debug_abbrev  0x000003be      0x1f7 build/default/production/_ext/1865468468/plib_nvic.o
 .debug_abbrev  0x000005b5      0x180 build/default/production/_ext/60177924/plib_pio.o
 .debug_abbrev  0x00000735      0x12a build/default/production/_ext/1827571544/plib_systick.o
 .debug_abbrev  0x0000085f       0xd9 build/default/production/_ext/829342655/plib_tc0.o
 .debug_abbrev  0x00000938       0xd9 build/default/production/_ext/829342655/plib_tc3.o
 .debug_abbrev  0x00000a11      0x1ec build/default/production/_ext/2001315827/plib_usart1.o
 .debug_abbrev  0x00000bfd      0x31f build/default/production/_ext/2001315827/plib_usart2.o
 .debug_abbrev  0x00000f1c      0x211 build/default/production/_ext/163028504/xc32_monitor.o
 .debug_abbrev  0x0000112d      0x23f build/default/production/_ext/1171490990/initialization.o
 .debug_abbrev  0x0000136c      0x1cc build/default/production/_ext/1171490990/interrupts.o
 .debug_abbrev  0x00001538      0x1ac build/default/production/_ext/1171490990/exceptions.o
 .debug_abbrev  0x000016e4      0x223 build/default/production/_ext/1171490990/startup_xc32.o
 .debug_abbrev  0x00001907      0x2e2 build/default/production/_ext/1360937237/main.o
 .debug_abbrev  0x00001be9      0x1d7 build/default/production/_ext/1360937237/decode_ibus.o
 .debug_abbrev  0x00001dc0       0x2e e:/complier-new/bin/bin/../../lib/gcc/pic32c/8.3.1/../../../../pic32c/lib/thumb/v7e-m+dp/hard\libpic32c.a(data_init.o)
 .debug_abbrev  0x00001dee       0x2b e:/complier-new/bin/bin/../../lib/gcc/pic32c/8.3.1/../../../../pic32c/lib/thumb/v7e-m+dp/hard\libpic32c.a(_close.o)
 .debug_abbrev  0x00001e19       0x2b e:/complier-new/bin/bin/../../lib/gcc/pic32c/8.3.1/../../../../pic32c/lib/thumb/v7e-m+dp/hard\libpic32c.a(_fstat.o)
 .debug_abbrev  0x00001e44       0x2b e:/complier-new/bin/bin/../../lib/gcc/pic32c/8.3.1/../../../../pic32c/lib/thumb/v7e-m+dp/hard\libpic32c.a(_isatty.o)
 .debug_abbrev  0x00001e6f       0x2b e:/complier-new/bin/bin/../../lib/gcc/pic32c/8.3.1/../../../../pic32c/lib/thumb/v7e-m+dp/hard\libpic32c.a(_lseek.o)
 .debug_abbrev  0x00001e9a       0x2b e:/complier-new/bin/bin/../../lib/gcc/pic32c/8.3.1/../../../../pic32c/lib/thumb/v7e-m+dp/hard\libpic32c.a(_read.o)
 .debug_abbrev  0x00001ec5       0x2e e:/complier-new/bin/bin/../../lib/gcc/pic32c/8.3.1/../../../../pic32c/lib/thumb/v7e-m+dp/hard\libpic32c.a(sbrk.o)
 .debug_abbrev  0x00001ef3       0x2b e:/complier-new/bin/bin/../../lib/gcc/pic32c/8.3.1/../../../../pic32c/lib/thumb/v7e-m+dp/hard\libpic32c.a(_write.o)
 .debug_abbrev  0x00001f1e       0x2e e:/complier-new/bin/bin/../../lib/gcc/pic32c/8.3.1/../../../../pic32c/lib/thumb/v7e-m+dp/hard\libpic32c.a(close.o)
 .debug_abbrev  0x00001f4c       0x2e e:/complier-new/bin/bin/../../lib/gcc/pic32c/8.3.1/../../../../pic32c/lib/thumb/v7e-m+dp/hard\libpic32c.a(fstat.o)
 .debug_abbrev  0x00001f7a       0x2e e:/complier-new/bin/bin/../../lib/gcc/pic32c/8.3.1/../../../../pic32c/lib/thumb/v7e-m+dp/hard\libpic32c.a(isatty.o)
 .debug_abbrev  0x00001fa8       0x2e e:/complier-new/bin/bin/../../lib/gcc/pic32c/8.3.1/../../../../pic32c/lib/thumb/v7e-m+dp/hard\libpic32c.a(lseek.o)

.debug_aranges  0x00000000      0x5d8
 .debug_aranges
                0x00000000       0x20 build/default/production/_ext/60165520/plib_clk.o
 .debug_aranges
                0x00000020       0x70 build/default/production/_ext/60167248/plib_efc.o
 .debug_aranges
                0x00000090       0x38 build/default/production/_ext/1865468468/plib_nvic.o
 .debug_aranges
                0x000000c8       0x60 build/default/production/_ext/60177924/plib_pio.o
 .debug_aranges
                0x00000128       0x70 build/default/production/_ext/1827571544/plib_systick.o
 .debug_aranges
                0x00000198       0x50 build/default/production/_ext/829342655/plib_tc0.o
 .debug_aranges
                0x000001e8       0x50 build/default/production/_ext/829342655/plib_tc3.o
 .debug_aranges
                0x00000238       0x70 build/default/production/_ext/2001315827/plib_usart1.o
 .debug_aranges
                0x000002a8       0x90 build/default/production/_ext/2001315827/plib_usart2.o
 .debug_aranges
                0x00000338       0x28 build/default/production/_ext/163028504/xc32_monitor.o
 .debug_aranges
                0x00000360       0x20 build/default/production/_ext/1171490990/initialization.o
 .debug_aranges
                0x00000380       0x20 build/default/production/_ext/1171490990/interrupts.o
 .debug_aranges
                0x000003a0       0x48 build/default/production/_ext/1171490990/exceptions.o
 .debug_aranges
                0x000003e8       0x28 build/default/production/_ext/1171490990/startup_xc32.o
 .debug_aranges
                0x00000410       0x28 build/default/production/_ext/1360937237/main.o
 .debug_aranges
                0x00000438       0x20 build/default/production/_ext/1360937237/decode_ibus.o
 .debug_aranges
                0x00000458       0x20 e:/complier-new/bin/bin/../../lib/gcc/pic32c/8.3.1/../../../../pic32c/lib/thumb/v7e-m+dp/hard\libpic32c.a(data_init.o)
 .debug_aranges
                0x00000478       0x20 e:/complier-new/bin/bin/../../lib/gcc/pic32c/8.3.1/../../../../pic32c/lib/thumb/v7e-m+dp/hard\libpic32c.a(_close.o)
 .debug_aranges
                0x00000498       0x20 e:/complier-new/bin/bin/../../lib/gcc/pic32c/8.3.1/../../../../pic32c/lib/thumb/v7e-m+dp/hard\libpic32c.a(_fstat.o)
 .debug_aranges
                0x000004b8       0x20 e:/complier-new/bin/bin/../../lib/gcc/pic32c/8.3.1/../../../../pic32c/lib/thumb/v7e-m+dp/hard\libpic32c.a(_isatty.o)
 .debug_aranges
                0x000004d8       0x20 e:/complier-new/bin/bin/../../lib/gcc/pic32c/8.3.1/../../../../pic32c/lib/thumb/v7e-m+dp/hard\libpic32c.a(_lseek.o)
 .debug_aranges
                0x000004f8       0x20 e:/complier-new/bin/bin/../../lib/gcc/pic32c/8.3.1/../../../../pic32c/lib/thumb/v7e-m+dp/hard\libpic32c.a(_read.o)
 .debug_aranges
                0x00000518       0x20 e:/complier-new/bin/bin/../../lib/gcc/pic32c/8.3.1/../../../../pic32c/lib/thumb/v7e-m+dp/hard\libpic32c.a(sbrk.o)
 .debug_aranges
                0x00000538       0x20 e:/complier-new/bin/bin/../../lib/gcc/pic32c/8.3.1/../../../../pic32c/lib/thumb/v7e-m+dp/hard\libpic32c.a(_write.o)
 .debug_aranges
                0x00000558       0x20 e:/complier-new/bin/bin/../../lib/gcc/pic32c/8.3.1/../../../../pic32c/lib/thumb/v7e-m+dp/hard\libpic32c.a(close.o)
 .debug_aranges
                0x00000578       0x20 e:/complier-new/bin/bin/../../lib/gcc/pic32c/8.3.1/../../../../pic32c/lib/thumb/v7e-m+dp/hard\libpic32c.a(fstat.o)
 .debug_aranges
                0x00000598       0x20 e:/complier-new/bin/bin/../../lib/gcc/pic32c/8.3.1/../../../../pic32c/lib/thumb/v7e-m+dp/hard\libpic32c.a(isatty.o)
 .debug_aranges
                0x000005b8       0x20 e:/complier-new/bin/bin/../../lib/gcc/pic32c/8.3.1/../../../../pic32c/lib/thumb/v7e-m+dp/hard\libpic32c.a(lseek.o)

.debug_ranges   0x00000000      0x478
 .debug_ranges  0x00000000       0x10 build/default/production/_ext/60165520/plib_clk.o
 .debug_ranges  0x00000010       0x90 build/default/production/_ext/60167248/plib_efc.o
 .debug_ranges  0x000000a0       0x28 build/default/production/_ext/1865468468/plib_nvic.o
 .debug_ranges  0x000000c8       0x50 build/default/production/_ext/60177924/plib_pio.o
 .debug_ranges  0x00000118       0x60 build/default/production/_ext/1827571544/plib_systick.o
 .debug_ranges  0x00000178       0x40 build/default/production/_ext/829342655/plib_tc0.o
 .debug_ranges  0x000001b8       0x40 build/default/production/_ext/829342655/plib_tc3.o
 .debug_ranges  0x000001f8       0x60 build/default/production/_ext/2001315827/plib_usart1.o
 .debug_ranges  0x00000258       0x80 build/default/production/_ext/2001315827/plib_usart2.o
 .debug_ranges  0x000002d8       0x18 build/default/production/_ext/163028504/xc32_monitor.o
 .debug_ranges  0x000002f0       0x10 build/default/production/_ext/1171490990/initialization.o
 .debug_ranges  0x00000300       0x10 build/default/production/_ext/1171490990/interrupts.o
 .debug_ranges  0x00000310       0x38 build/default/production/_ext/1171490990/exceptions.o
 .debug_ranges  0x00000348       0x18 build/default/production/_ext/1171490990/startup_xc32.o
 .debug_ranges  0x00000360       0x30 build/default/production/_ext/1360937237/main.o
 .debug_ranges  0x00000390       0x28 build/default/production/_ext/1360937237/decode_ibus.o
 .debug_ranges  0x000003b8       0x10 e:/complier-new/bin/bin/../../lib/gcc/pic32c/8.3.1/../../../../pic32c/lib/thumb/v7e-m+dp/hard\libpic32c.a(data_init.o)
 .debug_ranges  0x000003c8       0x10 e:/complier-new/bin/bin/../../lib/gcc/pic32c/8.3.1/../../../../pic32c/lib/thumb/v7e-m+dp/hard\libpic32c.a(_close.o)
 .debug_ranges  0x000003d8       0x10 e:/complier-new/bin/bin/../../lib/gcc/pic32c/8.3.1/../../../../pic32c/lib/thumb/v7e-m+dp/hard\libpic32c.a(_fstat.o)
 .debug_ranges  0x000003e8       0x10 e:/complier-new/bin/bin/../../lib/gcc/pic32c/8.3.1/../../../../pic32c/lib/thumb/v7e-m+dp/hard\libpic32c.a(_isatty.o)
 .debug_ranges  0x000003f8       0x10 e:/complier-new/bin/bin/../../lib/gcc/pic32c/8.3.1/../../../../pic32c/lib/thumb/v7e-m+dp/hard\libpic32c.a(_lseek.o)
 .debug_ranges  0x00000408       0x10 e:/complier-new/bin/bin/../../lib/gcc/pic32c/8.3.1/../../../../pic32c/lib/thumb/v7e-m+dp/hard\libpic32c.a(_read.o)
 .debug_ranges  0x00000418       0x10 e:/complier-new/bin/bin/../../lib/gcc/pic32c/8.3.1/../../../../pic32c/lib/thumb/v7e-m+dp/hard\libpic32c.a(sbrk.o)
 .debug_ranges  0x00000428       0x10 e:/complier-new/bin/bin/../../lib/gcc/pic32c/8.3.1/../../../../pic32c/lib/thumb/v7e-m+dp/hard\libpic32c.a(_write.o)
 .debug_ranges  0x00000438       0x10 e:/complier-new/bin/bin/../../lib/gcc/pic32c/8.3.1/../../../../pic32c/lib/thumb/v7e-m+dp/hard\libpic32c.a(close.o)
 .debug_ranges  0x00000448       0x10 e:/complier-new/bin/bin/../../lib/gcc/pic32c/8.3.1/../../../../pic32c/lib/thumb/v7e-m+dp/hard\libpic32c.a(fstat.o)
 .debug_ranges  0x00000458       0x10 e:/complier-new/bin/bin/../../lib/gcc/pic32c/8.3.1/../../../../pic32c/lib/thumb/v7e-m+dp/hard\libpic32c.a(isatty.o)
 .debug_ranges  0x00000468       0x10 e:/complier-new/bin/bin/../../lib/gcc/pic32c/8.3.1/../../../../pic32c/lib/thumb/v7e-m+dp/hard\libpic32c.a(lseek.o)

.debug_line     0x00000000     0x3a1c
 .debug_line    0x00000000      0x1d5 build/default/production/_ext/60165520/plib_clk.o
 .debug_line    0x000001d5      0x4a2 build/default/production/_ext/60167248/plib_efc.o
 .debug_line    0x00000677      0x2ed build/default/production/_ext/1865468468/plib_nvic.o
 .debug_line    0x00000964      0x3f5 build/default/production/_ext/60177924/plib_pio.o
 .debug_line    0x00000d59      0x32a build/default/production/_ext/1827571544/plib_systick.o
 .debug_line    0x00001083      0x1fb build/default/production/_ext/829342655/plib_tc0.o
 .debug_line    0x0000127e      0x1fb build/default/production/_ext/829342655/plib_tc3.o
 .debug_line    0x00001479      0x4a6 build/default/production/_ext/2001315827/plib_usart1.o
 .debug_line    0x0000191f      0x705 build/default/production/_ext/2001315827/plib_usart2.o
 .debug_line    0x00002024      0x1f4 build/default/production/_ext/163028504/xc32_monitor.o
 .debug_line    0x00002218      0x38b build/default/production/_ext/1171490990/initialization.o
 .debug_line    0x000025a3      0x166 build/default/production/_ext/1171490990/interrupts.o
 .debug_line    0x00002709      0x1bf build/default/production/_ext/1171490990/exceptions.o
 .debug_line    0x000028c8      0x459 build/default/production/_ext/1171490990/startup_xc32.o
 .debug_line    0x00002d21      0x2e7 build/default/production/_ext/1360937237/main.o
 .debug_line    0x00003008      0x1b6 build/default/production/_ext/1360937237/decode_ibus.o
 .debug_line    0x000031be      0x110 e:/complier-new/bin/bin/../../lib/gcc/pic32c/8.3.1/../../../../pic32c/lib/thumb/v7e-m+dp/hard\libpic32c.a(data_init.o)
 .debug_line    0x000032ce       0x9f e:/complier-new/bin/bin/../../lib/gcc/pic32c/8.3.1/../../../../pic32c/lib/thumb/v7e-m+dp/hard\libpic32c.a(_close.o)
 .debug_line    0x0000336d       0x9f e:/complier-new/bin/bin/../../lib/gcc/pic32c/8.3.1/../../../../pic32c/lib/thumb/v7e-m+dp/hard\libpic32c.a(_fstat.o)
 .debug_line    0x0000340c       0xa0 e:/complier-new/bin/bin/../../lib/gcc/pic32c/8.3.1/../../../../pic32c/lib/thumb/v7e-m+dp/hard\libpic32c.a(_isatty.o)
 .debug_line    0x000034ac       0x9f e:/complier-new/bin/bin/../../lib/gcc/pic32c/8.3.1/../../../../pic32c/lib/thumb/v7e-m+dp/hard\libpic32c.a(_lseek.o)
 .debug_line    0x0000354b       0x9e e:/complier-new/bin/bin/../../lib/gcc/pic32c/8.3.1/../../../../pic32c/lib/thumb/v7e-m+dp/hard\libpic32c.a(_read.o)
 .debug_line    0x000035e9       0xb5 e:/complier-new/bin/bin/../../lib/gcc/pic32c/8.3.1/../../../../pic32c/lib/thumb/v7e-m+dp/hard\libpic32c.a(sbrk.o)
 .debug_line    0x0000369e       0x9f e:/complier-new/bin/bin/../../lib/gcc/pic32c/8.3.1/../../../../pic32c/lib/thumb/v7e-m+dp/hard\libpic32c.a(_write.o)
 .debug_line    0x0000373d       0x9e e:/complier-new/bin/bin/../../lib/gcc/pic32c/8.3.1/../../../../pic32c/lib/thumb/v7e-m+dp/hard\libpic32c.a(close.o)
 .debug_line    0x000037db      0x106 e:/complier-new/bin/bin/../../lib/gcc/pic32c/8.3.1/../../../../pic32c/lib/thumb/v7e-m+dp/hard\libpic32c.a(fstat.o)
 .debug_line    0x000038e1       0x9d e:/complier-new/bin/bin/../../lib/gcc/pic32c/8.3.1/../../../../pic32c/lib/thumb/v7e-m+dp/hard\libpic32c.a(isatty.o)
 .debug_line    0x0000397e       0x9e e:/complier-new/bin/bin/../../lib/gcc/pic32c/8.3.1/../../../../pic32c/lib/thumb/v7e-m+dp/hard\libpic32c.a(lseek.o)

.debug_str      0x00000000      0x2da
 .debug_str     0x00000000        0x0 build/default/production/_ext/60165520/plib_clk.o
 .debug_str     0x00000000       0x22 build/default/production/_ext/60167248/plib_efc.o
 .debug_str     0x00000022       0x28 build/default/production/_ext/1865468468/plib_nvic.o
 .debug_str     0x0000004a       0x46 build/default/production/_ext/60177924/plib_pio.o
 .debug_str     0x00000090       0x3c build/default/production/_ext/1827571544/plib_systick.o
 .debug_str     0x000000cc        0xa build/default/production/_ext/829342655/plib_tc0.o
 .debug_str     0x000000d6        0xa build/default/production/_ext/829342655/plib_tc3.o
 .debug_str     0x000000e0       0x15 build/default/production/_ext/2001315827/plib_usart1.o
 .debug_str     0x000000f5       0x1c build/default/production/_ext/2001315827/plib_usart2.o
 .debug_str     0x00000111       0x27 build/default/production/_ext/163028504/xc32_monitor.o
 .debug_str     0x00000138       0xbd build/default/production/_ext/1171490990/initialization.o
 .debug_str     0x000001f5        0xe build/default/production/_ext/1171490990/interrupts.o
 .debug_str     0x00000203        0xe build/default/production/_ext/1171490990/exceptions.o
 .debug_str     0x00000211       0x2f build/default/production/_ext/1171490990/startup_xc32.o
 .debug_str     0x00000240       0x8c build/default/production/_ext/1360937237/main.o
 .debug_str     0x000002cc        0xe build/default/production/_ext/1360937237/decode_ibus.o
 .debug_str     0x000002da        0x0 e:/complier-new/bin/bin/../../lib/gcc/pic32c/8.3.1/../../../../pic32c/lib/thumb/v7e-m+dp/hard\libpic32c.a(data_init.o)
 .debug_str     0x000002da        0x0 e:/complier-new/bin/bin/../../lib/gcc/pic32c/8.3.1/../../../../pic32c/lib/thumb/v7e-m+dp/hard\libpic32c.a(_close.o)
 .debug_str     0x000002da        0x0 e:/complier-new/bin/bin/../../lib/gcc/pic32c/8.3.1/../../../../pic32c/lib/thumb/v7e-m+dp/hard\libpic32c.a(_fstat.o)
 .debug_str     0x000002da        0x0 e:/complier-new/bin/bin/../../lib/gcc/pic32c/8.3.1/../../../../pic32c/lib/thumb/v7e-m+dp/hard\libpic32c.a(_isatty.o)
 .debug_str     0x000002da        0x0 e:/complier-new/bin/bin/../../lib/gcc/pic32c/8.3.1/../../../../pic32c/lib/thumb/v7e-m+dp/hard\libpic32c.a(_lseek.o)
 .debug_str     0x000002da        0x0 e:/complier-new/bin/bin/../../lib/gcc/pic32c/8.3.1/../../../../pic32c/lib/thumb/v7e-m+dp/hard\libpic32c.a(_read.o)
 .debug_str     0x000002da        0x0 e:/complier-new/bin/bin/../../lib/gcc/pic32c/8.3.1/../../../../pic32c/lib/thumb/v7e-m+dp/hard\libpic32c.a(sbrk.o)
 .debug_str     0x000002da        0x0 e:/complier-new/bin/bin/../../lib/gcc/pic32c/8.3.1/../../../../pic32c/lib/thumb/v7e-m+dp/hard\libpic32c.a(_write.o)
 .debug_str     0x000002da        0x0 e:/complier-new/bin/bin/../../lib/gcc/pic32c/8.3.1/../../../../pic32c/lib/thumb/v7e-m+dp/hard\libpic32c.a(close.o)
 .debug_str     0x000002da        0x0 e:/complier-new/bin/bin/../../lib/gcc/pic32c/8.3.1/../../../../pic32c/lib/thumb/v7e-m+dp/hard\libpic32c.a(fstat.o)
 .debug_str     0x000002da        0x0 e:/complier-new/bin/bin/../../lib/gcc/pic32c/8.3.1/../../../../pic32c/lib/thumb/v7e-m+dp/hard\libpic32c.a(isatty.o)
 .debug_str     0x000002da        0x0 e:/complier-new/bin/bin/../../lib/gcc/pic32c/8.3.1/../../../../pic32c/lib/thumb/v7e-m+dp/hard\libpic32c.a(lseek.o)

.debug_frame    0x00000000      0x9a8
 .debug_frame   0x00000000       0x20 build/default/production/_ext/60165520/plib_clk.o
 .debug_frame   0x00000020       0xec build/default/production/_ext/60167248/plib_efc.o
 .debug_frame   0x0000010c       0x50 build/default/production/_ext/1865468468/plib_nvic.o
 .debug_frame   0x0000015c       0xa0 build/default/production/_ext/60177924/plib_pio.o
 .debug_frame   0x000001fc       0xe0 build/default/production/_ext/1827571544/plib_systick.o
 .debug_frame   0x000002dc       0x80 build/default/production/_ext/829342655/plib_tc0.o
 .debug_frame   0x0000035c       0x80 build/default/production/_ext/829342655/plib_tc3.o
 .debug_frame   0x000003dc      0x114 build/default/production/_ext/2001315827/plib_usart1.o
 .debug_frame   0x000004f0      0x15c build/default/production/_ext/2001315827/plib_usart2.o
 .debug_frame   0x0000064c       0x50 build/default/production/_ext/163028504/xc32_monitor.o
 .debug_frame   0x0000069c       0x28 build/default/production/_ext/1171490990/initialization.o
 .debug_frame   0x000006c4       0x20 build/default/production/_ext/1171490990/interrupts.o
 .debug_frame   0x000006e4       0x70 build/default/production/_ext/1171490990/exceptions.o
 .debug_frame   0x00000754       0x38 build/default/production/_ext/1171490990/startup_xc32.o
 .debug_frame   0x0000078c       0x4c build/default/production/_ext/1360937237/main.o
 .debug_frame   0x000007d8       0x38 build/default/production/_ext/1360937237/decode_ibus.o
 .debug_frame   0x00000810       0x38 e:/complier-new/bin/bin/../../lib/gcc/pic32c/8.3.1/../../../../pic32c/lib/thumb/v7e-m+dp/hard\libpic32c.a(data_init.o)
 .debug_frame   0x00000848       0x20 e:/complier-new/bin/bin/../../lib/gcc/pic32c/8.3.1/../../../../pic32c/lib/thumb/v7e-m+dp/hard\libpic32c.a(_close.o)
 .debug_frame   0x00000868       0x20 e:/complier-new/bin/bin/../../lib/gcc/pic32c/8.3.1/../../../../pic32c/lib/thumb/v7e-m+dp/hard\libpic32c.a(_fstat.o)
 .debug_frame   0x00000888       0x20 e:/complier-new/bin/bin/../../lib/gcc/pic32c/8.3.1/../../../../pic32c/lib/thumb/v7e-m+dp/hard\libpic32c.a(_isatty.o)
 .debug_frame   0x000008a8       0x20 e:/complier-new/bin/bin/../../lib/gcc/pic32c/8.3.1/../../../../pic32c/lib/thumb/v7e-m+dp/hard\libpic32c.a(_lseek.o)
 .debug_frame   0x000008c8       0x20 e:/complier-new/bin/bin/../../lib/gcc/pic32c/8.3.1/../../../../pic32c/lib/thumb/v7e-m+dp/hard\libpic32c.a(_read.o)
 .debug_frame   0x000008e8       0x20 e:/complier-new/bin/bin/../../lib/gcc/pic32c/8.3.1/../../../../pic32c/lib/thumb/v7e-m+dp/hard\libpic32c.a(sbrk.o)
 .debug_frame   0x00000908       0x20 e:/complier-new/bin/bin/../../lib/gcc/pic32c/8.3.1/../../../../pic32c/lib/thumb/v7e-m+dp/hard\libpic32c.a(_write.o)
 .debug_frame   0x00000928       0x20 e:/complier-new/bin/bin/../../lib/gcc/pic32c/8.3.1/../../../../pic32c/lib/thumb/v7e-m+dp/hard\libpic32c.a(close.o)
 .debug_frame   0x00000948       0x20 e:/complier-new/bin/bin/../../lib/gcc/pic32c/8.3.1/../../../../pic32c/lib/thumb/v7e-m+dp/hard\libpic32c.a(fstat.o)
 .debug_frame   0x00000968       0x20 e:/complier-new/bin/bin/../../lib/gcc/pic32c/8.3.1/../../../../pic32c/lib/thumb/v7e-m+dp/hard\libpic32c.a(isatty.o)
 .debug_frame   0x00000988       0x20 e:/complier-new/bin/bin/../../lib/gcc/pic32c/8.3.1/../../../../pic32c/lib/thumb/v7e-m+dp/hard\libpic32c.a(lseek.o)

.debug_loc      0x00000000     0x1b25
 .debug_loc     0x00000000      0x51b build/default/production/_ext/60167248/plib_efc.o
 .debug_loc     0x0000051b       0xb5 build/default/production/_ext/1865468468/plib_nvic.o
 .debug_loc     0x000005d0       0x94 build/default/production/_ext/60177924/plib_pio.o
 .debug_loc     0x00000664      0x2fe build/default/production/_ext/1827571544/plib_systick.o
 .debug_loc     0x00000962      0x6f7 build/default/production/_ext/2001315827/plib_usart1.o
 .debug_loc     0x00001059      0x62c build/default/production/_ext/2001315827/plib_usart2.o
 .debug_loc     0x00001685      0x1ac build/default/production/_ext/163028504/xc32_monitor.o
 .debug_loc     0x00001831       0x45 build/default/production/_ext/1171490990/initialization.o
 .debug_loc     0x00001876       0xa7 build/default/production/_ext/1171490990/startup_xc32.o
 .debug_loc     0x0000191d      0x152 build/default/production/_ext/1360937237/main.o
 .debug_loc     0x00001a6f       0xa2 build/default/production/_ext/1360937237/decode_ibus.o
 .debug_loc     0x00001b11       0x14 e:/complier-new/bin/bin/../../lib/gcc/pic32c/8.3.1/../../../../pic32c/lib/thumb/v7e-m+dp/hard\libpic32c.a(data_init.o)

.stack          0x20400568      0x100
 .stack         0x20400568      0x100 stack

.data.__global_locale%1
                0x204000ec      0x16c
 .data.__global_locale
                0x204000ec      0x16c e:/complier-new/bin/bin/../../lib/gcc/pic32c/8.3.1/../../../../pic32c/lib/thumb/v7e-m+dp/hard\libc_nano.a(lib_a-locale.o)
                0x204000ec                __global_locale

.data.impure_data%2
                0x20400258       0x60
 .data.impure_data
                0x20400258       0x60 e:/complier-new/bin/bin/../../lib/gcc/pic32c/8.3.1/../../../../pic32c/lib/thumb/v7e-m+dp/hard\libc_nano.a(lib_a-impure.o)

.bss.__sf_fake_stderr%3
                0x204002b8       0x20
 .bss.__sf_fake_stderr
                0x204002b8       0x20 e:/complier-new/bin/bin/../../lib/gcc/pic32c/8.3.1/../../../../pic32c/lib/thumb/v7e-m+dp/hard\libc_nano.a(lib_a-findfp.o)
                0x204002b8                __sf_fake_stderr

.bss.__sf_fake_stdin%4
                0x204002d8       0x20
 .bss.__sf_fake_stdin
                0x204002d8       0x20 e:/complier-new/bin/bin/../../lib/gcc/pic32c/8.3.1/../../../../pic32c/lib/thumb/v7e-m+dp/hard\libc_nano.a(lib_a-findfp.o)
                0x204002d8                __sf_fake_stdin

.bss.__sf_fake_stdout%5
                0x204002f8       0x20
 .bss.__sf_fake_stdout
                0x204002f8       0x20 e:/complier-new/bin/bin/../../lib/gcc/pic32c/8.3.1/../../../../pic32c/lib/thumb/v7e-m+dp/hard\libc_nano.a(lib_a-findfp.o)
                0x204002f8                __sf_fake_stdout

.bss%6          0x20400318       0x1c
 .bss           0x20400318       0x1c e:/complier-new/bin/bin/../../lib/gcc/pic32c/8.3.1/thumb/v7e-m+dp/hard/crtbegin.o

.bss.cmd.7919%7
                0x20400334        0x4
 .bss.cmd.7919  0x20400334        0x4 build/default/production/_ext/1171490990/startup_xc32.o

.bss%8          0x20400338        0x4
 .bss           0x20400338        0x4 e:/complier-new/bin/bin/../../lib/gcc/pic32c/8.3.1/../../../../pic32c/lib/thumb/v7e-m+dp/hard\libpic32c.a(data_init.o)

.data._impure_ptr%9
                0x2040033c        0x4
 .data._impure_ptr
                0x2040033c        0x4 e:/complier-new/bin/bin/../../lib/gcc/pic32c/8.3.1/../../../../pic32c/lib/thumb/v7e-m+dp/hard\libc_nano.a(lib_a-impure.o)
                0x2040033c                _impure_ptr

.bss.__malloc_free_list%10
                0x20400340        0x4
 .bss.__malloc_free_list
                0x20400340        0x4 e:/complier-new/bin/bin/../../lib/gcc/pic32c/8.3.1/../../../../pic32c/lib/thumb/v7e-m+dp/hard\libc_nano.a(lib_a-nano-mallocr.o)
                0x20400340                __malloc_free_list

.bss.__malloc_sbrk_start%11
                0x20400344        0x4
 .bss.__malloc_sbrk_start
                0x20400344        0x4 e:/complier-new/bin/bin/../../lib/gcc/pic32c/8.3.1/../../../../pic32c/lib/thumb/v7e-m+dp/hard\libc_nano.a(lib_a-nano-mallocr.o)
                0x20400344                __malloc_sbrk_start

.bss%12         0x20400348        0x4
 .bss           0x20400348        0x4 e:/complier-new/bin/bin/../../lib/gcc/pic32c/8.3.1/../../../../pic32c/lib/thumb/v7e-m+dp/hard\libpic32c.a(sbrk.o)

.eh_frame%z1    0x00000000        0x0
 .eh_frame      0x00000000        0x0 e:/complier-new/bin/bin/../../lib/gcc/pic32c/8.3.1/thumb/v7e-m+dp/hard/crtbegin.o

.config_D0000000%13
                0xd0000000        0x4
 .config_D0000000
                0xd0000000        0x4 build/default/production/_ext/1171490990/initialization.o
                0xd0000000                __config_D0000000

.text._dtoa_r%14
                0x00400188      0xa68
 .text._dtoa_r  0x00400188      0xa68 e:/complier-new/bin/bin/../../lib/gcc/pic32c/8.3.1/../../../../pic32c/lib/thumb/v7e-m+dp/hard\libc_nano.a(lib_a-dtoa.o)
                0x00400188                _dtoa_r

.text.__printf_float%15
                0x00400bf0      0x510
 .text.__printf_float
                0x00400bf0      0x510 e:/complier-new/bin/bin/../../lib/gcc/pic32c/8.3.1/../../../../pic32c/lib/thumb/v7e-m+dp/hard\libc_nano.a(_lib_a-nano-vfprintf.fFgG.o)
                0x00400bf0                _printf_float

.dinit%16       0x00401100      0x290
 .dinit         0x00401100      0x290 data_init

.text._vfprintf_r_fFgG%17
                0x00401390      0x268
 .text._vfprintf_r_fFgG
                0x00401390      0x268 e:/complier-new/bin/bin/../../lib/gcc/pic32c/8.3.1/../../../../pic32c/lib/thumb/v7e-m+dp/hard\libc_nano.a(_lib_a-nano-vfprintf.fFgG.o)
                0x00401390                _vfprintf_r_fFgG

.text.Reset_Handler%18
                0x004015f8      0x178
 .text.Reset_Handler
                0x004015f8      0x178 build/default/production/_ext/1171490990/startup_xc32.o
                0x004015f8                Reset_Handler

.text.setvbuf%19
                0x00401770      0x158
 .text.setvbuf  0x00401770      0x158 e:/complier-new/bin/bin/../../lib/gcc/pic32c/8.3.1/../../../../pic32c/lib/thumb/v7e-m+dp/hard\libc_nano.a(lib_a-setvbuf.o)
                0x00401770                setvbuf

.text.__multiply%20
                0x004018c8      0x130
 .text.__multiply
                0x004018c8      0x130 e:/complier-new/bin/bin/../../lib/gcc/pic32c/8.3.1/../../../../pic32c/lib/thumb/v7e-m+dp/hard\libc_nano.a(lib_a-mprec.o)
                0x004018c8                __multiply

.text.quorem%21
                0x004019f8      0x12e
 .text.quorem   0x004019f8      0x12e e:/complier-new/bin/bin/../../lib/gcc/pic32c/8.3.1/../../../../pic32c/lib/thumb/v7e-m+dp/hard\libc_nano.a(lib_a-dtoa.o)

.text.USART2_InterruptHandler%22
                0x00401b28      0x12c
 .text.USART2_InterruptHandler
                0x00401b28      0x12c build/default/production/_ext/2001315827/plib_usart2.o
                0x00401b28                USART2_InterruptHandler

.text.__sflush_r%23
                0x00401c54      0x10c
 .text.__sflush_r
                0x00401c54      0x10c e:/complier-new/bin/bin/../../lib/gcc/pic32c/8.3.1/../../../../pic32c/lib/thumb/v7e-m+dp/hard\libc_nano.a(lib_a-fflush.o)
                0x00401c54                __sflush_r

.rodata._ctype_%24
                0x00401d60      0x101
 .rodata._ctype_
                0x00401d60      0x101 e:/complier-new/bin/bin/../../lib/gcc/pic32c/8.3.1/../../../../pic32c/lib/thumb/v7e-m+dp/hard\libc_nano.a(lib_a-ctype_.o)
                0x00401d60                _ctype_

.text.main%25   0x00401e64       0xf4
 .text.main     0x00401e64       0xf4 build/default/production/_ext/1360937237/main.o
                0x00401e64                main

.text._printf_common%26
                0x00401f58       0xea
 .text._printf_common
                0x00401f58       0xea e:/complier-new/bin/bin/../../lib/gcc/pic32c/8.3.1/../../../../pic32c/lib/thumb/v7e-m+dp/hard\libc_nano.a(lib_a-nano-vfprintf_i.o)
                0x00401f58                _printf_common

.text.PIO_Initialize%27
                0x00402044       0xe4
 .text.PIO_Initialize
                0x00402044       0xe4 build/default/production/_ext/60177924/plib_pio.o
                0x00402044                PIO_Initialize

.text.__swsetup_r%28
                0x00402128       0xdc
 .text.__swsetup_r
                0x00402128       0xdc e:/complier-new/bin/bin/../../lib/gcc/pic32c/8.3.1/../../../../pic32c/lib/thumb/v7e-m+dp/hard\libc_nano.a(lib_a-wsetup.o)
                0x00402128                __swsetup_r

.text.__mdiff%29
                0x00402204       0xc8
 .text.__mdiff  0x00402204       0xc8 e:/complier-new/bin/bin/../../lib/gcc/pic32c/8.3.1/../../../../pic32c/lib/thumb/v7e-m+dp/hard\libc_nano.a(lib_a-mprec.o)
                0x00402204                __mdiff

.rodata.__mprec_tens%30
                0x004022d0       0xc8
 .rodata.__mprec_tens
                0x004022d0       0xc8 e:/complier-new/bin/bin/../../lib/gcc/pic32c/8.3.1/../../../../pic32c/lib/thumb/v7e-m+dp/hard\libc_nano.a(lib_a-mprec.o)
                0x004022d0                __mprec_tens

.text.__swbuf_r%31
                0x00402398       0xbc
 .text.__swbuf_r
                0x00402398       0xbc e:/complier-new/bin/bin/../../lib/gcc/pic32c/8.3.1/../../../../pic32c/lib/thumb/v7e-m+dp/hard\libc_nano.a(lib_a-wbuf.o)
                0x00402398                __swbuf_r

.text._malloc_r%32
                0x00402454       0xb4
 .text._malloc_r
                0x00402454       0xb4 e:/complier-new/bin/bin/../../lib/gcc/pic32c/8.3.1/../../../../pic32c/lib/thumb/v7e-m+dp/hard\libc_nano.a(lib_a-nano-mallocr.o)
                0x00402454                _malloc_r

.text.__lshift%33
                0x00402508       0xa6
 .text.__lshift
                0x00402508       0xa6 e:/complier-new/bin/bin/../../lib/gcc/pic32c/8.3.1/../../../../pic32c/lib/thumb/v7e-m+dp/hard\libc_nano.a(lib_a-mprec.o)
                0x00402508                __lshift

.text%34        0x004025b0       0xa0
 .text          0x004025b0       0xa0 e:/complier-new/bin/bin/../../lib/gcc/pic32c/8.3.1/../../../../pic32c/lib/thumb/v7e-m+dp/hard\libc_nano.a(lib_a-memchr.o)
                0x004025b0                memchr

.text.__d2b%35  0x00402650       0x9e
 .text.__d2b    0x00402650       0x9e e:/complier-new/bin/bin/../../lib/gcc/pic32c/8.3.1/../../../../pic32c/lib/thumb/v7e-m+dp/hard\libc_nano.a(lib_a-mprec.o)
                0x00402650                __d2b

.text.__pow5mult%36
                0x004026f0       0x9c
 .text.__pow5mult
                0x004026f0       0x9c e:/complier-new/bin/bin/../../lib/gcc/pic32c/8.3.1/../../../../pic32c/lib/thumb/v7e-m+dp/hard\libc_nano.a(lib_a-mprec.o)
                0x004026f0                __pow5mult

.text._free_r%37
                0x0040278c       0x9c
 .text._free_r  0x0040278c       0x9c e:/complier-new/bin/bin/../../lib/gcc/pic32c/8.3.1/../../../../pic32c/lib/thumb/v7e-m+dp/hard\libc_nano.a(lib_a-nano-freer.o)
                0x0040278c                _free_r

.text.__smakebuf_r%38
                0x00402828       0x8c
 .text.__smakebuf_r
                0x00402828       0x8c e:/complier-new/bin/bin/../../lib/gcc/pic32c/8.3.1/../../../../pic32c/lib/thumb/v7e-m+dp/hard\libc_nano.a(lib_a-makebuf.o)
                0x00402828                __smakebuf_r

.text.__pic32c_data_initialization%39
                0x004028b4       0x88
 .text.__pic32c_data_initialization
                0x004028b4       0x88 e:/complier-new/bin/bin/../../lib/gcc/pic32c/8.3.1/../../../../pic32c/lib/thumb/v7e-m+dp/hard\libpic32c.a(data_init.o)
                0x004028b4                __pic32c_data_initialization

.text.__fputwc%40
                0x0040293c       0x82
 .text.__fputwc
                0x0040293c       0x82 e:/complier-new/bin/bin/../../lib/gcc/pic32c/8.3.1/../../../../pic32c/lib/thumb/v7e-m+dp/hard\libc_nano.a(lib_a-fputwc.o)
                0x0040293c                __fputwc

.text.__multadd%41
                0x004029be       0x7e
 .text.__multadd
                0x004029be       0x7e e:/complier-new/bin/bin/../../lib/gcc/pic32c/8.3.1/../../../../pic32c/lib/thumb/v7e-m+dp/hard\libc_nano.a(lib_a-mprec.o)
                0x004029be                __multadd

.text.__sfp%42  0x00402a3c       0x78
 .text.__sfp    0x00402a3c       0x78 e:/complier-new/bin/bin/../../lib/gcc/pic32c/8.3.1/../../../../pic32c/lib/thumb/v7e-m+dp/hard\libc_nano.a(lib_a-findfp.o)
                0x00402a3c                __sfp

.text.CLOCK_Initialize%43
                0x00402ab4       0x70
 .text.CLOCK_Initialize
                0x00402ab4       0x70 build/default/production/_ext/60165520/plib_clk.o
                0x00402ab4                CLOCK_Initialize

.text._Balloc%44
                0x00402b24       0x68
 .text._Balloc  0x00402b24       0x68 e:/complier-new/bin/bin/../../lib/gcc/pic32c/8.3.1/../../../../pic32c/lib/thumb/v7e-m+dp/hard\libc_nano.a(lib_a-mprec.o)
                0x00402b24                _Balloc

.text.__sinit%45
                0x00402b8c       0x60
 .text.__sinit  0x00402b8c       0x60 e:/complier-new/bin/bin/../../lib/gcc/pic32c/8.3.1/../../../../pic32c/lib/thumb/v7e-m+dp/hard\libc_nano.a(lib_a-findfp.o)
                0x00402b8c                __sinit

.text.__lo0bits%46
                0x00402bec       0x60
 .text.__lo0bits
                0x00402bec       0x60 e:/complier-new/bin/bin/../../lib/gcc/pic32c/8.3.1/../../../../pic32c/lib/thumb/v7e-m+dp/hard\libc_nano.a(lib_a-mprec.o)
                0x00402bec                __lo0bits

.text.get_channels%47
                0x00402c4c       0x5e
 .text.get_channels
                0x00402c4c       0x5e build/default/production/_ext/1360937237/decode_ibus.o
                0x00402c4c                get_channels

.text.USART1_Read%48
                0x00402cac       0x58
 .text.USART1_Read
                0x00402cac       0x58 build/default/production/_ext/2001315827/plib_usart1.o
                0x00402cac                USART1_Read

.text.SYS_Initialize%49
                0x00402d04       0x54
 .text.SYS_Initialize
                0x00402d04       0x54 build/default/production/_ext/1171490990/initialization.o
                0x00402d04                SYS_Initialize

.text._fflush_r%50
                0x00402d58       0x54
 .text._fflush_r
                0x00402d58       0x54 e:/complier-new/bin/bin/../../lib/gcc/pic32c/8.3.1/../../../../pic32c/lib/thumb/v7e-m+dp/hard\libc_nano.a(lib_a-fflush.o)
                0x00402d58                _fflush_r

.text.NVIC_Initialize%51
                0x00402dac       0x4c
 .text.NVIC_Initialize
                0x00402dac       0x4c build/default/production/_ext/1865468468/plib_nvic.o
                0x00402dac                NVIC_Initialize

.text.USART1_Write%52
                0x00402df8       0x4c
 .text.USART1_Write
                0x00402df8       0x4c build/default/production/_ext/2001315827/plib_usart1.o
                0x00402df8                USART1_Write

.text.__ssfputs_r%53
                0x00402e44       0x4a
 .text.__ssfputs_r
                0x00402e44       0x4a e:/complier-new/bin/bin/../../lib/gcc/pic32c/8.3.1/../../../../pic32c/lib/thumb/v7e-m+dp/hard\libc_nano.a(lib_a-__ssfputs.o)
                0x00402e44                __ssfputs_r

.text.__libc_init_array%54
                0x00402e90       0x48
 .text.__libc_init_array
                0x00402e90       0x48 e:/complier-new/bin/bin/../../lib/gcc/pic32c/8.3.1/../../../../pic32c/lib/thumb/v7e-m+dp/hard\libc_nano.a(lib_a-init.o)
                0x00402e90                __libc_init_array

.text.std%55    0x00402ed8       0x48
 .text.std      0x00402ed8       0x48 e:/complier-new/bin/bin/../../lib/gcc/pic32c/8.3.1/../../../../pic32c/lib/thumb/v7e-m+dp/hard\libc_nano.a(lib_a-findfp.o)

.text.__swhatbuf_r%56
                0x00402f20       0x48
 .text.__swhatbuf_r
                0x00402f20       0x48 e:/complier-new/bin/bin/../../lib/gcc/pic32c/8.3.1/../../../../pic32c/lib/thumb/v7e-m+dp/hard\libc_nano.a(lib_a-makebuf.o)
                0x00402f20                __swhatbuf_r

.text%57        0x00402f68       0x40
 .text          0x00402f68       0x40 e:/complier-new/bin/bin/../../lib/gcc/pic32c/8.3.1/thumb/v7e-m+dp/hard/crtbegin.o

.text.USART2_Initialize%58
                0x00402fa8       0x40
 .text.USART2_Initialize
                0x00402fa8       0x40 build/default/production/_ext/2001315827/plib_usart2.o
                0x00402fa8                USART2_Initialize

.text.USART2_Read%59
                0x00402fe8       0x40
 .text.USART2_Read
                0x00402fe8       0x40 build/default/production/_ext/2001315827/plib_usart2.o
                0x00402fe8                USART2_Read

.text.__hi0bits%60
                0x00403028       0x40
 .text.__hi0bits
                0x00403028       0x40 e:/complier-new/bin/bin/../../lib/gcc/pic32c/8.3.1/../../../../pic32c/lib/thumb/v7e-m+dp/hard\libc_nano.a(lib_a-mprec.o)
                0x00403028                __hi0bits

.text._fwalk_reent%61
                0x00403068       0x3c
 .text._fwalk_reent
                0x00403068       0x3c e:/complier-new/bin/bin/../../lib/gcc/pic32c/8.3.1/../../../../pic32c/lib/thumb/v7e-m+dp/hard\libc_nano.a(lib_a-fwalk.o)
                0x00403068                _fwalk_reent

.text.__swrite%62
                0x004030a4       0x38
 .text.__swrite
                0x004030a4       0x38 e:/complier-new/bin/bin/../../lib/gcc/pic32c/8.3.1/../../../../pic32c/lib/thumb/v7e-m+dp/hard\libc_nano.a(lib_a-stdio.o)
                0x004030a4                __swrite

.text.__mcmp%63
                0x004030dc       0x34
 .text.__mcmp   0x004030dc       0x34 e:/complier-new/bin/bin/../../lib/gcc/pic32c/8.3.1/../../../../pic32c/lib/thumb/v7e-m+dp/hard\libc_nano.a(lib_a-mprec.o)
                0x004030dc                __mcmp

.text.__sfputc_r%64
                0x00403110       0x2e
 .text.__sfputc_r
                0x00403110       0x2e e:/complier-new/bin/bin/../../lib/gcc/pic32c/8.3.1/../../../../pic32c/lib/thumb/v7e-m+dp/hard\libc_nano.a(lib_a-__ssfputs.o)

.text._Bfree%65
                0x0040313e       0x2e
 .text._Bfree   0x0040313e       0x2e e:/complier-new/bin/bin/../../lib/gcc/pic32c/8.3.1/../../../../pic32c/lib/thumb/v7e-m+dp/hard\libc_nano.a(lib_a-mprec.o)
                0x0040313e                _Bfree

.text.USART1_ErrorClear%66
                0x0040316c       0x2c
 .text.USART1_ErrorClear
                0x0040316c       0x2c build/default/production/_ext/2001315827/plib_usart1.o

.text.USART2_ErrorClear%67
                0x00403198       0x2c
 .text.USART2_ErrorClear
                0x00403198       0x2c build/default/production/_ext/2001315827/plib_usart2.o

.text.__sfmoreglue%68
                0x004031c4       0x2c
 .text.__sfmoreglue
                0x004031c4       0x2c e:/complier-new/bin/bin/../../lib/gcc/pic32c/8.3.1/../../../../pic32c/lib/thumb/v7e-m+dp/hard\libc_nano.a(lib_a-findfp.o)
                0x004031c4                __sfmoreglue

.text._wcrtomb_r%69
                0x004031f0       0x2c
 .text._wcrtomb_r
                0x004031f0       0x2c e:/complier-new/bin/bin/../../lib/gcc/pic32c/8.3.1/../../../../pic32c/lib/thumb/v7e-m+dp/hard\libc_nano.a(lib_a-wcrtomb.o)
                0x004031f0                _wcrtomb_r

.text._sbrk%70  0x0040321c       0x2c
 .text._sbrk    0x0040321c       0x2c e:/complier-new/bin/bin/../../lib/gcc/pic32c/8.3.1/../../../../pic32c/lib/thumb/v7e-m+dp/hard\libpic32c.a(sbrk.o)
                0x0040321c                _sbrk

.rodata.__mprec_bigtens%71
                0x00403248       0x28
 .rodata.__mprec_bigtens
                0x00403248       0x28 e:/complier-new/bin/bin/../../lib/gcc/pic32c/8.3.1/../../../../pic32c/lib/thumb/v7e-m+dp/hard\libc_nano.a(lib_a-mprec.o)
                0x00403248                __mprec_bigtens

.text._printf_fFgG%72
                0x00403270       0x24
 .text._printf_fFgG
                0x00403270       0x24 e:/complier-new/bin/bin/../../lib/gcc/pic32c/8.3.1/../../../../pic32c/lib/thumb/v7e-m+dp/hard\libc_nano.a(_lib_a-printf.fFgG.o)
                0x00403270                _printf_fFgG
                0x00403270                __printf_fgG

.text.__ascii_mbtowc%73
                0x00403294       0x24
 .text.__ascii_mbtowc
                0x00403294       0x24 e:/complier-new/bin/bin/../../lib/gcc/pic32c/8.3.1/../../../../pic32c/lib/thumb/v7e-m+dp/hard\libc_nano.a(lib_a-mbtowc_r.o)
                0x00403294                __ascii_mbtowc

.text.__sseek%74
                0x004032b8       0x24
 .text.__sseek  0x004032b8       0x24 e:/complier-new/bin/bin/../../lib/gcc/pic32c/8.3.1/../../../../pic32c/lib/thumb/v7e-m+dp/hard\libc_nano.a(lib_a-stdio.o)
                0x004032b8                __sseek

.text._write_r%75
                0x004032dc       0x24
 .text._write_r
                0x004032dc       0x24 e:/complier-new/bin/bin/../../lib/gcc/pic32c/8.3.1/../../../../pic32c/lib/thumb/v7e-m+dp/hard\libc_nano.a(lib_a-writer.o)
                0x004032dc                _write_r

.text._fstat_r%76
                0x00403300       0x24
 .text._fstat_r
                0x00403300       0x24 e:/complier-new/bin/bin/../../lib/gcc/pic32c/8.3.1/../../../../pic32c/lib/thumb/v7e-m+dp/hard\libc_nano.a(lib_a-fstatr.o)
                0x00403300                _fstat_r

.text._lseek_r%77
                0x00403324       0x24
 .text._lseek_r
                0x00403324       0x24 e:/complier-new/bin/bin/../../lib/gcc/pic32c/8.3.1/../../../../pic32c/lib/thumb/v7e-m+dp/hard\libc_nano.a(lib_a-lseekr.o)
                0x00403324                _lseek_r

.text._read_r%78
                0x00403348       0x24
 .text._read_r  0x00403348       0x24 e:/complier-new/bin/bin/../../lib/gcc/pic32c/8.3.1/../../../../pic32c/lib/thumb/v7e-m+dp/hard\libc_nano.a(lib_a-readr.o)
                0x00403348                _read_r

.rodata%79      0x0040336c       0x23
 .rodata        0x0040336c       0x23 e:/complier-new/bin/bin/../../lib/gcc/pic32c/8.3.1/../../../../pic32c/lib/thumb/v7e-m+dp/hard\libc_nano.a(_lib_a-nano-vfprintf.fFgG.o)

.text.__sread%80
                0x00403390       0x22
 .text.__sread  0x00403390       0x22 e:/complier-new/bin/bin/../../lib/gcc/pic32c/8.3.1/../../../../pic32c/lib/thumb/v7e-m+dp/hard\libc_nano.a(lib_a-stdio.o)
                0x00403390                __sread

.text.TC3_CH2_CaptureInitialize%81
                0x004033b4       0x20
 .text.TC3_CH2_CaptureInitialize
                0x004033b4       0x20 build/default/production/_ext/829342655/plib_tc3.o
                0x004033b4                TC3_CH2_CaptureInitialize

.text._sbrk_r%82
                0x004033d4       0x20
 .text._sbrk_r  0x004033d4       0x20 e:/complier-new/bin/bin/../../lib/gcc/pic32c/8.3.1/../../../../pic32c/lib/thumb/v7e-m+dp/hard\libc_nano.a(lib_a-sbrkr.o)
                0x004033d4                _sbrk_r

.text._close_r%83
                0x004033f4       0x20
 .text._close_r
                0x004033f4       0x20 e:/complier-new/bin/bin/../../lib/gcc/pic32c/8.3.1/../../../../pic32c/lib/thumb/v7e-m+dp/hard\libc_nano.a(lib_a-closer.o)
                0x004033f4                _close_r

.text._isatty_r%84
                0x00403414       0x20
 .text._isatty_r
                0x00403414       0x20 e:/complier-new/bin/bin/../../lib/gcc/pic32c/8.3.1/../../../../pic32c/lib/thumb/v7e-m+dp/hard\libc_nano.a(lib_a-isattyr.o)
                0x00403414                _isatty_r

.text.read%85   0x00403434       0x1e
 .text.read     0x00403434       0x1e build/default/production/_ext/163028504/xc32_monitor.o
                0x00403434                read

.text.SYSTICK_TimerInitialize%86
                0x00403454       0x1c
 .text.SYSTICK_TimerInitialize
                0x00403454       0x1c build/default/production/_ext/1827571544/plib_systick.o
                0x00403454                SYSTICK_TimerInitialize

.text.USART1_Initialize%87
                0x00403470       0x1c
 .text.USART1_Initialize
                0x00403470       0x1c build/default/production/_ext/2001315827/plib_usart1.o
                0x00403470                USART1_Initialize

.text.write%88  0x0040348c       0x1c
 .text.write    0x0040348c       0x1c build/default/production/_ext/163028504/xc32_monitor.o
                0x0040348c                write

.text.memcpy%89
                0x004034a8       0x1c
 .text.memcpy   0x004034a8       0x1c e:/complier-new/bin/bin/../../lib/gcc/pic32c/8.3.1/../../../../pic32c/lib/thumb/v7e-m+dp/hard\libc_nano.a(lib_a-memcpy-stub.o)
                0x004034a8                memcpy

.text._fputwc_r%90
                0x004034c4       0x1c
 .text._fputwc_r
                0x004034c4       0x1c e:/complier-new/bin/bin/../../lib/gcc/pic32c/8.3.1/../../../../pic32c/lib/thumb/v7e-m+dp/hard\libc_nano.a(lib_a-fputwc.o)
                0x004034c4                _fputwc_r

.text._calloc_r%91
                0x004034e0       0x1c
 .text._calloc_r
                0x004034e0       0x1c e:/complier-new/bin/bin/../../lib/gcc/pic32c/8.3.1/../../../../pic32c/lib/thumb/v7e-m+dp/hard\libc_nano.a(lib_a-nano-callocr.o)
                0x004034e0                _calloc_r

.text.__ascii_wctomb%92
                0x004034fc       0x1a
 .text.__ascii_wctomb
                0x004034fc       0x1a e:/complier-new/bin/bin/../../lib/gcc/pic32c/8.3.1/../../../../pic32c/lib/thumb/v7e-m+dp/hard\libc_nano.a(lib_a-wctomb_r.o)
                0x004034fc                __ascii_wctomb

.text.TC0_CH0_CaptureInitialize%93
                0x00403518       0x18
 .text.TC0_CH0_CaptureInitialize
                0x00403518       0x18 build/default/production/_ext/829342655/plib_tc0.o
                0x00403518                TC0_CH0_CaptureInitialize

.rodata%94      0x00403530       0x14
 .rodata        0x00403530       0x14 build/default/production/_ext/1360937237/main.o

.text._vfprintf_fFgG%95
                0x00403544       0x14
 .text._vfprintf_fFgG
                0x00403544       0x14 e:/complier-new/bin/bin/../../lib/gcc/pic32c/8.3.1/../../../../pic32c/lib/thumb/v7e-m+dp/hard\libc_nano.a(_lib_a-nano-vfprintf.fFgG.o)
                0x00403544                _vfprintf_fFgG

.text.__i2b%96  0x00403558       0x12
 .text.__i2b    0x00403558       0x12 e:/complier-new/bin/bin/../../lib/gcc/pic32c/8.3.1/../../../../pic32c/lib/thumb/v7e-m+dp/hard\libc_nano.a(lib_a-mprec.o)
                0x00403558                __i2b

.text.EFC_Initialize%97
                0x0040356c       0x10
 .text.EFC_Initialize
                0x0040356c       0x10 build/default/production/_ext/60167248/plib_efc.o
                0x0040356c                EFC_Initialize

.text.TC3_CH2_CaptureStart%98
                0x0040357c       0x10
 .text.TC3_CH2_CaptureStart
                0x0040357c       0x10 build/default/production/_ext/829342655/plib_tc3.o
                0x0040357c                TC3_CH2_CaptureStart

.text.setbuf%99
                0x0040358c       0x10
 .text.setbuf   0x0040358c       0x10 e:/complier-new/bin/bin/../../lib/gcc/pic32c/8.3.1/../../../../pic32c/lib/thumb/v7e-m+dp/hard\libc_nano.a(lib_a-setbuf.o)
                0x0040358c                setbuf

.text.malloc%100
                0x0040359c       0x10
 .text.malloc   0x0040359c       0x10 e:/complier-new/bin/bin/../../lib/gcc/pic32c/8.3.1/../../../../pic32c/lib/thumb/v7e-m+dp/hard\libc_nano.a(lib_a-malloc.o)
                0x0040359c                malloc

.text.memset%101
                0x004035ac       0x10
 .text.memset   0x004035ac       0x10 e:/complier-new/bin/bin/../../lib/gcc/pic32c/8.3.1/../../../../pic32c/lib/thumb/v7e-m+dp/hard\libc_nano.a(lib_a-memset.o)
                0x004035ac                memset

.text%102       0x004035bc       0x10
 .text          0x004035bc       0x10 e:/complier-new/bin/bin/../../lib/gcc/pic32c/8.3.1/../../../../pic32c/lib/thumb/v7e-m+dp/hard\libc_nano.a(lib_a-strlen.o)
                0x004035bc                strlen

.rodata%103     0x004035cc        0xf
 .rodata        0x004035cc        0xf e:/complier-new/bin/bin/../../lib/gcc/pic32c/8.3.1/../../../../pic32c/lib/thumb/v7e-m+dp/hard\libc_nano.a(lib_a-dtoa.o)

.text.TC0_CH0_CaptureStart%104
                0x004035dc        0xc
 .text.TC0_CH0_CaptureStart
                0x004035dc        0xc build/default/production/_ext/829342655/plib_tc0.o
                0x004035dc                TC0_CH0_CaptureStart

.text._cleanup_r%105
                0x004035e8        0xc
 .text._cleanup_r
                0x004035e8        0xc e:/complier-new/bin/bin/../../lib/gcc/pic32c/8.3.1/../../../../pic32c/lib/thumb/v7e-m+dp/hard\libc_nano.a(lib_a-findfp.o)
                0x004035e8                _cleanup_r

.text.__locale_mb_cur_max%106
                0x004035f4        0xc
 .text.__locale_mb_cur_max
                0x004035f4        0xc e:/complier-new/bin/bin/../../lib/gcc/pic32c/8.3.1/../../../../pic32c/lib/thumb/v7e-m+dp/hard\libc_nano.a(lib_a-locale.o)
                0x004035f4                __locale_mb_cur_max

.rodata.p05.7453%107
                0x00403600        0xc
 .rodata.p05.7453
                0x00403600        0xc e:/complier-new/bin/bin/../../lib/gcc/pic32c/8.3.1/../../../../pic32c/lib/thumb/v7e-m+dp/hard\libc_nano.a(lib_a-mprec.o)

.text.fstat%108
                0x0040360c        0xc
 .text.fstat    0x0040360c        0xc e:/complier-new/bin/bin/../../lib/gcc/pic32c/8.3.1/../../../../pic32c/lib/thumb/v7e-m+dp/hard\libpic32c.a(fstat.o)
                0x0040360c                fstat

.rodata%109     0x00403618        0xb
 .rodata        0x00403618        0xb e:/complier-new/bin/bin/../../lib/gcc/pic32c/8.3.1/../../../../pic32c/lib/thumb/v7e-m+dp/hard\libc_nano.a(lib_a-locale.o)

.text._localeconv_r%110
                0x00403624        0x8
 .text._localeconv_r
                0x00403624        0x8 e:/complier-new/bin/bin/../../lib/gcc/pic32c/8.3.1/../../../../pic32c/lib/thumb/v7e-m+dp/hard\libc_nano.a(lib_a-localeconv.o)
                0x00403624                _localeconv_r

.text.__sclose%111
                0x0040362c        0x8
 .text.__sclose
                0x0040362c        0x8 e:/complier-new/bin/bin/../../lib/gcc/pic32c/8.3.1/../../../../pic32c/lib/thumb/v7e-m+dp/hard\libc_nano.a(lib_a-stdio.o)
                0x0040362c                __sclose

.text.close%112
                0x00403634        0x8
 .text.close    0x00403634        0x8 e:/complier-new/bin/bin/../../lib/gcc/pic32c/8.3.1/../../../../pic32c/lib/thumb/v7e-m+dp/hard\libpic32c.a(close.o)
                0x00403634                close

.rodata._global_impure_ptr%113
                0x004022cc        0x4
 .rodata._global_impure_ptr
                0x004022cc        0x4 e:/complier-new/bin/bin/../../lib/gcc/pic32c/8.3.1/../../../../pic32c/lib/thumb/v7e-m+dp/hard\libc_nano.a(lib_a-impure.o)
                0x004022cc                _global_impure_ptr

.text._close%114
                0x0040363c        0x4
 .text._close   0x0040363c        0x4 e:/complier-new/bin/bin/../../lib/gcc/pic32c/8.3.1/../../../../pic32c/lib/thumb/v7e-m+dp/hard\libpic32c.a(_close.o)
                0x0040363c                _close

.text._fstat%115
                0x00403640        0x4
 .text._fstat   0x00403640        0x4 e:/complier-new/bin/bin/../../lib/gcc/pic32c/8.3.1/../../../../pic32c/lib/thumb/v7e-m+dp/hard\libpic32c.a(_fstat.o)
                0x00403640                _fstat

.text._isatty%116
                0x00403644        0x4
 .text._isatty  0x00403644        0x4 e:/complier-new/bin/bin/../../lib/gcc/pic32c/8.3.1/../../../../pic32c/lib/thumb/v7e-m+dp/hard\libpic32c.a(_isatty.o)
                0x00403644                _isatty

.text._lseek%117
                0x00403648        0x4
 .text._lseek   0x00403648        0x4 e:/complier-new/bin/bin/../../lib/gcc/pic32c/8.3.1/../../../../pic32c/lib/thumb/v7e-m+dp/hard\libpic32c.a(_lseek.o)
                0x00403648                _lseek

.text._read%118
                0x0040364c        0x4
 .text._read    0x0040364c        0x4 e:/complier-new/bin/bin/../../lib/gcc/pic32c/8.3.1/../../../../pic32c/lib/thumb/v7e-m+dp/hard\libpic32c.a(_read.o)
                0x0040364c                _read

.text._write%119
                0x00403650        0x4
 .text._write   0x00403650        0x4 e:/complier-new/bin/bin/../../lib/gcc/pic32c/8.3.1/../../../../pic32c/lib/thumb/v7e-m+dp/hard\libpic32c.a(_write.o)
                0x00403650                _write

.text.isatty%120
                0x00403654        0x4
 .text.isatty   0x00403654        0x4 e:/complier-new/bin/bin/../../lib/gcc/pic32c/8.3.1/../../../../pic32c/lib/thumb/v7e-m+dp/hard\libpic32c.a(isatty.o)
                0x00403654                isatty

.text.lseek%121
                0x00403658        0x4
 .text.lseek    0x00403658        0x4 e:/complier-new/bin/bin/../../lib/gcc/pic32c/8.3.1/../../../../pic32c/lib/thumb/v7e-m+dp/hard\libpic32c.a(lseek.o)
                0x00403658                lseek

.text.Dummy_Handler%122
                0x00401b26        0x2
 .text.Dummy_Handler
                0x00401b26        0x2 build/default/production/_ext/1171490990/interrupts.o
                0x00401b26                DACC_Handler
                0x00401b26                SVCall_Handler
                0x00401b26                TC0_CH2_Handler
                0x00401b26                TC3_CH1_Handler
                0x00401b26                UART3_Handler
                0x00401b26                UART2_Handler
                0x00401b26                TRNG_Handler
                0x00401b26                SysTick_Handler
                0x00401b26                AFEC1_Handler
                0x00401b26                PendSV_Handler
                0x00401b26                TC0_CH1_Handler
                0x00401b26                QSPI_Handler
                0x00401b26                ISI_Handler
                0x00401b26                MCAN0_INT0_Handler
                0x00401b26                RSWDT_Handler
                0x00401b26                USART0_Handler
                0x00401b26                TC1_CH2_Handler
                0x00401b26                RTT_Handler
                0x00401b26                USBHS_Handler
                0x00401b26                IXC_Handler
                0x00401b26                CCF_Handler
                0x00401b26                PIOB_Handler
                0x00401b26                RTC_Handler
                0x00401b26                WDT_Handler
                0x00401b26                MCAN1_INT1_Handler
                0x00401b26                HSMCI_Handler
                0x00401b26                UART1_Handler
                0x00401b26                Dummy_Handler
                0x00401b26                TWIHS1_Handler
                0x00401b26                TC3_CH2_Handler
                0x00401b26                XDMAC_Handler
                0x00401b26                UART4_Handler
                0x00401b26                TC2_CH0_Handler
                0x00401b26                PWM1_Handler
                0x00401b26                USART1_Handler
                0x00401b26                PWM0_Handler
                0x00401b26                PIOA_Handler
                0x00401b26                AFEC0_Handler
                0x00401b26                CCW_Handler
                0x00401b26                TC3_CH0_Handler
                0x00401b26                SSC_Handler
                0x00401b26                TC1_CH0_Handler
                0x00401b26                ACC_Handler
                0x00401b26                PMC_Handler
                0x00401b26                GMAC_Handler
                0x00401b26                TC2_CH2_Handler
                0x00401b26                MCAN0_INT1_Handler
                0x00401b26                GMAC_Q5_Handler
                0x00401b26                SUPC_Handler
                0x00401b26                TC2_CH1_Handler
                0x00401b26                MCAN1_INT0_Handler
                0x00401b26                EFC_Handler
                0x00401b26                GMAC_Q1_Handler
                0x00401b26                GMAC_Q2_Handler
                0x00401b26                PIOE_Handler
                0x00401b26                SPI1_Handler
                0x00401b26                TC1_CH1_Handler
                0x00401b26                GMAC_Q3_Handler
                0x00401b26                PIOD_Handler
                0x00401b26                TWIHS2_Handler
                0x00401b26                I2SC0_Handler
                0x00401b26                UART0_Handler
                0x00401b26                I2SC1_Handler
                0x00401b26                TC0_CH0_Handler
                0x00401b26                PIOC_Handler
                0x00401b26                GMAC_Q4_Handler
                0x00401b26                FPU_Handler
                0x00401b26                RSTC_Handler
                0x00401b26                ICM_Handler
                0x00401b26                AES_Handler
                0x00401b26                TWIHS0_Handler
                0x00401b26                SPI0_Handler

.text.NonMaskableInt_Handler%123
                0x00402042        0x2
 .text.NonMaskableInt_Handler
                0x00402042        0x2 build/default/production/_ext/1171490990/exceptions.o
                0x00402042                NonMaskableInt_Handler

.text.HardFault_Handler%124
                0x004025ae        0x2
 .text.HardFault_Handler
                0x004025ae        0x2 build/default/production/_ext/1171490990/exceptions.o
                0x004025ae                HardFault_Handler

.text.DebugMonitor_Handler%125
                0x004026ee        0x2
 .text.DebugMonitor_Handler
                0x004026ee        0x2 build/default/production/_ext/1171490990/exceptions.o
                0x004026ee                DebugMonitor_Handler

.text.MemoryManagement_Handler%126
                0x00402caa        0x2
 .text.MemoryManagement_Handler
                0x00402caa        0x2 build/default/production/_ext/1171490990/exceptions.o
                0x00402caa                MemoryManagement_Handler

.text.BusFault_Handler%127
                0x00402e8e        0x2
 .text.BusFault_Handler
                0x00402e8e        0x2 build/default/production/_ext/1171490990/exceptions.o
                0x00402e8e                BusFault_Handler

.text.UsageFault_Handler%128
                0x004033b2        0x2
 .text.UsageFault_Handler
                0x004033b2        0x2 build/default/production/_ext/1171490990/exceptions.o
                0x004033b2                UsageFault_Handler

.text.Dummy_App_Func%129
                0x00403452        0x2
 .text.Dummy_App_Func
                0x00403452        0x2 build/default/production/_ext/1171490990/startup_xc32.o
                0x00403452                _on_reset
                0x00403452                _on_bootstrap
                0x00403452                __xc32_on_reset
                0x00403452                Dummy_App_Func
                0x00403452                __xc32_on_bootstrap

.text.__malloc_lock%130
                0x00403516        0x2
 .text.__malloc_lock
                0x00403516        0x2 e:/complier-new/bin/bin/../../lib/gcc/pic32c/8.3.1/../../../../pic32c/lib/thumb/v7e-m+dp/hard\libc_nano.a(lib_a-mlock.o)
                0x00403516                __malloc_lock

.text.__malloc_unlock%131
                0x0040356a        0x2
 .text.__malloc_unlock
                0x0040356a        0x2 e:/complier-new/bin/bin/../../lib/gcc/pic32c/8.3.1/../../../../pic32c/lib/thumb/v7e-m+dp/hard\libc_nano.a(lib_a-mlock.o)
                0x0040356a                __malloc_unlock
