Archive member included to satisfy reference by file (symbol)

e:/complier-new/bin/bin/../../lib/gcc/pic32c/8.3.1/../../../../pic32c/lib/thumb/v7e-m+dp/hard\libpic32c.a(data_init.o)
                              build/default/production/_ext/1171490990/startup_xc32.o (__pic32c_data_initialization)
e:/complier-new/bin/bin/../../lib/gcc/pic32c/8.3.1/../../../../pic32c/lib/thumb/v7e-m+dp/hard\libc_nano.a(lib_a-impure.o)
                              build/default/production/_ext/1171490990/initialization.o (_impure_ptr)
e:/complier-new/bin/bin/../../lib/gcc/pic32c/8.3.1/../../../../pic32c/lib/thumb/v7e-m+dp/hard\libc_nano.a(lib_a-init.o)
                              build/default/production/_ext/1171490990/startup_xc32.o (__libc_init_array)
e:/complier-new/bin/bin/../../lib/gcc/pic32c/8.3.1/../../../../pic32c/lib/thumb/v7e-m+dp/hard\libc_nano.a(lib_a-memcpy-stub.o)
                              build/default/production/_ext/60167248/plib_efc.o (memcpy)
e:/complier-new/bin/bin/../../lib/gcc/pic32c/8.3.1/../../../../pic32c/lib/thumb/v7e-m+dp/hard\libc_nano.a(lib_a-setbuf.o)
                              build/default/production/_ext/1171490990/initialization.o (setbuf)
e:/complier-new/bin/bin/../../lib/gcc/pic32c/8.3.1/../../../../pic32c/lib/thumb/v7e-m+dp/hard\libc_nano.a(lib_a-setvbuf.o)
                              e:/complier-new/bin/bin/../../lib/gcc/pic32c/8.3.1/../../../../pic32c/lib/thumb/v7e-m+dp/hard\libc_nano.a(lib_a-setbuf.o) (setvbuf)
e:/complier-new/bin/bin/../../lib/gcc/pic32c/8.3.1/../../../../pic32c/lib/thumb/v7e-m+dp/hard\libc_nano.a(lib_a-fflush.o)
                              e:/complier-new/bin/bin/../../lib/gcc/pic32c/8.3.1/../../../../pic32c/lib/thumb/v7e-m+dp/hard\libc_nano.a(lib_a-setvbuf.o) (_fflush_r)
e:/complier-new/bin/bin/../../lib/gcc/pic32c/8.3.1/../../../../pic32c/lib/thumb/v7e-m+dp/hard\libc_nano.a(lib_a-findfp.o)
                              e:/complier-new/bin/bin/../../lib/gcc/pic32c/8.3.1/../../../../pic32c/lib/thumb/v7e-m+dp/hard\libc_nano.a(lib_a-setvbuf.o) (__sinit)
e:/complier-new/bin/bin/../../lib/gcc/pic32c/8.3.1/../../../../pic32c/lib/thumb/v7e-m+dp/hard\libc_nano.a(lib_a-fwalk.o)
                              e:/complier-new/bin/bin/../../lib/gcc/pic32c/8.3.1/../../../../pic32c/lib/thumb/v7e-m+dp/hard\libc_nano.a(lib_a-fflush.o) (_fwalk_reent)
e:/complier-new/bin/bin/../../lib/gcc/pic32c/8.3.1/../../../../pic32c/lib/thumb/v7e-m+dp/hard\libc_nano.a(lib_a-makebuf.o)
                              e:/complier-new/bin/bin/../../lib/gcc/pic32c/8.3.1/../../../../pic32c/lib/thumb/v7e-m+dp/hard\libc_nano.a(lib_a-setvbuf.o) (__swhatbuf_r)
e:/complier-new/bin/bin/../../lib/gcc/pic32c/8.3.1/../../../../pic32c/lib/thumb/v7e-m+dp/hard\libc_nano.a(lib_a-malloc.o)
                              e:/complier-new/bin/bin/../../lib/gcc/pic32c/8.3.1/../../../../pic32c/lib/thumb/v7e-m+dp/hard\libc_nano.a(lib_a-setvbuf.o) (malloc)
e:/complier-new/bin/bin/../../lib/gcc/pic32c/8.3.1/../../../../pic32c/lib/thumb/v7e-m+dp/hard\libc_nano.a(lib_a-memset.o)
                              e:/complier-new/bin/bin/../../lib/gcc/pic32c/8.3.1/../../../../pic32c/lib/thumb/v7e-m+dp/hard\libc_nano.a(lib_a-findfp.o) (memset)
e:/complier-new/bin/bin/../../lib/gcc/pic32c/8.3.1/../../../../pic32c/lib/thumb/v7e-m+dp/hard\libc_nano.a(lib_a-nano-freer.o)
                              e:/complier-new/bin/bin/../../lib/gcc/pic32c/8.3.1/../../../../pic32c/lib/thumb/v7e-m+dp/hard\libc_nano.a(lib_a-setvbuf.o) (_free_r)
e:/complier-new/bin/bin/../../lib/gcc/pic32c/8.3.1/../../../../pic32c/lib/thumb/v7e-m+dp/hard\libc_nano.a(lib_a-nano-mallocr.o)
                              e:/complier-new/bin/bin/../../lib/gcc/pic32c/8.3.1/../../../../pic32c/lib/thumb/v7e-m+dp/hard\libc_nano.a(lib_a-findfp.o) (_malloc_r)
e:/complier-new/bin/bin/../../lib/gcc/pic32c/8.3.1/../../../../pic32c/lib/thumb/v7e-m+dp/hard\libc_nano.a(lib_a-sbrkr.o)
                              e:/complier-new/bin/bin/../../lib/gcc/pic32c/8.3.1/../../../../pic32c/lib/thumb/v7e-m+dp/hard\libc_nano.a(lib_a-nano-mallocr.o) (_sbrk_r)
e:/complier-new/bin/bin/../../lib/gcc/pic32c/8.3.1/../../../../pic32c/lib/thumb/v7e-m+dp/hard\libc_nano.a(lib_a-stdio.o)
                              e:/complier-new/bin/bin/../../lib/gcc/pic32c/8.3.1/../../../../pic32c/lib/thumb/v7e-m+dp/hard\libc_nano.a(lib_a-findfp.o) (__sread)
e:/complier-new/bin/bin/../../lib/gcc/pic32c/8.3.1/../../../../pic32c/lib/thumb/v7e-m+dp/hard\libc_nano.a(lib_a-writer.o)
                              e:/complier-new/bin/bin/../../lib/gcc/pic32c/8.3.1/../../../../pic32c/lib/thumb/v7e-m+dp/hard\libc_nano.a(lib_a-stdio.o) (_write_r)
e:/complier-new/bin/bin/../../lib/gcc/pic32c/8.3.1/../../../../pic32c/lib/thumb/v7e-m+dp/hard\libc_nano.a(lib_a-closer.o)
                              e:/complier-new/bin/bin/../../lib/gcc/pic32c/8.3.1/../../../../pic32c/lib/thumb/v7e-m+dp/hard\libc_nano.a(lib_a-stdio.o) (_close_r)
[...]
Memory Configuration

Name             Origin             Length             Attributes
rom              0x00400000         0x00200000         xrl
ram              0x20400000         0x00060000         xw !r
itcm             0x00000000         0x00000000         xw
dtcm             0x20000000         0x00000000         xw !r
*default*        0x00000000         0xffffffff

Linker script and memory map

LOAD e:/complier-new/bin/bin/../../lib/gcc/pic32c/8.3.1/thumb/v7e-m+dp/hard/crti.o
LOAD e:/complier-new/bin/bin/../../lib/gcc/pic32c/8.3.1/thumb/v7e-m+dp/hard/crtbegin.o
LOAD build/default/production/_ext/60165520/plib_clk.o
LOAD build/default/production/_ext/60167248/plib_efc.o
LOAD build/default/production/_ext/1865468468/plib_nvic.o
LOAD build/default/production/_ext/60177924/plib_pio.o
LOAD build/default/production/_ext/1827571544/plib_systick.o
LOAD build/default/production/_ext/829342655/plib_tc0.o
LOAD build/default/production/_ext/829342655/plib_tc3.o
LOAD build/default/production/_ext/2001315827/plib_usart1.o
LOAD build/default/production/_ext/2001315827/plib_usart2.o
LOAD build/default/production/_ext/163028504/xc32_monitor.o
LOAD build/default/production/_ext/1014039709/sys_cache.o
LOAD build/default/production/_ext/1171490990/initialization.o
LOAD build/default/production/_ext/1171490990/interrupts.o
LOAD build/default/production/_ext/1171490990/exceptions.o
LOAD build/default/production/_ext/1171490990/startup_xc32.o
LOAD build/default/production/_ext/1171490990/libc_syscalls.o
LOAD build/default/production/_ext/1360937237/main.o
LOAD build/default/production/_ext/1360937237/decode_ibus.o
                0x00000001                __MPLAB_BUILD = 0x1
                0x00600000                __rom_end = (ORIGIN (rom) + LENGTH (rom))
                0x20460000                __ram_end = (ORIGIN (ram) + LENGTH (ram))

.vectors        0x00400000      0x168
                0x00400000                . = ALIGN (0x4)
                0x00400000                _sfixed = .
 *(.vectors .vectors.* .vectors_default .vectors_default.*)
 .vectors       0x00400000      0x168 build/default/production/_ext/1171490990/interrupts.o
                0x00400000                exception_table
 *(.isr_vector)
 *(.reset*)
 *(.after_vectors)

.text           0x00400168       0x20
                0x00400168                . = ALIGN (0x4)
 *(.glue_7t)
 .glue_7t       0x00400168        0x0 linker stubs
 *(.glue_7)
 .glue_7        0x00400168        0x0 linker stubs
 *(.gnu.linkonce.r.*)
 *(.ARM.extab* .gnu.linkonce.armextab.*)
                0x00400168                . = ALIGN (0x4)
 *(.init)
 .init          0x00400168        0x4 e:/complier-new/bin/bin/../../lib/gcc/pic32c/8.3.1/thumb/v7e-m+dp/hard/crti.o
                0x00400168                _init
 .init          0x0040016c        0x8 e:/complier-new/bin/bin/../../lib/gcc/pic32c/8.3.1/thumb/v7e-m+dp/hard/crtn.o
                0x00400174                . = ALIGN (0x4)
                0x00400174                __preinit_array_start = .
 *(.preinit_array)
                0x00400174                __preinit_array_end = .
                0x00400174                . = ALIGN (0x4)
                0x00400174                __init_array_start = .
 *(SORT_BY_NAME(.init_array.*))
 *(.init_array)
 .init_array    0x00400174        0x4 e:/complier-new/bin/bin/../../lib/gcc/pic32c/8.3.1/thumb/v7e-m+dp/hard/crtbegin.o
                0x00400178                __init_array_end = .
                0x00400178                . = ALIGN (0x4)
 *crtbegin.o(.ctors)
 *(EXCLUDE_FILE(*crtend.o) .ctors)
 *(SORT_BY_NAME(.ctors.*))
 *crtend.o(.ctors)
                0x00400178                . = ALIGN (0x4)
 *(.fini)
 .fini          0x00400178        0x4 e:/complier-new/bin/bin/../../lib/gcc/pic32c/8.3.1/thumb/v7e-m+dp/hard/crti.o
                0x00400178                _fini
 .fini          0x0040017c        0x8 e:/complier-new/bin/bin/../../lib/gcc/pic32c/8.3.1/thumb/v7e-m+dp/hard/crtn.o
                0x00400184                . = ALIGN (0x4)
                0x00400184                __fini_array_start = .
 *(.fini_array)
 .fini_array    0x00400184        0x4 e:/complier-new/bin/bin/../../lib/gcc/pic32c/8.3.1/thumb/v7e-m+dp/hard/crtbegin.o
 *(SORT_BY_NAME(.fini_array.*))
                0x00400188                __fini_array_end = .
 *crtbegin.o(.dtors)
 *(EXCLUDE_FILE(*crtend.o) .dtors)
 *(SORT_BY_NAME(.dtors.*))
 *crtend.o(.dtors)
                0x00400188                . = ALIGN (0x4)
                0x00400188                _efixed = .
                [!provide]                PROVIDE (__exidx_start = .)

.ARM.exidx
 *(.ARM.exidx* .gnu.linkonce.armexidx.*)
                [!provide]                PROVIDE (__exidx_end = .)
                0x00400188                . = ALIGN (0x4)
                0x00400188                _etext = .

.bss            0x20400000       0xec
                0x20400000                . = ALIGN (0x4)
                0x20400000                __bss_start__ = .
                0x20400000                _sbss = .
                0x20400000                _szero = .
 *(COMMON)
 COMMON         0x20400000       0x30 build/default/production/_ext/2001315827/plib_usart2.o
                0x20400000                usart2Obj
 COMMON         0x20400030       0xb8 build/default/production/_ext/1360937237/main.o
                0x20400030                duty1
                0x20400034                rec_buffer
                0x20400074                message
                0x20400094                on_time1
                0x20400098                angle1
                0x2040009c                angle2
                0x204000a0                frequency2
                0x204000a4                on_time2
                0x204000a8                duty2
                0x204000ac                channels
                0x204000e4                frequency1
 COMMON         0x204000e8        0x4 e:/complier-new/bin/bin/../../lib/gcc/pic32c/8.3.1/../../../../pic32c/lib/thumb/v7e-m+dp/hard\libc_nano.a(lib_a-reent.o)
                0x204000e8                errno
                0x204000ec                . = ALIGN (0x4)
                0x204000ec                __bss_end__ = .
                0x204000ec                _ebss = .
                0x204000ec                _ezero = .
                0x204000ec                . = ALIGN (0x4)
                0x204000ec                _end = .
                0x2045ffff                _ram_end_ = ((ORIGIN (ram) + LENGTH (ram)) - 0x1)
                0x00000200                _min_heap_size = 0x200
START GROUP
LOAD e:/complier-new/bin/bin/../../lib/gcc/pic32c/8.3.1/../../../../pic32c/lib/thumb/v7e-m+dp/hard\libpic32c.a
LOAD e:/complier-new/bin/bin/../../lib/gcc/pic32c/8.3.1/thumb/v7e-m+dp/hard\libgcc.a
LOAD e:/complier-new/bin/bin/../../lib/gcc/pic32c/8.3.1/../../../../pic32c/lib/thumb/v7e-m+dp/hard\libm_nano.a
LOAD e:/complier-new/bin/bin/../../lib/gcc/pic32c/8.3.1/../../../../pic32c/lib/thumb/v7e-m+dp/hard\libc_nano.a
END GROUP
LOAD e:/complier-new/bin/bin/../../lib/gcc/pic32c/8.3.1/thumb/v7e-m+dp/hard/crtend.o
LOAD e:/complier-new/bin/bin/../../lib/gcc/pic32c/8.3.1/thumb/v7e-m+dp/hard/crtn.o
OUTPUT(dist/default/production/Testing_Remote_Control.X.production.elf elf32-littlearm)
LOAD stack
LOAD data_init

.ARM.attributes
                0x00000000       0x30
 .ARM.attributes
                0x00000000       0x1e e:/complier-new/bin/bin/../../lib/gcc/pic32c/8.3.1/thumb/v7e-m+dp/hard/crti.o
 .ARM.attributes
                0x0000001e       0x32 e:/complier-new/bin/bin/../../lib/gcc/pic32c/8.3.1/thumb/v7e-m+dp/hard/crtbegin.o
 .ARM.attributes
                0x00000050       0x32 build/default/production/_ext/60165520/plib_clk.o
 .ARM.attributes
                0x00000082       0x32 build/default/production/_ext/60167248/plib_efc.o
 .ARM.attributes
                0x000000b4       0x32 build/default/production/_ext/1865468468/plib_nvic.o
 .ARM.attributes
                0x000000e6       0x32 build/default/production/_ext/60177924/plib_pio.o
 .ARM.attributes
                0x00000118       0x32 build/default/production/_ext/1827571544/plib_systick.o
 .ARM.attributes
                0x0000014a       0x32 build/default/production/_ext/829342655/plib_tc0.o
 .ARM.attributes
                0x0000017c       0x32 build/default/production/_ext/829342655/plib_tc3.o
 .ARM.attributes
                0x000001ae       0x32 build/default/production/_ext/2001315827/plib_usart1.o
 .ARM.attributes
                0x000001e0       0x32 build/default/production/_ext/2001315827/plib_usart2.o
 .ARM.attributes
                0x00000212       0x32 build/default/production/_ext/163028504/xc32_monitor.o
 .ARM.attributes
                0x00000244       0x32 build/default/production/_ext/1171490990/initialization.o
 .ARM.attributes
                0x00000276       0x32 build/default/production/_ext/1171490990/interrupts.o
 .ARM.attributes
                0x000002a8       0x32 build/default/production/_ext/1171490990/exceptions.o
 .ARM.attributes
                0x000002da       0x32 build/default/production/_ext/1171490990/startup_xc32.o
 .ARM.attributes
                0x0000030c       0x32 build/default/production/_ext/1360937237/main.o
 .ARM.attributes
                0x0000033e       0x32 build/default/production/_ext/1360937237/decode_ibus.o
 .ARM.attributes
                0x00000370       0x32 e:/complier-new/bin/bin/../../lib/gcc/pic32c/8.3.1/../../../../pic32c/lib/thumb/v7e-m+dp/hard\libpic32c.a(data_init.o)
 .ARM.attributes
                0x000003a2       0x30 e:/complier-new/bin/bin/../../lib/gcc/pic32c/8.3.1/../../../../pic32c/lib/thumb/v7e-m+dp/hard\libc_nano.a(lib_a-impure.o)
 .ARM.attributes
                0x000003d2       0x32 e:/complier-new/bin/bin/../../lib/gcc/pic32c/8.3.1/../../../../pic32c/lib/thumb/v7e-m+dp/hard\libc_nano.a(lib_a-init.o)
 .ARM.attributes
                0x00000404       0x32 e:/complier-new/bin/bin/../../lib/gcc/pic32c/8.3.1/../../../../pic32c/lib/thumb/v7e-m+dp/hard\libc_nano.a(lib_a-setbuf.o)
 .ARM.attributes
                0x00000436       0x32 e:/complier-new/bin/bin/../../lib/gcc/pic32c/8.3.1/../../../../pic32c/lib/thumb/v7e-m+dp/hard\libc_nano.a(lib_a-setvbuf.o)
 .ARM.attributes
                0x00000468       0x32 e:/complier-new/bin/bin/../../lib/gcc/pic32c/8.3.1/../../../../pic32c/lib/thumb/v7e-m+dp/hard\libc_nano.a(lib_a-fflush.o)
 .ARM.attributes
                0x0000049a       0x32 e:/complier-new/bin/bin/../../lib/gcc/pic32c/8.3.1/../../../../pic32c/lib/thumb/v7e-m+dp/hard\libc_nano.a(lib_a-findfp.o)
 .ARM.attributes
                0x000004cc       0x32 e:/complier-new/bin/bin/../../lib/gcc/pic32c/8.3.1/../../../../pic32c/lib/thumb/v7e-m+dp/hard\libc_nano.a(lib_a-fwalk.o)
 .ARM.attributes
                0x000004fe       0x32 e:/complier-new/bin/bin/../../lib/gcc/pic32c/8.3.1/../../../../pic32c/lib/thumb/v7e-m+dp/hard\libc_nano.a(lib_a-makebuf.o)
 .ARM.attributes
                0x00000530       0x32 e:/complier-new/bin/bin/../../lib/gcc/pic32c/8.3.1/../../../../pic32c/lib/thumb/v7e-m+dp/hard\libc_nano.a(lib_a-malloc.o)
 .ARM.attributes
                0x00000562       0x32 e:/complier-new/bin/bin/../../lib/gcc/pic32c/8.3.1/../../../../pic32c/lib/thumb/v7e-m+dp/hard\libc_nano.a(lib_a-memset.o)
 .ARM.attributes
                0x00000594       0x32 e:/complier-new/bin/bin/../../lib/gcc/pic32c/8.3.1/../../../../pic32c/lib/thumb/v7e-m+dp/hard\libc_nano.a(lib_a-nano-freer.o)
 .ARM.attributes
                0x000005c6       0x32 e:/complier-new/bin/bin/../../lib/gcc/pic32c/8.3.1/../../../../pic32c/lib/thumb/v7e-m+dp/hard\libc_nano.a(lib_a-nano-mallocr.o)
 .ARM.attributes
                0x000005f8       0x32 e:/complier-new/bin/bin/../../lib/gcc/pic32c/8.3.1/../../../../pic32c/lib/thumb/v7e-m+dp/hard\libc_nano.a(lib_a-sbrkr.o)
 .ARM.attributes
                0x0000062a       0x32 e:/complier-new/bin/bin/../../lib/gcc/pic32c/8.3.1/../../../../pic32c/lib/thumb/v7e-m+dp/hard\libc_nano.a(lib_a-stdio.o)
 .ARM.attributes
                0x0000065c       0x32 e:/complier-new/bin/bin/../../lib/gcc/pic32c/8.3.1/../../../../pic32c/lib/thumb/v7e-m+dp/hard\libc_nano.a(lib_a-writer.o)
 .ARM.attributes
                0x0000068e       0x32 e:/complier-new/bin/bin/../../lib/gcc/pic32c/8.3.1/../../../../pic32c/lib/thumb/v7e-m+dp/hard\libc_nano.a(lib_a-closer.o)
 .ARM.attributes
                0x000006c0       0x32 e:/complier-new/bin/bin/../../lib/gcc/pic32c/8.3.1/../../../../pic32c/lib/thumb/v7e-m+dp/hard\libc_nano.a(lib_a-fstatr.o)
 .ARM.attributes
                0x000006f2       0x32 e:/complier-new/bin/bin/../../lib/gcc/pic32c/8.3.1/../../../../pic32c/lib/thumb/v7e-m+dp/hard\libc_nano.a(lib_a-lseekr.o)
 .ARM.attributes
                0x00000724       0x32 e:/complier-new/bin/bin/../../lib/gcc/pic32c/8.3.1/../../../../pic32c/lib/thumb/v7e-m+dp/hard\libc_nano.a(lib_a-mlock.o)
 .ARM.attributes
                0x00000756       0x32 e:/complier-new/bin/bin/../../lib/gcc/pic32c/8.3.1/../../../../pic32c/lib/thumb/v7e-m+dp/hard\libc_nano.a(lib_a-readr.o)
 .ARM.attributes
                0x00000788       0x32 e:/complier-new/bin/bin/../../lib/gcc/pic32c/8.3.1/../../../../pic32c/lib/thumb/v7e-m+dp/hard\libc_nano.a(lib_a-reent.o)
 .ARM.attributes
                0x000007ba       0x32 e:/complier-new/bin/bin/../../lib/gcc/pic32c/8.3.1/../../../../pic32c/lib/thumb/v7e-m+dp/hard\libpic32c.a(_close.o)
 .ARM.attributes
                0x000007ec       0x32 e:/complier-new/bin/bin/../../lib/gcc/pic32c/8.3.1/../../../../pic32c/lib/thumb/v7e-m+dp/hard\libpic32c.a(_fstat.o)
 .ARM.attributes
                0x0000081e       0x32 e:/complier-new/bin/bin/../../lib/gcc/pic32c/8.3.1/../../../../pic32c/lib/thumb/v7e-m+dp/hard\libpic32c.a(_lseek.o)
 .ARM.attributes
                0x00000850       0x32 e:/complier-new/bin/bin/../../lib/gcc/pic32c/8.3.1/../../../../pic32c/lib/thumb/v7e-m+dp/hard\libpic32c.a(_read.o)
 .ARM.attributes
                0x00000882       0x32 e:/complier-new/bin/bin/../../lib/gcc/pic32c/8.3.1/../../../../pic32c/lib/thumb/v7e-m+dp/hard\libpic32c.a(sbrk.o)
 .ARM.attributes
                0x000008b4       0x32 e:/complier-new/bin/bin/../../lib/gcc/pic32c/8.3.1/../../../../pic32c/lib/thumb/v7e-m+dp/hard\libpic32c.a(_write.o)
 .ARM.attributes
                0x000008e6       0x32 e:/complier-new/bin/bin/../../lib/gcc/pic32c/8.3.1/../../../../pic32c/lib/thumb/v7e-m+dp/hard\libpic32c.a(close.o)
 .ARM.attributes
                0x00000918       0x32 e:/complier-new/bin/bin/../../lib/gcc/pic32c/8.3.1/../../../../pic32c/lib/thumb/v7e-m+dp/hard\libpic32c.a(fstat.o)
 .ARM.attributes
                0x0000094a       0x32 e:/complier-new/bin/bin/../../lib/gcc/pic32c/8.3.1/../../../../pic32c/lib/thumb/v7e-m+dp/hard\libpic32c.a(lseek.o)
 .ARM.attributes
                0x0000097c       0x1e e:/complier-new/bin/bin/../../lib/gcc/pic32c/8.3.1/thumb/v7e-m+dp/hard/crtn.o

.comment        0x00000000       0x53
 .comment       0x00000000       0x53 e:/complier-new/bin/bin/../../lib/gcc/pic32c/8.3.1/thumb/v7e-m+dp/hard/crtbegin.o
                                 0x54 (size before relaxing)
 .comment       0x00000053       0x54 build/default/production/_ext/60165520/plib_clk.o
 .comment       0x00000053       0x54 build/default/production/_ext/60167248/plib_efc.o
 .comment       0x00000053       0x54 build/default/production/_ext/1865468468/plib_nvic.o
 .comment       0x00000053       0x54 build/default/production/_ext/60177924/plib_pio.o
 .comment       0x00000053       0x54 build/default/production/_ext/1827571544/plib_systick.o
 .comment       0x00000053       0x54 build/default/production/_ext/829342655/plib_tc0.o
 .comment       0x00000053       0x54 build/default/production/_ext/829342655/plib_tc3.o
 .comment       0x00000053       0x54 build/default/production/_ext/2001315827/plib_usart1.o
 .comment       0x00000053       0x54 build/default/production/_ext/2001315827/plib_usart2.o
 .comment       0x00000053       0x54 build/default/production/_ext/163028504/xc32_monitor.o
 .comment       0x00000053       0x54 build/default/production/_ext/1171490990/initialization.o
 .comment       0x00000053       0x54 build/default/production/_ext/1171490990/interrupts.o
 .comment       0x00000053       0x54 build/default/production/_ext/1171490990/exceptions.o
 .comment       0x00000053       0x54 build/default/production/_ext/1171490990/startup_xc32.o
 .comment       0x00000053       0x54 build/default/production/_ext/1360937237/main.o
 .comment       0x00000053       0x54 build/default/production/_ext/1360937237/decode_ibus.o
 .comment       0x00000053       0x54 e:/complier-new/bin/bin/../../lib/gcc/pic32c/8.3.1/../../../../pic32c/lib/thumb/v7e-m+dp/hard\libpic32c.a(data_init.o)
 .comment       0x00000053       0x54 e:/complier-new/bin/bin/../../lib/gcc/pic32c/8.3.1/../../../../pic32c/lib/thumb/v7e-m+dp/hard\libc_nano.a(lib_a-impure.o)
 .comment       0x00000053       0x54 e:/complier-new/bin/bin/../../lib/gcc/pic32c/8.3.1/../../../../pic32c/lib/thumb/v7e-m+dp/hard\libc_nano.a(lib_a-init.o)
 .comment       0x00000053       0x54 e:/complier-new/bin/bin/../../lib/gcc/pic32c/8.3.1/../../../../pic32c/lib/thumb/v7e-m+dp/hard\libc_nano.a(lib_a-setbuf.o)
 .comment       0x00000053       0x54 e:/complier-new/bin/bin/../../lib/gcc/pic32c/8.3.1/../../../../pic32c/lib/thumb/v7e-m+dp/hard\libc_nano.a(lib_a-setvbuf.o)
 .comment       0x00000053       0x54 e:/complier-new/bin/bin/../../lib/gcc/pic32c/8.3.1/../../../../pic32c/lib/thumb/v7e-m+dp/hard\libc_nano.a(lib_a-fflush.o)
 .comment       0x00000053       0x54 e:/complier-new/bin/bin/../../lib/gcc/pic32c/8.3.1/../../../../pic32c/lib/thumb/v7e-m+dp/hard\libc_nano.a(lib_a-findfp.o)
 .comment       0x00000053       0x54 e:/complier-new/bin/bin/../../lib/gcc/pic32c/8.3.1/../../../../pic32c/lib/thumb/v7e-m+dp/hard\libc_nano.a(lib_a-fwalk.o)
 .comment       0x00000053       0x54 e:/complier-new/bin/bin/../../lib/gcc/pic32c/8.3.1/../../../../pic32c/lib/thumb/v7e-m+dp/hard\libc_nano.a(lib_a-makebuf.o)
 .comment       0x00000053       0x54 e:/complier-new/bin/bin/../../lib/gcc/pic32c/8.3.1/../../../../pic32c/lib/thumb/v7e-m+dp/hard\libc_nano.a(lib_a-malloc.o)
 .comment       0x00000053       0x54 e:/complier-new/bin/bin/../../lib/gcc/pic32c/8.3.1/../../../../pic32c/lib/thumb/v7e-m+dp/hard\libc_nano.a(lib_a-memset.o)
 .comment       0x00000053       0x54 e:/complier-new/bin/bin/../../lib/gcc/pic32c/8.3.1/../../../../pic32c/lib/thumb/v7e-m+dp/hard\libc_nano.a(lib_a-nano-freer.o)
 .comment       0x00000053       0x54 e:/complier-new/bin/bin/../../lib/gcc/pic32c/8.3.1/../../../../pic32c/lib/thumb/v7e-m+dp/hard\libc_nano.a(lib_a-nano-mallocr.o)
 .comment       0x00000053       0x54 e:/complier-new/bin/bin/../../lib/gcc/pic32c/8.3.1/../../../../pic32c/lib/thumb/v7e-m+dp/hard\libc_nano.a(lib_a-sbrkr.o)
 .comment       0x00000053       0x54 e:/complier-new/bin/bin/../../lib/gcc/pic32c/8.3.1/../../../../pic32c/lib/thumb/v7e-m+dp/hard\libc_nano.a(lib_a-stdio.o)
 .comment       0x00000053       0x54 e:/complier-new/bin/bin/../../lib/gcc/pic32c/8.3.1/../../../../pic32c/lib/thumb/v7e-m+dp/hard\libc_nano.a(lib_a-writer.o)
 .comment       0x00000053       0x54 e:/complier-new/bin/bin/../../lib/gcc/pic32c/8.3.1/../../../../pic32c/lib/thumb/v7e-m+dp/hard\libc_nano.a(lib_a-closer.o)
 .comment       0x00000053       0x54 e:/complier-new/bin/bin/../../lib/gcc/pic32c/8.3.1/../../../../pic32c/lib/thumb/v7e-m+dp/hard\libc_nano.a(lib_a-fstatr.o)
 .comment       0x00000053       0x54 e:/complier-new/bin/bin/../../lib/gcc/pic32c/8.3.1/../../../../pic32c/lib/thumb/v7e-m+dp/hard\libc_nano.a(lib_a-lseekr.o)
 .comment       0x00000053       0x54 e:/complier-new/bin/bin/../../lib/gcc/pic32c/8.3.1/../../../../pic32c/lib/thumb/v7e-m+dp/hard\libc_nano.a(lib_a-mlock.o)
 .comment       0x00000053       0x54 e:/complier-new/bin/bin/../../lib/gcc/pic32c/8.3.1/../../../../pic32c/lib/thumb/v7e-m+dp/hard\libc_nano.a(lib_a-readr.o)
 .comment       0x00000053       0x54 e:/complier-new/bin/bin/../../lib/gcc/pic32c/8.3.1/../../../../pic32c/lib/thumb/v7e-m+dp/hard\libc_nano.a(lib_a-reent.o)
 .comment       0x00000053       0x54 e:/complier-new/bin/bin/../../lib/gcc/pic32c/8.3.1/../../../../pic32c/lib/thumb/v7e-m+dp/hard\libpic32c.a(_close.o)
 .comment       0x00000053       0x54 e:/complier-new/bin/bin/../../lib/gcc/pic32c/8.3.1/../../../../pic32c/lib/thumb/v7e-m+dp/hard\libpic32c.a(_fstat.o)
 .comment       0x00000053       0x54 e:/complier-new/bin/bin/../../lib/gcc/pic32c/8.3.1/../../../../pic32c/lib/thumb/v7e-m+dp/hard\libpic32c.a(_lseek.o)
 .comment       0x00000053       0x54 e:/complier-new/bin/bin/../../lib/gcc/pic32c/8.3.1/../../../../pic32c/lib/thumb/v7e-m+dp/hard\libpic32c.a(_read.o)
 .comment       0x00000053       0x54 e:/complier-new/bin/bin/../../lib/gcc/pic32c/8.3.1/../../../../pic32c/lib/thumb/v7e-m+dp/hard\libpic32c.a(sbrk.o)
 .comment       0x00000053       0x54 e:/complier-new/bin/bin/../../lib/gcc/pic32c/8.3.1/../../../../pic32c/lib/thumb/v7e-m+dp/hard\libpic32c.a(_write.o)
 .comment       0x00000053       0x54 e:/complier-new/bin/bin/../../lib/gcc/pic32c/8.3.1/../../../../pic32c/lib/thumb/v7e-m+dp/hard\libpic32c.a(close.o)
 .comment       0x00000053       0x54 e:/complier-new/bin/bin/../../lib/gcc/pic32c/8.3.1/../../../../pic32c/lib/thumb/v7e-m+dp/hard\libpic32c.a(fstat.o)
 .comment       0x00000053       0x54 e:/complier-new/bin/bin/../../lib/gcc/pic32c/8.3.1/../../../../pic32c/lib/thumb/v7e-m+dp/hard\libpic32c.a(lseek.o)

.debug_info     0x00000000     0xfe78
 .debug_info    0x00000000      0x8d5 build/default/production/_ext/60165520/plib_clk.o
 .debug_info    0x000008d5     0x1531 build/default/production/_ext/60167248/plib_efc.o
 .debug_info    0x00001e06     0x11c1 build/default/production/_ext/1865468468/plib_nvic.o
 .debug_info    0x00002fc7      0xf46 build/default/production/_ext/60177924/plib_pio.o
 .debug_info    0x00003f0d      0x709 build/default/production/_ext/1827571544/plib_systick.o
 .debug_info    0x00004616      0x77f build/default/production/_ext/829342655/plib_tc0.o
 .debug_info    0x00004d95      0x77f build/default/production/_ext/829342655/plib_tc3.o
 .debug_info    0x00005514      0xdc6 build/default/production/_ext/2001315827/plib_usart1.o
 .debug_info    0x000062da     0x10b4 build/default/production/_ext/2001315827/plib_usart2.o
 .debug_info    0x0000738e     0x1057 build/default/production/_ext/163028504/xc32_monitor.o
 .debug_info    0x000083e5     0x114e build/default/production/_ext/1171490990/initialization.o
 .debug_info    0x00009533     0x19e9 build/default/production/_ext/1171490990/interrupts.o
 .debug_info    0x0000af1c      0xfdc build/default/production/_ext/1171490990/exceptions.o
 .debug_info    0x0000bef8      0xe05 build/default/production/_ext/1171490990/startup_xc32.o
 .debug_info    0x0000ccfd     0x1268 build/default/production/_ext/1360937237/main.o
 .debug_info    0x0000df65      0x3cf build/default/production/_ext/1360937237/decode_ibus.o
 .debug_info    0x0000e334      0x2d3 e:/complier-new/bin/bin/../../lib/gcc/pic32c/8.3.1/../../../../pic32c/lib/thumb/v7e-m+dp/hard\libpic32c.a(data_init.o)
 .debug_info    0x0000e607      0x2b8 e:/complier-new/bin/bin/../../lib/gcc/pic32c/8.3.1/../../../../pic32c/lib/thumb/v7e-m+dp/hard\libpic32c.a(_close.o)
 .debug_info    0x0000e8bf      0x2b8 e:/complier-new/bin/bin/../../lib/gcc/pic32c/8.3.1/../../../../pic32c/lib/thumb/v7e-m+dp/hard\libpic32c.a(_fstat.o)
 .debug_info    0x0000eb77      0x2b8 e:/complier-new/bin/bin/../../lib/gcc/pic32c/8.3.1/../../../../pic32c/lib/thumb/v7e-m+dp/hard\libpic32c.a(_lseek.o)
 .debug_info    0x0000ee2f      0x2b6 e:/complier-new/bin/bin/../../lib/gcc/pic32c/8.3.1/../../../../pic32c/lib/thumb/v7e-m+dp/hard\libpic32c.a(_read.o)
 .debug_info    0x0000f0e5      0x2b6 e:/complier-new/bin/bin/../../lib/gcc/pic32c/8.3.1/../../../../pic32c/lib/thumb/v7e-m+dp/hard\libpic32c.a(sbrk.o)
 .debug_info    0x0000f39b      0x2b8 e:/complier-new/bin/bin/../../lib/gcc/pic32c/8.3.1/../../../../pic32c/lib/thumb/v7e-m+dp/hard\libpic32c.a(_write.o)
 .debug_info    0x0000f653      0x2b7 e:/complier-new/bin/bin/../../lib/gcc/pic32c/8.3.1/../../../../pic32c/lib/thumb/v7e-m+dp/hard\libpic32c.a(close.o)
 .debug_info    0x0000f90a      0x2b7 e:/complier-new/bin/bin/../../lib/gcc/pic32c/8.3.1/../../../../pic32c/lib/thumb/v7e-m+dp/hard\libpic32c.a(fstat.o)
 .debug_info    0x0000fbc1      0x2b7 e:/complier-new/bin/bin/../../lib/gcc/pic32c/8.3.1/../../../../pic32c/lib/thumb/v7e-m+dp/hard\libpic32c.a(lseek.o)

.debug_abbrev   0x00000000     0x1db8
 .debug_abbrev  0x00000000       0xd5 build/default/production/_ext/60165520/plib_clk.o
 .debug_abbrev  0x000000d5      0x2e9 build/default/production/_ext/60167248/plib_efc.o
 .debug_abbrev  0x000003be      0x1f7 build/default/production/_ext/1865468468/plib_nvic.o
 .debug_abbrev  0x000005b5      0x180 build/default/production/_ext/60177924/plib_pio.o
 .debug_abbrev  0x00000735      0x12a build/default/production/_ext/1827571544/plib_systick.o
 .debug_abbrev  0x0000085f       0xd9 build/default/production/_ext/829342655/plib_tc0.o
 .debug_abbrev  0x00000938       0xd9 build/default/production/_ext/829342655/plib_tc3.o
 .debug_abbrev  0x00000a11      0x1ec build/default/production/_ext/2001315827/plib_usart1.o
 .debug_abbrev  0x00000bfd      0x31f build/default/production/_ext/2001315827/plib_usart2.o
 .debug_abbrev  0x00000f1c      0x211 build/default/production/_ext/163028504/xc32_monitor.o
 .debug_abbrev  0x0000112d      0x23f build/default/production/_ext/1171490990/initialization.o
 .debug_abbrev  0x0000136c      0x1cc build/default/production/_ext/1171490990/interrupts.o
 .debug_abbrev  0x00001538      0x1ac build/default/production/_ext/1171490990/exceptions.o
 .debug_abbrev  0x000016e4      0x223 build/default/production/_ext/1171490990/startup_xc32.o
 .debug_abbrev  0x00001907      0x270 build/default/production/_ext/1360937237/main.o
 .debug_abbrev  0x00001b77       0x84 build/default/production/_ext/1360937237/decode_ibus.o
 .debug_abbrev  0x00001bfb       0x2e e:/complier-new/bin/bin/../../lib/gcc/pic32c/8.3.1/../../../../pic32c/lib/thumb/v7e-m+dp/hard\libpic32c.a(data_init.o)
 .debug_abbrev  0x00001c29       0x2b e:/complier-new/bin/bin/../../lib/gcc/pic32c/8.3.1/../../../../pic32c/lib/thumb/v7e-m+dp/hard\libpic32c.a(_close.o)
 .debug_abbrev  0x00001c54       0x2b e:/complier-new/bin/bin/../../lib/gcc/pic32c/8.3.1/../../../../pic32c/lib/thumb/v7e-m+dp/hard\libpic32c.a(_fstat.o)
 .debug_abbrev  0x00001c7f       0x2b e:/complier-new/bin/bin/../../lib/gcc/pic32c/8.3.1/../../../../pic32c/lib/thumb/v7e-m+dp/hard\libpic32c.a(_lseek.o)
 .debug_abbrev  0x00001caa       0x2b e:/complier-new/bin/bin/../../lib/gcc/pic32c/8.3.1/../../../../pic32c/lib/thumb/v7e-m+dp/hard\libpic32c.a(_read.o)
 .debug_abbrev  0x00001cd5       0x2e e:/complier-new/bin/bin/../../lib/gcc/pic32c/8.3.1/../../../../pic32c/lib/thumb/v7e-m+dp/hard\libpic32c.a(sbrk.o)
 .debug_abbrev  0x00001d03       0x2b e:/complier-new/bin/bin/../../lib/gcc/pic32c/8.3.1/../../../../pic32c/lib/thumb/v7e-m+dp/hard\libpic32c.a(_write.o)
 .debug_abbrev  0x00001d2e       0x2e e:/complier-new/bin/bin/../../lib/gcc/pic32c/8.3.1/../../../../pic32c/lib/thumb/v7e-m+dp/hard\libpic32c.a(close.o)
 .debug_abbrev  0x00001d5c       0x2e e:/complier-new/bin/bin/../../lib/gcc/pic32c/8.3.1/../../../../pic32c/lib/thumb/v7e-m+dp/hard\libpic32c.a(fstat.o)
 .debug_abbrev  0x00001d8a       0x2e e:/complier-new/bin/bin/../../lib/gcc/pic32c/8.3.1/../../../../pic32c/lib/thumb/v7e-m+dp/hard\libpic32c.a(lseek.o)

.debug_aranges  0x00000000      0x598
 .debug_aranges
                0x00000000       0x20 build/default/production/_ext/60165520/plib_clk.o
 .debug_aranges
                0x00000020       0x70 build/default/production/_ext/60167248/plib_efc.o
 .debug_aranges
                0x00000090       0x38 build/default/production/_ext/1865468468/plib_nvic.o
 .debug_aranges
                0x000000c8       0x60 build/default/production/_ext/60177924/plib_pio.o
 .debug_aranges
                0x00000128       0x70 build/default/production/_ext/1827571544/plib_systick.o
 .debug_aranges
                0x00000198       0x50 build/default/production/_ext/829342655/plib_tc0.o
 .debug_aranges
                0x000001e8       0x50 build/default/production/_ext/829342655/plib_tc3.o
 .debug_aranges
                0x00000238       0x70 build/default/production/_ext/2001315827/plib_usart1.o
 .debug_aranges
                0x000002a8       0x90 build/default/production/_ext/2001315827/plib_usart2.o
 .debug_aranges
                0x00000338       0x28 build/default/production/_ext/163028504/xc32_monitor.o
 .debug_aranges
                0x00000360       0x20 build/default/production/_ext/1171490990/initialization.o
 .debug_aranges
                0x00000380       0x20 build/default/production/_ext/1171490990/interrupts.o
 .debug_aranges
                0x000003a0       0x48 build/default/production/_ext/1171490990/exceptions.o
 .debug_aranges
                0x000003e8       0x28 build/default/production/_ext/1171490990/startup_xc32.o
 .debug_aranges
                0x00000410       0x28 build/default/production/_ext/1360937237/main.o
 .debug_aranges
                0x00000438       0x20 build/default/production/_ext/1360937237/decode_ibus.o
 .debug_aranges
                0x00000458       0x20 e:/complier-new/bin/bin/../../lib/gcc/pic32c/8.3.1/../../../../pic32c/lib/thumb/v7e-m+dp/hard\libpic32c.a(data_init.o)
 .debug_aranges
                0x00000478       0x20 e:/complier-new/bin/bin/../../lib/gcc/pic32c/8.3.1/../../../../pic32c/lib/thumb/v7e-m+dp/hard\libpic32c.a(_close.o)
 .debug_aranges
                0x00000498       0x20 e:/complier-new/bin/bin/../../lib/gcc/pic32c/8.3.1/../../../../pic32c/lib/thumb/v7e-m+dp/hard\libpic32c.a(_fstat.o)
 .debug_aranges
                0x000004b8       0x20 e:/complier-new/bin/bin/../../lib/gcc/pic32c/8.3.1/../../../../pic32c/lib/thumb/v7e-m+dp/hard\libpic32c.a(_lseek.o)
 .debug_aranges
                0x000004d8       0x20 e:/complier-new/bin/bin/../../lib/gcc/pic32c/8.3.1/../../../../pic32c/lib/thumb/v7e-m+dp/hard\libpic32c.a(_read.o)
 .debug_aranges
                0x000004f8       0x20 e:/complier-new/bin/bin/../../lib/gcc/pic32c/8.3.1/../../../../pic32c/lib/thumb/v7e-m+dp/hard\libpic32c.a(sbrk.o)
 .debug_aranges
                0x00000518       0x20 e:/complier-new/bin/bin/../../lib/gcc/pic32c/8.3.1/../../../../pic32c/lib/thumb/v7e-m+dp/hard\libpic32c.a(_write.o)
 .debug_aranges
                0x00000538       0x20 e:/complier-new/bin/bin/../../lib/gcc/pic32c/8.3.1/../../../../pic32c/lib/thumb/v7e-m+dp/hard\libpic32c.a(close.o)
 .debug_aranges
                0x00000558       0x20 e:/complier-new/bin/bin/../../lib/gcc/pic32c/8.3.1/../../../../pic32c/lib/thumb/v7e-m+dp/hard\libpic32c.a(fstat.o)
 .debug_aranges
                0x00000578       0x20 e:/complier-new/bin/bin/../../lib/gcc/pic32c/8.3.1/../../../../pic32c/lib/thumb/v7e-m+dp/hard\libpic32c.a(lseek.o)

.debug_ranges   0x00000000      0x440
 .debug_ranges  0x00000000       0x10 build/default/production/_ext/60165520/plib_clk.o
 .debug_ranges  0x00000010       0x90 build/default/production/_ext/60167248/plib_efc.o
 .debug_ranges  0x000000a0       0x28 build/default/production/_ext/1865468468/plib_nvic.o
 .debug_ranges  0x000000c8       0x50 build/default/production/_ext/60177924/plib_pio.o
 .debug_ranges  0x00000118       0x60 build/default/production/_ext/1827571544/plib_systick.o
 .debug_ranges  0x00000178       0x40 build/default/production/_ext/829342655/plib_tc0.o
 .debug_ranges  0x000001b8       0x40 build/default/production/_ext/829342655/plib_tc3.o
 .debug_ranges  0x000001f8       0x60 build/default/production/_ext/2001315827/plib_usart1.o
 .debug_ranges  0x00000258       0x80 build/default/production/_ext/2001315827/plib_usart2.o
 .debug_ranges  0x000002d8       0x18 build/default/production/_ext/163028504/xc32_monitor.o
 .debug_ranges  0x000002f0       0x10 build/default/production/_ext/1171490990/initialization.o
 .debug_ranges  0x00000300       0x10 build/default/production/_ext/1171490990/interrupts.o
 .debug_ranges  0x00000310       0x38 build/default/production/_ext/1171490990/exceptions.o
 .debug_ranges  0x00000348       0x18 build/default/production/_ext/1171490990/startup_xc32.o
 .debug_ranges  0x00000360       0x18 build/default/production/_ext/1360937237/main.o
 .debug_ranges  0x00000378       0x28 build/default/production/_ext/1360937237/decode_ibus.o
 .debug_ranges  0x000003a0       0x10 e:/complier-new/bin/bin/../../lib/gcc/pic32c/8.3.1/../../../../pic32c/lib/thumb/v7e-m+dp/hard\libpic32c.a(data_init.o)
 .debug_ranges  0x000003b0       0x10 e:/complier-new/bin/bin/../../lib/gcc/pic32c/8.3.1/../../../../pic32c/lib/thumb/v7e-m+dp/hard\libpic32c.a(_close.o)
 .debug_ranges  0x000003c0       0x10 e:/complier-new/bin/bin/../../lib/gcc/pic32c/8.3.1/../../../../pic32c/lib/thumb/v7e-m+dp/hard\libpic32c.a(_fstat.o)
 .debug_ranges  0x000003d0       0x10 e:/complier-new/bin/bin/../../lib/gcc/pic32c/8.3.1/../../../../pic32c/lib/thumb/v7e-m+dp/hard\libpic32c.a(_lseek.o)
 .debug_ranges  0x000003e0       0x10 e:/complier-new/bin/bin/../../lib/gcc/pic32c/8.3.1/../../../../pic32c/lib/thumb/v7e-m+dp/hard\libpic32c.a(_read.o)
 .debug_ranges  0x000003f0       0x10 e:/complier-new/bin/bin/../../lib/gcc/pic32c/8.3.1/../../../../pic32c/lib/thumb/v7e-m+dp/hard\libpic32c.a(sbrk.o)
 .debug_ranges  0x00000400       0x10 e:/complier-new/bin/bin/../../lib/gcc/pic32c/8.3.1/../../../../pic32c/lib/thumb/v7e-m+dp/hard\libpic32c.a(_write.o)
 .debug_ranges  0x00000410       0x10 e:/complier-new/bin/bin/../../lib/gcc/pic32c/8.3.1/../../../../pic32c/lib/thumb/v7e-m+dp/hard\libpic32c.a(close.o)
 .debug_ranges  0x00000420       0x10 e:/complier-new/bin/bin/../../lib/gcc/pic32c/8.3.1/../../../../pic32c/lib/thumb/v7e-m+dp/hard\libpic32c.a(fstat.o)
 .debug_ranges  0x00000430       0x10 e:/complier-new/bin/bin/../../lib/gcc/pic32c/8.3.1/../../../../pic32c/lib/thumb/v7e-m+dp/hard\libpic32c.a(lseek.o)

.debug_line     0x00000000     0x3808
 .debug_line    0x00000000      0x1d5 build/default/production/_ext/60165520/plib_clk.o
 .debug_line    0x000001d5      0x4a2 build/default/production/_ext/60167248/plib_efc.o
 .debug_line    0x00000677      0x2ed build/default/production/_ext/1865468468/plib_nvic.o
 .debug_line    0x00000964      0x3f5 build/default/production/_ext/60177924/plib_pio.o
 .debug_line    0x00000d59      0x32a build/default/production/_ext/1827571544/plib_systick.o
 .debug_line    0x00001083      0x1fb build/default/production/_ext/829342655/plib_tc0.o
 .debug_line    0x0000127e      0x1fb build/default/production/_ext/829342655/plib_tc3.o
 .debug_line    0x00001479      0x4a6 build/default/production/_ext/2001315827/plib_usart1.o
 .debug_line    0x0000191f      0x705 build/default/production/_ext/2001315827/plib_usart2.o
 .debug_line    0x00002024      0x1f4 build/default/production/_ext/163028504/xc32_monitor.o
 .debug_line    0x00002218      0x38b build/default/production/_ext/1171490990/initialization.o
 .debug_line    0x000025a3      0x166 build/default/production/_ext/1171490990/interrupts.o
 .debug_line    0x00002709      0x1bf build/default/production/_ext/1171490990/exceptions.o
 .debug_line    0x000028c8      0x459 build/default/production/_ext/1171490990/startup_xc32.o
 .debug_line    0x00002d21      0x2a1 build/default/production/_ext/1360937237/main.o
 .debug_line    0x00002fc2      0x125 build/default/production/_ext/1360937237/decode_ibus.o
 .debug_line    0x000030e7      0x110 e:/complier-new/bin/bin/../../lib/gcc/pic32c/8.3.1/../../../../pic32c/lib/thumb/v7e-m+dp/hard\libpic32c.a(data_init.o)
 .debug_line    0x000031f7       0x9f e:/complier-new/bin/bin/../../lib/gcc/pic32c/8.3.1/../../../../pic32c/lib/thumb/v7e-m+dp/hard\libpic32c.a(_close.o)
 .debug_line    0x00003296       0x9f e:/complier-new/bin/bin/../../lib/gcc/pic32c/8.3.1/../../../../pic32c/lib/thumb/v7e-m+dp/hard\libpic32c.a(_fstat.o)
 .debug_line    0x00003335       0x9f e:/complier-new/bin/bin/../../lib/gcc/pic32c/8.3.1/../../../../pic32c/lib/thumb/v7e-m+dp/hard\libpic32c.a(_lseek.o)
 .debug_line    0x000033d4       0x9e e:/complier-new/bin/bin/../../lib/gcc/pic32c/8.3.1/../../../../pic32c/lib/thumb/v7e-m+dp/hard\libpic32c.a(_read.o)
 .debug_line    0x00003472       0xb5 e:/complier-new/bin/bin/../../lib/gcc/pic32c/8.3.1/../../../../pic32c/lib/thumb/v7e-m+dp/hard\libpic32c.a(sbrk.o)
 .debug_line    0x00003527       0x9f e:/complier-new/bin/bin/../../lib/gcc/pic32c/8.3.1/../../../../pic32c/lib/thumb/v7e-m+dp/hard\libpic32c.a(_write.o)
 .debug_line    0x000035c6       0x9e e:/complier-new/bin/bin/../../lib/gcc/pic32c/8.3.1/../../../../pic32c/lib/thumb/v7e-m+dp/hard\libpic32c.a(close.o)
 .debug_line    0x00003664      0x106 e:/complier-new/bin/bin/../../lib/gcc/pic32c/8.3.1/../../../../pic32c/lib/thumb/v7e-m+dp/hard\libpic32c.a(fstat.o)
 .debug_line    0x0000376a       0x9e e:/complier-new/bin/bin/../../lib/gcc/pic32c/8.3.1/../../../../pic32c/lib/thumb/v7e-m+dp/hard\libpic32c.a(lseek.o)

.debug_str      0x00000000      0x2bf
 .debug_str     0x00000000        0x0 build/default/production/_ext/60165520/plib_clk.o
 .debug_str     0x00000000       0x22 build/default/production/_ext/60167248/plib_efc.o
 .debug_str     0x00000022       0x28 build/default/production/_ext/1865468468/plib_nvic.o
 .debug_str     0x0000004a       0x46 build/default/production/_ext/60177924/plib_pio.o
 .debug_str     0x00000090       0x3c build/default/production/_ext/1827571544/plib_systick.o
 .debug_str     0x000000cc        0xa build/default/production/_ext/829342655/plib_tc0.o
 .debug_str     0x000000d6        0xa build/default/production/_ext/829342655/plib_tc3.o
 .debug_str     0x000000e0       0x15 build/default/production/_ext/2001315827/plib_usart1.o
 .debug_str     0x000000f5       0x1c build/default/production/_ext/2001315827/plib_usart2.o
 .debug_str     0x00000111       0x27 build/default/production/_ext/163028504/xc32_monitor.o
 .debug_str     0x00000138       0xbd build/default/production/_ext/1171490990/initialization.o
 .debug_str     0x000001f5        0xe build/default/production/_ext/1171490990/interrupts.o
 .debug_str     0x00000203        0xe build/default/production/_ext/1171490990/exceptions.o
 .debug_str     0x00000211       0x2f build/default/production/_ext/1171490990/startup_xc32.o
 .debug_str     0x00000240       0x7f build/default/production/_ext/1360937237/main.o
 .debug_str     0x000002bf        0x0 build/default/production/_ext/1360937237/decode_ibus.o
 .debug_str     0x000002bf        0x0 e:/complier-new/bin/bin/../../lib/gcc/pic32c/8.3.1/../../../../pic32c/lib/thumb/v7e-m+dp/hard\libpic32c.a(data_init.o)
 .debug_str     0x000002bf        0x0 e:/complier-new/bin/bin/../../lib/gcc/pic32c/8.3.1/../../../../pic32c/lib/thumb/v7e-m+dp/hard\libpic32c.a(_close.o)
 .debug_str     0x000002bf        0x0 e:/complier-new/bin/bin/../../lib/gcc/pic32c/8.3.1/../../../../pic32c/lib/thumb/v7e-m+dp/hard\libpic32c.a(_fstat.o)
 .debug_str     0x000002bf        0x0 e:/complier-new/bin/bin/../../lib/gcc/pic32c/8.3.1/../../../../pic32c/lib/thumb/v7e-m+dp/hard\libpic32c.a(_lseek.o)
 .debug_str     0x000002bf        0x0 e:/complier-new/bin/bin/../../lib/gcc/pic32c/8.3.1/../../../../pic32c/lib/thumb/v7e-m+dp/hard\libpic32c.a(_read.o)
 .debug_str     0x000002bf        0x0 e:/complier-new/bin/bin/../../lib/gcc/pic32c/8.3.1/../../../../pic32c/lib/thumb/v7e-m+dp/hard\libpic32c.a(sbrk.o)
 .debug_str     0x000002bf        0x0 e:/complier-new/bin/bin/../../lib/gcc/pic32c/8.3.1/../../../../pic32c/lib/thumb/v7e-m+dp/hard\libpic32c.a(_write.o)
 .debug_str     0x000002bf        0x0 e:/complier-new/bin/bin/../../lib/gcc/pic32c/8.3.1/../../../../pic32c/lib/thumb/v7e-m+dp/hard\libpic32c.a(close.o)
 .debug_str     0x000002bf        0x0 e:/complier-new/bin/bin/../../lib/gcc/pic32c/8.3.1/../../../../pic32c/lib/thumb/v7e-m+dp/hard\libpic32c.a(fstat.o)
 .debug_str     0x000002bf        0x0 e:/complier-new/bin/bin/../../lib/gcc/pic32c/8.3.1/../../../../pic32c/lib/thumb/v7e-m+dp/hard\libpic32c.a(lseek.o)

.debug_frame    0x00000000      0x958
 .debug_frame   0x00000000       0x20 build/default/production/_ext/60165520/plib_clk.o
 .debug_frame   0x00000020       0xec build/default/production/_ext/60167248/plib_efc.o
 .debug_frame   0x0000010c       0x50 build/default/production/_ext/1865468468/plib_nvic.o
 .debug_frame   0x0000015c       0xa0 build/default/production/_ext/60177924/plib_pio.o
 .debug_frame   0x000001fc       0xe0 build/default/production/_ext/1827571544/plib_systick.o
 .debug_frame   0x000002dc       0x80 build/default/production/_ext/829342655/plib_tc0.o
 .debug_frame   0x0000035c       0x80 build/default/production/_ext/829342655/plib_tc3.o
 .debug_frame   0x000003dc      0x114 build/default/production/_ext/2001315827/plib_usart1.o
 .debug_frame   0x000004f0      0x15c build/default/production/_ext/2001315827/plib_usart2.o
 .debug_frame   0x0000064c       0x50 build/default/production/_ext/163028504/xc32_monitor.o
 .debug_frame   0x0000069c       0x28 build/default/production/_ext/1171490990/initialization.o
 .debug_frame   0x000006c4       0x20 build/default/production/_ext/1171490990/interrupts.o
 .debug_frame   0x000006e4       0x70 build/default/production/_ext/1171490990/exceptions.o
 .debug_frame   0x00000754       0x38 build/default/production/_ext/1171490990/startup_xc32.o
 .debug_frame   0x0000078c       0x44 build/default/production/_ext/1360937237/main.o
 .debug_frame   0x000007d0       0x30 build/default/production/_ext/1360937237/decode_ibus.o
 .debug_frame   0x00000800       0x38 e:/complier-new/bin/bin/../../lib/gcc/pic32c/8.3.1/../../../../pic32c/lib/thumb/v7e-m+dp/hard\libpic32c.a(data_init.o)
 .debug_frame   0x00000838       0x20 e:/complier-new/bin/bin/../../lib/gcc/pic32c/8.3.1/../../../../pic32c/lib/thumb/v7e-m+dp/hard\libpic32c.a(_close.o)
 .debug_frame   0x00000858       0x20 e:/complier-new/bin/bin/../../lib/gcc/pic32c/8.3.1/../../../../pic32c/lib/thumb/v7e-m+dp/hard\libpic32c.a(_fstat.o)
 .debug_frame   0x00000878       0x20 e:/complier-new/bin/bin/../../lib/gcc/pic32c/8.3.1/../../../../pic32c/lib/thumb/v7e-m+dp/hard\libpic32c.a(_lseek.o)
 .debug_frame   0x00000898       0x20 e:/complier-new/bin/bin/../../lib/gcc/pic32c/8.3.1/../../../../pic32c/lib/thumb/v7e-m+dp/hard\libpic32c.a(_read.o)
 .debug_frame   0x000008b8       0x20 e:/complier-new/bin/bin/../../lib/gcc/pic32c/8.3.1/../../../../pic32c/lib/thumb/v7e-m+dp/hard\libpic32c.a(sbrk.o)
 .debug_frame   0x000008d8       0x20 e:/complier-new/bin/bin/../../lib/gcc/pic32c/8.3.1/../../../../pic32c/lib/thumb/v7e-m+dp/hard\libpic32c.a(_write.o)
 .debug_frame   0x000008f8       0x20 e:/complier-new/bin/bin/../../lib/gcc/pic32c/8.3.1/../../../../pic32c/lib/thumb/v7e-m+dp/hard\libpic32c.a(close.o)
 .debug_frame   0x00000918       0x20 e:/complier-new/bin/bin/../../lib/gcc/pic32c/8.3.1/../../../../pic32c/lib/thumb/v7e-m+dp/hard\libpic32c.a(fstat.o)
 .debug_frame   0x00000938       0x20 e:/complier-new/bin/bin/../../lib/gcc/pic32c/8.3.1/../../../../pic32c/lib/thumb/v7e-m+dp/hard\libpic32c.a(lseek.o)

.debug_loc      0x00000000     0x1ca9
 .debug_loc     0x00000000      0x51b build/default/production/_ext/60167248/plib_efc.o
 .debug_loc     0x0000051b       0xb5 build/default/production/_ext/1865468468/plib_nvic.o
 .debug_loc     0x000005d0       0x94 build/default/production/_ext/60177924/plib_pio.o
 .debug_loc     0x00000664      0x2fe build/default/production/_ext/1827571544/plib_systick.o
 .debug_loc     0x00000962      0x6f7 build/default/production/_ext/2001315827/plib_usart1.o
 .debug_loc     0x00001059      0x62c build/default/production/_ext/2001315827/plib_usart2.o
 .debug_loc     0x00001685      0x1ac build/default/production/_ext/163028504/xc32_monitor.o
 .debug_loc     0x00001831       0x45 build/default/production/_ext/1171490990/initialization.o
 .debug_loc     0x00001876       0xa7 build/default/production/_ext/1171490990/startup_xc32.o
 .debug_loc     0x0000191d      0x1fb build/default/production/_ext/1360937237/main.o
 .debug_loc     0x00001b18      0x17d build/default/production/_ext/1360937237/decode_ibus.o
 .debug_loc     0x00001c95       0x14 e:/complier-new/bin/bin/../../lib/gcc/pic32c/8.3.1/../../../../pic32c/lib/thumb/v7e-m+dp/hard\libpic32c.a(data_init.o)

.stack          0x20400400      0x100
 .stack         0x20400400      0x100 stack

.data.impure_data%1
                0x204000ec       0x60
 .data.impure_data
                0x204000ec       0x60 e:/complier-new/bin/bin/../../lib/gcc/pic32c/8.3.1/../../../../pic32c/lib/thumb/v7e-m+dp/hard\libc_nano.a(lib_a-impure.o)

.bss.__sf_fake_stderr%2
                0x2040014c       0x20
 .bss.__sf_fake_stderr
                0x2040014c       0x20 e:/complier-new/bin/bin/../../lib/gcc/pic32c/8.3.1/../../../../pic32c/lib/thumb/v7e-m+dp/hard\libc_nano.a(lib_a-findfp.o)
                0x2040014c                __sf_fake_stderr

.bss.__sf_fake_stdin%3
                0x2040016c       0x20
 .bss.__sf_fake_stdin
                0x2040016c       0x20 e:/complier-new/bin/bin/../../lib/gcc/pic32c/8.3.1/../../../../pic32c/lib/thumb/v7e-m+dp/hard\libc_nano.a(lib_a-findfp.o)
                0x2040016c                __sf_fake_stdin

.bss.__sf_fake_stdout%4
                0x2040018c       0x20
 .bss.__sf_fake_stdout
                0x2040018c       0x20 e:/complier-new/bin/bin/../../lib/gcc/pic32c/8.3.1/../../../../pic32c/lib/thumb/v7e-m+dp/hard\libc_nano.a(lib_a-findfp.o)
                0x2040018c                __sf_fake_stdout

.bss%5          0x204001ac       0x1c
 .bss           0x204001ac       0x1c e:/complier-new/bin/bin/../../lib/gcc/pic32c/8.3.1/thumb/v7e-m+dp/hard/crtbegin.o

.bss.cmd.7919%6
                0x204001c8        0x4
 .bss.cmd.7919  0x204001c8        0x4 build/default/production/_ext/1171490990/startup_xc32.o

.bss%7          0x204001cc        0x4
 .bss           0x204001cc        0x4 e:/complier-new/bin/bin/../../lib/gcc/pic32c/8.3.1/../../../../pic32c/lib/thumb/v7e-m+dp/hard\libpic32c.a(data_init.o)

.data._impure_ptr%8
                0x204001d0        0x4
 .data._impure_ptr
                0x204001d0        0x4 e:/complier-new/bin/bin/../../lib/gcc/pic32c/8.3.1/../../../../pic32c/lib/thumb/v7e-m+dp/hard\libc_nano.a(lib_a-impure.o)
                0x204001d0                _impure_ptr

.bss.__malloc_free_list%9
                0x204001d4        0x4
 .bss.__malloc_free_list
                0x204001d4        0x4 e:/complier-new/bin/bin/../../lib/gcc/pic32c/8.3.1/../../../../pic32c/lib/thumb/v7e-m+dp/hard\libc_nano.a(lib_a-nano-mallocr.o)
                0x204001d4                __malloc_free_list

.bss.__malloc_sbrk_start%10
                0x204001d8        0x4
 .bss.__malloc_sbrk_start
                0x204001d8        0x4 e:/complier-new/bin/bin/../../lib/gcc/pic32c/8.3.1/../../../../pic32c/lib/thumb/v7e-m+dp/hard\libc_nano.a(lib_a-nano-mallocr.o)
                0x204001d8                __malloc_sbrk_start

.bss%11         0x204001dc        0x4
 .bss           0x204001dc        0x4 e:/complier-new/bin/bin/../../lib/gcc/pic32c/8.3.1/../../../../pic32c/lib/thumb/v7e-m+dp/hard\libpic32c.a(sbrk.o)

.eh_frame%z1    0x00000000        0x0
 .eh_frame      0x00000000        0x0 e:/complier-new/bin/bin/../../lib/gcc/pic32c/8.3.1/thumb/v7e-m+dp/hard/crtbegin.o

.config_D0000000%12
                0xd0000000        0x4
 .config_D0000000
                0xd0000000        0x4 build/default/production/_ext/1171490990/initialization.o
                0xd0000000                __config_D0000000

.text.Reset_Handler%13
                0x00400188      0x178
 .text.Reset_Handler
                0x00400188      0x178 build/default/production/_ext/1171490990/startup_xc32.o
                0x00400188                Reset_Handler

.text.setvbuf%14
                0x00400300      0x158
 .text.setvbuf  0x00400300      0x158 e:/complier-new/bin/bin/../../lib/gcc/pic32c/8.3.1/../../../../pic32c/lib/thumb/v7e-m+dp/hard\libc_nano.a(lib_a-setvbuf.o)
                0x00400300                setvbuf

.text.USART2_InterruptHandler%15
                0x00400458      0x12c
 .text.USART2_InterruptHandler
                0x00400458      0x12c build/default/production/_ext/2001315827/plib_usart2.o
                0x00400458                USART2_InterruptHandler

.dinit%16       0x00400584      0x120
 .dinit         0x00400584      0x120 data_init

.text.__sflush_r%17
                0x004006a4      0x10c
 .text.__sflush_r
                0x004006a4      0x10c e:/complier-new/bin/bin/../../lib/gcc/pic32c/8.3.1/../../../../pic32c/lib/thumb/v7e-m+dp/hard\libc_nano.a(lib_a-fflush.o)
                0x004006a4                __sflush_r

.text.PIO_Initialize%18
                0x004007b0       0xe4
 .text.PIO_Initialize
                0x004007b0       0xe4 build/default/production/_ext/60177924/plib_pio.o
                0x004007b0                PIO_Initialize

.text._malloc_r%19
                0x00400894       0xb4
 .text._malloc_r
                0x00400894       0xb4 e:/complier-new/bin/bin/../../lib/gcc/pic32c/8.3.1/../../../../pic32c/lib/thumb/v7e-m+dp/hard\libc_nano.a(lib_a-nano-mallocr.o)
                0x00400894                _malloc_r

.text._free_r%20
                0x00400948       0x9c
 .text._free_r  0x00400948       0x9c e:/complier-new/bin/bin/../../lib/gcc/pic32c/8.3.1/../../../../pic32c/lib/thumb/v7e-m+dp/hard\libc_nano.a(lib_a-nano-freer.o)
                0x00400948                _free_r

.text.main%21   0x004009e4       0x94
 .text.main     0x004009e4       0x94 build/default/production/_ext/1360937237/main.o
                0x004009e4                main

.text.__pic32c_data_initialization%22
                0x00400a78       0x88
 .text.__pic32c_data_initialization
                0x00400a78       0x88 e:/complier-new/bin/bin/../../lib/gcc/pic32c/8.3.1/../../../../pic32c/lib/thumb/v7e-m+dp/hard\libpic32c.a(data_init.o)
                0x00400a78                __pic32c_data_initialization

.text.__sfp%23  0x00400b00       0x78
 .text.__sfp    0x00400b00       0x78 e:/complier-new/bin/bin/../../lib/gcc/pic32c/8.3.1/../../../../pic32c/lib/thumb/v7e-m+dp/hard\libc_nano.a(lib_a-findfp.o)
                0x00400b00                __sfp

.text.CLOCK_Initialize%24
                0x00400b78       0x70
 .text.CLOCK_Initialize
                0x00400b78       0x70 build/default/production/_ext/60165520/plib_clk.o
                0x00400b78                CLOCK_Initialize

.text.__sinit%25
                0x00400be8       0x60
 .text.__sinit  0x00400be8       0x60 e:/complier-new/bin/bin/../../lib/gcc/pic32c/8.3.1/../../../../pic32c/lib/thumb/v7e-m+dp/hard\libc_nano.a(lib_a-findfp.o)
                0x00400be8                __sinit

.text.USART1_Read%26
                0x00400c48       0x58
 .text.USART1_Read
                0x00400c48       0x58 build/default/production/_ext/2001315827/plib_usart1.o
                0x00400c48                USART1_Read

.text.SYS_Initialize%27
                0x00400ca0       0x54
 .text.SYS_Initialize
                0x00400ca0       0x54 build/default/production/_ext/1171490990/initialization.o
                0x00400ca0                SYS_Initialize

.text._fflush_r%28
                0x00400cf4       0x54
 .text._fflush_r
                0x00400cf4       0x54 e:/complier-new/bin/bin/../../lib/gcc/pic32c/8.3.1/../../../../pic32c/lib/thumb/v7e-m+dp/hard\libc_nano.a(lib_a-fflush.o)
                0x00400cf4                _fflush_r

.text.get_channels%29
                0x00400d48       0x50
 .text.get_channels
                0x00400d48       0x50 build/default/production/_ext/1360937237/decode_ibus.o
                0x00400d48                get_channels

.text.NVIC_Initialize%30
                0x00400d98       0x4c
 .text.NVIC_Initialize
                0x00400d98       0x4c build/default/production/_ext/1865468468/plib_nvic.o
                0x00400d98                NVIC_Initialize

.text.USART1_Write%31
                0x00400de4       0x4c
 .text.USART1_Write
                0x00400de4       0x4c build/default/production/_ext/2001315827/plib_usart1.o
                0x00400de4                USART1_Write

.text.__libc_init_array%32
                0x00400e30       0x48
 .text.__libc_init_array
                0x00400e30       0x48 e:/complier-new/bin/bin/../../lib/gcc/pic32c/8.3.1/../../../../pic32c/lib/thumb/v7e-m+dp/hard\libc_nano.a(lib_a-init.o)
                0x00400e30                __libc_init_array

.text.std%33    0x00400e78       0x48
 .text.std      0x00400e78       0x48 e:/complier-new/bin/bin/../../lib/gcc/pic32c/8.3.1/../../../../pic32c/lib/thumb/v7e-m+dp/hard\libc_nano.a(lib_a-findfp.o)

.text.__swhatbuf_r%34
                0x00400ec0       0x48
 .text.__swhatbuf_r
                0x00400ec0       0x48 e:/complier-new/bin/bin/../../lib/gcc/pic32c/8.3.1/../../../../pic32c/lib/thumb/v7e-m+dp/hard\libc_nano.a(lib_a-makebuf.o)
                0x00400ec0                __swhatbuf_r

.text%35        0x00400f08       0x40
 .text          0x00400f08       0x40 e:/complier-new/bin/bin/../../lib/gcc/pic32c/8.3.1/thumb/v7e-m+dp/hard/crtbegin.o

.text.USART2_Initialize%36
                0x00400f48       0x40
 .text.USART2_Initialize
                0x00400f48       0x40 build/default/production/_ext/2001315827/plib_usart2.o
                0x00400f48                USART2_Initialize

.text.USART2_Read%37
                0x00400f88       0x40
 .text.USART2_Read
                0x00400f88       0x40 build/default/production/_ext/2001315827/plib_usart2.o
                0x00400f88                USART2_Read

.text._fwalk_reent%38
                0x00400fc8       0x3c
 .text._fwalk_reent
                0x00400fc8       0x3c e:/complier-new/bin/bin/../../lib/gcc/pic32c/8.3.1/../../../../pic32c/lib/thumb/v7e-m+dp/hard\libc_nano.a(lib_a-fwalk.o)
                0x00400fc8                _fwalk_reent

.text.__swrite%39
                0x00401004       0x38
 .text.__swrite
                0x00401004       0x38 e:/complier-new/bin/bin/../../lib/gcc/pic32c/8.3.1/../../../../pic32c/lib/thumb/v7e-m+dp/hard\libc_nano.a(lib_a-stdio.o)
                0x00401004                __swrite

.text.USART1_ErrorClear%40
                0x0040103c       0x2c
 .text.USART1_ErrorClear
                0x0040103c       0x2c build/default/production/_ext/2001315827/plib_usart1.o

.text.USART2_ErrorClear%41
                0x00401068       0x2c
 .text.USART2_ErrorClear
                0x00401068       0x2c build/default/production/_ext/2001315827/plib_usart2.o

.text.__sfmoreglue%42
                0x00401094       0x2c
 .text.__sfmoreglue
                0x00401094       0x2c e:/complier-new/bin/bin/../../lib/gcc/pic32c/8.3.1/../../../../pic32c/lib/thumb/v7e-m+dp/hard\libc_nano.a(lib_a-findfp.o)
                0x00401094                __sfmoreglue

.text._sbrk%43  0x004010c0       0x2c
 .text._sbrk    0x004010c0       0x2c e:/complier-new/bin/bin/../../lib/gcc/pic32c/8.3.1/../../../../pic32c/lib/thumb/v7e-m+dp/hard\libpic32c.a(sbrk.o)
                0x004010c0                _sbrk

.text.__sseek%44
                0x004010ec       0x24
 .text.__sseek  0x004010ec       0x24 e:/complier-new/bin/bin/../../lib/gcc/pic32c/8.3.1/../../../../pic32c/lib/thumb/v7e-m+dp/hard\libc_nano.a(lib_a-stdio.o)
                0x004010ec                __sseek

.text._write_r%45
                0x00401110       0x24
 .text._write_r
                0x00401110       0x24 e:/complier-new/bin/bin/../../lib/gcc/pic32c/8.3.1/../../../../pic32c/lib/thumb/v7e-m+dp/hard\libc_nano.a(lib_a-writer.o)
                0x00401110                _write_r

.text._fstat_r%46
                0x00401134       0x24
 .text._fstat_r
                0x00401134       0x24 e:/complier-new/bin/bin/../../lib/gcc/pic32c/8.3.1/../../../../pic32c/lib/thumb/v7e-m+dp/hard\libc_nano.a(lib_a-fstatr.o)
                0x00401134                _fstat_r

.text._lseek_r%47
                0x00401158       0x24
 .text._lseek_r
                0x00401158       0x24 e:/complier-new/bin/bin/../../lib/gcc/pic32c/8.3.1/../../../../pic32c/lib/thumb/v7e-m+dp/hard\libc_nano.a(lib_a-lseekr.o)
                0x00401158                _lseek_r

.text._read_r%48
                0x0040117c       0x24
 .text._read_r  0x0040117c       0x24 e:/complier-new/bin/bin/../../lib/gcc/pic32c/8.3.1/../../../../pic32c/lib/thumb/v7e-m+dp/hard\libc_nano.a(lib_a-readr.o)
                0x0040117c                _read_r

.text.__sread%49
                0x004011a0       0x22
 .text.__sread  0x004011a0       0x22 e:/complier-new/bin/bin/../../lib/gcc/pic32c/8.3.1/../../../../pic32c/lib/thumb/v7e-m+dp/hard\libc_nano.a(lib_a-stdio.o)
                0x004011a0                __sread

.text.TC3_CH2_CaptureInitialize%50
                0x004011c4       0x20
 .text.TC3_CH2_CaptureInitialize
                0x004011c4       0x20 build/default/production/_ext/829342655/plib_tc3.o
                0x004011c4                TC3_CH2_CaptureInitialize

.text._sbrk_r%51
                0x004011e4       0x20
 .text._sbrk_r  0x004011e4       0x20 e:/complier-new/bin/bin/../../lib/gcc/pic32c/8.3.1/../../../../pic32c/lib/thumb/v7e-m+dp/hard\libc_nano.a(lib_a-sbrkr.o)
                0x004011e4                _sbrk_r

.text._close_r%52
                0x00401204       0x20
 .text._close_r
                0x00401204       0x20 e:/complier-new/bin/bin/../../lib/gcc/pic32c/8.3.1/../../../../pic32c/lib/thumb/v7e-m+dp/hard\libc_nano.a(lib_a-closer.o)
                0x00401204                _close_r

.text.read%53   0x00401224       0x1e
 .text.read     0x00401224       0x1e build/default/production/_ext/163028504/xc32_monitor.o
                0x00401224                read

.text.SYSTICK_TimerInitialize%54
                0x00401244       0x1c
 .text.SYSTICK_TimerInitialize
                0x00401244       0x1c build/default/production/_ext/1827571544/plib_systick.o
                0x00401244                SYSTICK_TimerInitialize

.text.USART1_Initialize%55
                0x00401260       0x1c
 .text.USART1_Initialize
                0x00401260       0x1c build/default/production/_ext/2001315827/plib_usart1.o
                0x00401260                USART1_Initialize

.text.write%56  0x0040127c       0x1c
 .text.write    0x0040127c       0x1c build/default/production/_ext/163028504/xc32_monitor.o
                0x0040127c                write

.text.TC0_CH0_CaptureInitialize%57
                0x00401298       0x18
 .text.TC0_CH0_CaptureInitialize
                0x00401298       0x18 build/default/production/_ext/829342655/plib_tc0.o
                0x00401298                TC0_CH0_CaptureInitialize

.text.EFC_Initialize%58
                0x004012b0       0x10
 .text.EFC_Initialize
                0x004012b0       0x10 build/default/production/_ext/60167248/plib_efc.o
                0x004012b0                EFC_Initialize

.text.TC3_CH2_CaptureStart%59
                0x004012c0       0x10
 .text.TC3_CH2_CaptureStart
                0x004012c0       0x10 build/default/production/_ext/829342655/plib_tc3.o
                0x004012c0                TC3_CH2_CaptureStart

.text.setbuf%60
                0x004012d0       0x10
 .text.setbuf   0x004012d0       0x10 e:/complier-new/bin/bin/../../lib/gcc/pic32c/8.3.1/../../../../pic32c/lib/thumb/v7e-m+dp/hard\libc_nano.a(lib_a-setbuf.o)
                0x004012d0                setbuf

.text.malloc%61
                0x004012e0       0x10
 .text.malloc   0x004012e0       0x10 e:/complier-new/bin/bin/../../lib/gcc/pic32c/8.3.1/../../../../pic32c/lib/thumb/v7e-m+dp/hard\libc_nano.a(lib_a-malloc.o)
                0x004012e0                malloc

.text.memset%62
                0x004012f0       0x10
 .text.memset   0x004012f0       0x10 e:/complier-new/bin/bin/../../lib/gcc/pic32c/8.3.1/../../../../pic32c/lib/thumb/v7e-m+dp/hard\libc_nano.a(lib_a-memset.o)
                0x004012f0                memset

.text.TC0_CH0_CaptureStart%63
                0x00401300        0xc
 .text.TC0_CH0_CaptureStart
                0x00401300        0xc build/default/production/_ext/829342655/plib_tc0.o
                0x00401300                TC0_CH0_CaptureStart

.text._cleanup_r%64
                0x0040130c        0xc
 .text._cleanup_r
                0x0040130c        0xc e:/complier-new/bin/bin/../../lib/gcc/pic32c/8.3.1/../../../../pic32c/lib/thumb/v7e-m+dp/hard\libc_nano.a(lib_a-findfp.o)
                0x0040130c                _cleanup_r

.text.fstat%65  0x00401318        0xc
 .text.fstat    0x00401318        0xc e:/complier-new/bin/bin/../../lib/gcc/pic32c/8.3.1/../../../../pic32c/lib/thumb/v7e-m+dp/hard\libpic32c.a(fstat.o)
                0x00401318                fstat

.text.__sclose%66
                0x00401324        0x8
 .text.__sclose
                0x00401324        0x8 e:/complier-new/bin/bin/../../lib/gcc/pic32c/8.3.1/../../../../pic32c/lib/thumb/v7e-m+dp/hard\libc_nano.a(lib_a-stdio.o)
                0x00401324                __sclose

.text.close%67  0x0040132c        0x8
 .text.close    0x0040132c        0x8 e:/complier-new/bin/bin/../../lib/gcc/pic32c/8.3.1/../../../../pic32c/lib/thumb/v7e-m+dp/hard\libpic32c.a(close.o)
                0x0040132c                close

.rodata._global_impure_ptr%68
                0x00401334        0x4
 .rodata._global_impure_ptr
                0x00401334        0x4 e:/complier-new/bin/bin/../../lib/gcc/pic32c/8.3.1/../../../../pic32c/lib/thumb/v7e-m+dp/hard\libc_nano.a(lib_a-impure.o)
                0x00401334                _global_impure_ptr

.text._close%69
                0x00401338        0x4
 .text._close   0x00401338        0x4 e:/complier-new/bin/bin/../../lib/gcc/pic32c/8.3.1/../../../../pic32c/lib/thumb/v7e-m+dp/hard\libpic32c.a(_close.o)
                0x00401338                _close

.text._fstat%70
                0x0040133c        0x4
 .text._fstat   0x0040133c        0x4 e:/complier-new/bin/bin/../../lib/gcc/pic32c/8.3.1/../../../../pic32c/lib/thumb/v7e-m+dp/hard\libpic32c.a(_fstat.o)
                0x0040133c                _fstat

.text._lseek%71
                0x00401340        0x4
 .text._lseek   0x00401340        0x4 e:/complier-new/bin/bin/../../lib/gcc/pic32c/8.3.1/../../../../pic32c/lib/thumb/v7e-m+dp/hard\libpic32c.a(_lseek.o)
                0x00401340                _lseek

.text._read%72  0x00401344        0x4
 .text._read    0x00401344        0x4 e:/complier-new/bin/bin/../../lib/gcc/pic32c/8.3.1/../../../../pic32c/lib/thumb/v7e-m+dp/hard\libpic32c.a(_read.o)
                0x00401344                _read

.text._write%73
                0x00401348        0x4
 .text._write   0x00401348        0x4 e:/complier-new/bin/bin/../../lib/gcc/pic32c/8.3.1/../../../../pic32c/lib/thumb/v7e-m+dp/hard\libpic32c.a(_write.o)
                0x00401348                _write

.text.lseek%74  0x0040134c        0x4
 .text.lseek    0x0040134c        0x4 e:/complier-new/bin/bin/../../lib/gcc/pic32c/8.3.1/../../../../pic32c/lib/thumb/v7e-m+dp/hard\libpic32c.a(lseek.o)
                0x0040134c                lseek

.text.Dummy_Handler%75
                0x004011c2        0x2
 .text.Dummy_Handler
                0x004011c2        0x2 build/default/production/_ext/1171490990/interrupts.o
                0x004011c2                DACC_Handler
                0x004011c2                SVCall_Handler
                0x004011c2                TC0_CH2_Handler
                0x004011c2                TC3_CH1_Handler
                0x004011c2                UART3_Handler
                0x004011c2                UART2_Handler
                0x004011c2                TRNG_Handler
                0x004011c2                SysTick_Handler
                0x004011c2                AFEC1_Handler
                0x004011c2                PendSV_Handler
                0x004011c2                TC0_CH1_Handler
                0x004011c2                QSPI_Handler
                0x004011c2                ISI_Handler
                0x004011c2                MCAN0_INT0_Handler
                0x004011c2                RSWDT_Handler
                0x004011c2                USART0_Handler
                0x004011c2                TC1_CH2_Handler
                0x004011c2                RTT_Handler
                0x004011c2                USBHS_Handler
                0x004011c2                IXC_Handler
                0x004011c2                CCF_Handler
                0x004011c2                PIOB_Handler
                0x004011c2                RTC_Handler
                0x004011c2                WDT_Handler
                0x004011c2                MCAN1_INT1_Handler
                0x004011c2                HSMCI_Handler
                0x004011c2                UART1_Handler
                0x004011c2                Dummy_Handler
                0x004011c2                TWIHS1_Handler
                0x004011c2                TC3_CH2_Handler
                0x004011c2                XDMAC_Handler
                0x004011c2                UART4_Handler
                0x004011c2                TC2_CH0_Handler
                0x004011c2                PWM1_Handler
                0x004011c2                USART1_Handler
                0x004011c2                PWM0_Handler
                0x004011c2                PIOA_Handler
                0x004011c2                AFEC0_Handler
                0x004011c2                CCW_Handler
                0x004011c2                TC3_CH0_Handler
                0x004011c2                SSC_Handler
                0x004011c2                TC1_CH0_Handler
                0x004011c2                ACC_Handler
                0x004011c2                PMC_Handler
                0x004011c2                GMAC_Handler
                0x004011c2                TC2_CH2_Handler
                0x004011c2                MCAN0_INT1_Handler
                0x004011c2                GMAC_Q5_Handler
                0x004011c2                SUPC_Handler
                0x004011c2                TC2_CH1_Handler
                0x004011c2                MCAN1_INT0_Handler
                0x004011c2                EFC_Handler
                0x004011c2                GMAC_Q1_Handler
                0x004011c2                GMAC_Q2_Handler
                0x004011c2                PIOE_Handler
                0x004011c2                SPI1_Handler
                0x004011c2                TC1_CH1_Handler
                0x004011c2                GMAC_Q3_Handler
                0x004011c2                PIOD_Handler
                0x004011c2                TWIHS2_Handler
                0x004011c2                I2SC0_Handler
                0x004011c2                UART0_Handler
                0x004011c2                I2SC1_Handler
                0x004011c2                TC0_CH0_Handler
                0x004011c2                PIOC_Handler
                0x004011c2                GMAC_Q4_Handler
                0x004011c2                FPU_Handler
                0x004011c2                RSTC_Handler
                0x004011c2                ICM_Handler
                0x004011c2                AES_Handler
                0x004011c2                TWIHS0_Handler
                0x004011c2                SPI0_Handler

.text.NonMaskableInt_Handler%76
                0x00401242        0x2
 .text.NonMaskableInt_Handler
                0x00401242        0x2 build/default/production/_ext/1171490990/exceptions.o
                0x00401242                NonMaskableInt_Handler

.text.HardFault_Handler%77
                0x00401350        0x2
 .text.HardFault_Handler
                0x00401350        0x2 build/default/production/_ext/1171490990/exceptions.o
                0x00401350                HardFault_Handler

.text.DebugMonitor_Handler%78
                0x00401352        0x2
 .text.DebugMonitor_Handler
                0x00401352        0x2 build/default/production/_ext/1171490990/exceptions.o
                0x00401352                DebugMonitor_Handler

.text.MemoryManagement_Handler%79
                0x00401354        0x2
 .text.MemoryManagement_Handler
                0x00401354        0x2 build/default/production/_ext/1171490990/exceptions.o
                0x00401354                MemoryManagement_Handler

.text.BusFault_Handler%80
                0x00401356        0x2
 .text.BusFault_Handler
                0x00401356        0x2 build/default/production/_ext/1171490990/exceptions.o
                0x00401356                BusFault_Handler

.text.UsageFault_Handler%81
                0x00401358        0x2
 .text.UsageFault_Handler
                0x00401358        0x2 build/default/production/_ext/1171490990/exceptions.o
                0x00401358                UsageFault_Handler

.text.Dummy_App_Func%82
                0x0040135a        0x2
 .text.Dummy_App_Func
                0x0040135a        0x2 build/default/production/_ext/1171490990/startup_xc32.o
                0x0040135a                _on_reset
                0x0040135a                _on_bootstrap
                0x0040135a                __xc32_on_reset
                0x0040135a                Dummy_App_Func
                0x0040135a                __xc32_on_bootstrap

.text.__malloc_lock%83
                0x0040135c        0x2
 .text.__malloc_lock
                0x0040135c        0x2 e:/complier-new/bin/bin/../../lib/gcc/pic32c/8.3.1/../../../../pic32c/lib/thumb/v7e-m+dp/hard\libc_nano.a(lib_a-mlock.o)
                0x0040135c                __malloc_lock

.text.__malloc_unlock%84
                0x0040135e        0x2
 .text.__malloc_unlock
                0x0040135e        0x2 e:/complier-new/bin/bin/../../lib/gcc/pic32c/8.3.1/../../../../pic32c/lib/thumb/v7e-m+dp/hard\libc_nano.a(lib_a-mlock.o)
                0x0040135e                __malloc_unlock
